warning: profiles for the non root package will be ignored, specify profiles at the workspace root:
package:   /home/ethan/projects/valor/deps/cosmic-text/Cargo.toml
workspace: /home/ethan/projects/valor/Cargo.toml
   Compiling css_text v0.0.0 (/home/ethan/projects/valor/crates/css/modules/text)
   Compiling css_core v0.0.0 (/home/ethan/projects/valor/crates/css/modules/core)
   Compiling wgpu_backend v0.1.0 (/home/ethan/projects/valor/crates/renderer/wgpu_backend)
warning: unused variable: `font_size`
   --> crates/css/modules/core/src/box_tree/constraint_block_layout/sizing.rs:109:21
    |
109 |                 let font_size = style.font_size;
    |                     ^^^^^^^^^ help: if this is intentional, prefix it with an underscore: `_font_size`
    |
    = note: `#[warn(unused_variables)]` (part of `#[warn(unused)]`) on by default

warning: unused variable: `display`
   --> crates/css/modules/core/src/box_tree/constraint_block_layout/grid.rs:246:59
    |
246 | ... has_explicit_width, display) = {
    |                         ^^^^^^^ help: if this is intentional, prefix it with an underscore: `_display`

   Compiling page_handler v0.0.0 (/home/ethan/projects/valor/crates/page_handler)
warning: `css_core` (lib) generated 2 warnings (run `cargo fix --lib -p css_core` to apply 2 suggestions)
warning: unused import: `core::sync::atomic::AtomicU64`
 --> crates/page_handler/src/core/state/initialization.rs:9:5
  |
9 | use core::sync::atomic::AtomicU64;
  |     ^^^^^^^^^^^^^^^^^^^^^^^^^^^^^
  |
  = note: `#[warn(unused_imports)]` (part of `#[warn(unused)]`) on by default

warning: unused import: `NodeKeyManager`
  --> crates/page_handler/src/core/state/initialization.rs:14:51
   |
14 | ...te, DomIndex, NodeKey, NodeKeyManager, SharedDomIndex};
   |                           ^^^^^^^^^^^^^^

warning: unused import: `std::collections::HashMap`
  --> crates/page_handler/src/core/state/initialization.rs:24:5
   |
24 | use std::collections::HashMap;
   |     ^^^^^^^^^^^^^^^^^^^^^^^^^

warning: unused imports: `Arc` and `Mutex`
  --> crates/page_handler/src/core/state/initialization.rs:25:17
   |
25 | use std::sync::{Arc, Mutex};
   |                 ^^^  ^^^^^

warning: unused import: `std::time::Instant`
  --> crates/page_handler/src/core/state/initialization.rs:26:5
   |
26 | use std::time::Instant;
   |     ^^^^^^^^^^^^^^^^^^

warning: unused import: `UnboundedReceiver`
  --> crates/page_handler/src/core/state/initialization.rs:28:25
   |
28 | use tokio::sync::mpsc::{UnboundedReceiver, unbounded_channel};
   |                         ^^^^^^^^^^^^^^^^^

warning: unused import: `anyhow::Error`
 --> crates/page_handler/src/core/state/lifecycle.rs:4:5
  |
4 | use anyhow::Error;
  |     ^^^^^^^^^^^^^

warning: unused import: `html::parser::ScriptJob`
  --> crates/page_handler/src/core/state/mod.rs:27:5
   |
27 | use html::parser::ScriptJob;
   |     ^^^^^^^^^^^^^^^^^^^^^^^

warning: unused imports: `UnboundedReceiver` and `UnboundedSender`
  --> crates/page_handler/src/core/state/mod.rs:45:33
   |
45 | ...sc::{Sender, UnboundedReceiver, UnboundedSender};
   |                 ^^^^^^^^^^^^^^^^^  ^^^^^^^^^^^^^^^

warning: unused variable: `js_keyman`
   --> crates/page_handler/src/core/state/initialization.rs:242:9
    |
242 |     let js_keyman = dom.register_manager::<u64>();
    |         ^^^^^^^^^ help: if this is intentional, prefix it with an underscore: `_js_keyman`
    |
    = note: `#[warn(unused_variables)]` (part of `#[warn(unused)]`) on by default

warning: unused variable: `handle`
   --> crates/page_handler/src/core/state/initialization.rs:150:5
    |
150 |     handle: &Handle,
    |     ^^^^^^ help: if this is intentional, prefix it with an underscore: `_handle`

warning: unused variable: `js_keyman`
   --> crates/page_handler/src/core/state/initialization.rs:157:9
    |
157 |     let js_keyman = dom.register_manager::<u64>();
    |         ^^^^^^^^^ help: if this is intentional, prefix it with an underscore: `_js_keyman`

warning: function `handle_dom_content_loaded_if_needed` is never used
  --> crates/page_handler/src/core/state/dom_processing.rs:31:15
   |
31 | pub(super) fn handle_dom_content_loaded_if_needed<E: JsEngine>(
   |               ^^^^^^^^^^^^^^^^^^^^^^^^^^^^^^^^^^^
   |
   = note: `#[warn(dead_code)]` (part of `#[warn(unused)]`) on by default

warning: field `dom_content_loaded_fired` is never read
  --> crates/page_handler/src/core/state/mod.rs:61:5
   |
59 | struct LifecycleFlags {
   |        -------------- field in this struct
60 |     /// Whether we've dispatched...
61 |     dom_content_loaded_fired: bool,
   |     ^^^^^^^^^^^^^^^^^^^^^^^^

warning: function `build_page_origin` is never used
  --> crates/page_handler/src/core/state/initialization.rs:82:15
   |
82 | pub(super) fn build_page_origin(url: &Url) -> String {
   |               ^^^^^^^^^^^^^^^^^

warning: struct `ExecuteScriptsParams` is never constructed
  --> crates/page_handler/src/core/state/js_execution.rs:14:19
   |
14 | pub(super) struct ExecuteScriptsParams<'exec, E: JsEngine> {
   |                   ^^^^^^^^^^^^^^^^^^^^

warning: function `execute_pending_scripts` is never used
  --> crates/page_handler/src/core/state/js_execution.rs:24:15
   |
24 | pub(super) fn execute_pending_scripts<E: JsEngine>(params: &mut ...
   |               ^^^^^^^^^^^^^^^^^^^^^^^

warning: function `classic_script_source` is never used
  --> crates/page_handler/src/core/state/js_execution.rs:62:4
   |
62 | fn classic_script_source(job: &ScriptJob, script_url: &str, host...
   |    ^^^^^^^^^^^^^^^^^^^^^

warning: function `fetch_url_text` is never used
  --> crates/page_handler/src/core/state/js_execution.rs:90:4
   |
90 | fn fetch_url_text(url: &Url, host_context: &HostContext) -> Resu...
   |    ^^^^^^^^^^^^^^

warning: function `eval_module_job` is never used
   --> crates/page_handler/src/core/state/js_execution.rs:104:4
    |
104 | fn eval_module_job<E: JsEngine>(
    |    ^^^^^^^^^^^^^^^

warning: function `tick_js_timers_once` is never used
   --> crates/page_handler/src/core/state/js_execution.rs:127:15
    |
127 | pub(super) fn tick_js_timers_once<E: JsEngine>(js_engine: &mut ...
    |               ^^^^^^^^^^^^^^^^^^^

   Compiling valor v0.0.0 (/home/ethan/projects/valor/crates/valor)
warning: variable does not need to be mutable
  --> crates/valor/src/factory.rs:29:9
   |
29 |     let mut chrome_page = runtime.block_on(HtmlPage::new(
   |         ----^^^^^^^^^^^
   |         |
   |         help: remove this `mut`
   |
   = note: `#[warn(unused_mut)]` (part of `#[warn(unused)]`) on by default

warning: `page_handler` (lib) generated 21 warnings (run `cargo fix --lib -p page_handler` to apply 12 suggestions)
warning: `valor` (lib) generated 1 warning (run `cargo fix --lib -p valor` to apply 1 suggestion)
warning: associated functions `process_chrome_cmd` and `handle_navigate` are never used
   --> crates/valor/src/main.rs:89:8
    |
 59 | impl App {
    | -------- associated functions in this implementation
...
 89 |     fn process_chrome_cmd(state: &mut AppState, cmd: ChromeHost...
    |        ^^^^^^^^^^^^^^^^^^
...
204 |     fn handle_navigate(state: &mut AppState, url_str: &str) {
    |        ^^^^^^^^^^^^^^^
    |
    = note: `#[warn(dead_code)]` (part of `#[warn(unused)]`) on by default

warning: function `setup_page_for_fixture` is never used
   --> crates/valor/tests/chromium_compare/common.rs:103:14
    |
103 | pub async fn setup_page_for_fixture(handle: &Handle, path: &Pat...
    |              ^^^^^^^^^^^^^^^^^^^^^^
    |
    = note: `#[warn(dead_code)]` (part of `#[warn(unused)]`) on by default

warning: function `build_layout_and_graphics_for_fixture` is never used
   --> crates/valor/tests/chromium_compare/valor.rs:138:14
    |
138 | pub async fn build_layout_and_graphics_for_fixture(
    |              ^^^^^^^^^^^^^^^^^^^^^^^^^^^^^^^^^^^^^

warning: function `update_until_finished_simple` is never used
   --> crates/valor/tests/chromium_compare/common.rs:160:14
    |
160 | pub async fn update_until_finished_simple(handle: &Handle, page...
    |              ^^^^^^^^^^^^^^^^^^^^^^^^^^^^

warning: `valor` (bin "valor") generated 1 warning
warning: `valor` (test "chromium_tests") generated 3 warnings
    Finished `test` profile [optimized] target(s) in 3.51s
     Running tests/chromium_tests.rs (target/debug/deps/chromium_tests-98d16be2dd954429)

running 1 test
[2026-01-11T20:04:37Z ERROR page_handler::core::incremental_layout] RUNNING LAYOUT TREE - generation 1
[2026-01-11T20:04:37Z ERROR css_core::box_tree::constraint_block_layout] layout_block ENTRY: node=NodeKey(9299089905101570049)
[2026-01-11T20:04:37Z ERROR css_core::box_tree::constraint_block_layout] Checking flex: node=NodeKey(9299089905101570049), display=Block
[2026-01-11T20:04:37Z ERROR css_core::box_tree::constraint_block_layout] layout_block ENTRY: node=NodeKey(9299089905101570059)
[2026-01-11T20:04:37Z ERROR css_core::box_tree::constraint_block_layout] Checking flex: node=NodeKey(9299089905101570059), display=Block
[2026-01-11T20:04:37Z ERROR css_core::box_tree::constraint_block_layout] layout_block ENTRY: node=NodeKey(9299089905101570061)
[2026-01-11T20:04:37Z ERROR css_core::box_tree::constraint_block_layout] Checking flex: node=NodeKey(9299089905101570061), display=Block
[2026-01-11T20:04:38Z ERROR css_core::box_tree::constraint_block_layout] layout_block ENTRY: node=NodeKey(9299089905101570067)
[2026-01-11T20:04:38Z ERROR css_core::box_tree::constraint_block_layout] Checking flex: node=NodeKey(9299089905101570067), display=Block
[2026-01-11T20:04:38Z ERROR page_handler::core::incremental_layout] LAYOUT TREE COMPLETE - generation 1, total results: 11
[2026-01-11T20:04:38Z ERROR page_handler::core::incremental_layout] RUNNING LAYOUT TREE - generation 1
[2026-01-11T20:04:38Z ERROR css_core::box_tree::constraint_block_layout] layout_block ENTRY: node=NodeKey(14430660205513539585)
[2026-01-11T20:04:38Z ERROR css_core::box_tree::constraint_block_layout] Checking flex: node=NodeKey(14430660205513539585), display=Block
[2026-01-11T20:04:38Z ERROR css_core::box_tree::constraint_block_layout] layout_block ENTRY: node=NodeKey(14430660205513539595)
[2026-01-11T20:04:38Z ERROR css_core::box_tree::constraint_block_layout] Checking flex: node=NodeKey(14430660205513539595), display=Block
[2026-01-11T20:04:38Z ERROR css_core::box_tree::constraint_block_layout] layout_block ENTRY: node=NodeKey(14430660205513539597)
[2026-01-11T20:04:38Z ERROR css_core::box_tree::constraint_block_layout] Checking flex: node=NodeKey(14430660205513539597), display=Block
[2026-01-11T20:04:38Z ERROR css_core::box_tree::constraint_block_layout] layout_block ENTRY: node=NodeKey(14430660205513539602)
[2026-01-11T20:04:38Z ERROR css_core::box_tree::constraint_block_layout] Checking flex: node=NodeKey(14430660205513539602), display=Block
[2026-01-11T20:04:38Z ERROR css_core::box_tree::constraint_block_layout] layout_block ENTRY: node=NodeKey(14430660205513539605)
[2026-01-11T20:04:38Z ERROR css_core::box_tree::constraint_block_layout] Checking flex: node=NodeKey(14430660205513539605), display=Block
[2026-01-11T20:04:38Z ERROR css_core::box_tree::constraint_block_layout] layout_block ENTRY: node=NodeKey(14430660205513539609)
[2026-01-11T20:04:38Z ERROR css_core::box_tree::constraint_block_layout] Checking flex: node=NodeKey(14430660205513539609), display=Block
[2026-01-11T20:04:38Z ERROR page_handler::core::incremental_layout] LAYOUT TREE COMPLETE - generation 1, total results: 18
[2026-01-11T20:04:38Z ERROR page_handler::core::incremental_layout] RUNNING LAYOUT TREE - generation 1
[2026-01-11T20:04:38Z ERROR css_core::box_tree::constraint_block_layout] layout_block ENTRY: node=NodeKey(13013152222798675969)
[2026-01-11T20:04:38Z ERROR css_core::box_tree::constraint_block_layout] Checking flex: node=NodeKey(13013152222798675969), display=Block
[2026-01-11T20:04:38Z ERROR css_core::box_tree::constraint_block_layout] layout_block ENTRY: node=NodeKey(13013152222798675981)
[2026-01-11T20:04:38Z ERROR css_core::box_tree::constraint_block_layout] Checking flex: node=NodeKey(13013152222798675981), display=Block
[2026-01-11T20:04:38Z ERROR css_core::box_tree::constraint_block_layout] layout_block ENTRY: node=NodeKey(13013152222798675983)
[2026-01-11T20:04:38Z ERROR css_core::box_tree::constraint_block_layout] Checking flex: node=NodeKey(13013152222798675983), display=Block
[2026-01-11T20:04:38Z ERROR css_core::box_tree::constraint_block_layout] layout_block ENTRY: node=NodeKey(13013152222798675985)
[2026-01-11T20:04:38Z ERROR css_core::box_tree::constraint_block_layout] Checking flex: node=NodeKey(13013152222798675985), display=Block
[2026-01-11T20:04:38Z ERROR css_core::box_tree::constraint_block_layout] layout_block ENTRY: node=NodeKey(13013152222798675987)
[2026-01-11T20:04:38Z ERROR css_core::box_tree::constraint_block_layout] Checking flex: node=NodeKey(13013152222798675987), display=Block
[2026-01-11T20:04:38Z ERROR page_handler::core::incremental_layout] LAYOUT TREE COMPLETE - generation 1, total results: 12
[2026-01-11T20:04:38Z ERROR page_handler::core::incremental_layout] RUNNING LAYOUT TREE - generation 1
[2026-01-11T20:04:38Z ERROR css_core::box_tree::constraint_block_layout] layout_block ENTRY: node=NodeKey(3987375619594780673)
[2026-01-11T20:04:38Z ERROR css_core::box_tree::constraint_block_layout] Checking flex: node=NodeKey(3987375619594780673), display=Block
[2026-01-11T20:04:38Z ERROR css_core::box_tree::constraint_block_layout] layout_block ENTRY: node=NodeKey(3987375619594780688)
[2026-01-11T20:04:38Z ERROR css_core::box_tree::constraint_block_layout] Checking flex: node=NodeKey(3987375619594780688), display=Block
[2026-01-11T20:04:38Z ERROR css_core::box_tree::constraint_block_layout] layout_block ENTRY: node=NodeKey(3987375619594780689)
[2026-01-11T20:04:38Z ERROR css_core::box_tree::constraint_block_layout] Checking flex: node=NodeKey(3987375619594780689), display=Block
[2026-01-11T20:04:38Z ERROR css_core::box_tree::constraint_block_layout] layout_block ENTRY: node=NodeKey(3987375619594780691)
[2026-01-11T20:04:38Z ERROR css_core::box_tree::constraint_block_layout] Checking flex: node=NodeKey(3987375619594780691), display=Block
[2026-01-11T20:04:38Z ERROR css_core::box_tree::constraint_block_layout] layout_block ENTRY: node=NodeKey(3987375619594780694)
[2026-01-11T20:04:38Z ERROR css_core::box_tree::constraint_block_layout] Checking flex: node=NodeKey(3987375619594780694), display=Block
[2026-01-11T20:04:38Z ERROR css_core::box_tree::constraint_block_layout] layout_block ENTRY: node=NodeKey(3987375619594780697)
[2026-01-11T20:04:38Z ERROR css_core::box_tree::constraint_block_layout] Checking flex: node=NodeKey(3987375619594780697), display=Block
[2026-01-11T20:04:38Z ERROR page_handler::core::incremental_layout] LAYOUT TREE COMPLETE - generation 1, total results: 15
[2026-01-11T20:04:38Z ERROR page_handler::core::incremental_layout] RUNNING LAYOUT TREE - generation 1
[2026-01-11T20:04:38Z ERROR css_core::box_tree::constraint_block_layout] layout_block ENTRY: node=NodeKey(13161771010501902337)
[2026-01-11T20:04:38Z ERROR css_core::box_tree::constraint_block_layout] Checking flex: node=NodeKey(13161771010501902337), display=Block
[2026-01-11T20:04:38Z ERROR css_core::box_tree::constraint_block_layout] layout_block ENTRY: node=NodeKey(13161771010501902349)
[2026-01-11T20:04:38Z ERROR css_core::box_tree::constraint_block_layout] Checking flex: node=NodeKey(13161771010501902349), display=Block
[2026-01-11T20:04:38Z ERROR css_core::box_tree::constraint_block_layout] layout_block ENTRY: node=NodeKey(13161771010501902350)
[2026-01-11T20:04:38Z ERROR css_core::box_tree::constraint_block_layout] Checking flex: node=NodeKey(13161771010501902350), display=Block
[2026-01-11T20:04:38Z ERROR css_core::box_tree::constraint_block_layout] layout_block ENTRY: node=NodeKey(13161771010501902352)
[2026-01-11T20:04:38Z ERROR css_core::box_tree::constraint_block_layout] Checking flex: node=NodeKey(13161771010501902352), display=Block
[2026-01-11T20:04:38Z ERROR page_handler::core::incremental_layout] LAYOUT TREE COMPLETE - generation 1, total results: 8
[2026-01-11T20:04:38Z ERROR page_handler::core::incremental_layout] RUNNING LAYOUT TREE - generation 1
[2026-01-11T20:04:38Z ERROR css_core::box_tree::constraint_block_layout] layout_block ENTRY: node=NodeKey(3643694673031069697)
[2026-01-11T20:04:38Z ERROR css_core::box_tree::constraint_block_layout] Checking flex: node=NodeKey(3643694673031069697), display=Block
[2026-01-11T20:04:38Z ERROR css_core::box_tree::constraint_block_layout] layout_block ENTRY: node=NodeKey(3643694673031069709)
[2026-01-11T20:04:38Z ERROR css_core::box_tree::constraint_block_layout] Checking flex: node=NodeKey(3643694673031069709), display=Block
[2026-01-11T20:04:38Z ERROR css_core::box_tree::constraint_block_layout] layout_block ENTRY: node=NodeKey(3643694673031069715)
[2026-01-11T20:04:38Z ERROR css_core::box_tree::constraint_block_layout] Checking flex: node=NodeKey(3643694673031069715), display=Block
[2026-01-11T20:04:38Z ERROR page_handler::core::incremental_layout] LAYOUT TREE COMPLETE - generation 1, total results: 6
[2026-01-11T20:04:38Z ERROR page_handler::core::incremental_layout] RUNNING LAYOUT TREE - generation 1
[2026-01-11T20:04:38Z ERROR css_core::box_tree::constraint_block_layout] layout_block ENTRY: node=NodeKey(1745145955117694977)
[2026-01-11T20:04:38Z ERROR css_core::box_tree::constraint_block_layout] Checking flex: node=NodeKey(1745145955117694977), display=Block
[2026-01-11T20:04:38Z ERROR css_core::box_tree::constraint_block_layout] layout_block ENTRY: node=NodeKey(1745145955117694989)
[2026-01-11T20:04:38Z ERROR css_core::box_tree::constraint_block_layout] Checking flex: node=NodeKey(1745145955117694989), display=Block
[2026-01-11T20:04:38Z ERROR css_core::box_tree::constraint_block_layout] layout_block ENTRY: node=NodeKey(1745145955117694990)
[2026-01-11T20:04:38Z ERROR css_core::box_tree::constraint_block_layout] Checking flex: node=NodeKey(1745145955117694990), display=Block
[2026-01-11T20:04:38Z ERROR css_core::box_tree::constraint_block_layout] layout_block ENTRY: node=NodeKey(1745145955117694994)
[2026-01-11T20:04:38Z ERROR css_core::box_tree::constraint_block_layout] Checking flex: node=NodeKey(1745145955117694994), display=Block
[2026-01-11T20:04:38Z ERROR page_handler::core::incremental_layout] LAYOUT TREE COMPLETE - generation 1, total results: 8
[2026-01-11T20:04:38Z ERROR page_handler::core::incremental_layout] RUNNING LAYOUT TREE - generation 1
[2026-01-11T20:04:38Z ERROR css_core::box_tree::constraint_block_layout] layout_block ENTRY: node=NodeKey(1669147711405817858)
[2026-01-11T20:04:38Z ERROR css_core::box_tree::constraint_block_layout] Checking flex: node=NodeKey(1669147711405817858), display=Block
[2026-01-11T20:04:38Z ERROR css_core::box_tree::constraint_block_layout] layout_block ENTRY: node=NodeKey(1669147711405817870)
[2026-01-11T20:04:38Z ERROR css_core::box_tree::constraint_block_layout] Checking flex: node=NodeKey(1669147711405817870), display=Block
[2026-01-11T20:04:38Z ERROR css_core::box_tree::constraint_block_layout] layout_block ENTRY: node=NodeKey(1669147711405817872)
[2026-01-11T20:04:38Z ERROR css_core::box_tree::constraint_block_layout] Checking flex: node=NodeKey(1669147711405817872), display=Flex
[2026-01-11T20:04:38Z ERROR css_core::box_tree::constraint_block_layout] IS FLEX!
[2026-01-11T20:04:38Z ERROR css_core::box_tree::constraint_block_layout::flex_layout] layout_flex: node=NodeKey(1669147711405817872), children.len()=5
[2026-01-11T20:04:38Z ERROR css_core::box_tree::constraint_block_layout] layout_block ENTRY: node=NodeKey(1669147711405817874)
[2026-01-11T20:04:38Z ERROR css_core::box_tree::constraint_block_layout] Checking flex: node=NodeKey(1669147711405817874), display=Flex
[2026-01-11T20:04:38Z ERROR css_core::box_tree::constraint_block_layout] IS FLEX!
[2026-01-11T20:04:38Z ERROR css_core::box_tree::constraint_block_layout::flex_layout] layout_flex: node=NodeKey(1669147711405817874), children.len()=9
[2026-01-11T20:04:38Z ERROR css_core::box_tree::constraint_block_layout] layout_block ENTRY: node=NodeKey(1669147711405817876)
[2026-01-11T20:04:38Z ERROR css_core::box_tree::constraint_block_layout] Checking flex: node=NodeKey(1669147711405817876), display=Block
[2026-01-11T20:04:38Z ERROR css_core::box_tree::constraint_block_layout] layout_block ENTRY: node=NodeKey(1669147711405817878)
[2026-01-11T20:04:38Z ERROR css_core::box_tree::constraint_block_layout] Checking flex: node=NodeKey(1669147711405817878), display=Block
[2026-01-11T20:04:38Z ERROR css_core::box_tree::constraint_block_layout] layout_block ENTRY: node=NodeKey(1669147711405817881)
[2026-01-11T20:04:38Z ERROR css_core::box_tree::constraint_block_layout] Checking flex: node=NodeKey(1669147711405817881), display=Block
[2026-01-11T20:04:38Z ERROR css_core::box_tree::constraint_block_layout] layout_block ENTRY: node=NodeKey(1669147711405817884)
[2026-01-11T20:04:38Z ERROR css_core::box_tree::constraint_block_layout] Checking flex: node=NodeKey(1669147711405817884), display=Flex
[2026-01-11T20:04:38Z ERROR css_core::box_tree::constraint_block_layout] IS FLEX!
[2026-01-11T20:04:38Z ERROR css_core::box_tree::constraint_block_layout::flex_layout] layout_flex: node=NodeKey(1669147711405817884), children.len()=3
[2026-01-11T20:04:38Z ERROR css_core::box_tree::constraint_block_layout] layout_block ENTRY: node=NodeKey(1669147711405817886)
[2026-01-11T20:04:38Z ERROR css_core::box_tree::constraint_block_layout] Checking flex: node=NodeKey(1669147711405817886), display=Block
[2026-01-11T20:04:38Z ERROR css_core::box_tree::constraint_block_layout::flex_layout] layout_flex: node=NodeKey(1669147711405817884), flex_items.len()=1
[2026-01-11T20:04:38Z ERROR css_core::box_tree::constraint_block_layout] layout_block ENTRY: node=NodeKey(1669147711405817886)
[2026-01-11T20:04:38Z ERROR css_core::box_tree::constraint_block_layout] Checking flex: node=NodeKey(1669147711405817886), display=Block
[2026-01-11T20:04:38Z ERROR css_core::box_tree::constraint_block_layout] INSERTING FLEX CONTAINER in layout_block: node=NodeKey(1669147711405817884), inline_size=700, is_measurement=true
[2026-01-11T20:04:38Z ERROR css_core::box_tree::constraint_block_layout::flex_layout] layout_flex: node=NodeKey(1669147711405817874), flex_items.len()=4
[2026-01-11T20:04:38Z ERROR css_core::box_tree::constraint_block_layout] layout_block ENTRY: node=NodeKey(1669147711405817876)
[2026-01-11T20:04:38Z ERROR css_core::box_tree::constraint_block_layout] Checking flex: node=NodeKey(1669147711405817876), display=Block
[2026-01-11T20:04:38Z ERROR css_core::box_tree::constraint_block_layout] layout_block ENTRY: node=NodeKey(1669147711405817878)
[2026-01-11T20:04:38Z ERROR css_core::box_tree::constraint_block_layout] Checking flex: node=NodeKey(1669147711405817878), display=Block
[2026-01-11T20:04:38Z ERROR css_core::box_tree::constraint_block_layout] layout_block ENTRY: node=NodeKey(1669147711405817881)
[2026-01-11T20:04:38Z ERROR css_core::box_tree::constraint_block_layout] Checking flex: node=NodeKey(1669147711405817881), display=Block
[2026-01-11T20:04:38Z ERROR css_core::box_tree::constraint_block_layout] layout_block ENTRY: node=NodeKey(1669147711405817884)
[2026-01-11T20:04:38Z ERROR css_core::box_tree::constraint_block_layout] Checking flex: node=NodeKey(1669147711405817884), display=Flex
[2026-01-11T20:04:38Z ERROR css_core::box_tree::constraint_block_layout] IS FLEX!
[2026-01-11T20:04:38Z ERROR css_core::box_tree::constraint_block_layout::flex_layout] layout_flex: node=NodeKey(1669147711405817884), children.len()=3
[2026-01-11T20:04:38Z ERROR css_core::box_tree::constraint_block_layout] layout_block ENTRY: node=NodeKey(1669147711405817886)
[2026-01-11T20:04:38Z ERROR css_core::box_tree::constraint_block_layout] Checking flex: node=NodeKey(1669147711405817886), display=Block
[2026-01-11T20:04:38Z ERROR css_core::box_tree::constraint_block_layout::flex_layout] layout_flex: node=NodeKey(1669147711405817884), flex_items.len()=1
[2026-01-11T20:04:38Z ERROR css_core::box_tree::constraint_block_layout] layout_block ENTRY: node=NodeKey(1669147711405817886)
[2026-01-11T20:04:38Z ERROR css_core::box_tree::constraint_block_layout] Checking flex: node=NodeKey(1669147711405817886), display=Block
[2026-01-11T20:04:38Z ERROR css_core::box_tree::constraint_block_layout] INSERTING FLEX CONTAINER in layout_block: node=NodeKey(1669147711405817884), inline_size=700, is_measurement=false
[2026-01-11T20:04:38Z ERROR css_core::box_tree::constraint_block_layout] INSERTING FLEX CONTAINER in layout_block: node=NodeKey(1669147711405817874), inline_size=752, is_measurement=true
[2026-01-11T20:04:38Z ERROR css_core::box_tree::constraint_block_layout] layout_block ENTRY: node=NodeKey(1669147711405817891)
[2026-01-11T20:04:38Z ERROR css_core::box_tree::constraint_block_layout] Checking flex: node=NodeKey(1669147711405817891), display=Flex
[2026-01-11T20:04:38Z ERROR css_core::box_tree::constraint_block_layout] IS FLEX!
[2026-01-11T20:04:38Z ERROR css_core::box_tree::constraint_block_layout::flex_layout] layout_flex: node=NodeKey(1669147711405817891), children.len()=9
[2026-01-11T20:04:38Z ERROR css_core::box_tree::constraint_block_layout] layout_block ENTRY: node=NodeKey(1669147711405817893)
[2026-01-11T20:04:38Z ERROR css_core::box_tree::constraint_block_layout] Checking flex: node=NodeKey(1669147711405817893), display=Block
[2026-01-11T20:04:38Z ERROR css_core::box_tree::constraint_block_layout] layout_block ENTRY: node=NodeKey(1669147711405817895)
[2026-01-11T20:04:38Z ERROR css_core::box_tree::constraint_block_layout] Checking flex: node=NodeKey(1669147711405817895), display=Block
[2026-01-11T20:04:38Z ERROR css_core::box_tree::constraint_block_layout] layout_block ENTRY: node=NodeKey(1669147711405817898)
[2026-01-11T20:04:38Z ERROR css_core::box_tree::constraint_block_layout] Checking flex: node=NodeKey(1669147711405817898), display=Block
[2026-01-11T20:04:38Z ERROR css_core::box_tree::constraint_block_layout] layout_block ENTRY: node=NodeKey(1669147711405817901)
[2026-01-11T20:04:38Z ERROR css_core::box_tree::constraint_block_layout] Checking flex: node=NodeKey(1669147711405817901), display=Flex
[2026-01-11T20:04:38Z ERROR css_core::box_tree::constraint_block_layout] IS FLEX!
[2026-01-11T20:04:38Z ERROR css_core::box_tree::constraint_block_layout::flex_layout] layout_flex: node=NodeKey(1669147711405817901), children.len()=5
[2026-01-11T20:04:38Z ERROR css_core::box_tree::constraint_block_layout] layout_block ENTRY: node=NodeKey(1669147711405817903)
[2026-01-11T20:04:38Z ERROR css_core::box_tree::constraint_block_layout] Checking flex: node=NodeKey(1669147711405817903), display=Block
[2026-01-11T20:04:38Z ERROR css_core::box_tree::constraint_block_layout] layout_block ENTRY: node=NodeKey(1669147711405817906)
[2026-01-11T20:04:38Z ERROR css_core::box_tree::constraint_block_layout] Checking flex: node=NodeKey(1669147711405817906), display=Block
[2026-01-11T20:04:38Z ERROR css_core::box_tree::constraint_block_layout::flex_layout] layout_flex: node=NodeKey(1669147711405817901), flex_items.len()=2
[2026-01-11T20:04:38Z ERROR css_core::box_tree::constraint_block_layout] layout_block ENTRY: node=NodeKey(1669147711405817903)
[2026-01-11T20:04:38Z ERROR css_core::box_tree::constraint_block_layout] Checking flex: node=NodeKey(1669147711405817903), display=Block
[2026-01-11T20:04:38Z ERROR css_core::box_tree::constraint_block_layout] layout_block ENTRY: node=NodeKey(1669147711405817906)
[2026-01-11T20:04:38Z ERROR css_core::box_tree::constraint_block_layout] Checking flex: node=NodeKey(1669147711405817906), display=Block
[2026-01-11T20:04:38Z ERROR css_core::box_tree::constraint_block_layout] INSERTING FLEX CONTAINER in layout_block: node=NodeKey(1669147711405817901), inline_size=702, is_measurement=true
[2026-01-11T20:04:38Z ERROR css_core::box_tree::constraint_block_layout::flex_layout] layout_flex: node=NodeKey(1669147711405817891), flex_items.len()=4
[2026-01-11T20:04:38Z ERROR css_core::box_tree::constraint_block_layout] layout_block ENTRY: node=NodeKey(1669147711405817893)
[2026-01-11T20:04:38Z ERROR css_core::box_tree::constraint_block_layout] Checking flex: node=NodeKey(1669147711405817893), display=Block
[2026-01-11T20:04:38Z ERROR css_core::box_tree::constraint_block_layout] layout_block ENTRY: node=NodeKey(1669147711405817895)
[2026-01-11T20:04:38Z ERROR css_core::box_tree::constraint_block_layout] Checking flex: node=NodeKey(1669147711405817895), display=Block
[2026-01-11T20:04:38Z ERROR css_core::box_tree::constraint_block_layout] layout_block ENTRY: node=NodeKey(1669147711405817898)
[2026-01-11T20:04:38Z ERROR css_core::box_tree::constraint_block_layout] Checking flex: node=NodeKey(1669147711405817898), display=Block
[2026-01-11T20:04:38Z ERROR css_core::box_tree::constraint_block_layout] layout_block ENTRY: node=NodeKey(1669147711405817901)
[2026-01-11T20:04:38Z ERROR css_core::box_tree::constraint_block_layout] Checking flex: node=NodeKey(1669147711405817901), display=Flex
[2026-01-11T20:04:38Z ERROR css_core::box_tree::constraint_block_layout] IS FLEX!
[2026-01-11T20:04:38Z ERROR css_core::box_tree::constraint_block_layout::flex_layout] layout_flex: node=NodeKey(1669147711405817901), children.len()=5
[2026-01-11T20:04:38Z ERROR css_core::box_tree::constraint_block_layout] layout_block ENTRY: node=NodeKey(1669147711405817903)
[2026-01-11T20:04:38Z ERROR css_core::box_tree::constraint_block_layout] Checking flex: node=NodeKey(1669147711405817903), display=Block
[2026-01-11T20:04:38Z ERROR css_core::box_tree::constraint_block_layout] layout_block ENTRY: node=NodeKey(1669147711405817906)
[2026-01-11T20:04:38Z ERROR css_core::box_tree::constraint_block_layout] Checking flex: node=NodeKey(1669147711405817906), display=Block
[2026-01-11T20:04:38Z ERROR css_core::box_tree::constraint_block_layout::flex_layout] layout_flex: node=NodeKey(1669147711405817901), flex_items.len()=2
[2026-01-11T20:04:38Z ERROR css_core::box_tree::constraint_block_layout] layout_block ENTRY: node=NodeKey(1669147711405817903)
[2026-01-11T20:04:38Z ERROR css_core::box_tree::constraint_block_layout] Checking flex: node=NodeKey(1669147711405817903), display=Block
[2026-01-11T20:04:38Z ERROR css_core::box_tree::constraint_block_layout] layout_block ENTRY: node=NodeKey(1669147711405817906)
[2026-01-11T20:04:38Z ERROR css_core::box_tree::constraint_block_layout] Checking flex: node=NodeKey(1669147711405817906), display=Block
[2026-01-11T20:04:38Z ERROR css_core::box_tree::constraint_block_layout] INSERTING FLEX CONTAINER in layout_block: node=NodeKey(1669147711405817901), inline_size=702, is_measurement=false
[2026-01-11T20:04:38Z ERROR css_core::box_tree::constraint_block_layout] INSERTING FLEX CONTAINER in layout_block: node=NodeKey(1669147711405817891), inline_size=752, is_measurement=true
[2026-01-11T20:04:38Z ERROR css_core::box_tree::constraint_block_layout::flex_layout] layout_flex: node=NodeKey(1669147711405817872), flex_items.len()=2
[2026-01-11T20:04:38Z ERROR css_core::box_tree::constraint_block_layout] layout_block ENTRY: node=NodeKey(1669147711405817874)
[2026-01-11T20:04:38Z ERROR css_core::box_tree::constraint_block_layout] Checking flex: node=NodeKey(1669147711405817874), display=Flex
[2026-01-11T20:04:38Z ERROR css_core::box_tree::constraint_block_layout] IS FLEX!
[2026-01-11T20:04:38Z ERROR css_core::box_tree::constraint_block_layout::flex_layout] layout_flex: node=NodeKey(1669147711405817874), children.len()=9
[2026-01-11T20:04:38Z ERROR css_core::box_tree::constraint_block_layout] layout_block ENTRY: node=NodeKey(1669147711405817876)
[2026-01-11T20:04:38Z ERROR css_core::box_tree::constraint_block_layout] Checking flex: node=NodeKey(1669147711405817876), display=Block
[2026-01-11T20:04:38Z ERROR css_core::box_tree::constraint_block_layout] layout_block ENTRY: node=NodeKey(1669147711405817878)
[2026-01-11T20:04:38Z ERROR css_core::box_tree::constraint_block_layout] Checking flex: node=NodeKey(1669147711405817878), display=Block
[2026-01-11T20:04:38Z ERROR css_core::box_tree::constraint_block_layout] layout_block ENTRY: node=NodeKey(1669147711405817881)
[2026-01-11T20:04:38Z ERROR css_core::box_tree::constraint_block_layout] Checking flex: node=NodeKey(1669147711405817881), display=Block
[2026-01-11T20:04:38Z ERROR css_core::box_tree::constraint_block_layout] layout_block ENTRY: node=NodeKey(1669147711405817884)
[2026-01-11T20:04:38Z ERROR css_core::box_tree::constraint_block_layout] Checking flex: node=NodeKey(1669147711405817884), display=Flex
[2026-01-11T20:04:38Z ERROR css_core::box_tree::constraint_block_layout] IS FLEX!
[2026-01-11T20:04:38Z ERROR css_core::box_tree::constraint_block_layout::flex_layout] layout_flex: node=NodeKey(1669147711405817884), children.len()=3
[2026-01-11T20:04:38Z ERROR css_core::box_tree::constraint_block_layout] layout_block ENTRY: node=NodeKey(1669147711405817886)
[2026-01-11T20:04:38Z ERROR css_core::box_tree::constraint_block_layout] Checking flex: node=NodeKey(1669147711405817886), display=Block
[2026-01-11T20:04:38Z ERROR css_core::box_tree::constraint_block_layout::flex_layout] layout_flex: node=NodeKey(1669147711405817884), flex_items.len()=1
[2026-01-11T20:04:38Z ERROR css_core::box_tree::constraint_block_layout] layout_block ENTRY: node=NodeKey(1669147711405817886)
[2026-01-11T20:04:38Z ERROR css_core::box_tree::constraint_block_layout] Checking flex: node=NodeKey(1669147711405817886), display=Block
[2026-01-11T20:04:38Z ERROR css_core::box_tree::constraint_block_layout] INSERTING FLEX CONTAINER in layout_block: node=NodeKey(1669147711405817884), inline_size=700, is_measurement=true
[2026-01-11T20:04:38Z ERROR css_core::box_tree::constraint_block_layout::flex_layout] layout_flex: node=NodeKey(1669147711405817874), flex_items.len()=4
[2026-01-11T20:04:38Z ERROR css_core::box_tree::constraint_block_layout] layout_block ENTRY: node=NodeKey(1669147711405817876)
[2026-01-11T20:04:38Z ERROR css_core::box_tree::constraint_block_layout] Checking flex: node=NodeKey(1669147711405817876), display=Block
[2026-01-11T20:04:38Z ERROR css_core::box_tree::constraint_block_layout] layout_block ENTRY: node=NodeKey(1669147711405817878)
[2026-01-11T20:04:38Z ERROR css_core::box_tree::constraint_block_layout] Checking flex: node=NodeKey(1669147711405817878), display=Block
[2026-01-11T20:04:38Z ERROR css_core::box_tree::constraint_block_layout] layout_block ENTRY: node=NodeKey(1669147711405817881)
[2026-01-11T20:04:38Z ERROR css_core::box_tree::constraint_block_layout] Checking flex: node=NodeKey(1669147711405817881), display=Block
[2026-01-11T20:04:38Z ERROR css_core::box_tree::constraint_block_layout] layout_block ENTRY: node=NodeKey(1669147711405817884)
[2026-01-11T20:04:38Z ERROR css_core::box_tree::constraint_block_layout] Checking flex: node=NodeKey(1669147711405817884), display=Flex
[2026-01-11T20:04:38Z ERROR css_core::box_tree::constraint_block_layout] IS FLEX!
[2026-01-11T20:04:38Z ERROR css_core::box_tree::constraint_block_layout::flex_layout] layout_flex: node=NodeKey(1669147711405817884), children.len()=3
[2026-01-11T20:04:38Z ERROR css_core::box_tree::constraint_block_layout] layout_block ENTRY: node=NodeKey(1669147711405817886)
[2026-01-11T20:04:38Z ERROR css_core::box_tree::constraint_block_layout] Checking flex: node=NodeKey(1669147711405817886), display=Block
[2026-01-11T20:04:38Z ERROR css_core::box_tree::constraint_block_layout::flex_layout] layout_flex: node=NodeKey(1669147711405817884), flex_items.len()=1
[2026-01-11T20:04:38Z ERROR css_core::box_tree::constraint_block_layout] layout_block ENTRY: node=NodeKey(1669147711405817886)
[2026-01-11T20:04:38Z ERROR css_core::box_tree::constraint_block_layout] Checking flex: node=NodeKey(1669147711405817886), display=Block
[2026-01-11T20:04:38Z ERROR css_core::box_tree::constraint_block_layout] INSERTING FLEX CONTAINER in layout_block: node=NodeKey(1669147711405817884), inline_size=700, is_measurement=false
[2026-01-11T20:04:38Z ERROR css_core::box_tree::constraint_block_layout] INSERTING FLEX CONTAINER in layout_block: node=NodeKey(1669147711405817874), inline_size=752, is_measurement=false
[2026-01-11T20:04:38Z ERROR css_core::box_tree::constraint_block_layout] layout_block ENTRY: node=NodeKey(1669147711405817891)
[2026-01-11T20:04:38Z ERROR css_core::box_tree::constraint_block_layout] Checking flex: node=NodeKey(1669147711405817891), display=Flex
[2026-01-11T20:04:38Z ERROR css_core::box_tree::constraint_block_layout] IS FLEX!
[2026-01-11T20:04:38Z ERROR css_core::box_tree::constraint_block_layout::flex_layout] layout_flex: node=NodeKey(1669147711405817891), children.len()=9
[2026-01-11T20:04:38Z ERROR css_core::box_tree::constraint_block_layout] layout_block ENTRY: node=NodeKey(1669147711405817893)
[2026-01-11T20:04:38Z ERROR css_core::box_tree::constraint_block_layout] Checking flex: node=NodeKey(1669147711405817893), display=Block
[2026-01-11T20:04:38Z ERROR css_core::box_tree::constraint_block_layout] layout_block ENTRY: node=NodeKey(1669147711405817895)
[2026-01-11T20:04:38Z ERROR css_core::box_tree::constraint_block_layout] Checking flex: node=NodeKey(1669147711405817895), display=Block
[2026-01-11T20:04:38Z ERROR css_core::box_tree::constraint_block_layout] layout_block ENTRY: node=NodeKey(1669147711405817898)
[2026-01-11T20:04:38Z ERROR css_core::box_tree::constraint_block_layout] Checking flex: node=NodeKey(1669147711405817898), display=Block
[2026-01-11T20:04:38Z ERROR css_core::box_tree::constraint_block_layout] layout_block ENTRY: node=NodeKey(1669147711405817901)
[2026-01-11T20:04:38Z ERROR css_core::box_tree::constraint_block_layout] Checking flex: node=NodeKey(1669147711405817901), display=Flex
[2026-01-11T20:04:38Z ERROR css_core::box_tree::constraint_block_layout] IS FLEX!
[2026-01-11T20:04:38Z ERROR css_core::box_tree::constraint_block_layout::flex_layout] layout_flex: node=NodeKey(1669147711405817901), children.len()=5
[2026-01-11T20:04:38Z ERROR css_core::box_tree::constraint_block_layout] layout_block ENTRY: node=NodeKey(1669147711405817903)
[2026-01-11T20:04:38Z ERROR css_core::box_tree::constraint_block_layout] Checking flex: node=NodeKey(1669147711405817903), display=Block
[2026-01-11T20:04:38Z ERROR css_core::box_tree::constraint_block_layout] layout_block ENTRY: node=NodeKey(1669147711405817906)
[2026-01-11T20:04:38Z ERROR css_core::box_tree::constraint_block_layout] Checking flex: node=NodeKey(1669147711405817906), display=Block
[2026-01-11T20:04:38Z ERROR css_core::box_tree::constraint_block_layout::flex_layout] layout_flex: node=NodeKey(1669147711405817901), flex_items.len()=2
[2026-01-11T20:04:38Z ERROR css_core::box_tree::constraint_block_layout] layout_block ENTRY: node=NodeKey(1669147711405817903)
[2026-01-11T20:04:38Z ERROR css_core::box_tree::constraint_block_layout] Checking flex: node=NodeKey(1669147711405817903), display=Block
[2026-01-11T20:04:38Z ERROR css_core::box_tree::constraint_block_layout] layout_block ENTRY: node=NodeKey(1669147711405817906)
[2026-01-11T20:04:38Z ERROR css_core::box_tree::constraint_block_layout] Checking flex: node=NodeKey(1669147711405817906), display=Block
[2026-01-11T20:04:38Z ERROR css_core::box_tree::constraint_block_layout] INSERTING FLEX CONTAINER in layout_block: node=NodeKey(1669147711405817901), inline_size=702, is_measurement=true
[2026-01-11T20:04:38Z ERROR css_core::box_tree::constraint_block_layout::flex_layout] layout_flex: node=NodeKey(1669147711405817891), flex_items.len()=4
[2026-01-11T20:04:38Z ERROR css_core::box_tree::constraint_block_layout] layout_block ENTRY: node=NodeKey(1669147711405817893)
[2026-01-11T20:04:38Z ERROR css_core::box_tree::constraint_block_layout] Checking flex: node=NodeKey(1669147711405817893), display=Block
[2026-01-11T20:04:38Z ERROR css_core::box_tree::constraint_block_layout] layout_block ENTRY: node=NodeKey(1669147711405817895)
[2026-01-11T20:04:38Z ERROR css_core::box_tree::constraint_block_layout] Checking flex: node=NodeKey(1669147711405817895), display=Block
[2026-01-11T20:04:38Z ERROR css_core::box_tree::constraint_block_layout] layout_block ENTRY: node=NodeKey(1669147711405817898)
[2026-01-11T20:04:38Z ERROR css_core::box_tree::constraint_block_layout] Checking flex: node=NodeKey(1669147711405817898), display=Block
[2026-01-11T20:04:38Z ERROR css_core::box_tree::constraint_block_layout] layout_block ENTRY: node=NodeKey(1669147711405817901)
[2026-01-11T20:04:38Z ERROR css_core::box_tree::constraint_block_layout] Checking flex: node=NodeKey(1669147711405817901), display=Flex
[2026-01-11T20:04:38Z ERROR css_core::box_tree::constraint_block_layout] IS FLEX!
[2026-01-11T20:04:38Z ERROR css_core::box_tree::constraint_block_layout::flex_layout] layout_flex: node=NodeKey(1669147711405817901), children.len()=5
[2026-01-11T20:04:38Z ERROR css_core::box_tree::constraint_block_layout] layout_block ENTRY: node=NodeKey(1669147711405817903)
[2026-01-11T20:04:38Z ERROR css_core::box_tree::constraint_block_layout] Checking flex: node=NodeKey(1669147711405817903), display=Block
[2026-01-11T20:04:38Z ERROR css_core::box_tree::constraint_block_layout] layout_block ENTRY: node=NodeKey(1669147711405817906)
[2026-01-11T20:04:38Z ERROR css_core::box_tree::constraint_block_layout] Checking flex: node=NodeKey(1669147711405817906), display=Block
[2026-01-11T20:04:38Z ERROR css_core::box_tree::constraint_block_layout::flex_layout] layout_flex: node=NodeKey(1669147711405817901), flex_items.len()=2
[2026-01-11T20:04:38Z ERROR css_core::box_tree::constraint_block_layout] layout_block ENTRY: node=NodeKey(1669147711405817903)
[2026-01-11T20:04:38Z ERROR css_core::box_tree::constraint_block_layout] Checking flex: node=NodeKey(1669147711405817903), display=Block
[2026-01-11T20:04:38Z ERROR css_core::box_tree::constraint_block_layout] layout_block ENTRY: node=NodeKey(1669147711405817906)
[2026-01-11T20:04:38Z ERROR css_core::box_tree::constraint_block_layout] Checking flex: node=NodeKey(1669147711405817906), display=Block
[2026-01-11T20:04:38Z ERROR css_core::box_tree::constraint_block_layout] INSERTING FLEX CONTAINER in layout_block: node=NodeKey(1669147711405817901), inline_size=702, is_measurement=false
[2026-01-11T20:04:38Z ERROR css_core::box_tree::constraint_block_layout] INSERTING FLEX CONTAINER in layout_block: node=NodeKey(1669147711405817891), inline_size=752, is_measurement=false
[2026-01-11T20:04:38Z ERROR css_core::box_tree::constraint_block_layout] INSERTING FLEX CONTAINER in layout_block: node=NodeKey(1669147711405817872), inline_size=800, is_measurement=false
[2026-01-11T20:04:38Z ERROR page_handler::core::incremental_layout] LAYOUT TREE COMPLETE - generation 1, total results: 26
[2026-01-11T20:04:38Z ERROR page_handler::core::incremental_layout] RUNNING LAYOUT TREE - generation 1
[2026-01-11T20:04:38Z ERROR css_core::box_tree::constraint_block_layout] layout_block ENTRY: node=NodeKey(6134466741943664642)
[2026-01-11T20:04:38Z ERROR css_core::box_tree::constraint_block_layout] Checking flex: node=NodeKey(6134466741943664642), display=Block
[2026-01-11T20:04:38Z ERROR css_core::box_tree::constraint_block_layout] layout_block ENTRY: node=NodeKey(6134466741943664654)
[2026-01-11T20:04:38Z ERROR css_core::box_tree::constraint_block_layout] Checking flex: node=NodeKey(6134466741943664654), display=Block
[2026-01-11T20:04:38Z ERROR css_core::box_tree::constraint_block_layout] layout_block ENTRY: node=NodeKey(6134466741943664656)
[2026-01-11T20:04:38Z ERROR css_core::box_tree::constraint_block_layout] Checking flex: node=NodeKey(6134466741943664656), display=Flex
[2026-01-11T20:04:38Z ERROR css_core::box_tree::constraint_block_layout] IS FLEX!
[2026-01-11T20:04:38Z ERROR css_core::box_tree::constraint_block_layout::flex_layout] layout_flex: node=NodeKey(6134466741943664656), children.len()=11
[2026-01-11T20:04:38Z ERROR css_core::box_tree::constraint_block_layout] layout_block ENTRY: node=NodeKey(6134466741943664658)
[2026-01-11T20:04:38Z ERROR css_core::box_tree::constraint_block_layout] Checking flex: node=NodeKey(6134466741943664658), display=Block
[2026-01-11T20:04:38Z ERROR css_core::box_tree::constraint_block_layout] layout_block ENTRY: node=NodeKey(6134466741943664660)
[2026-01-11T20:04:38Z ERROR css_core::box_tree::constraint_block_layout] Checking flex: node=NodeKey(6134466741943664660), display=Inline
[2026-01-11T20:04:38Z ERROR css_core::box_tree::constraint_block_layout] layout_block ENTRY: node=NodeKey(6134466741943664662)
[2026-01-11T20:04:38Z ERROR css_core::box_tree::constraint_block_layout] Checking flex: node=NodeKey(6134466741943664662), display=InlineBlock
[2026-01-11T20:04:38Z ERROR css_core::box_tree::constraint_block_layout] layout_block ENTRY: node=NodeKey(6134466741943664665)
[2026-01-11T20:04:38Z ERROR css_core::box_tree::constraint_block_layout] Checking flex: node=NodeKey(6134466741943664665), display=Block
[2026-01-11T20:04:38Z ERROR css_core::box_tree::constraint_block_layout] layout_block ENTRY: node=NodeKey(6134466741943664667)
[2026-01-11T20:04:38Z ERROR css_core::box_tree::constraint_block_layout] Checking flex: node=NodeKey(6134466741943664667), display=Inline
[2026-01-11T20:04:38Z ERROR css_core::box_tree::constraint_block_layout] layout_block ENTRY: node=NodeKey(6134466741943664669)
[2026-01-11T20:04:38Z ERROR css_core::box_tree::constraint_block_layout] Checking flex: node=NodeKey(6134466741943664669), display=InlineBlock
[2026-01-11T20:04:38Z ERROR css_core::box_tree::constraint_block_layout] layout_block ENTRY: node=NodeKey(6134466741943664671)
[2026-01-11T20:04:38Z ERROR css_core::box_tree::constraint_block_layout] Checking flex: node=NodeKey(6134466741943664671), display=Inline
[2026-01-11T20:04:38Z ERROR css_core::box_tree::constraint_block_layout] layout_block ENTRY: node=NodeKey(6134466741943664674)
[2026-01-11T20:04:38Z ERROR css_core::box_tree::constraint_block_layout] Checking flex: node=NodeKey(6134466741943664674), display=Block
[2026-01-11T20:04:38Z ERROR css_core::box_tree::constraint_block_layout] layout_block ENTRY: node=NodeKey(6134466741943664676)
[2026-01-11T20:04:38Z ERROR css_core::box_tree::constraint_block_layout] Checking flex: node=NodeKey(6134466741943664676), display=Inline
[2026-01-11T20:04:38Z ERROR css_core::box_tree::constraint_block_layout] layout_block ENTRY: node=NodeKey(6134466741943664678)
[2026-01-11T20:04:38Z ERROR css_core::box_tree::constraint_block_layout] Checking flex: node=NodeKey(6134466741943664678), display=InlineBlock
[2026-01-11T20:04:38Z ERROR css_core::box_tree::constraint_block_layout] layout_block ENTRY: node=NodeKey(6134466741943664681)
[2026-01-11T20:04:38Z ERROR css_core::box_tree::constraint_block_layout] Checking flex: node=NodeKey(6134466741943664681), display=Flex
[2026-01-11T20:04:38Z ERROR css_core::box_tree::constraint_block_layout] IS FLEX!
[2026-01-11T20:04:38Z ERROR css_core::box_tree::constraint_block_layout::flex_layout] layout_flex: node=NodeKey(6134466741943664681), children.len()=5
[2026-01-11T20:04:38Z ERROR css_core::box_tree::constraint_block_layout] layout_block ENTRY: node=NodeKey(6134466741943664683)
[2026-01-11T20:04:38Z ERROR css_core::box_tree::constraint_block_layout] Checking flex: node=NodeKey(6134466741943664683), display=Block
[2026-01-11T20:04:38Z ERROR css_core::box_tree::constraint_block_layout] layout_block ENTRY: node=NodeKey(6134466741943664685)
[2026-01-11T20:04:38Z ERROR css_core::box_tree::constraint_block_layout] Checking flex: node=NodeKey(6134466741943664685), display=Inline
[2026-01-11T20:04:38Z ERROR css_core::box_tree::constraint_block_layout] layout_block ENTRY: node=NodeKey(6134466741943664687)
[2026-01-11T20:04:38Z ERROR css_core::box_tree::constraint_block_layout] Checking flex: node=NodeKey(6134466741943664687), display=InlineBlock
[2026-01-11T20:04:38Z ERROR css_core::box_tree::constraint_block_layout] layout_block ENTRY: node=NodeKey(6134466741943664690)
[2026-01-11T20:04:38Z ERROR css_core::box_tree::constraint_block_layout] Checking flex: node=NodeKey(6134466741943664690), display=Block
[2026-01-11T20:04:38Z ERROR css_core::box_tree::constraint_block_layout::flex_layout] layout_flex: node=NodeKey(6134466741943664681), flex_items.len()=2
[2026-01-11T20:04:38Z ERROR css_core::box_tree::constraint_block_layout] layout_block ENTRY: node=NodeKey(6134466741943664683)
[2026-01-11T20:04:38Z ERROR css_core::box_tree::constraint_block_layout] Checking flex: node=NodeKey(6134466741943664683), display=Block
[2026-01-11T20:04:38Z ERROR css_core::box_tree::constraint_block_layout] layout_block ENTRY: node=NodeKey(6134466741943664685)
[2026-01-11T20:04:38Z ERROR css_core::box_tree::constraint_block_layout] Checking flex: node=NodeKey(6134466741943664685), display=Inline
[2026-01-11T20:04:38Z ERROR css_core::box_tree::constraint_block_layout] layout_block ENTRY: node=NodeKey(6134466741943664687)
[2026-01-11T20:04:38Z ERROR css_core::box_tree::constraint_block_layout] Checking flex: node=NodeKey(6134466741943664687), display=InlineBlock
[2026-01-11T20:04:38Z ERROR css_core::box_tree::constraint_block_layout] layout_block ENTRY: node=NodeKey(6134466741943664690)
[2026-01-11T20:04:38Z ERROR css_core::box_tree::constraint_block_layout] Checking flex: node=NodeKey(6134466741943664690), display=Block
[2026-01-11T20:04:38Z ERROR css_core::box_tree::constraint_block_layout] INSERTING FLEX CONTAINER in layout_block: node=NodeKey(6134466741943664681), inline_size=368, is_measurement=true
[2026-01-11T20:04:38Z ERROR css_core::box_tree::constraint_block_layout] layout_block ENTRY: node=NodeKey(6134466741943664694)
[2026-01-11T20:04:38Z ERROR css_core::box_tree::constraint_block_layout] Checking flex: node=NodeKey(6134466741943664694), display=Block
[2026-01-11T20:04:38Z ERROR css_core::box_tree::constraint_block_layout] layout_block ENTRY: node=NodeKey(6134466741943664696)
[2026-01-11T20:04:38Z ERROR css_core::box_tree::constraint_block_layout] Checking flex: node=NodeKey(6134466741943664696), display=Inline
[2026-01-11T20:04:38Z ERROR css_core::box_tree::constraint_block_layout] layout_block ENTRY: node=NodeKey(6134466741943664698)
[2026-01-11T20:04:38Z ERROR css_core::box_tree::constraint_block_layout] Checking flex: node=NodeKey(6134466741943664698), display=InlineBlock
[2026-01-11T20:04:38Z ERROR css_core::box_tree::constraint_block_layout] layout_block ENTRY: node=NodeKey(6134466741943664700)
[2026-01-11T20:04:38Z ERROR css_core::box_tree::constraint_block_layout] Checking flex: node=NodeKey(6134466741943664700), display=Block
[2026-01-11T20:04:38Z ERROR css_core::box_tree::constraint_block_layout] layout_block ENTRY: node=NodeKey(6134466741943664701)
[2026-01-11T20:04:38Z ERROR css_core::box_tree::constraint_block_layout] layout_block ENTRY: node=NodeKey(6134466741943664702)
[2026-01-11T20:04:38Z ERROR css_core::box_tree::constraint_block_layout] Checking flex: node=NodeKey(6134466741943664702), display=Flex
[2026-01-11T20:04:38Z ERROR css_core::box_tree::constraint_block_layout] IS FLEX!
[2026-01-11T20:04:38Z ERROR css_core::box_tree::constraint_block_layout::flex_layout] layout_flex: node=NodeKey(6134466741943664702), children.len()=3
[2026-01-11T20:04:38Z ERROR css_core::box_tree::constraint_block_layout] layout_block ENTRY: node=NodeKey(6134466741943664704)
[2026-01-11T20:04:38Z ERROR css_core::box_tree::constraint_block_layout] Checking flex: node=NodeKey(6134466741943664704), display=Inline
[2026-01-11T20:04:38Z ERROR css_core::box_tree::constraint_block_layout::flex_layout] layout_flex: node=NodeKey(6134466741943664702), flex_items.len()=2
[2026-01-11T20:04:38Z ERROR css_core::box_tree::constraint_block_layout] layout_block ENTRY: node=NodeKey(6134466741943664704)
[2026-01-11T20:04:38Z ERROR css_core::box_tree::constraint_block_layout] Checking flex: node=NodeKey(6134466741943664704), display=Inline
[2026-01-11T20:04:38Z ERROR css_core::box_tree::constraint_block_layout] INSERTING FLEX CONTAINER in layout_block: node=NodeKey(6134466741943664702), inline_size=200, is_measurement=true
[2026-01-11T20:04:38Z ERROR css_core::box_tree::constraint_block_layout] layout_block ENTRY: node=NodeKey(6134466741943664706)
[2026-01-11T20:04:38Z ERROR css_core::box_tree::constraint_block_layout] layout_block ENTRY: node=NodeKey(6134466741943664707)
[2026-01-11T20:04:38Z ERROR css_core::box_tree::constraint_block_layout] Checking flex: node=NodeKey(6134466741943664707), display=Flex
[2026-01-11T20:04:38Z ERROR css_core::box_tree::constraint_block_layout] IS FLEX!
[2026-01-11T20:04:38Z ERROR css_core::box_tree::constraint_block_layout::flex_layout] layout_flex: node=NodeKey(6134466741943664707), children.len()=3
[2026-01-11T20:04:38Z ERROR css_core::box_tree::constraint_block_layout] layout_block ENTRY: node=NodeKey(6134466741943664709)
[2026-01-11T20:04:38Z ERROR css_core::box_tree::constraint_block_layout] Checking flex: node=NodeKey(6134466741943664709), display=Inline
[2026-01-11T20:04:38Z ERROR css_core::box_tree::constraint_block_layout::flex_layout] layout_flex: node=NodeKey(6134466741943664707), flex_items.len()=2
[2026-01-11T20:04:38Z ERROR css_core::box_tree::constraint_block_layout] layout_block ENTRY: node=NodeKey(6134466741943664709)
[2026-01-11T20:04:38Z ERROR css_core::box_tree::constraint_block_layout] Checking flex: node=NodeKey(6134466741943664709), display=Inline
[2026-01-11T20:04:38Z ERROR css_core::box_tree::constraint_block_layout] INSERTING FLEX CONTAINER in layout_block: node=NodeKey(6134466741943664707), inline_size=200, is_measurement=true
[2026-01-11T20:04:38Z ERROR css_core::box_tree::constraint_block_layout] layout_block ENTRY: node=NodeKey(6134466741943664711)
[2026-01-11T20:04:38Z ERROR css_core::box_tree::constraint_block_layout] layout_block ENTRY: node=NodeKey(6134466741943664712)
[2026-01-11T20:04:38Z ERROR css_core::box_tree::constraint_block_layout] Checking flex: node=NodeKey(6134466741943664712), display=Flex
[2026-01-11T20:04:38Z ERROR css_core::box_tree::constraint_block_layout] IS FLEX!
[2026-01-11T20:04:38Z ERROR css_core::box_tree::constraint_block_layout::flex_layout] layout_flex: node=NodeKey(6134466741943664712), children.len()=3
[2026-01-11T20:04:38Z ERROR css_core::box_tree::constraint_block_layout] layout_block ENTRY: node=NodeKey(6134466741943664714)
[2026-01-11T20:04:38Z ERROR css_core::box_tree::constraint_block_layout] Checking flex: node=NodeKey(6134466741943664714), display=Inline
[2026-01-11T20:04:38Z ERROR css_core::box_tree::constraint_block_layout::flex_layout] layout_flex: node=NodeKey(6134466741943664712), flex_items.len()=2
[2026-01-11T20:04:38Z ERROR css_core::box_tree::constraint_block_layout] layout_block ENTRY: node=NodeKey(6134466741943664714)
[2026-01-11T20:04:38Z ERROR css_core::box_tree::constraint_block_layout] Checking flex: node=NodeKey(6134466741943664714), display=Inline
[2026-01-11T20:04:38Z ERROR css_core::box_tree::constraint_block_layout] INSERTING FLEX CONTAINER in layout_block: node=NodeKey(6134466741943664712), inline_size=200, is_measurement=true
[2026-01-11T20:04:38Z ERROR css_core::box_tree::constraint_block_layout] layout_block ENTRY: node=NodeKey(6134466741943664716)
[2026-01-11T20:04:38Z ERROR css_core::box_tree::constraint_block_layout::flex_layout] layout_flex: node=NodeKey(6134466741943664656), flex_items.len()=5
[2026-01-11T20:04:38Z ERROR css_core::box_tree::constraint_block_layout] layout_block ENTRY: node=NodeKey(6134466741943664658)
[2026-01-11T20:04:38Z ERROR css_core::box_tree::constraint_block_layout] Checking flex: node=NodeKey(6134466741943664658), display=Block
[2026-01-11T20:04:38Z ERROR css_core::box_tree::constraint_block_layout] layout_block ENTRY: node=NodeKey(6134466741943664660)
[2026-01-11T20:04:38Z ERROR css_core::box_tree::constraint_block_layout] Checking flex: node=NodeKey(6134466741943664660), display=Inline
[2026-01-11T20:04:38Z ERROR css_core::box_tree::constraint_block_layout] layout_block ENTRY: node=NodeKey(6134466741943664662)
[2026-01-11T20:04:38Z ERROR css_core::box_tree::constraint_block_layout] Checking flex: node=NodeKey(6134466741943664662), display=InlineBlock
[2026-01-11T20:04:38Z ERROR css_core::box_tree::constraint_block_layout] layout_block ENTRY: node=NodeKey(6134466741943664665)
[2026-01-11T20:04:38Z ERROR css_core::box_tree::constraint_block_layout] Checking flex: node=NodeKey(6134466741943664665), display=Block
[2026-01-11T20:04:38Z ERROR css_core::box_tree::constraint_block_layout] layout_block ENTRY: node=NodeKey(6134466741943664667)
[2026-01-11T20:04:38Z ERROR css_core::box_tree::constraint_block_layout] Checking flex: node=NodeKey(6134466741943664667), display=Inline
[2026-01-11T20:04:38Z ERROR css_core::box_tree::constraint_block_layout] layout_block ENTRY: node=NodeKey(6134466741943664669)
[2026-01-11T20:04:38Z ERROR css_core::box_tree::constraint_block_layout] Checking flex: node=NodeKey(6134466741943664669), display=InlineBlock
[2026-01-11T20:04:38Z ERROR css_core::box_tree::constraint_block_layout] layout_block ENTRY: node=NodeKey(6134466741943664671)
[2026-01-11T20:04:38Z ERROR css_core::box_tree::constraint_block_layout] Checking flex: node=NodeKey(6134466741943664671), display=Inline
[2026-01-11T20:04:38Z ERROR css_core::box_tree::constraint_block_layout] layout_block ENTRY: node=NodeKey(6134466741943664674)
[2026-01-11T20:04:38Z ERROR css_core::box_tree::constraint_block_layout] Checking flex: node=NodeKey(6134466741943664674), display=Block
[2026-01-11T20:04:38Z ERROR css_core::box_tree::constraint_block_layout] layout_block ENTRY: node=NodeKey(6134466741943664676)
[2026-01-11T20:04:38Z ERROR css_core::box_tree::constraint_block_layout] Checking flex: node=NodeKey(6134466741943664676), display=Inline
[2026-01-11T20:04:38Z ERROR css_core::box_tree::constraint_block_layout] layout_block ENTRY: node=NodeKey(6134466741943664678)
[2026-01-11T20:04:38Z ERROR css_core::box_tree::constraint_block_layout] Checking flex: node=NodeKey(6134466741943664678), display=InlineBlock
[2026-01-11T20:04:38Z ERROR css_core::box_tree::constraint_block_layout] layout_block ENTRY: node=NodeKey(6134466741943664681)
[2026-01-11T20:04:38Z ERROR css_core::box_tree::constraint_block_layout] Checking flex: node=NodeKey(6134466741943664681), display=Flex
[2026-01-11T20:04:38Z ERROR css_core::box_tree::constraint_block_layout] IS FLEX!
[2026-01-11T20:04:38Z ERROR css_core::box_tree::constraint_block_layout::flex_layout] layout_flex: node=NodeKey(6134466741943664681), children.len()=5
[2026-01-11T20:04:38Z ERROR css_core::box_tree::constraint_block_layout] layout_block ENTRY: node=NodeKey(6134466741943664683)
[2026-01-11T20:04:38Z ERROR css_core::box_tree::constraint_block_layout] Checking flex: node=NodeKey(6134466741943664683), display=Block
[2026-01-11T20:04:38Z ERROR css_core::box_tree::constraint_block_layout] layout_block ENTRY: node=NodeKey(6134466741943664685)
[2026-01-11T20:04:38Z ERROR css_core::box_tree::constraint_block_layout] Checking flex: node=NodeKey(6134466741943664685), display=Inline
[2026-01-11T20:04:38Z ERROR css_core::box_tree::constraint_block_layout] layout_block ENTRY: node=NodeKey(6134466741943664687)
[2026-01-11T20:04:38Z ERROR css_core::box_tree::constraint_block_layout] Checking flex: node=NodeKey(6134466741943664687), display=InlineBlock
[2026-01-11T20:04:38Z ERROR css_core::box_tree::constraint_block_layout] layout_block ENTRY: node=NodeKey(6134466741943664690)
[2026-01-11T20:04:38Z ERROR css_core::box_tree::constraint_block_layout] Checking flex: node=NodeKey(6134466741943664690), display=Block
[2026-01-11T20:04:38Z ERROR css_core::box_tree::constraint_block_layout::flex_layout] layout_flex: node=NodeKey(6134466741943664681), flex_items.len()=2
[2026-01-11T20:04:38Z ERROR css_core::box_tree::constraint_block_layout] layout_block ENTRY: node=NodeKey(6134466741943664683)
[2026-01-11T20:04:38Z ERROR css_core::box_tree::constraint_block_layout] Checking flex: node=NodeKey(6134466741943664683), display=Block
[2026-01-11T20:04:38Z ERROR css_core::box_tree::constraint_block_layout] layout_block ENTRY: node=NodeKey(6134466741943664685)
[2026-01-11T20:04:38Z ERROR css_core::box_tree::constraint_block_layout] Checking flex: node=NodeKey(6134466741943664685), display=Inline
[2026-01-11T20:04:38Z ERROR css_core::box_tree::constraint_block_layout] layout_block ENTRY: node=NodeKey(6134466741943664687)
[2026-01-11T20:04:38Z ERROR css_core::box_tree::constraint_block_layout] Checking flex: node=NodeKey(6134466741943664687), display=InlineBlock
[2026-01-11T20:04:38Z ERROR css_core::box_tree::constraint_block_layout] layout_block ENTRY: node=NodeKey(6134466741943664690)
[2026-01-11T20:04:38Z ERROR css_core::box_tree::constraint_block_layout] Checking flex: node=NodeKey(6134466741943664690), display=Block
[2026-01-11T20:04:38Z ERROR css_core::box_tree::constraint_block_layout] INSERTING FLEX CONTAINER in layout_block: node=NodeKey(6134466741943664681), inline_size=368, is_measurement=false
[2026-01-11T20:04:38Z ERROR css_core::box_tree::constraint_block_layout] layout_block ENTRY: node=NodeKey(6134466741943664694)
[2026-01-11T20:04:38Z ERROR css_core::box_tree::constraint_block_layout] Checking flex: node=NodeKey(6134466741943664694), display=Block
[2026-01-11T20:04:38Z ERROR css_core::box_tree::constraint_block_layout] layout_block ENTRY: node=NodeKey(6134466741943664696)
[2026-01-11T20:04:38Z ERROR css_core::box_tree::constraint_block_layout] Checking flex: node=NodeKey(6134466741943664696), display=Inline
[2026-01-11T20:04:38Z ERROR css_core::box_tree::constraint_block_layout] layout_block ENTRY: node=NodeKey(6134466741943664698)
[2026-01-11T20:04:38Z ERROR css_core::box_tree::constraint_block_layout] Checking flex: node=NodeKey(6134466741943664698), display=InlineBlock
[2026-01-11T20:04:38Z ERROR css_core::box_tree::constraint_block_layout] layout_block ENTRY: node=NodeKey(6134466741943664700)
[2026-01-11T20:04:38Z ERROR css_core::box_tree::constraint_block_layout] Checking flex: node=NodeKey(6134466741943664700), display=Block
[2026-01-11T20:04:38Z ERROR css_core::box_tree::constraint_block_layout] layout_block ENTRY: node=NodeKey(6134466741943664701)
[2026-01-11T20:04:38Z ERROR css_core::box_tree::constraint_block_layout] layout_block ENTRY: node=NodeKey(6134466741943664702)
[2026-01-11T20:04:38Z ERROR css_core::box_tree::constraint_block_layout] Checking flex: node=NodeKey(6134466741943664702), display=Flex
[2026-01-11T20:04:38Z ERROR css_core::box_tree::constraint_block_layout] IS FLEX!
[2026-01-11T20:04:38Z ERROR css_core::box_tree::constraint_block_layout::flex_layout] layout_flex: node=NodeKey(6134466741943664702), children.len()=3
[2026-01-11T20:04:38Z ERROR css_core::box_tree::constraint_block_layout] layout_block ENTRY: node=NodeKey(6134466741943664704)
[2026-01-11T20:04:38Z ERROR css_core::box_tree::constraint_block_layout] Checking flex: node=NodeKey(6134466741943664704), display=Inline
[2026-01-11T20:04:38Z ERROR css_core::box_tree::constraint_block_layout::flex_layout] layout_flex: node=NodeKey(6134466741943664702), flex_items.len()=2
[2026-01-11T20:04:38Z ERROR css_core::box_tree::constraint_block_layout] layout_block ENTRY: node=NodeKey(6134466741943664704)
[2026-01-11T20:04:38Z ERROR css_core::box_tree::constraint_block_layout] Checking flex: node=NodeKey(6134466741943664704), display=Inline
[2026-01-11T20:04:38Z ERROR css_core::box_tree::constraint_block_layout] INSERTING FLEX CONTAINER in layout_block: node=NodeKey(6134466741943664702), inline_size=200, is_measurement=false
[2026-01-11T20:04:38Z ERROR css_core::box_tree::constraint_block_layout] layout_block ENTRY: node=NodeKey(6134466741943664706)
[2026-01-11T20:04:38Z ERROR css_core::box_tree::constraint_block_layout] layout_block ENTRY: node=NodeKey(6134466741943664707)
[2026-01-11T20:04:38Z ERROR css_core::box_tree::constraint_block_layout] Checking flex: node=NodeKey(6134466741943664707), display=Flex
[2026-01-11T20:04:38Z ERROR css_core::box_tree::constraint_block_layout] IS FLEX!
[2026-01-11T20:04:38Z ERROR css_core::box_tree::constraint_block_layout::flex_layout] layout_flex: node=NodeKey(6134466741943664707), children.len()=3
[2026-01-11T20:04:38Z ERROR css_core::box_tree::constraint_block_layout] layout_block ENTRY: node=NodeKey(6134466741943664709)
[2026-01-11T20:04:38Z ERROR css_core::box_tree::constraint_block_layout] Checking flex: node=NodeKey(6134466741943664709), display=Inline
[2026-01-11T20:04:38Z ERROR css_core::box_tree::constraint_block_layout::flex_layout] layout_flex: node=NodeKey(6134466741943664707), flex_items.len()=2
[2026-01-11T20:04:38Z ERROR css_core::box_tree::constraint_block_layout] layout_block ENTRY: node=NodeKey(6134466741943664709)
[2026-01-11T20:04:38Z ERROR css_core::box_tree::constraint_block_layout] Checking flex: node=NodeKey(6134466741943664709), display=Inline
[2026-01-11T20:04:38Z ERROR css_core::box_tree::constraint_block_layout] INSERTING FLEX CONTAINER in layout_block: node=NodeKey(6134466741943664707), inline_size=200, is_measurement=false
[2026-01-11T20:04:38Z ERROR css_core::box_tree::constraint_block_layout] layout_block ENTRY: node=NodeKey(6134466741943664711)
[2026-01-11T20:04:38Z ERROR css_core::box_tree::constraint_block_layout] layout_block ENTRY: node=NodeKey(6134466741943664712)
[2026-01-11T20:04:38Z ERROR css_core::box_tree::constraint_block_layout] Checking flex: node=NodeKey(6134466741943664712), display=Flex
[2026-01-11T20:04:38Z ERROR css_core::box_tree::constraint_block_layout] IS FLEX!
[2026-01-11T20:04:38Z ERROR css_core::box_tree::constraint_block_layout::flex_layout] layout_flex: node=NodeKey(6134466741943664712), children.len()=3
[2026-01-11T20:04:38Z ERROR css_core::box_tree::constraint_block_layout] layout_block ENTRY: node=NodeKey(6134466741943664714)
[2026-01-11T20:04:38Z ERROR css_core::box_tree::constraint_block_layout] Checking flex: node=NodeKey(6134466741943664714), display=Inline
[2026-01-11T20:04:38Z ERROR css_core::box_tree::constraint_block_layout::flex_layout] layout_flex: node=NodeKey(6134466741943664712), flex_items.len()=2
[2026-01-11T20:04:38Z ERROR css_core::box_tree::constraint_block_layout] layout_block ENTRY: node=NodeKey(6134466741943664714)
[2026-01-11T20:04:38Z ERROR css_core::box_tree::constraint_block_layout] Checking flex: node=NodeKey(6134466741943664714), display=Inline
[2026-01-11T20:04:38Z ERROR css_core::box_tree::constraint_block_layout] INSERTING FLEX CONTAINER in layout_block: node=NodeKey(6134466741943664712), inline_size=200, is_measurement=false
[2026-01-11T20:04:38Z ERROR css_core::box_tree::constraint_block_layout] layout_block ENTRY: node=NodeKey(6134466741943664716)
[2026-01-11T20:04:38Z ERROR css_core::box_tree::constraint_block_layout] INSERTING FLEX CONTAINER in layout_block: node=NodeKey(6134466741943664656), inline_size=400, is_measurement=false
[2026-01-11T20:04:38Z ERROR page_handler::core::incremental_layout] LAYOUT TREE COMPLETE - generation 1, total results: 56
[2026-01-11T20:04:38Z ERROR page_handler::core::incremental_layout] RUNNING LAYOUT TREE - generation 1
[2026-01-11T20:04:38Z ERROR css_core::box_tree::constraint_block_layout] layout_block ENTRY: node=NodeKey(7937032492798705666)
[2026-01-11T20:04:38Z ERROR css_core::box_tree::constraint_block_layout] Checking flex: node=NodeKey(7937032492798705666), display=Block
[2026-01-11T20:04:38Z ERROR css_core::box_tree::constraint_block_layout] layout_block ENTRY: node=NodeKey(7937032492798705678)
[2026-01-11T20:04:38Z ERROR css_core::box_tree::constraint_block_layout] Checking flex: node=NodeKey(7937032492798705678), display=Block
[2026-01-11T20:04:38Z ERROR css_core::box_tree::constraint_block_layout] layout_block ENTRY: node=NodeKey(7937032492798705680)
[2026-01-11T20:04:38Z ERROR css_core::box_tree::constraint_block_layout] Checking flex: node=NodeKey(7937032492798705680), display=Flex
[2026-01-11T20:04:38Z ERROR css_core::box_tree::constraint_block_layout] IS FLEX!
[2026-01-11T20:04:38Z ERROR css_core::box_tree::constraint_block_layout::flex_layout] layout_flex: node=NodeKey(7937032492798705680), children.len()=5
[2026-01-11T20:04:38Z ERROR css_core::box_tree::constraint_block_layout] layout_block ENTRY: node=NodeKey(7937032492798705721)
[2026-01-11T20:04:38Z ERROR css_core::box_tree::constraint_block_layout] Checking flex: node=NodeKey(7937032492798705721), display=Flex
[2026-01-11T20:04:38Z ERROR css_core::box_tree::constraint_block_layout] IS FLEX!
[2026-01-11T20:04:38Z ERROR css_core::box_tree::constraint_block_layout::flex_layout] layout_flex: node=NodeKey(7937032492798705721), children.len()=7
[2026-01-11T20:04:38Z ERROR css_core::box_tree::constraint_block_layout::flex_layout] layout_flex: node=NodeKey(7937032492798705721), flex_items.len()=0
[2026-01-11T20:04:38Z ERROR css_core::box_tree::constraint_block_layout] layout_block ENTRY: node=NodeKey(7937032492798705724)
[2026-01-11T20:04:38Z ERROR css_core::box_tree::constraint_block_layout] layout_block ENTRY: node=NodeKey(7937032492798705725)
[2026-01-11T20:04:38Z ERROR css_core::box_tree::constraint_block_layout] Checking flex: node=NodeKey(7937032492798705725), display=Flex
[2026-01-11T20:04:38Z ERROR css_core::box_tree::constraint_block_layout] IS FLEX!
[2026-01-11T20:04:38Z ERROR css_core::box_tree::constraint_block_layout::flex_layout] layout_flex: node=NodeKey(7937032492798705725), children.len()=1
[2026-01-11T20:04:38Z ERROR css_core::box_tree::constraint_block_layout::flex_layout] layout_flex: node=NodeKey(7937032492798705725), flex_items.len()=1
[2026-01-11T20:04:38Z ERROR css_core::box_tree::constraint_block_layout::text] INSERTING TEXT RESULT: text='1', inline_size=7.786133, block_size=16, single_line_height=16, glyph_height=16, is_for_measurement_only=false
[2026-01-11T20:04:38Z ERROR css_core::box_tree::constraint_block_layout] INSERTING FLEX CONTAINER in layout_block: node=NodeKey(7937032492798705725), inline_size=32, is_measurement=false
[2026-01-11T20:04:38Z ERROR css_core::box_tree::constraint_block_layout] layout_block ENTRY: node=NodeKey(7937032492798705727)
[2026-01-11T20:04:38Z ERROR css_core::box_tree::constraint_block_layout] layout_block ENTRY: node=NodeKey(7937032492798705728)
[2026-01-11T20:04:38Z ERROR css_core::box_tree::constraint_block_layout] Checking flex: node=NodeKey(7937032492798705728), display=Block
[2026-01-11T20:04:38Z ERROR css_core::box_tree::constraint_block_layout] layout_block ENTRY: node=NodeKey(7937032492798705730)
[2026-01-11T20:04:38Z ERROR css_core::box_tree::constraint_block_layout] Checking flex: node=NodeKey(7937032492798705730), display=Block
[2026-01-11T20:04:38Z ERROR css_core::box_tree::constraint_block_layout] layout_block ENTRY: node=NodeKey(7937032492798705733)
[2026-01-11T20:04:38Z ERROR css_core::box_tree::constraint_block_layout] Checking flex: node=NodeKey(7937032492798705733), display=Block
[2026-01-11T20:04:38Z ERROR css_core::box_tree::constraint_block_layout] layout_block ENTRY: node=NodeKey(7937032492798705736)
[2026-01-11T20:04:38Z ERROR css_core::box_tree::constraint_block_layout] layout_block ENTRY: node=NodeKey(7937032492798705739)
[2026-01-11T20:04:38Z ERROR css_core::box_tree::constraint_block_layout] layout_block ENTRY: node=NodeKey(7937032492798705740)
[2026-01-11T20:04:38Z ERROR css_core::box_tree::constraint_block_layout] Checking flex: node=NodeKey(7937032492798705740), display=Flex
[2026-01-11T20:04:38Z ERROR css_core::box_tree::constraint_block_layout] IS FLEX!
[2026-01-11T20:04:38Z ERROR css_core::box_tree::constraint_block_layout::flex_layout] layout_flex: node=NodeKey(7937032492798705740), children.len()=1
[2026-01-11T20:04:38Z ERROR css_core::box_tree::constraint_block_layout::flex_layout] layout_flex: node=NodeKey(7937032492798705740), flex_items.len()=1
[2026-01-11T20:04:38Z ERROR css_core::box_tree::constraint_block_layout::text] INSERTING TEXT RESULT: text='2', inline_size=7.786133, block_size=16, single_line_height=16, glyph_height=16, is_for_measurement_only=false
[2026-01-11T20:04:38Z ERROR css_core::box_tree::constraint_block_layout] INSERTING FLEX CONTAINER in layout_block: node=NodeKey(7937032492798705740), inline_size=32, is_measurement=false
[2026-01-11T20:04:38Z ERROR css_core::box_tree::constraint_block_layout] layout_block ENTRY: node=NodeKey(7937032492798705742)
[2026-01-11T20:04:38Z ERROR css_core::box_tree::constraint_block_layout] layout_block ENTRY: node=NodeKey(7937032492798705743)
[2026-01-11T20:04:38Z ERROR css_core::box_tree::constraint_block_layout] Checking flex: node=NodeKey(7937032492798705743), display=Block
[2026-01-11T20:04:38Z ERROR css_core::box_tree::constraint_block_layout] layout_block ENTRY: node=NodeKey(7937032492798705745)
[2026-01-11T20:04:38Z ERROR css_core::box_tree::constraint_block_layout] Checking flex: node=NodeKey(7937032492798705745), display=Block
[2026-01-11T20:04:38Z ERROR css_core::box_tree::constraint_block_layout] layout_block ENTRY: node=NodeKey(7937032492798705748)
[2026-01-11T20:04:38Z ERROR css_core::box_tree::constraint_block_layout] Checking flex: node=NodeKey(7937032492798705748), display=Block
[2026-01-11T20:04:38Z ERROR css_core::box_tree::constraint_block_layout] layout_block ENTRY: node=NodeKey(7937032492798705751)
[2026-01-11T20:04:38Z ERROR css_core::box_tree::constraint_block_layout] layout_block ENTRY: node=NodeKey(7937032492798705754)
[2026-01-11T20:04:38Z ERROR css_core::box_tree::constraint_block_layout] layout_block ENTRY: node=NodeKey(7937032492798705755)
[2026-01-11T20:04:38Z ERROR css_core::box_tree::constraint_block_layout] Checking flex: node=NodeKey(7937032492798705755), display=Flex
[2026-01-11T20:04:38Z ERROR css_core::box_tree::constraint_block_layout] IS FLEX!
[2026-01-11T20:04:38Z ERROR css_core::box_tree::constraint_block_layout::flex_layout] layout_flex: node=NodeKey(7937032492798705755), children.len()=1
[2026-01-11T20:04:38Z ERROR css_core::box_tree::constraint_block_layout::flex_layout] layout_flex: node=NodeKey(7937032492798705755), flex_items.len()=1
[2026-01-11T20:04:38Z ERROR css_core::box_tree::constraint_block_layout::text] INSERTING TEXT RESULT: text='3', inline_size=7.786133, block_size=16, single_line_height=16, glyph_height=16, is_for_measurement_only=false
[2026-01-11T20:04:38Z ERROR css_core::box_tree::constraint_block_layout] INSERTING FLEX CONTAINER in layout_block: node=NodeKey(7937032492798705755), inline_size=32, is_measurement=false
[2026-01-11T20:04:38Z ERROR css_core::box_tree::constraint_block_layout] layout_block ENTRY: node=NodeKey(7937032492798705757)
[2026-01-11T20:04:38Z ERROR css_core::box_tree::constraint_block_layout] layout_block ENTRY: node=NodeKey(7937032492798705758)
[2026-01-11T20:04:38Z ERROR css_core::box_tree::constraint_block_layout] Checking flex: node=NodeKey(7937032492798705758), display=Block
[2026-01-11T20:04:38Z ERROR css_core::box_tree::constraint_block_layout] layout_block ENTRY: node=NodeKey(7937032492798705760)
[2026-01-11T20:04:38Z ERROR css_core::box_tree::constraint_block_layout] Checking flex: node=NodeKey(7937032492798705760), display=Block
[2026-01-11T20:04:38Z ERROR css_core::box_tree::constraint_block_layout] layout_block ENTRY: node=NodeKey(7937032492798705763)
[2026-01-11T20:04:38Z ERROR css_core::box_tree::constraint_block_layout] Checking flex: node=NodeKey(7937032492798705763), display=Block
[2026-01-11T20:04:38Z ERROR css_core::box_tree::constraint_block_layout] layout_block ENTRY: node=NodeKey(7937032492798705766)
[2026-01-11T20:04:38Z ERROR css_core::box_tree::constraint_block_layout] INSERTING FLEX CONTAINER in layout_block: node=NodeKey(7937032492798705721), inline_size=752, is_measurement=true
[2026-01-11T20:04:38Z ERROR css_core::box_tree::constraint_block_layout::flex_layout] layout_flex: node=NodeKey(7937032492798705680), flex_items.len()=1
[2026-01-11T20:04:38Z ERROR css_core::box_tree::constraint_block_layout] layout_block ENTRY: node=NodeKey(7937032492798705721)
[2026-01-11T20:04:38Z ERROR css_core::box_tree::constraint_block_layout] Checking flex: node=NodeKey(7937032492798705721), display=Flex
[2026-01-11T20:04:38Z ERROR css_core::box_tree::constraint_block_layout] IS FLEX!
[2026-01-11T20:04:38Z ERROR css_core::box_tree::constraint_block_layout::flex_layout] layout_flex: node=NodeKey(7937032492798705721), children.len()=7
[2026-01-11T20:04:38Z ERROR css_core::box_tree::constraint_block_layout::flex_layout] layout_flex: node=NodeKey(7937032492798705721), flex_items.len()=0
[2026-01-11T20:04:38Z ERROR css_core::box_tree::constraint_block_layout] layout_block ENTRY: node=NodeKey(7937032492798705724)
[2026-01-11T20:04:38Z ERROR css_core::box_tree::constraint_block_layout] layout_block ENTRY: node=NodeKey(7937032492798705725)
[2026-01-11T20:04:38Z ERROR css_core::box_tree::constraint_block_layout] Checking flex: node=NodeKey(7937032492798705725), display=Flex
[2026-01-11T20:04:38Z ERROR css_core::box_tree::constraint_block_layout] IS FLEX!
[2026-01-11T20:04:38Z ERROR css_core::box_tree::constraint_block_layout::flex_layout] layout_flex: node=NodeKey(7937032492798705725), children.len()=1
[2026-01-11T20:04:38Z ERROR css_core::box_tree::constraint_block_layout::flex_layout] layout_flex: node=NodeKey(7937032492798705725), flex_items.len()=1
[2026-01-11T20:04:38Z ERROR css_core::box_tree::constraint_block_layout::text] INSERTING TEXT RESULT: text='1', inline_size=7.786133, block_size=16, single_line_height=16, glyph_height=16, is_for_measurement_only=false
[2026-01-11T20:04:38Z ERROR css_core::box_tree::constraint_block_layout] INSERTING FLEX CONTAINER in layout_block: node=NodeKey(7937032492798705725), inline_size=32, is_measurement=false
[2026-01-11T20:04:38Z ERROR css_core::box_tree::constraint_block_layout] layout_block ENTRY: node=NodeKey(7937032492798705727)
[2026-01-11T20:04:38Z ERROR css_core::box_tree::constraint_block_layout] layout_block ENTRY: node=NodeKey(7937032492798705728)
[2026-01-11T20:04:38Z ERROR css_core::box_tree::constraint_block_layout] Checking flex: node=NodeKey(7937032492798705728), display=Block
[2026-01-11T20:04:38Z ERROR css_core::box_tree::constraint_block_layout] layout_block ENTRY: node=NodeKey(7937032492798705730)
[2026-01-11T20:04:38Z ERROR css_core::box_tree::constraint_block_layout] Checking flex: node=NodeKey(7937032492798705730), display=Block
[2026-01-11T20:04:38Z ERROR css_core::box_tree::constraint_block_layout] layout_block ENTRY: node=NodeKey(7937032492798705733)
[2026-01-11T20:04:38Z ERROR css_core::box_tree::constraint_block_layout] Checking flex: node=NodeKey(7937032492798705733), display=Block
[2026-01-11T20:04:38Z ERROR css_core::box_tree::constraint_block_layout] layout_block ENTRY: node=NodeKey(7937032492798705736)
[2026-01-11T20:04:38Z ERROR css_core::box_tree::constraint_block_layout] layout_block ENTRY: node=NodeKey(7937032492798705739)
[2026-01-11T20:04:38Z ERROR css_core::box_tree::constraint_block_layout] layout_block ENTRY: node=NodeKey(7937032492798705740)
[2026-01-11T20:04:38Z ERROR css_core::box_tree::constraint_block_layout] Checking flex: node=NodeKey(7937032492798705740), display=Flex
[2026-01-11T20:04:38Z ERROR css_core::box_tree::constraint_block_layout] IS FLEX!
[2026-01-11T20:04:38Z ERROR css_core::box_tree::constraint_block_layout::flex_layout] layout_flex: node=NodeKey(7937032492798705740), children.len()=1
[2026-01-11T20:04:38Z ERROR css_core::box_tree::constraint_block_layout::flex_layout] layout_flex: node=NodeKey(7937032492798705740), flex_items.len()=1
[2026-01-11T20:04:38Z ERROR css_core::box_tree::constraint_block_layout::text] INSERTING TEXT RESULT: text='2', inline_size=7.786133, block_size=16, single_line_height=16, glyph_height=16, is_for_measurement_only=false
[2026-01-11T20:04:38Z ERROR css_core::box_tree::constraint_block_layout] INSERTING FLEX CONTAINER in layout_block: node=NodeKey(7937032492798705740), inline_size=32, is_measurement=false
[2026-01-11T20:04:38Z ERROR css_core::box_tree::constraint_block_layout] layout_block ENTRY: node=NodeKey(7937032492798705742)
[2026-01-11T20:04:38Z ERROR css_core::box_tree::constraint_block_layout] layout_block ENTRY: node=NodeKey(7937032492798705743)
[2026-01-11T20:04:38Z ERROR css_core::box_tree::constraint_block_layout] Checking flex: node=NodeKey(7937032492798705743), display=Block
[2026-01-11T20:04:38Z ERROR css_core::box_tree::constraint_block_layout] layout_block ENTRY: node=NodeKey(7937032492798705745)
[2026-01-11T20:04:38Z ERROR css_core::box_tree::constraint_block_layout] Checking flex: node=NodeKey(7937032492798705745), display=Block
[2026-01-11T20:04:38Z ERROR css_core::box_tree::constraint_block_layout] layout_block ENTRY: node=NodeKey(7937032492798705748)
[2026-01-11T20:04:38Z ERROR css_core::box_tree::constraint_block_layout] Checking flex: node=NodeKey(7937032492798705748), display=Block
[2026-01-11T20:04:38Z ERROR css_core::box_tree::constraint_block_layout] layout_block ENTRY: node=NodeKey(7937032492798705751)
[2026-01-11T20:04:38Z ERROR css_core::box_tree::constraint_block_layout] layout_block ENTRY: node=NodeKey(7937032492798705754)
[2026-01-11T20:04:38Z ERROR css_core::box_tree::constraint_block_layout] layout_block ENTRY: node=NodeKey(7937032492798705755)
[2026-01-11T20:04:38Z ERROR css_core::box_tree::constraint_block_layout] Checking flex: node=NodeKey(7937032492798705755), display=Flex
[2026-01-11T20:04:38Z ERROR css_core::box_tree::constraint_block_layout] IS FLEX!
[2026-01-11T20:04:38Z ERROR css_core::box_tree::constraint_block_layout::flex_layout] layout_flex: node=NodeKey(7937032492798705755), children.len()=1
[2026-01-11T20:04:38Z ERROR css_core::box_tree::constraint_block_layout::flex_layout] layout_flex: node=NodeKey(7937032492798705755), flex_items.len()=1
[2026-01-11T20:04:38Z ERROR css_core::box_tree::constraint_block_layout::text] INSERTING TEXT RESULT: text='3', inline_size=7.786133, block_size=16, single_line_height=16, glyph_height=16, is_for_measurement_only=false
[2026-01-11T20:04:38Z ERROR css_core::box_tree::constraint_block_layout] INSERTING FLEX CONTAINER in layout_block: node=NodeKey(7937032492798705755), inline_size=32, is_measurement=false
[2026-01-11T20:04:38Z ERROR css_core::box_tree::constraint_block_layout] layout_block ENTRY: node=NodeKey(7937032492798705757)
[2026-01-11T20:04:38Z ERROR css_core::box_tree::constraint_block_layout] layout_block ENTRY: node=NodeKey(7937032492798705758)
[2026-01-11T20:04:38Z ERROR css_core::box_tree::constraint_block_layout] Checking flex: node=NodeKey(7937032492798705758), display=Block
[2026-01-11T20:04:38Z ERROR css_core::box_tree::constraint_block_layout] layout_block ENTRY: node=NodeKey(7937032492798705760)
[2026-01-11T20:04:38Z ERROR css_core::box_tree::constraint_block_layout] Checking flex: node=NodeKey(7937032492798705760), display=Block
[2026-01-11T20:04:38Z ERROR css_core::box_tree::constraint_block_layout] layout_block ENTRY: node=NodeKey(7937032492798705763)
[2026-01-11T20:04:38Z ERROR css_core::box_tree::constraint_block_layout] Checking flex: node=NodeKey(7937032492798705763), display=Block
[2026-01-11T20:04:38Z ERROR css_core::box_tree::constraint_block_layout] layout_block ENTRY: node=NodeKey(7937032492798705766)
[2026-01-11T20:04:38Z ERROR css_core::box_tree::constraint_block_layout] INSERTING FLEX CONTAINER in layout_block: node=NodeKey(7937032492798705721), inline_size=752, is_measurement=false
[2026-01-11T20:04:38Z ERROR css_core::box_tree::constraint_block_layout] INSERTING FLEX CONTAINER in layout_block: node=NodeKey(7937032492798705680), inline_size=800, is_measurement=false
[2026-01-11T20:04:38Z ERROR page_handler::core::incremental_layout] LAYOUT TREE COMPLETE - generation 1, total results: 50
[2026-01-11T20:04:38Z ERROR page_handler::core::incremental_layout] TEXT NODE NOT IN LAYOUT RESULTS: text='2', node=NodeKey(7937032492798705696), generation=1, parent=Some(NodeKey(7937032492798705695)), parent_in_results=false, parent_display=Some("Flex"), grandparent=Some(NodeKey(7937032492798705693)), grandparent_in_results=false, grandparent_display=Some("Flex")
[2026-01-11T20:04:38Z ERROR page_handler::core::incremental_layout] TEXT NODE NOT IN LAYOUT RESULTS: text='3', node=NodeKey(7937032492798705705), generation=1, parent=Some(NodeKey(7937032492798705704)), parent_in_results=false, parent_display=Some("Flex"), grandparent=Some(NodeKey(7937032492798705702)), grandparent_in_results=false, grandparent_display=Some("Flex")
[2026-01-11T20:04:38Z ERROR page_handler::core::incremental_layout] TEXT NODE NOT IN LAYOUT RESULTS: text='1', node=NodeKey(7937032492798705687), generation=1, parent=Some(NodeKey(7937032492798705686)), parent_in_results=false, parent_display=Some("Flex"), grandparent=Some(NodeKey(7937032492798705684)), grandparent_in_results=false, grandparent_display=Some("Flex")
[2026-01-11T20:04:39Z ERROR page_handler::core::incremental_layout] RUNNING LAYOUT TREE - generation 1
[2026-01-11T20:04:39Z ERROR css_core::box_tree::constraint_block_layout] layout_block ENTRY: node=NodeKey(471190210525265922)
[2026-01-11T20:04:39Z ERROR css_core::box_tree::constraint_block_layout] Checking flex: node=NodeKey(471190210525265922), display=Block
[2026-01-11T20:04:39Z ERROR css_core::box_tree::constraint_block_layout] layout_block ENTRY: node=NodeKey(471190210525265934)
[2026-01-11T20:04:39Z ERROR css_core::box_tree::constraint_block_layout] Checking flex: node=NodeKey(471190210525265934), display=Block
[2026-01-11T20:04:39Z ERROR css_core::box_tree::constraint_block_layout] layout_block ENTRY: node=NodeKey(471190210525265936)
[2026-01-11T20:04:39Z ERROR css_core::box_tree::constraint_block_layout] Checking flex: node=NodeKey(471190210525265936), display=Flex
[2026-01-11T20:04:39Z ERROR css_core::box_tree::constraint_block_layout] IS FLEX!
[2026-01-11T20:04:39Z ERROR css_core::box_tree::constraint_block_layout::flex_layout] layout_flex: node=NodeKey(471190210525265936), children.len()=9
[2026-01-11T20:04:39Z ERROR css_core::box_tree::constraint_block_layout] layout_block ENTRY: node=NodeKey(471190210525265938)
[2026-01-11T20:04:39Z ERROR css_core::box_tree::constraint_block_layout] Checking flex: node=NodeKey(471190210525265938), display=Flex
[2026-01-11T20:04:39Z ERROR css_core::box_tree::constraint_block_layout] IS FLEX!
[2026-01-11T20:04:39Z ERROR css_core::box_tree::constraint_block_layout::flex_layout] layout_flex: node=NodeKey(471190210525265938), children.len()=7
[2026-01-11T20:04:39Z ERROR css_core::box_tree::constraint_block_layout] layout_block ENTRY: node=NodeKey(471190210525265940)
[2026-01-11T20:04:39Z ERROR css_core::box_tree::constraint_block_layout] Checking flex: node=NodeKey(471190210525265940), display=Block
[2026-01-11T20:04:39Z ERROR css_core::box_tree::constraint_block_layout] layout_block ENTRY: node=NodeKey(471190210525265942)
[2026-01-11T20:04:39Z ERROR css_core::box_tree::constraint_block_layout] Checking flex: node=NodeKey(471190210525265942), display=Block
[2026-01-11T20:04:39Z ERROR css_core::box_tree::constraint_block_layout] layout_block ENTRY: node=NodeKey(471190210525265944)
[2026-01-11T20:04:39Z ERROR css_core::box_tree::constraint_block_layout] Checking flex: node=NodeKey(471190210525265944), display=Block
[2026-01-11T20:04:39Z ERROR css_core::box_tree::constraint_block_layout] layout_block ENTRY: node=NodeKey(471190210525265947)
[2026-01-11T20:04:39Z ERROR css_core::box_tree::constraint_block_layout] Checking flex: node=NodeKey(471190210525265947), display=Block
[2026-01-11T20:04:39Z ERROR css_core::box_tree::constraint_block_layout] layout_block ENTRY: node=NodeKey(471190210525265951)
[2026-01-11T20:04:39Z ERROR css_core::box_tree::constraint_block_layout] Checking flex: node=NodeKey(471190210525265951), display=Block
[2026-01-11T20:04:39Z ERROR css_core::box_tree::constraint_block_layout::flex_layout] layout_flex: node=NodeKey(471190210525265938), flex_items.len()=3
[2026-01-11T20:04:39Z ERROR css_core::box_tree::constraint_block_layout] layout_block ENTRY: node=NodeKey(471190210525265940)
[2026-01-11T20:04:39Z ERROR css_core::box_tree::constraint_block_layout] Checking flex: node=NodeKey(471190210525265940), display=Block
[2026-01-11T20:04:39Z ERROR css_core::box_tree::constraint_block_layout] layout_block ENTRY: node=NodeKey(471190210525265942)
[2026-01-11T20:04:39Z ERROR css_core::box_tree::constraint_block_layout] Checking flex: node=NodeKey(471190210525265942), display=Block
[2026-01-11T20:04:39Z ERROR css_core::box_tree::constraint_block_layout] layout_block ENTRY: node=NodeKey(471190210525265944)
[2026-01-11T20:04:39Z ERROR css_core::box_tree::constraint_block_layout] Checking flex: node=NodeKey(471190210525265944), display=Block
[2026-01-11T20:04:39Z ERROR css_core::box_tree::constraint_block_layout] layout_block ENTRY: node=NodeKey(471190210525265947)
[2026-01-11T20:04:39Z ERROR css_core::box_tree::constraint_block_layout] Checking flex: node=NodeKey(471190210525265947), display=Block
[2026-01-11T20:04:39Z ERROR css_core::box_tree::constraint_block_layout] layout_block ENTRY: node=NodeKey(471190210525265951)
[2026-01-11T20:04:39Z ERROR css_core::box_tree::constraint_block_layout] Checking flex: node=NodeKey(471190210525265951), display=Block
[2026-01-11T20:04:39Z ERROR css_core::box_tree::constraint_block_layout] INSERTING FLEX CONTAINER in layout_block: node=NodeKey(471190210525265938), inline_size=348, is_measurement=true
[2026-01-11T20:04:39Z ERROR css_core::box_tree::constraint_block_layout] layout_block ENTRY: node=NodeKey(471190210525265954)
[2026-01-11T20:04:39Z ERROR css_core::box_tree::constraint_block_layout] Checking flex: node=NodeKey(471190210525265954), display=Flex
[2026-01-11T20:04:39Z ERROR css_core::box_tree::constraint_block_layout] IS FLEX!
[2026-01-11T20:04:39Z ERROR css_core::box_tree::constraint_block_layout::flex_layout] layout_flex: node=NodeKey(471190210525265954), children.len()=7
[2026-01-11T20:04:39Z ERROR css_core::box_tree::constraint_block_layout] layout_block ENTRY: node=NodeKey(471190210525265956)
[2026-01-11T20:04:39Z ERROR css_core::box_tree::constraint_block_layout] Checking flex: node=NodeKey(471190210525265956), display=Block
[2026-01-11T20:04:39Z ERROR css_core::box_tree::constraint_block_layout] layout_block ENTRY: node=NodeKey(471190210525265958)
[2026-01-11T20:04:39Z ERROR css_core::box_tree::constraint_block_layout] Checking flex: node=NodeKey(471190210525265958), display=Block
[2026-01-11T20:04:39Z ERROR css_core::box_tree::constraint_block_layout] layout_block ENTRY: node=NodeKey(471190210525265960)
[2026-01-11T20:04:39Z ERROR css_core::box_tree::constraint_block_layout] Checking flex: node=NodeKey(471190210525265960), display=Block
[2026-01-11T20:04:39Z ERROR css_core::box_tree::constraint_block_layout] layout_block ENTRY: node=NodeKey(471190210525265963)
[2026-01-11T20:04:39Z ERROR css_core::box_tree::constraint_block_layout] Checking flex: node=NodeKey(471190210525265963), display=Block
[2026-01-11T20:04:39Z ERROR css_core::box_tree::constraint_block_layout] layout_block ENTRY: node=NodeKey(471190210525265967)
[2026-01-11T20:04:39Z ERROR css_core::box_tree::constraint_block_layout] Checking flex: node=NodeKey(471190210525265967), display=Block
[2026-01-11T20:04:39Z ERROR css_core::box_tree::constraint_block_layout::flex_layout] layout_flex: node=NodeKey(471190210525265954), flex_items.len()=3
[2026-01-11T20:04:39Z ERROR css_core::box_tree::constraint_block_layout] layout_block ENTRY: node=NodeKey(471190210525265956)
[2026-01-11T20:04:39Z ERROR css_core::box_tree::constraint_block_layout] Checking flex: node=NodeKey(471190210525265956), display=Block
[2026-01-11T20:04:39Z ERROR css_core::box_tree::constraint_block_layout] layout_block ENTRY: node=NodeKey(471190210525265958)
[2026-01-11T20:04:39Z ERROR css_core::box_tree::constraint_block_layout] Checking flex: node=NodeKey(471190210525265958), display=Block
[2026-01-11T20:04:39Z ERROR css_core::box_tree::constraint_block_layout] layout_block ENTRY: node=NodeKey(471190210525265960)
[2026-01-11T20:04:39Z ERROR css_core::box_tree::constraint_block_layout] Checking flex: node=NodeKey(471190210525265960), display=Block
[2026-01-11T20:04:39Z ERROR css_core::box_tree::constraint_block_layout] layout_block ENTRY: node=NodeKey(471190210525265963)
[2026-01-11T20:04:39Z ERROR css_core::box_tree::constraint_block_layout] Checking flex: node=NodeKey(471190210525265963), display=Block
[2026-01-11T20:04:39Z ERROR css_core::box_tree::constraint_block_layout] layout_block ENTRY: node=NodeKey(471190210525265967)
[2026-01-11T20:04:39Z ERROR css_core::box_tree::constraint_block_layout] Checking flex: node=NodeKey(471190210525265967), display=Block
[2026-01-11T20:04:39Z ERROR css_core::box_tree::constraint_block_layout] INSERTING FLEX CONTAINER in layout_block: node=NodeKey(471190210525265954), inline_size=348, is_measurement=true
[2026-01-11T20:04:39Z ERROR css_core::box_tree::constraint_block_layout] layout_block ENTRY: node=NodeKey(471190210525265970)
[2026-01-11T20:04:39Z ERROR css_core::box_tree::constraint_block_layout] Checking flex: node=NodeKey(471190210525265970), display=Flex
[2026-01-11T20:04:39Z ERROR css_core::box_tree::constraint_block_layout] IS FLEX!
[2026-01-11T20:04:39Z ERROR css_core::box_tree::constraint_block_layout::flex_layout] layout_flex: node=NodeKey(471190210525265970), children.len()=5
[2026-01-11T20:04:39Z ERROR css_core::box_tree::constraint_block_layout] layout_block ENTRY: node=NodeKey(471190210525265972)
[2026-01-11T20:04:39Z ERROR css_core::box_tree::constraint_block_layout] Checking flex: node=NodeKey(471190210525265972), display=Block
[2026-01-11T20:04:39Z ERROR css_core::box_tree::constraint_block_layout] layout_block ENTRY: node=NodeKey(471190210525265974)
[2026-01-11T20:04:39Z ERROR css_core::box_tree::constraint_block_layout] Checking flex: node=NodeKey(471190210525265974), display=Block
[2026-01-11T20:04:39Z ERROR css_core::box_tree::constraint_block_layout] layout_block ENTRY: node=NodeKey(471190210525265976)
[2026-01-11T20:04:39Z ERROR css_core::box_tree::constraint_block_layout] Checking flex: node=NodeKey(471190210525265976), display=Block
[2026-01-11T20:04:39Z ERROR css_core::box_tree::constraint_block_layout] layout_block ENTRY: node=NodeKey(471190210525265979)
[2026-01-11T20:04:39Z ERROR css_core::box_tree::constraint_block_layout] Checking flex: node=NodeKey(471190210525265979), display=Block
[2026-01-11T20:04:39Z ERROR css_core::box_tree::constraint_block_layout::flex_layout] layout_flex: node=NodeKey(471190210525265970), flex_items.len()=2
[2026-01-11T20:04:39Z ERROR css_core::box_tree::constraint_block_layout] layout_block ENTRY: node=NodeKey(471190210525265972)
[2026-01-11T20:04:39Z ERROR css_core::box_tree::constraint_block_layout] Checking flex: node=NodeKey(471190210525265972), display=Block
[2026-01-11T20:04:39Z ERROR css_core::box_tree::constraint_block_layout] layout_block ENTRY: node=NodeKey(471190210525265974)
[2026-01-11T20:04:39Z ERROR css_core::box_tree::constraint_block_layout] Checking flex: node=NodeKey(471190210525265974), display=Block
[2026-01-11T20:04:39Z ERROR css_core::box_tree::constraint_block_layout] layout_block ENTRY: node=NodeKey(471190210525265976)
[2026-01-11T20:04:39Z ERROR css_core::box_tree::constraint_block_layout] Checking flex: node=NodeKey(471190210525265976), display=Block
[2026-01-11T20:04:39Z ERROR css_core::box_tree::constraint_block_layout] layout_block ENTRY: node=NodeKey(471190210525265979)
[2026-01-11T20:04:39Z ERROR css_core::box_tree::constraint_block_layout] Checking flex: node=NodeKey(471190210525265979), display=Block
[2026-01-11T20:04:39Z ERROR css_core::box_tree::constraint_block_layout] INSERTING FLEX CONTAINER in layout_block: node=NodeKey(471190210525265970), inline_size=348, is_measurement=true
[2026-01-11T20:04:39Z ERROR css_core::box_tree::constraint_block_layout] layout_block ENTRY: node=NodeKey(471190210525265984)
[2026-01-11T20:04:39Z ERROR css_core::box_tree::constraint_block_layout] Checking flex: node=NodeKey(471190210525265984), display=Flex
[2026-01-11T20:04:39Z ERROR css_core::box_tree::constraint_block_layout] IS FLEX!
[2026-01-11T20:04:39Z ERROR css_core::box_tree::constraint_block_layout::flex_layout] layout_flex: node=NodeKey(471190210525265984), children.len()=5
[2026-01-11T20:04:39Z ERROR css_core::box_tree::constraint_block_layout] layout_block ENTRY: node=NodeKey(471190210525265986)
[2026-01-11T20:04:39Z ERROR css_core::box_tree::constraint_block_layout] Checking flex: node=NodeKey(471190210525265986), display=Block
[2026-01-11T20:04:39Z ERROR css_core::box_tree::constraint_block_layout] layout_block ENTRY: node=NodeKey(471190210525265988)
[2026-01-11T20:04:39Z ERROR css_core::box_tree::constraint_block_layout] Checking flex: node=NodeKey(471190210525265988), display=Block
[2026-01-11T20:04:39Z ERROR css_core::box_tree::constraint_block_layout] layout_block ENTRY: node=NodeKey(471190210525265990)
[2026-01-11T20:04:39Z ERROR css_core::box_tree::constraint_block_layout] Checking flex: node=NodeKey(471190210525265990), display=Block
[2026-01-11T20:04:39Z ERROR css_core::box_tree::constraint_block_layout] layout_block ENTRY: node=NodeKey(471190210525265993)
[2026-01-11T20:04:39Z ERROR css_core::box_tree::constraint_block_layout] Checking flex: node=NodeKey(471190210525265993), display=Block
[2026-01-11T20:04:39Z ERROR css_core::box_tree::constraint_block_layout] layout_block ENTRY: node=NodeKey(471190210525265996)
[2026-01-11T20:04:39Z ERROR css_core::box_tree::constraint_block_layout] Checking flex: node=NodeKey(471190210525265996), display=Flex
[2026-01-11T20:04:39Z ERROR css_core::box_tree::constraint_block_layout] IS FLEX!
[2026-01-11T20:04:39Z ERROR css_core::box_tree::constraint_block_layout::flex_layout] layout_flex: node=NodeKey(471190210525265996), children.len()=5
[2026-01-11T20:04:39Z ERROR css_core::box_tree::constraint_block_layout] layout_block ENTRY: node=NodeKey(471190210525265998)
[2026-01-11T20:04:39Z ERROR css_core::box_tree::constraint_block_layout] Checking flex: node=NodeKey(471190210525265998), display=Block
[2026-01-11T20:04:39Z ERROR css_core::box_tree::constraint_block_layout] layout_block ENTRY: node=NodeKey(471190210525266001)
[2026-01-11T20:04:39Z ERROR css_core::box_tree::constraint_block_layout] Checking flex: node=NodeKey(471190210525266001), display=Block
[2026-01-11T20:04:39Z ERROR css_core::box_tree::constraint_block_layout::flex_layout] layout_flex: node=NodeKey(471190210525265996), flex_items.len()=2
[2026-01-11T20:04:39Z ERROR css_core::box_tree::constraint_block_layout] layout_block ENTRY: node=NodeKey(471190210525265998)
[2026-01-11T20:04:39Z ERROR css_core::box_tree::constraint_block_layout] Checking flex: node=NodeKey(471190210525265998), display=Block
[2026-01-11T20:04:39Z ERROR css_core::box_tree::constraint_block_layout] layout_block ENTRY: node=NodeKey(471190210525266001)
[2026-01-11T20:04:39Z ERROR css_core::box_tree::constraint_block_layout] Checking flex: node=NodeKey(471190210525266001), display=Block
[2026-01-11T20:04:39Z ERROR css_core::box_tree::constraint_block_layout] INSERTING FLEX CONTAINER in layout_block: node=NodeKey(471190210525265996), inline_size=0, is_measurement=true
[2026-01-11T20:04:39Z ERROR css_core::box_tree::constraint_block_layout::flex_layout] layout_flex: node=NodeKey(471190210525265984), flex_items.len()=2
[2026-01-11T20:04:39Z ERROR css_core::box_tree::constraint_block_layout] layout_block ENTRY: node=NodeKey(471190210525265986)
[2026-01-11T20:04:39Z ERROR css_core::box_tree::constraint_block_layout] Checking flex: node=NodeKey(471190210525265986), display=Block
[2026-01-11T20:04:39Z ERROR css_core::box_tree::constraint_block_layout] layout_block ENTRY: node=NodeKey(471190210525265988)
[2026-01-11T20:04:39Z ERROR css_core::box_tree::constraint_block_layout] Checking flex: node=NodeKey(471190210525265988), display=Block
[2026-01-11T20:04:39Z ERROR css_core::box_tree::constraint_block_layout] layout_block ENTRY: node=NodeKey(471190210525265990)
[2026-01-11T20:04:39Z ERROR css_core::box_tree::constraint_block_layout] Checking flex: node=NodeKey(471190210525265990), display=Block
[2026-01-11T20:04:39Z ERROR css_core::box_tree::constraint_block_layout] layout_block ENTRY: node=NodeKey(471190210525265993)
[2026-01-11T20:04:39Z ERROR css_core::box_tree::constraint_block_layout] Checking flex: node=NodeKey(471190210525265993), display=Block
[2026-01-11T20:04:39Z ERROR css_core::box_tree::constraint_block_layout] layout_block ENTRY: node=NodeKey(471190210525265996)
[2026-01-11T20:04:39Z ERROR css_core::box_tree::constraint_block_layout] Checking flex: node=NodeKey(471190210525265996), display=Flex
[2026-01-11T20:04:39Z ERROR css_core::box_tree::constraint_block_layout] IS FLEX!
[2026-01-11T20:04:39Z ERROR css_core::box_tree::constraint_block_layout::flex_layout] layout_flex: node=NodeKey(471190210525265996), children.len()=5
[2026-01-11T20:04:39Z ERROR css_core::box_tree::constraint_block_layout] layout_block ENTRY: node=NodeKey(471190210525265998)
[2026-01-11T20:04:39Z ERROR css_core::box_tree::constraint_block_layout] Checking flex: node=NodeKey(471190210525265998), display=Block
[2026-01-11T20:04:39Z ERROR css_core::box_tree::constraint_block_layout] layout_block ENTRY: node=NodeKey(471190210525266001)
[2026-01-11T20:04:39Z ERROR css_core::box_tree::constraint_block_layout] Checking flex: node=NodeKey(471190210525266001), display=Block
[2026-01-11T20:04:39Z ERROR css_core::box_tree::constraint_block_layout::flex_layout] layout_flex: node=NodeKey(471190210525265996), flex_items.len()=2
[2026-01-11T20:04:39Z ERROR css_core::box_tree::constraint_block_layout] layout_block ENTRY: node=NodeKey(471190210525265998)
[2026-01-11T20:04:39Z ERROR css_core::box_tree::constraint_block_layout] Checking flex: node=NodeKey(471190210525265998), display=Block
[2026-01-11T20:04:39Z ERROR css_core::box_tree::constraint_block_layout] layout_block ENTRY: node=NodeKey(471190210525266001)
[2026-01-11T20:04:39Z ERROR css_core::box_tree::constraint_block_layout] Checking flex: node=NodeKey(471190210525266001), display=Block
[2026-01-11T20:04:39Z ERROR css_core::box_tree::constraint_block_layout] INSERTING FLEX CONTAINER in layout_block: node=NodeKey(471190210525265996), inline_size=284, is_measurement=false
[2026-01-11T20:04:39Z ERROR css_core::box_tree::constraint_block_layout] INSERTING FLEX CONTAINER in layout_block: node=NodeKey(471190210525265984), inline_size=348, is_measurement=true
[2026-01-11T20:04:39Z ERROR css_core::box_tree::constraint_block_layout::flex_layout] layout_flex: node=NodeKey(471190210525265936), flex_items.len()=4
[2026-01-11T20:04:39Z ERROR css_core::box_tree::constraint_block_layout] layout_block ENTRY: node=NodeKey(471190210525265938)
[2026-01-11T20:04:39Z ERROR css_core::box_tree::constraint_block_layout] Checking flex: node=NodeKey(471190210525265938), display=Flex
[2026-01-11T20:04:39Z ERROR css_core::box_tree::constraint_block_layout] IS FLEX!
[2026-01-11T20:04:39Z ERROR css_core::box_tree::constraint_block_layout::flex_layout] layout_flex: node=NodeKey(471190210525265938), children.len()=7
[2026-01-11T20:04:39Z ERROR css_core::box_tree::constraint_block_layout] layout_block ENTRY: node=NodeKey(471190210525265940)
[2026-01-11T20:04:39Z ERROR css_core::box_tree::constraint_block_layout] Checking flex: node=NodeKey(471190210525265940), display=Block
[2026-01-11T20:04:39Z ERROR css_core::box_tree::constraint_block_layout] layout_block ENTRY: node=NodeKey(471190210525265942)
[2026-01-11T20:04:39Z ERROR css_core::box_tree::constraint_block_layout] Checking flex: node=NodeKey(471190210525265942), display=Block
[2026-01-11T20:04:39Z ERROR css_core::box_tree::constraint_block_layout] layout_block ENTRY: node=NodeKey(471190210525265944)
[2026-01-11T20:04:39Z ERROR css_core::box_tree::constraint_block_layout] Checking flex: node=NodeKey(471190210525265944), display=Block
[2026-01-11T20:04:39Z ERROR css_core::box_tree::constraint_block_layout] layout_block ENTRY: node=NodeKey(471190210525265947)
[2026-01-11T20:04:39Z ERROR css_core::box_tree::constraint_block_layout] Checking flex: node=NodeKey(471190210525265947), display=Block
[2026-01-11T20:04:39Z ERROR css_core::box_tree::constraint_block_layout] layout_block ENTRY: node=NodeKey(471190210525265951)
[2026-01-11T20:04:39Z ERROR css_core::box_tree::constraint_block_layout] Checking flex: node=NodeKey(471190210525265951), display=Block
[2026-01-11T20:04:39Z ERROR css_core::box_tree::constraint_block_layout::flex_layout] layout_flex: node=NodeKey(471190210525265938), flex_items.len()=3
[2026-01-11T20:04:39Z ERROR css_core::box_tree::constraint_block_layout] layout_block ENTRY: node=NodeKey(471190210525265940)
[2026-01-11T20:04:39Z ERROR css_core::box_tree::constraint_block_layout] Checking flex: node=NodeKey(471190210525265940), display=Block
[2026-01-11T20:04:39Z ERROR css_core::box_tree::constraint_block_layout] layout_block ENTRY: node=NodeKey(471190210525265942)
[2026-01-11T20:04:39Z ERROR css_core::box_tree::constraint_block_layout] Checking flex: node=NodeKey(471190210525265942), display=Block
[2026-01-11T20:04:39Z ERROR css_core::box_tree::constraint_block_layout] layout_block ENTRY: node=NodeKey(471190210525265944)
[2026-01-11T20:04:39Z ERROR css_core::box_tree::constraint_block_layout] Checking flex: node=NodeKey(471190210525265944), display=Block
[2026-01-11T20:04:39Z ERROR css_core::box_tree::constraint_block_layout] layout_block ENTRY: node=NodeKey(471190210525265947)
[2026-01-11T20:04:39Z ERROR css_core::box_tree::constraint_block_layout] Checking flex: node=NodeKey(471190210525265947), display=Block
[2026-01-11T20:04:39Z ERROR css_core::box_tree::constraint_block_layout] layout_block ENTRY: node=NodeKey(471190210525265951)
[2026-01-11T20:04:39Z ERROR css_core::box_tree::constraint_block_layout] Checking flex: node=NodeKey(471190210525265951), display=Block
[2026-01-11T20:04:39Z ERROR css_core::box_tree::constraint_block_layout] INSERTING FLEX CONTAINER in layout_block: node=NodeKey(471190210525265938), inline_size=348, is_measurement=false
[2026-01-11T20:04:39Z ERROR css_core::box_tree::constraint_block_layout] layout_block ENTRY: node=NodeKey(471190210525265954)
[2026-01-11T20:04:39Z ERROR css_core::box_tree::constraint_block_layout] Checking flex: node=NodeKey(471190210525265954), display=Flex
[2026-01-11T20:04:39Z ERROR css_core::box_tree::constraint_block_layout] IS FLEX!
[2026-01-11T20:04:39Z ERROR css_core::box_tree::constraint_block_layout::flex_layout] layout_flex: node=NodeKey(471190210525265954), children.len()=7
[2026-01-11T20:04:39Z ERROR css_core::box_tree::constraint_block_layout] layout_block ENTRY: node=NodeKey(471190210525265956)
[2026-01-11T20:04:39Z ERROR css_core::box_tree::constraint_block_layout] Checking flex: node=NodeKey(471190210525265956), display=Block
[2026-01-11T20:04:39Z ERROR css_core::box_tree::constraint_block_layout] layout_block ENTRY: node=NodeKey(471190210525265958)
[2026-01-11T20:04:39Z ERROR css_core::box_tree::constraint_block_layout] Checking flex: node=NodeKey(471190210525265958), display=Block
[2026-01-11T20:04:39Z ERROR css_core::box_tree::constraint_block_layout] layout_block ENTRY: node=NodeKey(471190210525265960)
[2026-01-11T20:04:39Z ERROR css_core::box_tree::constraint_block_layout] Checking flex: node=NodeKey(471190210525265960), display=Block
[2026-01-11T20:04:39Z ERROR css_core::box_tree::constraint_block_layout] layout_block ENTRY: node=NodeKey(471190210525265963)
[2026-01-11T20:04:39Z ERROR css_core::box_tree::constraint_block_layout] Checking flex: node=NodeKey(471190210525265963), display=Block
[2026-01-11T20:04:39Z ERROR css_core::box_tree::constraint_block_layout] layout_block ENTRY: node=NodeKey(471190210525265967)
[2026-01-11T20:04:39Z ERROR css_core::box_tree::constraint_block_layout] Checking flex: node=NodeKey(471190210525265967), display=Block
[2026-01-11T20:04:39Z ERROR css_core::box_tree::constraint_block_layout::flex_layout] layout_flex: node=NodeKey(471190210525265954), flex_items.len()=3
[2026-01-11T20:04:39Z ERROR css_core::box_tree::constraint_block_layout] layout_block ENTRY: node=NodeKey(471190210525265956)
[2026-01-11T20:04:39Z ERROR css_core::box_tree::constraint_block_layout] Checking flex: node=NodeKey(471190210525265956), display=Block
[2026-01-11T20:04:39Z ERROR css_core::box_tree::constraint_block_layout] layout_block ENTRY: node=NodeKey(471190210525265958)
[2026-01-11T20:04:39Z ERROR css_core::box_tree::constraint_block_layout] Checking flex: node=NodeKey(471190210525265958), display=Block
[2026-01-11T20:04:39Z ERROR css_core::box_tree::constraint_block_layout] layout_block ENTRY: node=NodeKey(471190210525265960)
[2026-01-11T20:04:39Z ERROR css_core::box_tree::constraint_block_layout] Checking flex: node=NodeKey(471190210525265960), display=Block
[2026-01-11T20:04:39Z ERROR css_core::box_tree::constraint_block_layout] layout_block ENTRY: node=NodeKey(471190210525265963)
[2026-01-11T20:04:39Z ERROR css_core::box_tree::constraint_block_layout] Checking flex: node=NodeKey(471190210525265963), display=Block
[2026-01-11T20:04:39Z ERROR css_core::box_tree::constraint_block_layout] layout_block ENTRY: node=NodeKey(471190210525265967)
[2026-01-11T20:04:39Z ERROR css_core::box_tree::constraint_block_layout] Checking flex: node=NodeKey(471190210525265967), display=Block
[2026-01-11T20:04:39Z ERROR css_core::box_tree::constraint_block_layout] INSERTING FLEX CONTAINER in layout_block: node=NodeKey(471190210525265954), inline_size=348, is_measurement=false
[2026-01-11T20:04:39Z ERROR css_core::box_tree::constraint_block_layout] layout_block ENTRY: node=NodeKey(471190210525265970)
[2026-01-11T20:04:39Z ERROR css_core::box_tree::constraint_block_layout] Checking flex: node=NodeKey(471190210525265970), display=Flex
[2026-01-11T20:04:39Z ERROR css_core::box_tree::constraint_block_layout] IS FLEX!
[2026-01-11T20:04:39Z ERROR css_core::box_tree::constraint_block_layout::flex_layout] layout_flex: node=NodeKey(471190210525265970), children.len()=5
[2026-01-11T20:04:39Z ERROR css_core::box_tree::constraint_block_layout] layout_block ENTRY: node=NodeKey(471190210525265972)
[2026-01-11T20:04:39Z ERROR css_core::box_tree::constraint_block_layout] Checking flex: node=NodeKey(471190210525265972), display=Block
[2026-01-11T20:04:39Z ERROR css_core::box_tree::constraint_block_layout] layout_block ENTRY: node=NodeKey(471190210525265974)
[2026-01-11T20:04:39Z ERROR css_core::box_tree::constraint_block_layout] Checking flex: node=NodeKey(471190210525265974), display=Block
[2026-01-11T20:04:39Z ERROR css_core::box_tree::constraint_block_layout] layout_block ENTRY: node=NodeKey(471190210525265976)
[2026-01-11T20:04:39Z ERROR css_core::box_tree::constraint_block_layout] Checking flex: node=NodeKey(471190210525265976), display=Block
[2026-01-11T20:04:39Z ERROR css_core::box_tree::constraint_block_layout] layout_block ENTRY: node=NodeKey(471190210525265979)
[2026-01-11T20:04:39Z ERROR css_core::box_tree::constraint_block_layout] Checking flex: node=NodeKey(471190210525265979), display=Block
[2026-01-11T20:04:39Z ERROR css_core::box_tree::constraint_block_layout::flex_layout] layout_flex: node=NodeKey(471190210525265970), flex_items.len()=2
[2026-01-11T20:04:39Z ERROR css_core::box_tree::constraint_block_layout] layout_block ENTRY: node=NodeKey(471190210525265972)
[2026-01-11T20:04:39Z ERROR css_core::box_tree::constraint_block_layout] Checking flex: node=NodeKey(471190210525265972), display=Block
[2026-01-11T20:04:39Z ERROR css_core::box_tree::constraint_block_layout] layout_block ENTRY: node=NodeKey(471190210525265974)
[2026-01-11T20:04:39Z ERROR css_core::box_tree::constraint_block_layout] Checking flex: node=NodeKey(471190210525265974), display=Block
[2026-01-11T20:04:39Z ERROR css_core::box_tree::constraint_block_layout] layout_block ENTRY: node=NodeKey(471190210525265976)
[2026-01-11T20:04:39Z ERROR css_core::box_tree::constraint_block_layout] Checking flex: node=NodeKey(471190210525265976), display=Block
[2026-01-11T20:04:39Z ERROR css_core::box_tree::constraint_block_layout] layout_block ENTRY: node=NodeKey(471190210525265979)
[2026-01-11T20:04:39Z ERROR css_core::box_tree::constraint_block_layout] Checking flex: node=NodeKey(471190210525265979), display=Block
[2026-01-11T20:04:39Z ERROR css_core::box_tree::constraint_block_layout] INSERTING FLEX CONTAINER in layout_block: node=NodeKey(471190210525265970), inline_size=348, is_measurement=false
[2026-01-11T20:04:39Z ERROR css_core::box_tree::constraint_block_layout] layout_block ENTRY: node=NodeKey(471190210525265984)
[2026-01-11T20:04:39Z ERROR css_core::box_tree::constraint_block_layout] Checking flex: node=NodeKey(471190210525265984), display=Flex
[2026-01-11T20:04:39Z ERROR css_core::box_tree::constraint_block_layout] IS FLEX!
[2026-01-11T20:04:39Z ERROR css_core::box_tree::constraint_block_layout::flex_layout] layout_flex: node=NodeKey(471190210525265984), children.len()=5
[2026-01-11T20:04:39Z ERROR css_core::box_tree::constraint_block_layout] layout_block ENTRY: node=NodeKey(471190210525265986)
[2026-01-11T20:04:39Z ERROR css_core::box_tree::constraint_block_layout] Checking flex: node=NodeKey(471190210525265986), display=Block
[2026-01-11T20:04:39Z ERROR css_core::box_tree::constraint_block_layout] layout_block ENTRY: node=NodeKey(471190210525265988)
[2026-01-11T20:04:39Z ERROR css_core::box_tree::constraint_block_layout] Checking flex: node=NodeKey(471190210525265988), display=Block
[2026-01-11T20:04:39Z ERROR css_core::box_tree::constraint_block_layout] layout_block ENTRY: node=NodeKey(471190210525265990)
[2026-01-11T20:04:39Z ERROR css_core::box_tree::constraint_block_layout] Checking flex: node=NodeKey(471190210525265990), display=Block
[2026-01-11T20:04:39Z ERROR css_core::box_tree::constraint_block_layout] layout_block ENTRY: node=NodeKey(471190210525265993)
[2026-01-11T20:04:39Z ERROR css_core::box_tree::constraint_block_layout] Checking flex: node=NodeKey(471190210525265993), display=Block
[2026-01-11T20:04:39Z ERROR css_core::box_tree::constraint_block_layout] layout_block ENTRY: node=NodeKey(471190210525265996)
[2026-01-11T20:04:39Z ERROR css_core::box_tree::constraint_block_layout] Checking flex: node=NodeKey(471190210525265996), display=Flex
[2026-01-11T20:04:39Z ERROR css_core::box_tree::constraint_block_layout] IS FLEX!
[2026-01-11T20:04:39Z ERROR css_core::box_tree::constraint_block_layout::flex_layout] layout_flex: node=NodeKey(471190210525265996), children.len()=5
[2026-01-11T20:04:39Z ERROR css_core::box_tree::constraint_block_layout] layout_block ENTRY: node=NodeKey(471190210525265998)
[2026-01-11T20:04:39Z ERROR css_core::box_tree::constraint_block_layout] Checking flex: node=NodeKey(471190210525265998), display=Block
[2026-01-11T20:04:39Z ERROR css_core::box_tree::constraint_block_layout] layout_block ENTRY: node=NodeKey(471190210525266001)
[2026-01-11T20:04:39Z ERROR css_core::box_tree::constraint_block_layout] Checking flex: node=NodeKey(471190210525266001), display=Block
[2026-01-11T20:04:39Z ERROR css_core::box_tree::constraint_block_layout::flex_layout] layout_flex: node=NodeKey(471190210525265996), flex_items.len()=2
[2026-01-11T20:04:39Z ERROR css_core::box_tree::constraint_block_layout] layout_block ENTRY: node=NodeKey(471190210525265998)
[2026-01-11T20:04:39Z ERROR css_core::box_tree::constraint_block_layout] Checking flex: node=NodeKey(471190210525265998), display=Block
[2026-01-11T20:04:39Z ERROR css_core::box_tree::constraint_block_layout] layout_block ENTRY: node=NodeKey(471190210525266001)
[2026-01-11T20:04:39Z ERROR css_core::box_tree::constraint_block_layout] Checking flex: node=NodeKey(471190210525266001), display=Block
[2026-01-11T20:04:39Z ERROR css_core::box_tree::constraint_block_layout] INSERTING FLEX CONTAINER in layout_block: node=NodeKey(471190210525265996), inline_size=0, is_measurement=true
[2026-01-11T20:04:39Z ERROR css_core::box_tree::constraint_block_layout::flex_layout] layout_flex: node=NodeKey(471190210525265984), flex_items.len()=2
[2026-01-11T20:04:39Z ERROR css_core::box_tree::constraint_block_layout] layout_block ENTRY: node=NodeKey(471190210525265986)
[2026-01-11T20:04:39Z ERROR css_core::box_tree::constraint_block_layout] Checking flex: node=NodeKey(471190210525265986), display=Block
[2026-01-11T20:04:39Z ERROR css_core::box_tree::constraint_block_layout] layout_block ENTRY: node=NodeKey(471190210525265988)
[2026-01-11T20:04:39Z ERROR css_core::box_tree::constraint_block_layout] Checking flex: node=NodeKey(471190210525265988), display=Block
[2026-01-11T20:04:39Z ERROR css_core::box_tree::constraint_block_layout] layout_block ENTRY: node=NodeKey(471190210525265990)
[2026-01-11T20:04:39Z ERROR css_core::box_tree::constraint_block_layout] Checking flex: node=NodeKey(471190210525265990), display=Block
[2026-01-11T20:04:39Z ERROR css_core::box_tree::constraint_block_layout] layout_block ENTRY: node=NodeKey(471190210525265993)
[2026-01-11T20:04:39Z ERROR css_core::box_tree::constraint_block_layout] Checking flex: node=NodeKey(471190210525265993), display=Block
[2026-01-11T20:04:39Z ERROR css_core::box_tree::constraint_block_layout] layout_block ENTRY: node=NodeKey(471190210525265996)
[2026-01-11T20:04:39Z ERROR css_core::box_tree::constraint_block_layout] Checking flex: node=NodeKey(471190210525265996), display=Flex
[2026-01-11T20:04:39Z ERROR css_core::box_tree::constraint_block_layout] IS FLEX!
[2026-01-11T20:04:39Z ERROR css_core::box_tree::constraint_block_layout::flex_layout] layout_flex: node=NodeKey(471190210525265996), children.len()=5
[2026-01-11T20:04:39Z ERROR css_core::box_tree::constraint_block_layout] layout_block ENTRY: node=NodeKey(471190210525265998)
[2026-01-11T20:04:39Z ERROR css_core::box_tree::constraint_block_layout] Checking flex: node=NodeKey(471190210525265998), display=Block
[2026-01-11T20:04:39Z ERROR css_core::box_tree::constraint_block_layout] layout_block ENTRY: node=NodeKey(471190210525266001)
[2026-01-11T20:04:39Z ERROR css_core::box_tree::constraint_block_layout] Checking flex: node=NodeKey(471190210525266001), display=Block
[2026-01-11T20:04:39Z ERROR css_core::box_tree::constraint_block_layout::flex_layout] layout_flex: node=NodeKey(471190210525265996), flex_items.len()=2
[2026-01-11T20:04:39Z ERROR css_core::box_tree::constraint_block_layout] layout_block ENTRY: node=NodeKey(471190210525265998)
[2026-01-11T20:04:39Z ERROR css_core::box_tree::constraint_block_layout] Checking flex: node=NodeKey(471190210525265998), display=Block
[2026-01-11T20:04:39Z ERROR css_core::box_tree::constraint_block_layout] layout_block ENTRY: node=NodeKey(471190210525266001)
[2026-01-11T20:04:39Z ERROR css_core::box_tree::constraint_block_layout] Checking flex: node=NodeKey(471190210525266001), display=Block
[2026-01-11T20:04:39Z ERROR css_core::box_tree::constraint_block_layout] INSERTING FLEX CONTAINER in layout_block: node=NodeKey(471190210525265996), inline_size=284, is_measurement=false
[2026-01-11T20:04:39Z ERROR css_core::box_tree::constraint_block_layout] INSERTING FLEX CONTAINER in layout_block: node=NodeKey(471190210525265984), inline_size=348, is_measurement=false
[2026-01-11T20:04:39Z ERROR css_core::box_tree::constraint_block_layout] INSERTING FLEX CONTAINER in layout_block: node=NodeKey(471190210525265936), inline_size=380, is_measurement=false
[2026-01-11T20:04:39Z ERROR page_handler::core::incremental_layout] LAYOUT TREE COMPLETE - generation 1, total results: 54
[2026-01-11T20:04:39Z ERROR page_handler::core::incremental_layout] RUNNING LAYOUT TREE - generation 1
[2026-01-11T20:04:39Z ERROR css_core::box_tree::constraint_block_layout] layout_block ENTRY: node=NodeKey(15023446506466181122)
[2026-01-11T20:04:39Z ERROR css_core::box_tree::constraint_block_layout] Checking flex: node=NodeKey(15023446506466181122), display=Block
[2026-01-11T20:04:39Z ERROR css_core::box_tree::constraint_block_layout] layout_block ENTRY: node=NodeKey(15023446506466181134)
[2026-01-11T20:04:39Z ERROR css_core::box_tree::constraint_block_layout] Checking flex: node=NodeKey(15023446506466181134), display=Block
[2026-01-11T20:04:39Z ERROR css_core::box_tree::constraint_block_layout] layout_block ENTRY: node=NodeKey(15023446506466181136)
[2026-01-11T20:04:39Z ERROR css_core::box_tree::constraint_block_layout] Checking flex: node=NodeKey(15023446506466181136), display=Block
[2026-01-11T20:04:39Z ERROR css_core::box_tree::constraint_block_layout] layout_block ENTRY: node=NodeKey(15023446506466181138)
[2026-01-11T20:04:39Z ERROR css_core::box_tree::constraint_block_layout] Checking flex: node=NodeKey(15023446506466181138), display=Block
[2026-01-11T20:04:39Z ERROR css_core::box_tree::constraint_block_layout] layout_block ENTRY: node=NodeKey(15023446506466181140)
[2026-01-11T20:04:39Z ERROR css_core::box_tree::constraint_block_layout] Checking flex: node=NodeKey(15023446506466181140), display=Block
[2026-01-11T20:04:39Z ERROR css_core::box_tree::constraint_block_layout] layout_block ENTRY: node=NodeKey(15023446506466181142)
[2026-01-11T20:04:39Z ERROR css_core::box_tree::constraint_block_layout] Checking flex: node=NodeKey(15023446506466181142), display=Flex
[2026-01-11T20:04:39Z ERROR css_core::box_tree::constraint_block_layout] IS FLEX!
[2026-01-11T20:04:39Z ERROR css_core::box_tree::constraint_block_layout::flex_layout] layout_flex: node=NodeKey(15023446506466181142), children.len()=5
[2026-01-11T20:04:39Z ERROR css_core::box_tree::constraint_block_layout] layout_block ENTRY: node=NodeKey(15023446506466181144)
[2026-01-11T20:04:39Z ERROR css_core::box_tree::constraint_block_layout] Checking flex: node=NodeKey(15023446506466181144), display=Inline
[2026-01-11T20:04:39Z ERROR css_core::box_tree::constraint_block_layout] layout_block ENTRY: node=NodeKey(15023446506466181147)
[2026-01-11T20:04:39Z ERROR css_core::box_tree::constraint_block_layout] Checking flex: node=NodeKey(15023446506466181147), display=Inline
[2026-01-11T20:04:39Z ERROR css_core::box_tree::constraint_block_layout::flex_layout] layout_flex: node=NodeKey(15023446506466181142), flex_items.len()=2
[2026-01-11T20:04:39Z ERROR css_core::box_tree::constraint_block_layout] layout_block ENTRY: node=NodeKey(15023446506466181144)
[2026-01-11T20:04:39Z ERROR css_core::box_tree::constraint_block_layout] Checking flex: node=NodeKey(15023446506466181144), display=Inline
[2026-01-11T20:04:39Z ERROR css_core::box_tree::constraint_block_layout] layout_block ENTRY: node=NodeKey(15023446506466181147)
[2026-01-11T20:04:39Z ERROR css_core::box_tree::constraint_block_layout] Checking flex: node=NodeKey(15023446506466181147), display=Inline
[2026-01-11T20:04:39Z ERROR css_core::box_tree::constraint_block_layout] INSERTING FLEX CONTAINER in layout_block: node=NodeKey(15023446506466181142), inline_size=446, is_measurement=false
[2026-01-11T20:04:39Z ERROR css_core::box_tree::constraint_block_layout] layout_block ENTRY: node=NodeKey(15023446506466181150)
[2026-01-11T20:04:39Z ERROR css_core::box_tree::constraint_block_layout] Checking flex: node=NodeKey(15023446506466181150), display=Block
[2026-01-11T20:04:39Z ERROR css_core::box_tree::constraint_block_layout] layout_block ENTRY: node=NodeKey(15023446506466181154)
[2026-01-11T20:04:39Z ERROR css_core::box_tree::constraint_block_layout] Checking flex: node=NodeKey(15023446506466181154), display=Block
[2026-01-11T20:04:39Z ERROR css_core::box_tree::constraint_block_layout] layout_block ENTRY: node=NodeKey(15023446506466181156)
[2026-01-11T20:04:39Z ERROR css_core::box_tree::constraint_block_layout] Checking flex: node=NodeKey(15023446506466181156), display=Flex
[2026-01-11T20:04:39Z ERROR css_core::box_tree::constraint_block_layout] IS FLEX!
[2026-01-11T20:04:39Z ERROR css_core::box_tree::constraint_block_layout::flex_layout] layout_flex: node=NodeKey(15023446506466181156), children.len()=5
[2026-01-11T20:04:39Z ERROR css_core::box_tree::constraint_block_layout] layout_block ENTRY: node=NodeKey(15023446506466181158)
[2026-01-11T20:04:39Z ERROR css_core::box_tree::constraint_block_layout] Checking flex: node=NodeKey(15023446506466181158), display=Inline
[2026-01-11T20:04:39Z ERROR css_core::box_tree::constraint_block_layout] layout_block ENTRY: node=NodeKey(15023446506466181161)
[2026-01-11T20:04:39Z ERROR css_core::box_tree::constraint_block_layout] Checking flex: node=NodeKey(15023446506466181161), display=Inline
[2026-01-11T20:04:39Z ERROR css_core::box_tree::constraint_block_layout::flex_layout] layout_flex: node=NodeKey(15023446506466181156), flex_items.len()=2
[2026-01-11T20:04:39Z ERROR css_core::box_tree::constraint_block_layout] layout_block ENTRY: node=NodeKey(15023446506466181158)
[2026-01-11T20:04:39Z ERROR css_core::box_tree::constraint_block_layout] Checking flex: node=NodeKey(15023446506466181158), display=Inline
[2026-01-11T20:04:39Z ERROR css_core::box_tree::constraint_block_layout] layout_block ENTRY: node=NodeKey(15023446506466181161)
[2026-01-11T20:04:39Z ERROR css_core::box_tree::constraint_block_layout] Checking flex: node=NodeKey(15023446506466181161), display=Inline
[2026-01-11T20:04:39Z ERROR css_core::box_tree::constraint_block_layout] INSERTING FLEX CONTAINER in layout_block: node=NodeKey(15023446506466181156), inline_size=446, is_measurement=false
[2026-01-11T20:04:39Z ERROR css_core::box_tree::constraint_block_layout] layout_block ENTRY: node=NodeKey(15023446506466181168)
[2026-01-11T20:04:39Z ERROR css_core::box_tree::constraint_block_layout] Checking flex: node=NodeKey(15023446506466181168), display=Block
[2026-01-11T20:04:39Z ERROR css_core::box_tree::constraint_block_layout] layout_block ENTRY: node=NodeKey(15023446506466181170)
[2026-01-11T20:04:39Z ERROR css_core::box_tree::constraint_block_layout] Checking flex: node=NodeKey(15023446506466181170), display=Flex
[2026-01-11T20:04:39Z ERROR css_core::box_tree::constraint_block_layout] IS FLEX!
[2026-01-11T20:04:39Z ERROR css_core::box_tree::constraint_block_layout::flex_layout] layout_flex: node=NodeKey(15023446506466181170), children.len()=5
[2026-01-11T20:04:39Z ERROR css_core::box_tree::constraint_block_layout] layout_block ENTRY: node=NodeKey(15023446506466181172)
[2026-01-11T20:04:39Z ERROR css_core::box_tree::constraint_block_layout] Checking flex: node=NodeKey(15023446506466181172), display=Inline
[2026-01-11T20:04:39Z ERROR css_core::box_tree::constraint_block_layout] layout_block ENTRY: node=NodeKey(15023446506466181175)
[2026-01-11T20:04:39Z ERROR css_core::box_tree::constraint_block_layout] Checking flex: node=NodeKey(15023446506466181175), display=Inline
[2026-01-11T20:04:39Z ERROR css_core::box_tree::constraint_block_layout::flex_layout] layout_flex: node=NodeKey(15023446506466181170), flex_items.len()=2
[2026-01-11T20:04:39Z ERROR css_core::box_tree::constraint_block_layout] layout_block ENTRY: node=NodeKey(15023446506466181172)
[2026-01-11T20:04:39Z ERROR css_core::box_tree::constraint_block_layout] Checking flex: node=NodeKey(15023446506466181172), display=Inline
[2026-01-11T20:04:39Z ERROR css_core::box_tree::constraint_block_layout] layout_block ENTRY: node=NodeKey(15023446506466181175)
[2026-01-11T20:04:39Z ERROR css_core::box_tree::constraint_block_layout] Checking flex: node=NodeKey(15023446506466181175), display=Inline
[2026-01-11T20:04:39Z ERROR css_core::box_tree::constraint_block_layout] INSERTING FLEX CONTAINER in layout_block: node=NodeKey(15023446506466181170), inline_size=446, is_measurement=false
[2026-01-11T20:04:39Z ERROR page_handler::core::incremental_layout] LAYOUT TREE COMPLETE - generation 1, total results: 39
[2026-01-11T20:04:39Z ERROR page_handler::core::incremental_layout] RUNNING LAYOUT TREE - generation 1
[2026-01-11T20:04:39Z ERROR css_core::box_tree::constraint_block_layout] layout_block ENTRY: node=NodeKey(16248988555064377346)
[2026-01-11T20:04:39Z ERROR css_core::box_tree::constraint_block_layout] Checking flex: node=NodeKey(16248988555064377346), display=Block
[2026-01-11T20:04:39Z ERROR css_core::box_tree::constraint_block_layout] layout_block ENTRY: node=NodeKey(16248988555064377358)
[2026-01-11T20:04:39Z ERROR css_core::box_tree::constraint_block_layout] Checking flex: node=NodeKey(16248988555064377358), display=Block
[2026-01-11T20:04:39Z ERROR css_core::box_tree::constraint_block_layout] layout_block ENTRY: node=NodeKey(16248988555064377360)
[2026-01-11T20:04:39Z ERROR css_core::box_tree::constraint_block_layout] Checking flex: node=NodeKey(16248988555064377360), display=Flex
[2026-01-11T20:04:39Z ERROR css_core::box_tree::constraint_block_layout] IS FLEX!
[2026-01-11T20:04:39Z ERROR css_core::box_tree::constraint_block_layout::flex_layout] layout_flex: node=NodeKey(16248988555064377360), children.len()=9
[2026-01-11T20:04:39Z ERROR css_core::box_tree::constraint_block_layout] layout_block ENTRY: node=NodeKey(16248988555064377362)
[2026-01-11T20:04:39Z ERROR css_core::box_tree::constraint_block_layout] Checking flex: node=NodeKey(16248988555064377362), display=Block
[2026-01-11T20:04:39Z ERROR css_core::box_tree::constraint_block_layout] layout_block ENTRY: node=NodeKey(16248988555064377364)
[2026-01-11T20:04:39Z ERROR css_core::box_tree::constraint_block_layout] Checking flex: node=NodeKey(16248988555064377364), display=Flex
[2026-01-11T20:04:39Z ERROR css_core::box_tree::constraint_block_layout] IS FLEX!
[2026-01-11T20:04:39Z ERROR css_core::box_tree::constraint_block_layout::flex_layout] layout_flex: node=NodeKey(16248988555064377364), children.len()=5
[2026-01-11T20:04:39Z ERROR css_core::box_tree::constraint_block_layout] layout_block ENTRY: node=NodeKey(16248988555064377366)
[2026-01-11T20:04:39Z ERROR css_core::box_tree::constraint_block_layout] Checking flex: node=NodeKey(16248988555064377366), display=Inline
[2026-01-11T20:04:39Z ERROR css_core::box_tree::constraint_block_layout] layout_block ENTRY: node=NodeKey(16248988555064377369)
[2026-01-11T20:04:39Z ERROR css_core::box_tree::constraint_block_layout] Checking flex: node=NodeKey(16248988555064377369), display=Inline
[2026-01-11T20:04:39Z ERROR css_core::box_tree::constraint_block_layout::flex_layout] layout_flex: node=NodeKey(16248988555064377364), flex_items.len()=2
[2026-01-11T20:04:39Z ERROR css_core::box_tree::constraint_block_layout] layout_block ENTRY: node=NodeKey(16248988555064377366)
[2026-01-11T20:04:39Z ERROR css_core::box_tree::constraint_block_layout] Checking flex: node=NodeKey(16248988555064377366), display=Inline
[2026-01-11T20:04:39Z ERROR css_core::box_tree::constraint_block_layout] layout_block ENTRY: node=NodeKey(16248988555064377369)
[2026-01-11T20:04:39Z ERROR css_core::box_tree::constraint_block_layout] Checking flex: node=NodeKey(16248988555064377369), display=Inline
[2026-01-11T20:04:39Z ERROR css_core::box_tree::constraint_block_layout] INSERTING FLEX CONTAINER in layout_block: node=NodeKey(16248988555064377364), inline_size=312, is_measurement=true
[2026-01-11T20:04:39Z ERROR css_core::box_tree::constraint_block_layout] layout_block ENTRY: node=NodeKey(16248988555064377373)
[2026-01-11T20:04:39Z ERROR css_core::box_tree::constraint_block_layout] Checking flex: node=NodeKey(16248988555064377373), display=Block
[2026-01-11T20:04:39Z ERROR css_core::box_tree::constraint_block_layout] layout_block ENTRY: node=NodeKey(16248988555064377375)
[2026-01-11T20:04:39Z ERROR css_core::box_tree::constraint_block_layout] Checking flex: node=NodeKey(16248988555064377375), display=Block
[2026-01-11T20:04:39Z ERROR css_core::box_tree::constraint_block_layout] layout_block ENTRY: node=NodeKey(16248988555064377377)
[2026-01-11T20:04:39Z ERROR css_core::box_tree::constraint_block_layout] Checking flex: node=NodeKey(16248988555064377377), display=Block
[2026-01-11T20:04:39Z ERROR css_core::box_tree::constraint_block_layout] layout_block ENTRY: node=NodeKey(16248988555064377381)
[2026-01-11T20:04:39Z ERROR css_core::box_tree::constraint_block_layout] Checking flex: node=NodeKey(16248988555064377381), display=Block
[2026-01-11T20:04:39Z ERROR css_core::box_tree::constraint_block_layout] layout_block ENTRY: node=NodeKey(16248988555064377383)
[2026-01-11T20:04:39Z ERROR css_core::box_tree::constraint_block_layout] Checking flex: node=NodeKey(16248988555064377383), display=Flex
[2026-01-11T20:04:39Z ERROR css_core::box_tree::constraint_block_layout] IS FLEX!
[2026-01-11T20:04:39Z ERROR css_core::box_tree::constraint_block_layout::flex_layout] layout_flex: node=NodeKey(16248988555064377383), children.len()=5
[2026-01-11T20:04:39Z ERROR css_core::box_tree::constraint_block_layout] layout_block ENTRY: node=NodeKey(16248988555064377385)
[2026-01-11T20:04:39Z ERROR css_core::box_tree::constraint_block_layout] Checking flex: node=NodeKey(16248988555064377385), display=Inline
[2026-01-11T20:04:39Z ERROR css_core::box_tree::constraint_block_layout] layout_block ENTRY: node=NodeKey(16248988555064377388)
[2026-01-11T20:04:39Z ERROR css_core::box_tree::constraint_block_layout] Checking flex: node=NodeKey(16248988555064377388), display=Inline
[2026-01-11T20:04:39Z ERROR css_core::box_tree::constraint_block_layout::flex_layout] layout_flex: node=NodeKey(16248988555064377383), flex_items.len()=2
[2026-01-11T20:04:39Z ERROR css_core::box_tree::constraint_block_layout] layout_block ENTRY: node=NodeKey(16248988555064377385)
[2026-01-11T20:04:39Z ERROR css_core::box_tree::constraint_block_layout] Checking flex: node=NodeKey(16248988555064377385), display=Inline
[2026-01-11T20:04:39Z ERROR css_core::box_tree::constraint_block_layout] layout_block ENTRY: node=NodeKey(16248988555064377388)
[2026-01-11T20:04:39Z ERROR css_core::box_tree::constraint_block_layout] Checking flex: node=NodeKey(16248988555064377388), display=Inline
[2026-01-11T20:04:39Z ERROR css_core::box_tree::constraint_block_layout] INSERTING FLEX CONTAINER in layout_block: node=NodeKey(16248988555064377383), inline_size=312, is_measurement=true
[2026-01-11T20:04:39Z ERROR css_core::box_tree::constraint_block_layout] layout_block ENTRY: node=NodeKey(16248988555064377392)
[2026-01-11T20:04:39Z ERROR css_core::box_tree::constraint_block_layout] Checking flex: node=NodeKey(16248988555064377392), display=Block
[2026-01-11T20:04:39Z ERROR css_core::box_tree::constraint_block_layout] layout_block ENTRY: node=NodeKey(16248988555064377394)
[2026-01-11T20:04:39Z ERROR css_core::box_tree::constraint_block_layout] Checking flex: node=NodeKey(16248988555064377394), display=Block
[2026-01-11T20:04:39Z ERROR css_core::box_tree::constraint_block_layout] layout_block ENTRY: node=NodeKey(16248988555064377396)
[2026-01-11T20:04:39Z ERROR css_core::box_tree::constraint_block_layout] Checking flex: node=NodeKey(16248988555064377396), display=Block
[2026-01-11T20:04:39Z ERROR css_core::box_tree::constraint_block_layout] layout_block ENTRY: node=NodeKey(16248988555064377400)
[2026-01-11T20:04:39Z ERROR css_core::box_tree::constraint_block_layout] Checking flex: node=NodeKey(16248988555064377400), display=Block
[2026-01-11T20:04:39Z ERROR css_core::box_tree::constraint_block_layout] layout_block ENTRY: node=NodeKey(16248988555064377402)
[2026-01-11T20:04:39Z ERROR css_core::box_tree::constraint_block_layout] Checking flex: node=NodeKey(16248988555064377402), display=Flex
[2026-01-11T20:04:39Z ERROR css_core::box_tree::constraint_block_layout] IS FLEX!
[2026-01-11T20:04:39Z ERROR css_core::box_tree::constraint_block_layout::flex_layout] layout_flex: node=NodeKey(16248988555064377402), children.len()=3
[2026-01-11T20:04:39Z ERROR css_core::box_tree::constraint_block_layout] layout_block ENTRY: node=NodeKey(16248988555064377404)
[2026-01-11T20:04:39Z ERROR css_core::box_tree::constraint_block_layout] Checking flex: node=NodeKey(16248988555064377404), display=Inline
[2026-01-11T20:04:39Z ERROR css_core::box_tree::constraint_block_layout::flex_layout] layout_flex: node=NodeKey(16248988555064377402), flex_items.len()=1
[2026-01-11T20:04:39Z ERROR css_core::box_tree::constraint_block_layout] layout_block ENTRY: node=NodeKey(16248988555064377404)
[2026-01-11T20:04:39Z ERROR css_core::box_tree::constraint_block_layout] Checking flex: node=NodeKey(16248988555064377404), display=Inline
[2026-01-11T20:04:39Z ERROR css_core::box_tree::constraint_block_layout] INSERTING FLEX CONTAINER in layout_block: node=NodeKey(16248988555064377402), inline_size=312, is_measurement=true
[2026-01-11T20:04:39Z ERROR css_core::box_tree::constraint_block_layout] layout_block ENTRY: node=NodeKey(16248988555064377408)
[2026-01-11T20:04:39Z ERROR css_core::box_tree::constraint_block_layout] Checking flex: node=NodeKey(16248988555064377408), display=Block
[2026-01-11T20:04:39Z ERROR css_core::box_tree::constraint_block_layout] layout_block ENTRY: node=NodeKey(16248988555064377410)
[2026-01-11T20:04:39Z ERROR css_core::box_tree::constraint_block_layout] Checking flex: node=NodeKey(16248988555064377410), display=Block
[2026-01-11T20:04:39Z ERROR css_core::box_tree::constraint_block_layout] layout_block ENTRY: node=NodeKey(16248988555064377412)
[2026-01-11T20:04:39Z ERROR css_core::box_tree::constraint_block_layout] Checking flex: node=NodeKey(16248988555064377412), display=Block
[2026-01-11T20:04:39Z ERROR css_core::box_tree::constraint_block_layout] layout_block ENTRY: node=NodeKey(16248988555064377415)
[2026-01-11T20:04:39Z ERROR css_core::box_tree::constraint_block_layout] Checking flex: node=NodeKey(16248988555064377415), display=Flex
[2026-01-11T20:04:39Z ERROR css_core::box_tree::constraint_block_layout] IS FLEX!
[2026-01-11T20:04:39Z ERROR css_core::box_tree::constraint_block_layout::flex_layout] layout_flex: node=NodeKey(16248988555064377415), children.len()=11
[2026-01-11T20:04:39Z ERROR css_core::box_tree::constraint_block_layout] layout_block ENTRY: node=NodeKey(16248988555064377417)
[2026-01-11T20:04:39Z ERROR css_core::box_tree::constraint_block_layout] Checking flex: node=NodeKey(16248988555064377417), display=Inline
[2026-01-11T20:04:39Z ERROR css_core::box_tree::constraint_block_layout] layout_block ENTRY: node=NodeKey(16248988555064377420)
[2026-01-11T20:04:39Z ERROR css_core::box_tree::constraint_block_layout] Checking flex: node=NodeKey(16248988555064377420), display=Inline
[2026-01-11T20:04:39Z ERROR css_core::box_tree::constraint_block_layout] layout_block ENTRY: node=NodeKey(16248988555064377423)
[2026-01-11T20:04:39Z ERROR css_core::box_tree::constraint_block_layout] Checking flex: node=NodeKey(16248988555064377423), display=Inline
[2026-01-11T20:04:39Z ERROR css_core::box_tree::constraint_block_layout] layout_block ENTRY: node=NodeKey(16248988555064377426)
[2026-01-11T20:04:39Z ERROR css_core::box_tree::constraint_block_layout] Checking flex: node=NodeKey(16248988555064377426), display=Inline
[2026-01-11T20:04:39Z ERROR css_core::box_tree::constraint_block_layout] layout_block ENTRY: node=NodeKey(16248988555064377429)
[2026-01-11T20:04:39Z ERROR css_core::box_tree::constraint_block_layout] Checking flex: node=NodeKey(16248988555064377429), display=Inline
[2026-01-11T20:04:39Z ERROR css_core::box_tree::constraint_block_layout::flex_layout] layout_flex: node=NodeKey(16248988555064377415), flex_items.len()=5
[2026-01-11T20:04:39Z ERROR css_core::box_tree::constraint_block_layout] layout_block ENTRY: node=NodeKey(16248988555064377417)
[2026-01-11T20:04:39Z ERROR css_core::box_tree::constraint_block_layout] Checking flex: node=NodeKey(16248988555064377417), display=Inline
[2026-01-11T20:04:39Z ERROR css_core::box_tree::constraint_block_layout] layout_block ENTRY: node=NodeKey(16248988555064377420)
[2026-01-11T20:04:39Z ERROR css_core::box_tree::constraint_block_layout] Checking flex: node=NodeKey(16248988555064377420), display=Inline
[2026-01-11T20:04:39Z ERROR css_core::box_tree::constraint_block_layout] layout_block ENTRY: node=NodeKey(16248988555064377423)
[2026-01-11T20:04:39Z ERROR css_core::box_tree::constraint_block_layout] Checking flex: node=NodeKey(16248988555064377423), display=Inline
[2026-01-11T20:04:39Z ERROR css_core::box_tree::constraint_block_layout] layout_block ENTRY: node=NodeKey(16248988555064377426)
[2026-01-11T20:04:39Z ERROR css_core::box_tree::constraint_block_layout] Checking flex: node=NodeKey(16248988555064377426), display=Inline
[2026-01-11T20:04:39Z ERROR css_core::box_tree::constraint_block_layout] layout_block ENTRY: node=NodeKey(16248988555064377429)
[2026-01-11T20:04:39Z ERROR css_core::box_tree::constraint_block_layout] Checking flex: node=NodeKey(16248988555064377429), display=Inline
[2026-01-11T20:04:39Z ERROR css_core::box_tree::constraint_block_layout] INSERTING FLEX CONTAINER in layout_block: node=NodeKey(16248988555064377415), inline_size=312, is_measurement=true
[2026-01-11T20:04:39Z ERROR css_core::box_tree::constraint_block_layout] layout_block ENTRY: node=NodeKey(16248988555064377434)
[2026-01-11T20:04:39Z ERROR css_core::box_tree::constraint_block_layout] Checking flex: node=NodeKey(16248988555064377434), display=Block
[2026-01-11T20:04:39Z ERROR css_core::box_tree::constraint_block_layout] layout_block ENTRY: node=NodeKey(16248988555064377436)
[2026-01-11T20:04:39Z ERROR css_core::box_tree::constraint_block_layout] Checking flex: node=NodeKey(16248988555064377436), display=Flex
[2026-01-11T20:04:39Z ERROR css_core::box_tree::constraint_block_layout] IS FLEX!
[2026-01-11T20:04:39Z ERROR css_core::box_tree::constraint_block_layout::flex_layout] layout_flex: node=NodeKey(16248988555064377436), children.len()=5
[2026-01-11T20:04:39Z ERROR css_core::box_tree::constraint_block_layout] layout_block ENTRY: node=NodeKey(16248988555064377438)
[2026-01-11T20:04:39Z ERROR css_core::box_tree::constraint_block_layout] Checking flex: node=NodeKey(16248988555064377438), display=Inline
[2026-01-11T20:04:39Z ERROR css_core::box_tree::constraint_block_layout] layout_block ENTRY: node=NodeKey(16248988555064377441)
[2026-01-11T20:04:39Z ERROR css_core::box_tree::constraint_block_layout] Checking flex: node=NodeKey(16248988555064377441), display=Inline
[2026-01-11T20:04:39Z ERROR css_core::box_tree::constraint_block_layout::flex_layout] layout_flex: node=NodeKey(16248988555064377436), flex_items.len()=2
[2026-01-11T20:04:39Z ERROR css_core::box_tree::constraint_block_layout] layout_block ENTRY: node=NodeKey(16248988555064377438)
[2026-01-11T20:04:39Z ERROR css_core::box_tree::constraint_block_layout] Checking flex: node=NodeKey(16248988555064377438), display=Inline
[2026-01-11T20:04:39Z ERROR css_core::box_tree::constraint_block_layout] layout_block ENTRY: node=NodeKey(16248988555064377441)
[2026-01-11T20:04:39Z ERROR css_core::box_tree::constraint_block_layout] Checking flex: node=NodeKey(16248988555064377441), display=Inline
[2026-01-11T20:04:39Z ERROR css_core::box_tree::constraint_block_layout] INSERTING FLEX CONTAINER in layout_block: node=NodeKey(16248988555064377436), inline_size=312, is_measurement=true
[2026-01-11T20:04:39Z ERROR css_core::box_tree::constraint_block_layout] layout_block ENTRY: node=NodeKey(16248988555064377445)
[2026-01-11T20:04:39Z ERROR css_core::box_tree::constraint_block_layout] Checking flex: node=NodeKey(16248988555064377445), display=Block
[2026-01-11T20:04:39Z ERROR css_core::box_tree::constraint_block_layout] layout_block ENTRY: node=NodeKey(16248988555064377447)
[2026-01-11T20:04:39Z ERROR css_core::box_tree::constraint_block_layout] Checking flex: node=NodeKey(16248988555064377447), display=Block
[2026-01-11T20:04:39Z ERROR css_core::box_tree::constraint_block_layout] layout_block ENTRY: node=NodeKey(16248988555064377449)
[2026-01-11T20:04:39Z ERROR css_core::box_tree::constraint_block_layout] Checking flex: node=NodeKey(16248988555064377449), display=Block
[2026-01-11T20:04:39Z ERROR css_core::box_tree::constraint_block_layout] layout_block ENTRY: node=NodeKey(16248988555064377451)
[2026-01-11T20:04:39Z ERROR css_core::box_tree::constraint_block_layout] Checking flex: node=NodeKey(16248988555064377451), display=Block
[2026-01-11T20:04:39Z ERROR css_core::box_tree::constraint_block_layout::flex_layout] layout_flex: node=NodeKey(16248988555064377360), flex_items.len()=4
[2026-01-11T20:04:39Z ERROR css_core::box_tree::constraint_block_layout] layout_block ENTRY: node=NodeKey(16248988555064377362)
[2026-01-11T20:04:39Z ERROR css_core::box_tree::constraint_block_layout] Checking flex: node=NodeKey(16248988555064377362), display=Block
[2026-01-11T20:04:39Z ERROR css_core::box_tree::constraint_block_layout] layout_block ENTRY: node=NodeKey(16248988555064377364)
[2026-01-11T20:04:39Z ERROR css_core::box_tree::constraint_block_layout] Checking flex: node=NodeKey(16248988555064377364), display=Flex
[2026-01-11T20:04:39Z ERROR css_core::box_tree::constraint_block_layout] IS FLEX!
[2026-01-11T20:04:39Z ERROR css_core::box_tree::constraint_block_layout::flex_layout] layout_flex: node=NodeKey(16248988555064377364), children.len()=5
[2026-01-11T20:04:39Z ERROR css_core::box_tree::constraint_block_layout] layout_block ENTRY: node=NodeKey(16248988555064377366)
[2026-01-11T20:04:39Z ERROR css_core::box_tree::constraint_block_layout] Checking flex: node=NodeKey(16248988555064377366), display=Inline
[2026-01-11T20:04:39Z ERROR css_core::box_tree::constraint_block_layout] layout_block ENTRY: node=NodeKey(16248988555064377369)
[2026-01-11T20:04:39Z ERROR css_core::box_tree::constraint_block_layout] Checking flex: node=NodeKey(16248988555064377369), display=Inline
[2026-01-11T20:04:39Z ERROR css_core::box_tree::constraint_block_layout::flex_layout] layout_flex: node=NodeKey(16248988555064377364), flex_items.len()=2
[2026-01-11T20:04:39Z ERROR css_core::box_tree::constraint_block_layout] layout_block ENTRY: node=NodeKey(16248988555064377366)
[2026-01-11T20:04:39Z ERROR css_core::box_tree::constraint_block_layout] Checking flex: node=NodeKey(16248988555064377366), display=Inline
[2026-01-11T20:04:39Z ERROR css_core::box_tree::constraint_block_layout] layout_block ENTRY: node=NodeKey(16248988555064377369)
[2026-01-11T20:04:39Z ERROR css_core::box_tree::constraint_block_layout] Checking flex: node=NodeKey(16248988555064377369), display=Inline
[2026-01-11T20:04:39Z ERROR css_core::box_tree::constraint_block_layout] INSERTING FLEX CONTAINER in layout_block: node=NodeKey(16248988555064377364), inline_size=312, is_measurement=false
[2026-01-11T20:04:39Z ERROR css_core::box_tree::constraint_block_layout] layout_block ENTRY: node=NodeKey(16248988555064377373)
[2026-01-11T20:04:39Z ERROR css_core::box_tree::constraint_block_layout] Checking flex: node=NodeKey(16248988555064377373), display=Block
[2026-01-11T20:04:39Z ERROR css_core::box_tree::constraint_block_layout] layout_block ENTRY: node=NodeKey(16248988555064377375)
[2026-01-11T20:04:39Z ERROR css_core::box_tree::constraint_block_layout] Checking flex: node=NodeKey(16248988555064377375), display=Block
[2026-01-11T20:04:39Z ERROR css_core::box_tree::constraint_block_layout] layout_block ENTRY: node=NodeKey(16248988555064377377)
[2026-01-11T20:04:39Z ERROR css_core::box_tree::constraint_block_layout] Checking flex: node=NodeKey(16248988555064377377), display=Block
[2026-01-11T20:04:39Z ERROR css_core::box_tree::constraint_block_layout] layout_block ENTRY: node=NodeKey(16248988555064377381)
[2026-01-11T20:04:39Z ERROR css_core::box_tree::constraint_block_layout] Checking flex: node=NodeKey(16248988555064377381), display=Block
[2026-01-11T20:04:39Z ERROR css_core::box_tree::constraint_block_layout] layout_block ENTRY: node=NodeKey(16248988555064377383)
[2026-01-11T20:04:39Z ERROR css_core::box_tree::constraint_block_layout] Checking flex: node=NodeKey(16248988555064377383), display=Flex
[2026-01-11T20:04:39Z ERROR css_core::box_tree::constraint_block_layout] IS FLEX!
[2026-01-11T20:04:39Z ERROR css_core::box_tree::constraint_block_layout::flex_layout] layout_flex: node=NodeKey(16248988555064377383), children.len()=5
[2026-01-11T20:04:39Z ERROR css_core::box_tree::constraint_block_layout] layout_block ENTRY: node=NodeKey(16248988555064377385)
[2026-01-11T20:04:39Z ERROR css_core::box_tree::constraint_block_layout] Checking flex: node=NodeKey(16248988555064377385), display=Inline
[2026-01-11T20:04:39Z ERROR css_core::box_tree::constraint_block_layout] layout_block ENTRY: node=NodeKey(16248988555064377388)
[2026-01-11T20:04:39Z ERROR css_core::box_tree::constraint_block_layout] Checking flex: node=NodeKey(16248988555064377388), display=Inline
[2026-01-11T20:04:39Z ERROR css_core::box_tree::constraint_block_layout::flex_layout] layout_flex: node=NodeKey(16248988555064377383), flex_items.len()=2
[2026-01-11T20:04:39Z ERROR css_core::box_tree::constraint_block_layout] layout_block ENTRY: node=NodeKey(16248988555064377385)
[2026-01-11T20:04:39Z ERROR css_core::box_tree::constraint_block_layout] Checking flex: node=NodeKey(16248988555064377385), display=Inline
[2026-01-11T20:04:39Z ERROR css_core::box_tree::constraint_block_layout] layout_block ENTRY: node=NodeKey(16248988555064377388)
[2026-01-11T20:04:39Z ERROR css_core::box_tree::constraint_block_layout] Checking flex: node=NodeKey(16248988555064377388), display=Inline
[2026-01-11T20:04:39Z ERROR css_core::box_tree::constraint_block_layout] INSERTING FLEX CONTAINER in layout_block: node=NodeKey(16248988555064377383), inline_size=312, is_measurement=false
[2026-01-11T20:04:39Z ERROR css_core::box_tree::constraint_block_layout] layout_block ENTRY: node=NodeKey(16248988555064377392)
[2026-01-11T20:04:39Z ERROR css_core::box_tree::constraint_block_layout] Checking flex: node=NodeKey(16248988555064377392), display=Block
[2026-01-11T20:04:39Z ERROR css_core::box_tree::constraint_block_layout] layout_block ENTRY: node=NodeKey(16248988555064377394)
[2026-01-11T20:04:39Z ERROR css_core::box_tree::constraint_block_layout] Checking flex: node=NodeKey(16248988555064377394), display=Block
[2026-01-11T20:04:39Z ERROR css_core::box_tree::constraint_block_layout] layout_block ENTRY: node=NodeKey(16248988555064377396)
[2026-01-11T20:04:39Z ERROR css_core::box_tree::constraint_block_layout] Checking flex: node=NodeKey(16248988555064377396), display=Block
[2026-01-11T20:04:39Z ERROR css_core::box_tree::constraint_block_layout] layout_block ENTRY: node=NodeKey(16248988555064377400)
[2026-01-11T20:04:39Z ERROR css_core::box_tree::constraint_block_layout] Checking flex: node=NodeKey(16248988555064377400), display=Block
[2026-01-11T20:04:39Z ERROR css_core::box_tree::constraint_block_layout] layout_block ENTRY: node=NodeKey(16248988555064377402)
[2026-01-11T20:04:39Z ERROR css_core::box_tree::constraint_block_layout] Checking flex: node=NodeKey(16248988555064377402), display=Flex
[2026-01-11T20:04:39Z ERROR css_core::box_tree::constraint_block_layout] IS FLEX!
[2026-01-11T20:04:39Z ERROR css_core::box_tree::constraint_block_layout::flex_layout] layout_flex: node=NodeKey(16248988555064377402), children.len()=3
[2026-01-11T20:04:39Z ERROR css_core::box_tree::constraint_block_layout] layout_block ENTRY: node=NodeKey(16248988555064377404)
[2026-01-11T20:04:39Z ERROR css_core::box_tree::constraint_block_layout] Checking flex: node=NodeKey(16248988555064377404), display=Inline
[2026-01-11T20:04:39Z ERROR css_core::box_tree::constraint_block_layout::flex_layout] layout_flex: node=NodeKey(16248988555064377402), flex_items.len()=1
[2026-01-11T20:04:39Z ERROR css_core::box_tree::constraint_block_layout] layout_block ENTRY: node=NodeKey(16248988555064377404)
[2026-01-11T20:04:39Z ERROR css_core::box_tree::constraint_block_layout] Checking flex: node=NodeKey(16248988555064377404), display=Inline
[2026-01-11T20:04:39Z ERROR css_core::box_tree::constraint_block_layout] INSERTING FLEX CONTAINER in layout_block: node=NodeKey(16248988555064377402), inline_size=312, is_measurement=false
[2026-01-11T20:04:39Z ERROR css_core::box_tree::constraint_block_layout] layout_block ENTRY: node=NodeKey(16248988555064377408)
[2026-01-11T20:04:39Z ERROR css_core::box_tree::constraint_block_layout] Checking flex: node=NodeKey(16248988555064377408), display=Block
[2026-01-11T20:04:39Z ERROR css_core::box_tree::constraint_block_layout] layout_block ENTRY: node=NodeKey(16248988555064377410)
[2026-01-11T20:04:39Z ERROR css_core::box_tree::constraint_block_layout] Checking flex: node=NodeKey(16248988555064377410), display=Block
[2026-01-11T20:04:39Z ERROR css_core::box_tree::constraint_block_layout] layout_block ENTRY: node=NodeKey(16248988555064377412)
[2026-01-11T20:04:39Z ERROR css_core::box_tree::constraint_block_layout] Checking flex: node=NodeKey(16248988555064377412), display=Block
[2026-01-11T20:04:39Z ERROR css_core::box_tree::constraint_block_layout] layout_block ENTRY: node=NodeKey(16248988555064377415)
[2026-01-11T20:04:39Z ERROR css_core::box_tree::constraint_block_layout] Checking flex: node=NodeKey(16248988555064377415), display=Flex
[2026-01-11T20:04:39Z ERROR css_core::box_tree::constraint_block_layout] IS FLEX!
[2026-01-11T20:04:39Z ERROR css_core::box_tree::constraint_block_layout::flex_layout] layout_flex: node=NodeKey(16248988555064377415), children.len()=11
[2026-01-11T20:04:39Z ERROR css_core::box_tree::constraint_block_layout] layout_block ENTRY: node=NodeKey(16248988555064377417)
[2026-01-11T20:04:39Z ERROR css_core::box_tree::constraint_block_layout] Checking flex: node=NodeKey(16248988555064377417), display=Inline
[2026-01-11T20:04:39Z ERROR css_core::box_tree::constraint_block_layout] layout_block ENTRY: node=NodeKey(16248988555064377420)
[2026-01-11T20:04:39Z ERROR css_core::box_tree::constraint_block_layout] Checking flex: node=NodeKey(16248988555064377420), display=Inline
[2026-01-11T20:04:39Z ERROR css_core::box_tree::constraint_block_layout] layout_block ENTRY: node=NodeKey(16248988555064377423)
[2026-01-11T20:04:39Z ERROR css_core::box_tree::constraint_block_layout] Checking flex: node=NodeKey(16248988555064377423), display=Inline
[2026-01-11T20:04:39Z ERROR css_core::box_tree::constraint_block_layout] layout_block ENTRY: node=NodeKey(16248988555064377426)
[2026-01-11T20:04:39Z ERROR css_core::box_tree::constraint_block_layout] Checking flex: node=NodeKey(16248988555064377426), display=Inline
[2026-01-11T20:04:39Z ERROR css_core::box_tree::constraint_block_layout] layout_block ENTRY: node=NodeKey(16248988555064377429)
[2026-01-11T20:04:39Z ERROR css_core::box_tree::constraint_block_layout] Checking flex: node=NodeKey(16248988555064377429), display=Inline
[2026-01-11T20:04:39Z ERROR css_core::box_tree::constraint_block_layout::flex_layout] layout_flex: node=NodeKey(16248988555064377415), flex_items.len()=5
[2026-01-11T20:04:39Z ERROR css_core::box_tree::constraint_block_layout] layout_block ENTRY: node=NodeKey(16248988555064377417)
[2026-01-11T20:04:39Z ERROR css_core::box_tree::constraint_block_layout] Checking flex: node=NodeKey(16248988555064377417), display=Inline
[2026-01-11T20:04:39Z ERROR css_core::box_tree::constraint_block_layout] layout_block ENTRY: node=NodeKey(16248988555064377420)
[2026-01-11T20:04:39Z ERROR css_core::box_tree::constraint_block_layout] Checking flex: node=NodeKey(16248988555064377420), display=Inline
[2026-01-11T20:04:39Z ERROR css_core::box_tree::constraint_block_layout] layout_block ENTRY: node=NodeKey(16248988555064377423)
[2026-01-11T20:04:39Z ERROR css_core::box_tree::constraint_block_layout] Checking flex: node=NodeKey(16248988555064377423), display=Inline
[2026-01-11T20:04:39Z ERROR css_core::box_tree::constraint_block_layout] layout_block ENTRY: node=NodeKey(16248988555064377426)
[2026-01-11T20:04:39Z ERROR css_core::box_tree::constraint_block_layout] Checking flex: node=NodeKey(16248988555064377426), display=Inline
[2026-01-11T20:04:39Z ERROR css_core::box_tree::constraint_block_layout] layout_block ENTRY: node=NodeKey(16248988555064377429)
[2026-01-11T20:04:39Z ERROR css_core::box_tree::constraint_block_layout] Checking flex: node=NodeKey(16248988555064377429), display=Inline
[2026-01-11T20:04:39Z ERROR css_core::box_tree::constraint_block_layout] INSERTING FLEX CONTAINER in layout_block: node=NodeKey(16248988555064377415), inline_size=312, is_measurement=false
[2026-01-11T20:04:39Z ERROR css_core::box_tree::constraint_block_layout] layout_block ENTRY: node=NodeKey(16248988555064377434)
[2026-01-11T20:04:39Z ERROR css_core::box_tree::constraint_block_layout] Checking flex: node=NodeKey(16248988555064377434), display=Block
[2026-01-11T20:04:39Z ERROR css_core::box_tree::constraint_block_layout] layout_block ENTRY: node=NodeKey(16248988555064377436)
[2026-01-11T20:04:39Z ERROR css_core::box_tree::constraint_block_layout] Checking flex: node=NodeKey(16248988555064377436), display=Flex
[2026-01-11T20:04:39Z ERROR css_core::box_tree::constraint_block_layout] IS FLEX!
[2026-01-11T20:04:39Z ERROR css_core::box_tree::constraint_block_layout::flex_layout] layout_flex: node=NodeKey(16248988555064377436), children.len()=5
[2026-01-11T20:04:39Z ERROR css_core::box_tree::constraint_block_layout] layout_block ENTRY: node=NodeKey(16248988555064377438)
[2026-01-11T20:04:39Z ERROR css_core::box_tree::constraint_block_layout] Checking flex: node=NodeKey(16248988555064377438), display=Inline
[2026-01-11T20:04:39Z ERROR css_core::box_tree::constraint_block_layout] layout_block ENTRY: node=NodeKey(16248988555064377441)
[2026-01-11T20:04:39Z ERROR css_core::box_tree::constraint_block_layout] Checking flex: node=NodeKey(16248988555064377441), display=Inline
[2026-01-11T20:04:39Z ERROR css_core::box_tree::constraint_block_layout::flex_layout] layout_flex: node=NodeKey(16248988555064377436), flex_items.len()=2
[2026-01-11T20:04:39Z ERROR css_core::box_tree::constraint_block_layout] layout_block ENTRY: node=NodeKey(16248988555064377438)
[2026-01-11T20:04:39Z ERROR css_core::box_tree::constraint_block_layout] Checking flex: node=NodeKey(16248988555064377438), display=Inline
[2026-01-11T20:04:39Z ERROR css_core::box_tree::constraint_block_layout] layout_block ENTRY: node=NodeKey(16248988555064377441)
[2026-01-11T20:04:39Z ERROR css_core::box_tree::constraint_block_layout] Checking flex: node=NodeKey(16248988555064377441), display=Inline
[2026-01-11T20:04:39Z ERROR css_core::box_tree::constraint_block_layout] INSERTING FLEX CONTAINER in layout_block: node=NodeKey(16248988555064377436), inline_size=312, is_measurement=false
[2026-01-11T20:04:39Z ERROR css_core::box_tree::constraint_block_layout] layout_block ENTRY: node=NodeKey(16248988555064377445)
[2026-01-11T20:04:39Z ERROR css_core::box_tree::constraint_block_layout] Checking flex: node=NodeKey(16248988555064377445), display=Block
[2026-01-11T20:04:39Z ERROR css_core::box_tree::constraint_block_layout] layout_block ENTRY: node=NodeKey(16248988555064377447)
[2026-01-11T20:04:39Z ERROR css_core::box_tree::constraint_block_layout] Checking flex: node=NodeKey(16248988555064377447), display=Block
[2026-01-11T20:04:39Z ERROR css_core::box_tree::constraint_block_layout] layout_block ENTRY: node=NodeKey(16248988555064377449)
[2026-01-11T20:04:39Z ERROR css_core::box_tree::constraint_block_layout] Checking flex: node=NodeKey(16248988555064377449), display=Block
[2026-01-11T20:04:39Z ERROR css_core::box_tree::constraint_block_layout] layout_block ENTRY: node=NodeKey(16248988555064377451)
[2026-01-11T20:04:39Z ERROR css_core::box_tree::constraint_block_layout] Checking flex: node=NodeKey(16248988555064377451), display=Block
[2026-01-11T20:04:39Z ERROR css_core::box_tree::constraint_block_layout] INSERTING FLEX CONTAINER in layout_block: node=NodeKey(16248988555064377360), inline_size=360, is_measurement=false
[2026-01-11T20:04:39Z ERROR page_handler::core::incremental_layout] LAYOUT TREE COMPLETE - generation 1, total results: 78
[2026-01-11T20:04:39Z ERROR page_handler::core::incremental_layout] RUNNING LAYOUT TREE - generation 1
[2026-01-11T20:04:39Z ERROR css_core::box_tree::constraint_block_layout] layout_block ENTRY: node=NodeKey(2281355785751494658)
[2026-01-11T20:04:39Z ERROR css_core::box_tree::constraint_block_layout] Checking flex: node=NodeKey(2281355785751494658), display=Block
[2026-01-11T20:04:39Z ERROR css_core::box_tree::constraint_block_layout] layout_block ENTRY: node=NodeKey(2281355785751494670)
[2026-01-11T20:04:39Z ERROR css_core::box_tree::constraint_block_layout] Checking flex: node=NodeKey(2281355785751494670), display=Block
[2026-01-11T20:04:39Z ERROR css_core::box_tree::constraint_block_layout] layout_block ENTRY: node=NodeKey(2281355785751494672)
[2026-01-11T20:04:39Z ERROR css_core::box_tree::constraint_block_layout] Checking flex: node=NodeKey(2281355785751494672), display=Flex
[2026-01-11T20:04:39Z ERROR css_core::box_tree::constraint_block_layout] IS FLEX!
[2026-01-11T20:04:39Z ERROR css_core::box_tree::constraint_block_layout::flex_layout] layout_flex: node=NodeKey(2281355785751494672), children.len()=13
[2026-01-11T20:04:39Z ERROR css_core::box_tree::constraint_block_layout] layout_block ENTRY: node=NodeKey(2281355785751494674)
[2026-01-11T20:04:39Z ERROR css_core::box_tree::constraint_block_layout] Checking flex: node=NodeKey(2281355785751494674), display=Flex
[2026-01-11T20:04:39Z ERROR css_core::box_tree::constraint_block_layout] IS FLEX!
[2026-01-11T20:04:39Z ERROR css_core::box_tree::constraint_block_layout::flex_layout] layout_flex: node=NodeKey(2281355785751494674), children.len()=5
[2026-01-11T20:04:39Z ERROR css_core::box_tree::constraint_block_layout] layout_block ENTRY: node=NodeKey(2281355785751494676)
[2026-01-11T20:04:39Z ERROR css_core::box_tree::constraint_block_layout] Checking flex: node=NodeKey(2281355785751494676), display=Block
[2026-01-11T20:04:39Z ERROR css_core::box_tree::constraint_block_layout] layout_block ENTRY: node=NodeKey(2281355785751494678)
[2026-01-11T20:04:39Z ERROR css_core::box_tree::constraint_block_layout] Checking flex: node=NodeKey(2281355785751494678), display=Block
[2026-01-11T20:04:39Z ERROR css_core::box_tree::constraint_block_layout] layout_block ENTRY: node=NodeKey(2281355785751494681)
[2026-01-11T20:04:39Z ERROR css_core::box_tree::constraint_block_layout] Checking flex: node=NodeKey(2281355785751494681), display=Inline
[2026-01-11T20:04:39Z ERROR css_core::box_tree::constraint_block_layout::flex_layout] layout_flex: node=NodeKey(2281355785751494674), flex_items.len()=2
[2026-01-11T20:04:39Z ERROR css_core::box_tree::constraint_block_layout] layout_block ENTRY: node=NodeKey(2281355785751494676)
[2026-01-11T20:04:39Z ERROR css_core::box_tree::constraint_block_layout] Checking flex: node=NodeKey(2281355785751494676), display=Block
[2026-01-11T20:04:39Z ERROR css_core::box_tree::constraint_block_layout] layout_block ENTRY: node=NodeKey(2281355785751494678)
[2026-01-11T20:04:39Z ERROR css_core::box_tree::constraint_block_layout] Checking flex: node=NodeKey(2281355785751494678), display=Block
[2026-01-11T20:04:39Z ERROR css_core::box_tree::constraint_block_layout] layout_block ENTRY: node=NodeKey(2281355785751494681)
[2026-01-11T20:04:39Z ERROR css_core::box_tree::constraint_block_layout] Checking flex: node=NodeKey(2281355785751494681), display=Inline
[2026-01-11T20:04:39Z ERROR css_core::box_tree::constraint_block_layout] INSERTING FLEX CONTAINER in layout_block: node=NodeKey(2281355785751494674), inline_size=768, is_measurement=true
[2026-01-11T20:04:39Z ERROR css_core::box_tree::constraint_block_layout] layout_block ENTRY: node=NodeKey(2281355785751494685)
[2026-01-11T20:04:39Z ERROR css_core::box_tree::constraint_block_layout] Checking flex: node=NodeKey(2281355785751494685), display=Flex
[2026-01-11T20:04:39Z ERROR css_core::box_tree::constraint_block_layout] IS FLEX!
[2026-01-11T20:04:39Z ERROR css_core::box_tree::constraint_block_layout::flex_layout] layout_flex: node=NodeKey(2281355785751494685), children.len()=5
[2026-01-11T20:04:39Z ERROR css_core::box_tree::constraint_block_layout] layout_block ENTRY: node=NodeKey(2281355785751494687)
[2026-01-11T20:04:39Z ERROR css_core::box_tree::constraint_block_layout] Checking flex: node=NodeKey(2281355785751494687), display=Block
[2026-01-11T20:04:39Z ERROR css_core::box_tree::constraint_block_layout] layout_block ENTRY: node=NodeKey(2281355785751494689)
[2026-01-11T20:04:39Z ERROR css_core::box_tree::constraint_block_layout] Checking flex: node=NodeKey(2281355785751494689), display=Block
[2026-01-11T20:04:39Z ERROR css_core::box_tree::constraint_block_layout] layout_block ENTRY: node=NodeKey(2281355785751494692)
[2026-01-11T20:04:39Z ERROR css_core::box_tree::constraint_block_layout] Checking flex: node=NodeKey(2281355785751494692), display=Inline
[2026-01-11T20:04:39Z ERROR css_core::box_tree::constraint_block_layout::flex_layout] layout_flex: node=NodeKey(2281355785751494685), flex_items.len()=2
[2026-01-11T20:04:39Z ERROR css_core::box_tree::constraint_block_layout] layout_block ENTRY: node=NodeKey(2281355785751494687)
[2026-01-11T20:04:39Z ERROR css_core::box_tree::constraint_block_layout] Checking flex: node=NodeKey(2281355785751494687), display=Block
[2026-01-11T20:04:39Z ERROR css_core::box_tree::constraint_block_layout] layout_block ENTRY: node=NodeKey(2281355785751494689)
[2026-01-11T20:04:39Z ERROR css_core::box_tree::constraint_block_layout] Checking flex: node=NodeKey(2281355785751494689), display=Block
[2026-01-11T20:04:39Z ERROR css_core::box_tree::constraint_block_layout] layout_block ENTRY: node=NodeKey(2281355785751494692)
[2026-01-11T20:04:39Z ERROR css_core::box_tree::constraint_block_layout] Checking flex: node=NodeKey(2281355785751494692), display=Inline
[2026-01-11T20:04:39Z ERROR css_core::box_tree::constraint_block_layout] INSERTING FLEX CONTAINER in layout_block: node=NodeKey(2281355785751494685), inline_size=768, is_measurement=true
[2026-01-11T20:04:39Z ERROR css_core::box_tree::constraint_block_layout] layout_block ENTRY: node=NodeKey(2281355785751494696)
[2026-01-11T20:04:39Z ERROR css_core::box_tree::constraint_block_layout] Checking flex: node=NodeKey(2281355785751494696), display=Flex
[2026-01-11T20:04:39Z ERROR css_core::box_tree::constraint_block_layout] IS FLEX!
[2026-01-11T20:04:39Z ERROR css_core::box_tree::constraint_block_layout::flex_layout] layout_flex: node=NodeKey(2281355785751494696), children.len()=5
[2026-01-11T20:04:39Z ERROR css_core::box_tree::constraint_block_layout] layout_block ENTRY: node=NodeKey(2281355785751494698)
[2026-01-11T20:04:39Z ERROR css_core::box_tree::constraint_block_layout] Checking flex: node=NodeKey(2281355785751494698), display=Block
[2026-01-11T20:04:39Z ERROR css_core::box_tree::constraint_block_layout] layout_block ENTRY: node=NodeKey(2281355785751494700)
[2026-01-11T20:04:39Z ERROR css_core::box_tree::constraint_block_layout] Checking flex: node=NodeKey(2281355785751494700), display=Block
[2026-01-11T20:04:39Z ERROR css_core::box_tree::constraint_block_layout] layout_block ENTRY: node=NodeKey(2281355785751494703)
[2026-01-11T20:04:39Z ERROR css_core::box_tree::constraint_block_layout] Checking flex: node=NodeKey(2281355785751494703), display=Inline
[2026-01-11T20:04:39Z ERROR css_core::box_tree::constraint_block_layout::flex_layout] layout_flex: node=NodeKey(2281355785751494696), flex_items.len()=2
[2026-01-11T20:04:39Z ERROR css_core::box_tree::constraint_block_layout] layout_block ENTRY: node=NodeKey(2281355785751494698)
[2026-01-11T20:04:39Z ERROR css_core::box_tree::constraint_block_layout] Checking flex: node=NodeKey(2281355785751494698), display=Block
[2026-01-11T20:04:39Z ERROR css_core::box_tree::constraint_block_layout] layout_block ENTRY: node=NodeKey(2281355785751494700)
[2026-01-11T20:04:39Z ERROR css_core::box_tree::constraint_block_layout] Checking flex: node=NodeKey(2281355785751494700), display=Block
[2026-01-11T20:04:39Z ERROR css_core::box_tree::constraint_block_layout] layout_block ENTRY: node=NodeKey(2281355785751494703)
[2026-01-11T20:04:39Z ERROR css_core::box_tree::constraint_block_layout] Checking flex: node=NodeKey(2281355785751494703), display=Inline
[2026-01-11T20:04:39Z ERROR css_core::box_tree::constraint_block_layout] INSERTING FLEX CONTAINER in layout_block: node=NodeKey(2281355785751494696), inline_size=768, is_measurement=true
[2026-01-11T20:04:39Z ERROR css_core::box_tree::constraint_block_layout] layout_block ENTRY: node=NodeKey(2281355785751494707)
[2026-01-11T20:04:39Z ERROR css_core::box_tree::constraint_block_layout] Checking flex: node=NodeKey(2281355785751494707), display=Flex
[2026-01-11T20:04:39Z ERROR css_core::box_tree::constraint_block_layout] IS FLEX!
[2026-01-11T20:04:39Z ERROR css_core::box_tree::constraint_block_layout::flex_layout] layout_flex: node=NodeKey(2281355785751494707), children.len()=5
[2026-01-11T20:04:39Z ERROR css_core::box_tree::constraint_block_layout] layout_block ENTRY: node=NodeKey(2281355785751494709)
[2026-01-11T20:04:39Z ERROR css_core::box_tree::constraint_block_layout] Checking flex: node=NodeKey(2281355785751494709), display=Block
[2026-01-11T20:04:39Z ERROR css_core::box_tree::constraint_block_layout] layout_block ENTRY: node=NodeKey(2281355785751494711)
[2026-01-11T20:04:39Z ERROR css_core::box_tree::constraint_block_layout] Checking flex: node=NodeKey(2281355785751494711), display=Block
[2026-01-11T20:04:39Z ERROR css_core::box_tree::constraint_block_layout] layout_block ENTRY: node=NodeKey(2281355785751494714)
[2026-01-11T20:04:39Z ERROR css_core::box_tree::constraint_block_layout] Checking flex: node=NodeKey(2281355785751494714), display=Inline
[2026-01-11T20:04:39Z ERROR css_core::box_tree::constraint_block_layout::flex_layout] layout_flex: node=NodeKey(2281355785751494707), flex_items.len()=2
[2026-01-11T20:04:39Z ERROR css_core::box_tree::constraint_block_layout] layout_block ENTRY: node=NodeKey(2281355785751494709)
[2026-01-11T20:04:39Z ERROR css_core::box_tree::constraint_block_layout] Checking flex: node=NodeKey(2281355785751494709), display=Block
[2026-01-11T20:04:39Z ERROR css_core::box_tree::constraint_block_layout] layout_block ENTRY: node=NodeKey(2281355785751494711)
[2026-01-11T20:04:39Z ERROR css_core::box_tree::constraint_block_layout] Checking flex: node=NodeKey(2281355785751494711), display=Block
[2026-01-11T20:04:39Z ERROR css_core::box_tree::constraint_block_layout] layout_block ENTRY: node=NodeKey(2281355785751494714)
[2026-01-11T20:04:39Z ERROR css_core::box_tree::constraint_block_layout] Checking flex: node=NodeKey(2281355785751494714), display=Inline
[2026-01-11T20:04:39Z ERROR css_core::box_tree::constraint_block_layout] INSERTING FLEX CONTAINER in layout_block: node=NodeKey(2281355785751494707), inline_size=768, is_measurement=true
[2026-01-11T20:04:39Z ERROR css_core::box_tree::constraint_block_layout] layout_block ENTRY: node=NodeKey(2281355785751494718)
[2026-01-11T20:04:39Z ERROR css_core::box_tree::constraint_block_layout] Checking flex: node=NodeKey(2281355785751494718), display=Flex
[2026-01-11T20:04:39Z ERROR css_core::box_tree::constraint_block_layout] IS FLEX!
[2026-01-11T20:04:39Z ERROR css_core::box_tree::constraint_block_layout::flex_layout] layout_flex: node=NodeKey(2281355785751494718), children.len()=5
[2026-01-11T20:04:39Z ERROR css_core::box_tree::constraint_block_layout] layout_block ENTRY: node=NodeKey(2281355785751494720)
[2026-01-11T20:04:39Z ERROR css_core::box_tree::constraint_block_layout] Checking flex: node=NodeKey(2281355785751494720), display=Block
[2026-01-11T20:04:39Z ERROR css_core::box_tree::constraint_block_layout] layout_block ENTRY: node=NodeKey(2281355785751494722)
[2026-01-11T20:04:39Z ERROR css_core::box_tree::constraint_block_layout] Checking flex: node=NodeKey(2281355785751494722), display=Block
[2026-01-11T20:04:39Z ERROR css_core::box_tree::constraint_block_layout] layout_block ENTRY: node=NodeKey(2281355785751494725)
[2026-01-11T20:04:39Z ERROR css_core::box_tree::constraint_block_layout] Checking flex: node=NodeKey(2281355785751494725), display=Inline
[2026-01-11T20:04:39Z ERROR css_core::box_tree::constraint_block_layout::flex_layout] layout_flex: node=NodeKey(2281355785751494718), flex_items.len()=2
[2026-01-11T20:04:39Z ERROR css_core::box_tree::constraint_block_layout] layout_block ENTRY: node=NodeKey(2281355785751494720)
[2026-01-11T20:04:39Z ERROR css_core::box_tree::constraint_block_layout] Checking flex: node=NodeKey(2281355785751494720), display=Block
[2026-01-11T20:04:39Z ERROR css_core::box_tree::constraint_block_layout] layout_block ENTRY: node=NodeKey(2281355785751494722)
[2026-01-11T20:04:39Z ERROR css_core::box_tree::constraint_block_layout] Checking flex: node=NodeKey(2281355785751494722), display=Block
[2026-01-11T20:04:39Z ERROR css_core::box_tree::constraint_block_layout] layout_block ENTRY: node=NodeKey(2281355785751494725)
[2026-01-11T20:04:39Z ERROR css_core::box_tree::constraint_block_layout] Checking flex: node=NodeKey(2281355785751494725), display=Inline
[2026-01-11T20:04:39Z ERROR css_core::box_tree::constraint_block_layout] INSERTING FLEX CONTAINER in layout_block: node=NodeKey(2281355785751494718), inline_size=768, is_measurement=true
[2026-01-11T20:04:39Z ERROR css_core::box_tree::constraint_block_layout] layout_block ENTRY: node=NodeKey(2281355785751494729)
[2026-01-11T20:04:39Z ERROR css_core::box_tree::constraint_block_layout] Checking flex: node=NodeKey(2281355785751494729), display=Flex
[2026-01-11T20:04:39Z ERROR css_core::box_tree::constraint_block_layout] IS FLEX!
[2026-01-11T20:04:39Z ERROR css_core::box_tree::constraint_block_layout::flex_layout] layout_flex: node=NodeKey(2281355785751494729), children.len()=5
[2026-01-11T20:04:39Z ERROR css_core::box_tree::constraint_block_layout] layout_block ENTRY: node=NodeKey(2281355785751494731)
[2026-01-11T20:04:39Z ERROR css_core::box_tree::constraint_block_layout] Checking flex: node=NodeKey(2281355785751494731), display=Block
[2026-01-11T20:04:39Z ERROR css_core::box_tree::constraint_block_layout] layout_block ENTRY: node=NodeKey(2281355785751494733)
[2026-01-11T20:04:39Z ERROR css_core::box_tree::constraint_block_layout] Checking flex: node=NodeKey(2281355785751494733), display=Block
[2026-01-11T20:04:39Z ERROR css_core::box_tree::constraint_block_layout] layout_block ENTRY: node=NodeKey(2281355785751494736)
[2026-01-11T20:04:39Z ERROR css_core::box_tree::constraint_block_layout] Checking flex: node=NodeKey(2281355785751494736), display=Inline
[2026-01-11T20:04:39Z ERROR css_core::box_tree::constraint_block_layout::flex_layout] layout_flex: node=NodeKey(2281355785751494729), flex_items.len()=2
[2026-01-11T20:04:39Z ERROR css_core::box_tree::constraint_block_layout] layout_block ENTRY: node=NodeKey(2281355785751494731)
[2026-01-11T20:04:39Z ERROR css_core::box_tree::constraint_block_layout] Checking flex: node=NodeKey(2281355785751494731), display=Block
[2026-01-11T20:04:39Z ERROR css_core::box_tree::constraint_block_layout] layout_block ENTRY: node=NodeKey(2281355785751494733)
[2026-01-11T20:04:39Z ERROR css_core::box_tree::constraint_block_layout] Checking flex: node=NodeKey(2281355785751494733), display=Block
[2026-01-11T20:04:39Z ERROR css_core::box_tree::constraint_block_layout] layout_block ENTRY: node=NodeKey(2281355785751494736)
[2026-01-11T20:04:39Z ERROR css_core::box_tree::constraint_block_layout] Checking flex: node=NodeKey(2281355785751494736), display=Inline
[2026-01-11T20:04:39Z ERROR css_core::box_tree::constraint_block_layout] INSERTING FLEX CONTAINER in layout_block: node=NodeKey(2281355785751494729), inline_size=768, is_measurement=true
[2026-01-11T20:04:39Z ERROR css_core::box_tree::constraint_block_layout::flex_layout] layout_flex: node=NodeKey(2281355785751494672), flex_items.len()=6
[2026-01-11T20:04:39Z ERROR css_core::box_tree::constraint_block_layout] layout_block ENTRY: node=NodeKey(2281355785751494674)
[2026-01-11T20:04:39Z ERROR css_core::box_tree::constraint_block_layout] Checking flex: node=NodeKey(2281355785751494674), display=Flex
[2026-01-11T20:04:39Z ERROR css_core::box_tree::constraint_block_layout] IS FLEX!
[2026-01-11T20:04:39Z ERROR css_core::box_tree::constraint_block_layout::flex_layout] layout_flex: node=NodeKey(2281355785751494674), children.len()=5
[2026-01-11T20:04:39Z ERROR css_core::box_tree::constraint_block_layout] layout_block ENTRY: node=NodeKey(2281355785751494676)
[2026-01-11T20:04:39Z ERROR css_core::box_tree::constraint_block_layout] Checking flex: node=NodeKey(2281355785751494676), display=Block
[2026-01-11T20:04:39Z ERROR css_core::box_tree::constraint_block_layout] layout_block ENTRY: node=NodeKey(2281355785751494678)
[2026-01-11T20:04:39Z ERROR css_core::box_tree::constraint_block_layout] Checking flex: node=NodeKey(2281355785751494678), display=Block
[2026-01-11T20:04:39Z ERROR css_core::box_tree::constraint_block_layout] layout_block ENTRY: node=NodeKey(2281355785751494681)
[2026-01-11T20:04:39Z ERROR css_core::box_tree::constraint_block_layout] Checking flex: node=NodeKey(2281355785751494681), display=Inline
[2026-01-11T20:04:39Z ERROR css_core::box_tree::constraint_block_layout::flex_layout] layout_flex: node=NodeKey(2281355785751494674), flex_items.len()=2
[2026-01-11T20:04:39Z ERROR css_core::box_tree::constraint_block_layout] layout_block ENTRY: node=NodeKey(2281355785751494676)
[2026-01-11T20:04:39Z ERROR css_core::box_tree::constraint_block_layout] Checking flex: node=NodeKey(2281355785751494676), display=Block
[2026-01-11T20:04:39Z ERROR css_core::box_tree::constraint_block_layout] layout_block ENTRY: node=NodeKey(2281355785751494678)
[2026-01-11T20:04:39Z ERROR css_core::box_tree::constraint_block_layout] Checking flex: node=NodeKey(2281355785751494678), display=Block
[2026-01-11T20:04:39Z ERROR css_core::box_tree::constraint_block_layout] layout_block ENTRY: node=NodeKey(2281355785751494681)
[2026-01-11T20:04:39Z ERROR css_core::box_tree::constraint_block_layout] Checking flex: node=NodeKey(2281355785751494681), display=Inline
[2026-01-11T20:04:39Z ERROR css_core::box_tree::constraint_block_layout] INSERTING FLEX CONTAINER in layout_block: node=NodeKey(2281355785751494674), inline_size=768, is_measurement=false
[2026-01-11T20:04:39Z ERROR css_core::box_tree::constraint_block_layout] layout_block ENTRY: node=NodeKey(2281355785751494685)
[2026-01-11T20:04:39Z ERROR css_core::box_tree::constraint_block_layout] Checking flex: node=NodeKey(2281355785751494685), display=Flex
[2026-01-11T20:04:39Z ERROR css_core::box_tree::constraint_block_layout] IS FLEX!
[2026-01-11T20:04:39Z ERROR css_core::box_tree::constraint_block_layout::flex_layout] layout_flex: node=NodeKey(2281355785751494685), children.len()=5
[2026-01-11T20:04:39Z ERROR css_core::box_tree::constraint_block_layout] layout_block ENTRY: node=NodeKey(2281355785751494687)
[2026-01-11T20:04:39Z ERROR css_core::box_tree::constraint_block_layout] Checking flex: node=NodeKey(2281355785751494687), display=Block
[2026-01-11T20:04:39Z ERROR css_core::box_tree::constraint_block_layout] layout_block ENTRY: node=NodeKey(2281355785751494689)
[2026-01-11T20:04:39Z ERROR css_core::box_tree::constraint_block_layout] Checking flex: node=NodeKey(2281355785751494689), display=Block
[2026-01-11T20:04:39Z ERROR css_core::box_tree::constraint_block_layout] layout_block ENTRY: node=NodeKey(2281355785751494692)
[2026-01-11T20:04:39Z ERROR css_core::box_tree::constraint_block_layout] Checking flex: node=NodeKey(2281355785751494692), display=Inline
[2026-01-11T20:04:39Z ERROR css_core::box_tree::constraint_block_layout::flex_layout] layout_flex: node=NodeKey(2281355785751494685), flex_items.len()=2
[2026-01-11T20:04:39Z ERROR css_core::box_tree::constraint_block_layout] layout_block ENTRY: node=NodeKey(2281355785751494687)
[2026-01-11T20:04:39Z ERROR css_core::box_tree::constraint_block_layout] Checking flex: node=NodeKey(2281355785751494687), display=Block
[2026-01-11T20:04:39Z ERROR css_core::box_tree::constraint_block_layout] layout_block ENTRY: node=NodeKey(2281355785751494689)
[2026-01-11T20:04:39Z ERROR css_core::box_tree::constraint_block_layout] Checking flex: node=NodeKey(2281355785751494689), display=Block
[2026-01-11T20:04:39Z ERROR css_core::box_tree::constraint_block_layout] layout_block ENTRY: node=NodeKey(2281355785751494692)
[2026-01-11T20:04:39Z ERROR css_core::box_tree::constraint_block_layout] Checking flex: node=NodeKey(2281355785751494692), display=Inline
[2026-01-11T20:04:39Z ERROR css_core::box_tree::constraint_block_layout] INSERTING FLEX CONTAINER in layout_block: node=NodeKey(2281355785751494685), inline_size=768, is_measurement=false
[2026-01-11T20:04:39Z ERROR css_core::box_tree::constraint_block_layout] layout_block ENTRY: node=NodeKey(2281355785751494696)
[2026-01-11T20:04:39Z ERROR css_core::box_tree::constraint_block_layout] Checking flex: node=NodeKey(2281355785751494696), display=Flex
[2026-01-11T20:04:39Z ERROR css_core::box_tree::constraint_block_layout] IS FLEX!
[2026-01-11T20:04:39Z ERROR css_core::box_tree::constraint_block_layout::flex_layout] layout_flex: node=NodeKey(2281355785751494696), children.len()=5
[2026-01-11T20:04:39Z ERROR css_core::box_tree::constraint_block_layout] layout_block ENTRY: node=NodeKey(2281355785751494698)
[2026-01-11T20:04:39Z ERROR css_core::box_tree::constraint_block_layout] Checking flex: node=NodeKey(2281355785751494698), display=Block
[2026-01-11T20:04:39Z ERROR css_core::box_tree::constraint_block_layout] layout_block ENTRY: node=NodeKey(2281355785751494700)
[2026-01-11T20:04:39Z ERROR css_core::box_tree::constraint_block_layout] Checking flex: node=NodeKey(2281355785751494700), display=Block
[2026-01-11T20:04:39Z ERROR css_core::box_tree::constraint_block_layout] layout_block ENTRY: node=NodeKey(2281355785751494703)
[2026-01-11T20:04:39Z ERROR css_core::box_tree::constraint_block_layout] Checking flex: node=NodeKey(2281355785751494703), display=Inline
[2026-01-11T20:04:39Z ERROR css_core::box_tree::constraint_block_layout::flex_layout] layout_flex: node=NodeKey(2281355785751494696), flex_items.len()=2
[2026-01-11T20:04:39Z ERROR css_core::box_tree::constraint_block_layout] layout_block ENTRY: node=NodeKey(2281355785751494698)
[2026-01-11T20:04:39Z ERROR css_core::box_tree::constraint_block_layout] Checking flex: node=NodeKey(2281355785751494698), display=Block
[2026-01-11T20:04:39Z ERROR css_core::box_tree::constraint_block_layout] layout_block ENTRY: node=NodeKey(2281355785751494700)
[2026-01-11T20:04:39Z ERROR css_core::box_tree::constraint_block_layout] Checking flex: node=NodeKey(2281355785751494700), display=Block
[2026-01-11T20:04:39Z ERROR css_core::box_tree::constraint_block_layout] layout_block ENTRY: node=NodeKey(2281355785751494703)
[2026-01-11T20:04:39Z ERROR css_core::box_tree::constraint_block_layout] Checking flex: node=NodeKey(2281355785751494703), display=Inline
[2026-01-11T20:04:39Z ERROR css_core::box_tree::constraint_block_layout] INSERTING FLEX CONTAINER in layout_block: node=NodeKey(2281355785751494696), inline_size=768, is_measurement=false
[2026-01-11T20:04:39Z ERROR css_core::box_tree::constraint_block_layout] layout_block ENTRY: node=NodeKey(2281355785751494707)
[2026-01-11T20:04:39Z ERROR css_core::box_tree::constraint_block_layout] Checking flex: node=NodeKey(2281355785751494707), display=Flex
[2026-01-11T20:04:39Z ERROR css_core::box_tree::constraint_block_layout] IS FLEX!
[2026-01-11T20:04:39Z ERROR css_core::box_tree::constraint_block_layout::flex_layout] layout_flex: node=NodeKey(2281355785751494707), children.len()=5
[2026-01-11T20:04:39Z ERROR css_core::box_tree::constraint_block_layout] layout_block ENTRY: node=NodeKey(2281355785751494709)
[2026-01-11T20:04:39Z ERROR css_core::box_tree::constraint_block_layout] Checking flex: node=NodeKey(2281355785751494709), display=Block
[2026-01-11T20:04:39Z ERROR css_core::box_tree::constraint_block_layout] layout_block ENTRY: node=NodeKey(2281355785751494711)
[2026-01-11T20:04:39Z ERROR css_core::box_tree::constraint_block_layout] Checking flex: node=NodeKey(2281355785751494711), display=Block
[2026-01-11T20:04:39Z ERROR css_core::box_tree::constraint_block_layout] layout_block ENTRY: node=NodeKey(2281355785751494714)
[2026-01-11T20:04:39Z ERROR css_core::box_tree::constraint_block_layout] Checking flex: node=NodeKey(2281355785751494714), display=Inline
[2026-01-11T20:04:39Z ERROR css_core::box_tree::constraint_block_layout::flex_layout] layout_flex: node=NodeKey(2281355785751494707), flex_items.len()=2
[2026-01-11T20:04:39Z ERROR css_core::box_tree::constraint_block_layout] layout_block ENTRY: node=NodeKey(2281355785751494709)
[2026-01-11T20:04:39Z ERROR css_core::box_tree::constraint_block_layout] Checking flex: node=NodeKey(2281355785751494709), display=Block
[2026-01-11T20:04:39Z ERROR css_core::box_tree::constraint_block_layout] layout_block ENTRY: node=NodeKey(2281355785751494711)
[2026-01-11T20:04:39Z ERROR css_core::box_tree::constraint_block_layout] Checking flex: node=NodeKey(2281355785751494711), display=Block
[2026-01-11T20:04:39Z ERROR css_core::box_tree::constraint_block_layout] layout_block ENTRY: node=NodeKey(2281355785751494714)
[2026-01-11T20:04:39Z ERROR css_core::box_tree::constraint_block_layout] Checking flex: node=NodeKey(2281355785751494714), display=Inline
[2026-01-11T20:04:39Z ERROR css_core::box_tree::constraint_block_layout] INSERTING FLEX CONTAINER in layout_block: node=NodeKey(2281355785751494707), inline_size=768, is_measurement=false
[2026-01-11T20:04:39Z ERROR css_core::box_tree::constraint_block_layout] layout_block ENTRY: node=NodeKey(2281355785751494718)
[2026-01-11T20:04:39Z ERROR css_core::box_tree::constraint_block_layout] Checking flex: node=NodeKey(2281355785751494718), display=Flex
[2026-01-11T20:04:39Z ERROR css_core::box_tree::constraint_block_layout] IS FLEX!
[2026-01-11T20:04:39Z ERROR css_core::box_tree::constraint_block_layout::flex_layout] layout_flex: node=NodeKey(2281355785751494718), children.len()=5
[2026-01-11T20:04:39Z ERROR css_core::box_tree::constraint_block_layout] layout_block ENTRY: node=NodeKey(2281355785751494720)
[2026-01-11T20:04:39Z ERROR css_core::box_tree::constraint_block_layout] Checking flex: node=NodeKey(2281355785751494720), display=Block
[2026-01-11T20:04:39Z ERROR css_core::box_tree::constraint_block_layout] layout_block ENTRY: node=NodeKey(2281355785751494722)
[2026-01-11T20:04:39Z ERROR css_core::box_tree::constraint_block_layout] Checking flex: node=NodeKey(2281355785751494722), display=Block
[2026-01-11T20:04:39Z ERROR css_core::box_tree::constraint_block_layout] layout_block ENTRY: node=NodeKey(2281355785751494725)
[2026-01-11T20:04:39Z ERROR css_core::box_tree::constraint_block_layout] Checking flex: node=NodeKey(2281355785751494725), display=Inline
[2026-01-11T20:04:39Z ERROR css_core::box_tree::constraint_block_layout::flex_layout] layout_flex: node=NodeKey(2281355785751494718), flex_items.len()=2
[2026-01-11T20:04:39Z ERROR css_core::box_tree::constraint_block_layout] layout_block ENTRY: node=NodeKey(2281355785751494720)
[2026-01-11T20:04:39Z ERROR css_core::box_tree::constraint_block_layout] Checking flex: node=NodeKey(2281355785751494720), display=Block
[2026-01-11T20:04:39Z ERROR css_core::box_tree::constraint_block_layout] layout_block ENTRY: node=NodeKey(2281355785751494722)
[2026-01-11T20:04:39Z ERROR css_core::box_tree::constraint_block_layout] Checking flex: node=NodeKey(2281355785751494722), display=Block
[2026-01-11T20:04:39Z ERROR css_core::box_tree::constraint_block_layout] layout_block ENTRY: node=NodeKey(2281355785751494725)
[2026-01-11T20:04:39Z ERROR css_core::box_tree::constraint_block_layout] Checking flex: node=NodeKey(2281355785751494725), display=Inline
[2026-01-11T20:04:39Z ERROR css_core::box_tree::constraint_block_layout] INSERTING FLEX CONTAINER in layout_block: node=NodeKey(2281355785751494718), inline_size=768, is_measurement=false
[2026-01-11T20:04:39Z ERROR css_core::box_tree::constraint_block_layout] layout_block ENTRY: node=NodeKey(2281355785751494729)
[2026-01-11T20:04:39Z ERROR css_core::box_tree::constraint_block_layout] Checking flex: node=NodeKey(2281355785751494729), display=Flex
[2026-01-11T20:04:39Z ERROR css_core::box_tree::constraint_block_layout] IS FLEX!
[2026-01-11T20:04:39Z ERROR css_core::box_tree::constraint_block_layout::flex_layout] layout_flex: node=NodeKey(2281355785751494729), children.len()=5
[2026-01-11T20:04:39Z ERROR css_core::box_tree::constraint_block_layout] layout_block ENTRY: node=NodeKey(2281355785751494731)
[2026-01-11T20:04:39Z ERROR css_core::box_tree::constraint_block_layout] Checking flex: node=NodeKey(2281355785751494731), display=Block
[2026-01-11T20:04:39Z ERROR css_core::box_tree::constraint_block_layout] layout_block ENTRY: node=NodeKey(2281355785751494733)
[2026-01-11T20:04:39Z ERROR css_core::box_tree::constraint_block_layout] Checking flex: node=NodeKey(2281355785751494733), display=Block
[2026-01-11T20:04:39Z ERROR css_core::box_tree::constraint_block_layout] layout_block ENTRY: node=NodeKey(2281355785751494736)
[2026-01-11T20:04:39Z ERROR css_core::box_tree::constraint_block_layout] Checking flex: node=NodeKey(2281355785751494736), display=Inline
[2026-01-11T20:04:39Z ERROR css_core::box_tree::constraint_block_layout::flex_layout] layout_flex: node=NodeKey(2281355785751494729), flex_items.len()=2
[2026-01-11T20:04:39Z ERROR css_core::box_tree::constraint_block_layout] layout_block ENTRY: node=NodeKey(2281355785751494731)
[2026-01-11T20:04:39Z ERROR css_core::box_tree::constraint_block_layout] Checking flex: node=NodeKey(2281355785751494731), display=Block
[2026-01-11T20:04:39Z ERROR css_core::box_tree::constraint_block_layout] layout_block ENTRY: node=NodeKey(2281355785751494733)
[2026-01-11T20:04:39Z ERROR css_core::box_tree::constraint_block_layout] Checking flex: node=NodeKey(2281355785751494733), display=Block
[2026-01-11T20:04:39Z ERROR css_core::box_tree::constraint_block_layout] layout_block ENTRY: node=NodeKey(2281355785751494736)
[2026-01-11T20:04:39Z ERROR css_core::box_tree::constraint_block_layout] Checking flex: node=NodeKey(2281355785751494736), display=Inline
[2026-01-11T20:04:39Z ERROR css_core::box_tree::constraint_block_layout] INSERTING FLEX CONTAINER in layout_block: node=NodeKey(2281355785751494729), inline_size=768, is_measurement=false
[2026-01-11T20:04:39Z ERROR css_core::box_tree::constraint_block_layout] INSERTING FLEX CONTAINER in layout_block: node=NodeKey(2281355785751494672), inline_size=800, is_measurement=false
[2026-01-11T20:04:39Z ERROR page_handler::core::incremental_layout] LAYOUT TREE COMPLETE - generation 1, total results: 48
[2026-01-11T20:04:39Z ERROR page_handler::core::incremental_layout] RUNNING LAYOUT TREE - generation 1
[2026-01-11T20:04:39Z ERROR css_core::box_tree::constraint_block_layout] layout_block ENTRY: node=NodeKey(11466447225773621250)
[2026-01-11T20:04:39Z ERROR css_core::box_tree::constraint_block_layout] Checking flex: node=NodeKey(11466447225773621250), display=Block
[2026-01-11T20:04:39Z ERROR css_core::box_tree::constraint_block_layout] layout_block ENTRY: node=NodeKey(11466447225773621262)
[2026-01-11T20:04:39Z ERROR css_core::box_tree::constraint_block_layout] Checking flex: node=NodeKey(11466447225773621262), display=Block
[2026-01-11T20:04:39Z ERROR css_core::box_tree::constraint_block_layout] layout_block ENTRY: node=NodeKey(11466447225773621264)
[2026-01-11T20:04:39Z ERROR css_core::box_tree::constraint_block_layout] Checking flex: node=NodeKey(11466447225773621264), display=Flex
[2026-01-11T20:04:39Z ERROR css_core::box_tree::constraint_block_layout] IS FLEX!
[2026-01-11T20:04:39Z ERROR css_core::box_tree::constraint_block_layout::flex_layout] layout_flex: node=NodeKey(11466447225773621264), children.len()=7
[2026-01-11T20:04:39Z ERROR css_core::box_tree::constraint_block_layout] layout_block ENTRY: node=NodeKey(11466447225773621266)
[2026-01-11T20:04:39Z ERROR css_core::box_tree::constraint_block_layout] Checking flex: node=NodeKey(11466447225773621266), display=Flex
[2026-01-11T20:04:39Z ERROR css_core::box_tree::constraint_block_layout] IS FLEX!
[2026-01-11T20:04:39Z ERROR css_core::box_tree::constraint_block_layout::flex_layout] layout_flex: node=NodeKey(11466447225773621266), children.len()=15
[2026-01-11T20:04:39Z ERROR css_core::box_tree::constraint_block_layout] layout_block ENTRY: node=NodeKey(11466447225773621268)
[2026-01-11T20:04:39Z ERROR css_core::box_tree::constraint_block_layout] Checking flex: node=NodeKey(11466447225773621268), display=Flex
[2026-01-11T20:04:39Z ERROR css_core::box_tree::constraint_block_layout] IS FLEX!
[2026-01-11T20:04:39Z ERROR css_core::box_tree::constraint_block_layout::flex_layout] layout_flex: node=NodeKey(11466447225773621268), children.len()=1
[2026-01-11T20:04:39Z ERROR css_core::box_tree::constraint_block_layout::flex_layout] layout_flex: node=NodeKey(11466447225773621268), flex_items.len()=1
[2026-01-11T20:04:39Z ERROR css_core::box_tree::constraint_block_layout] INSERTING FLEX CONTAINER in layout_block: node=NodeKey(11466447225773621268), inline_size=36, is_measurement=true
[2026-01-11T20:04:39Z ERROR css_core::box_tree::constraint_block_layout] layout_block ENTRY: node=NodeKey(11466447225773621271)
[2026-01-11T20:04:39Z ERROR css_core::box_tree::constraint_block_layout] Checking flex: node=NodeKey(11466447225773621271), display=Flex
[2026-01-11T20:04:39Z ERROR css_core::box_tree::constraint_block_layout] IS FLEX!
[2026-01-11T20:04:39Z ERROR css_core::box_tree::constraint_block_layout::flex_layout] layout_flex: node=NodeKey(11466447225773621271), children.len()=1
[2026-01-11T20:04:39Z ERROR css_core::box_tree::constraint_block_layout::flex_layout] layout_flex: node=NodeKey(11466447225773621271), flex_items.len()=1
[2026-01-11T20:04:39Z ERROR css_core::box_tree::constraint_block_layout::text] INSERTING TEXT RESULT: text='1', inline_size=7.786133, block_size=16, single_line_height=16, glyph_height=16, is_for_measurement_only=false
[2026-01-11T20:04:39Z ERROR css_core::box_tree::constraint_block_layout] INSERTING FLEX CONTAINER in layout_block: node=NodeKey(11466447225773621271), inline_size=36, is_measurement=true
[2026-01-11T20:04:39Z ERROR css_core::box_tree::constraint_block_layout] layout_block ENTRY: node=NodeKey(11466447225773621274)
[2026-01-11T20:04:39Z ERROR css_core::box_tree::constraint_block_layout] Checking flex: node=NodeKey(11466447225773621274), display=Flex
[2026-01-11T20:04:39Z ERROR css_core::box_tree::constraint_block_layout] IS FLEX!
[2026-01-11T20:04:39Z ERROR css_core::box_tree::constraint_block_layout::flex_layout] layout_flex: node=NodeKey(11466447225773621274), children.len()=1
[2026-01-11T20:04:39Z ERROR css_core::box_tree::constraint_block_layout::flex_layout] layout_flex: node=NodeKey(11466447225773621274), flex_items.len()=1
[2026-01-11T20:04:39Z ERROR css_core::box_tree::constraint_block_layout::text] INSERTING TEXT RESULT: text='2', inline_size=7.786133, block_size=16, single_line_height=16, glyph_height=16, is_for_measurement_only=false
[2026-01-11T20:04:39Z ERROR css_core::box_tree::constraint_block_layout] INSERTING FLEX CONTAINER in layout_block: node=NodeKey(11466447225773621274), inline_size=36, is_measurement=true
[2026-01-11T20:04:39Z ERROR css_core::box_tree::constraint_block_layout] layout_block ENTRY: node=NodeKey(11466447225773621277)
[2026-01-11T20:04:39Z ERROR css_core::box_tree::constraint_block_layout] Checking flex: node=NodeKey(11466447225773621277), display=Flex
[2026-01-11T20:04:39Z ERROR css_core::box_tree::constraint_block_layout] IS FLEX!
[2026-01-11T20:04:39Z ERROR css_core::box_tree::constraint_block_layout::flex_layout] layout_flex: node=NodeKey(11466447225773621277), children.len()=1
[2026-01-11T20:04:39Z ERROR css_core::box_tree::constraint_block_layout::flex_layout] layout_flex: node=NodeKey(11466447225773621277), flex_items.len()=1
[2026-01-11T20:04:39Z ERROR css_core::box_tree::constraint_block_layout::text] INSERTING TEXT RESULT: text='3', inline_size=7.786133, block_size=16, single_line_height=16, glyph_height=16, is_for_measurement_only=false
[2026-01-11T20:04:39Z ERROR css_core::box_tree::constraint_block_layout] INSERTING FLEX CONTAINER in layout_block: node=NodeKey(11466447225773621277), inline_size=36, is_measurement=true
[2026-01-11T20:04:39Z ERROR css_core::box_tree::constraint_block_layout] layout_block ENTRY: node=NodeKey(11466447225773621280)
[2026-01-11T20:04:39Z ERROR css_core::box_tree::constraint_block_layout] Checking flex: node=NodeKey(11466447225773621280), display=Flex
[2026-01-11T20:04:39Z ERROR css_core::box_tree::constraint_block_layout] IS FLEX!
[2026-01-11T20:04:39Z ERROR css_core::box_tree::constraint_block_layout::flex_layout] layout_flex: node=NodeKey(11466447225773621280), children.len()=1
[2026-01-11T20:04:39Z ERROR css_core::box_tree::constraint_block_layout::flex_layout] layout_flex: node=NodeKey(11466447225773621280), flex_items.len()=1
[2026-01-11T20:04:39Z ERROR css_core::box_tree::constraint_block_layout] INSERTING FLEX CONTAINER in layout_block: node=NodeKey(11466447225773621280), inline_size=36, is_measurement=true
[2026-01-11T20:04:39Z ERROR css_core::box_tree::constraint_block_layout] layout_block ENTRY: node=NodeKey(11466447225773621283)
[2026-01-11T20:04:39Z ERROR css_core::box_tree::constraint_block_layout] Checking flex: node=NodeKey(11466447225773621283), display=Flex
[2026-01-11T20:04:39Z ERROR css_core::box_tree::constraint_block_layout] IS FLEX!
[2026-01-11T20:04:39Z ERROR css_core::box_tree::constraint_block_layout::flex_layout] layout_flex: node=NodeKey(11466447225773621283), children.len()=1
[2026-01-11T20:04:39Z ERROR css_core::box_tree::constraint_block_layout::flex_layout] layout_flex: node=NodeKey(11466447225773621283), flex_items.len()=1
[2026-01-11T20:04:39Z ERROR css_core::box_tree::constraint_block_layout] INSERTING FLEX CONTAINER in layout_block: node=NodeKey(11466447225773621283), inline_size=36, is_measurement=true
[2026-01-11T20:04:39Z ERROR css_core::box_tree::constraint_block_layout] layout_block ENTRY: node=NodeKey(11466447225773621286)
[2026-01-11T20:04:39Z ERROR css_core::box_tree::constraint_block_layout] Checking flex: node=NodeKey(11466447225773621286), display=Flex
[2026-01-11T20:04:39Z ERROR css_core::box_tree::constraint_block_layout] IS FLEX!
[2026-01-11T20:04:39Z ERROR css_core::box_tree::constraint_block_layout::flex_layout] layout_flex: node=NodeKey(11466447225773621286), children.len()=1
[2026-01-11T20:04:39Z ERROR css_core::box_tree::constraint_block_layout::flex_layout] layout_flex: node=NodeKey(11466447225773621286), flex_items.len()=1
[2026-01-11T20:04:39Z ERROR css_core::box_tree::constraint_block_layout] INSERTING FLEX CONTAINER in layout_block: node=NodeKey(11466447225773621286), inline_size=36, is_measurement=true
[2026-01-11T20:04:39Z ERROR css_core::box_tree::constraint_block_layout::flex_layout] layout_flex: node=NodeKey(11466447225773621266), flex_items.len()=7
[2026-01-11T20:04:39Z ERROR css_core::box_tree::constraint_block_layout] layout_block ENTRY: node=NodeKey(11466447225773621268)
[2026-01-11T20:04:39Z ERROR css_core::box_tree::constraint_block_layout] Checking flex: node=NodeKey(11466447225773621268), display=Flex
[2026-01-11T20:04:39Z ERROR css_core::box_tree::constraint_block_layout] IS FLEX!
[2026-01-11T20:04:39Z ERROR css_core::box_tree::constraint_block_layout::flex_layout] layout_flex: node=NodeKey(11466447225773621268), children.len()=1
[2026-01-11T20:04:39Z ERROR css_core::box_tree::constraint_block_layout::flex_layout] layout_flex: node=NodeKey(11466447225773621268), flex_items.len()=1
[2026-01-11T20:04:39Z ERROR css_core::box_tree::constraint_block_layout] INSERTING FLEX CONTAINER in layout_block: node=NodeKey(11466447225773621268), inline_size=38, is_measurement=false
[2026-01-11T20:04:39Z ERROR css_core::box_tree::constraint_block_layout] layout_block ENTRY: node=NodeKey(11466447225773621271)
[2026-01-11T20:04:39Z ERROR css_core::box_tree::constraint_block_layout] Checking flex: node=NodeKey(11466447225773621271), display=Flex
[2026-01-11T20:04:39Z ERROR css_core::box_tree::constraint_block_layout] IS FLEX!
[2026-01-11T20:04:39Z ERROR css_core::box_tree::constraint_block_layout::flex_layout] layout_flex: node=NodeKey(11466447225773621271), children.len()=1
[2026-01-11T20:04:39Z ERROR css_core::box_tree::constraint_block_layout::flex_layout] layout_flex: node=NodeKey(11466447225773621271), flex_items.len()=1
[2026-01-11T20:04:39Z ERROR css_core::box_tree::constraint_block_layout::text] INSERTING TEXT RESULT: text='1', inline_size=7.786133, block_size=16, single_line_height=16, glyph_height=16, is_for_measurement_only=false
[2026-01-11T20:04:39Z ERROR css_core::box_tree::constraint_block_layout] INSERTING FLEX CONTAINER in layout_block: node=NodeKey(11466447225773621271), inline_size=38, is_measurement=false
[2026-01-11T20:04:39Z ERROR css_core::box_tree::constraint_block_layout] layout_block ENTRY: node=NodeKey(11466447225773621274)
[2026-01-11T20:04:39Z ERROR css_core::box_tree::constraint_block_layout] Checking flex: node=NodeKey(11466447225773621274), display=Flex
[2026-01-11T20:04:39Z ERROR css_core::box_tree::constraint_block_layout] IS FLEX!
[2026-01-11T20:04:39Z ERROR css_core::box_tree::constraint_block_layout::flex_layout] layout_flex: node=NodeKey(11466447225773621274), children.len()=1
[2026-01-11T20:04:39Z ERROR css_core::box_tree::constraint_block_layout::flex_layout] layout_flex: node=NodeKey(11466447225773621274), flex_items.len()=1
[2026-01-11T20:04:39Z ERROR css_core::box_tree::constraint_block_layout::text] INSERTING TEXT RESULT: text='2', inline_size=7.786133, block_size=16, single_line_height=16, glyph_height=16, is_for_measurement_only=false
[2026-01-11T20:04:39Z ERROR css_core::box_tree::constraint_block_layout] INSERTING FLEX CONTAINER in layout_block: node=NodeKey(11466447225773621274), inline_size=38, is_measurement=false
[2026-01-11T20:04:39Z ERROR css_core::box_tree::constraint_block_layout] layout_block ENTRY: node=NodeKey(11466447225773621277)
[2026-01-11T20:04:39Z ERROR css_core::box_tree::constraint_block_layout] Checking flex: node=NodeKey(11466447225773621277), display=Flex
[2026-01-11T20:04:39Z ERROR css_core::box_tree::constraint_block_layout] IS FLEX!
[2026-01-11T20:04:39Z ERROR css_core::box_tree::constraint_block_layout::flex_layout] layout_flex: node=NodeKey(11466447225773621277), children.len()=1
[2026-01-11T20:04:39Z ERROR css_core::box_tree::constraint_block_layout::flex_layout] layout_flex: node=NodeKey(11466447225773621277), flex_items.len()=1
[2026-01-11T20:04:39Z ERROR css_core::box_tree::constraint_block_layout::text] INSERTING TEXT RESULT: text='3', inline_size=7.786133, block_size=16, single_line_height=16, glyph_height=16, is_for_measurement_only=false
[2026-01-11T20:04:39Z ERROR css_core::box_tree::constraint_block_layout] INSERTING FLEX CONTAINER in layout_block: node=NodeKey(11466447225773621277), inline_size=38, is_measurement=false
[2026-01-11T20:04:39Z ERROR css_core::box_tree::constraint_block_layout] layout_block ENTRY: node=NodeKey(11466447225773621280)
[2026-01-11T20:04:39Z ERROR css_core::box_tree::constraint_block_layout] Checking flex: node=NodeKey(11466447225773621280), display=Flex
[2026-01-11T20:04:39Z ERROR css_core::box_tree::constraint_block_layout] IS FLEX!
[2026-01-11T20:04:39Z ERROR css_core::box_tree::constraint_block_layout::flex_layout] layout_flex: node=NodeKey(11466447225773621280), children.len()=1
[2026-01-11T20:04:39Z ERROR css_core::box_tree::constraint_block_layout::flex_layout] layout_flex: node=NodeKey(11466447225773621280), flex_items.len()=1
[2026-01-11T20:04:39Z ERROR css_core::box_tree::constraint_block_layout] INSERTING FLEX CONTAINER in layout_block: node=NodeKey(11466447225773621280), inline_size=38, is_measurement=false
[2026-01-11T20:04:39Z ERROR css_core::box_tree::constraint_block_layout] layout_block ENTRY: node=NodeKey(11466447225773621283)
[2026-01-11T20:04:39Z ERROR css_core::box_tree::constraint_block_layout] Checking flex: node=NodeKey(11466447225773621283), display=Flex
[2026-01-11T20:04:39Z ERROR css_core::box_tree::constraint_block_layout] IS FLEX!
[2026-01-11T20:04:39Z ERROR css_core::box_tree::constraint_block_layout::flex_layout] layout_flex: node=NodeKey(11466447225773621283), children.len()=1
[2026-01-11T20:04:39Z ERROR css_core::box_tree::constraint_block_layout::flex_layout] layout_flex: node=NodeKey(11466447225773621283), flex_items.len()=1
[2026-01-11T20:04:39Z ERROR css_core::box_tree::constraint_block_layout] INSERTING FLEX CONTAINER in layout_block: node=NodeKey(11466447225773621283), inline_size=38, is_measurement=false
[2026-01-11T20:04:39Z ERROR css_core::box_tree::constraint_block_layout] layout_block ENTRY: node=NodeKey(11466447225773621286)
[2026-01-11T20:04:39Z ERROR css_core::box_tree::constraint_block_layout] Checking flex: node=NodeKey(11466447225773621286), display=Flex
[2026-01-11T20:04:39Z ERROR css_core::box_tree::constraint_block_layout] IS FLEX!
[2026-01-11T20:04:39Z ERROR css_core::box_tree::constraint_block_layout::flex_layout] layout_flex: node=NodeKey(11466447225773621286), children.len()=1
[2026-01-11T20:04:39Z ERROR css_core::box_tree::constraint_block_layout::flex_layout] layout_flex: node=NodeKey(11466447225773621286), flex_items.len()=1
[2026-01-11T20:04:39Z ERROR css_core::box_tree::constraint_block_layout] INSERTING FLEX CONTAINER in layout_block: node=NodeKey(11466447225773621286), inline_size=38, is_measurement=false
[2026-01-11T20:04:39Z ERROR css_core::box_tree::constraint_block_layout] INSERTING FLEX CONTAINER in layout_block: node=NodeKey(11466447225773621266), inline_size=768, is_measurement=true
[2026-01-11T20:04:39Z ERROR css_core::box_tree::constraint_block_layout] layout_block ENTRY: node=NodeKey(11466447225773621290)
[2026-01-11T20:04:39Z ERROR css_core::box_tree::constraint_block_layout] Checking flex: node=NodeKey(11466447225773621290), display=Flex
[2026-01-11T20:04:39Z ERROR css_core::box_tree::constraint_block_layout] IS FLEX!
[2026-01-11T20:04:39Z ERROR css_core::box_tree::constraint_block_layout::flex_layout] layout_flex: node=NodeKey(11466447225773621290), children.len()=15
[2026-01-11T20:04:39Z ERROR css_core::box_tree::constraint_block_layout] layout_block ENTRY: node=NodeKey(11466447225773621292)
[2026-01-11T20:04:39Z ERROR css_core::box_tree::constraint_block_layout] Checking flex: node=NodeKey(11466447225773621292), display=Flex
[2026-01-11T20:04:39Z ERROR css_core::box_tree::constraint_block_layout] IS FLEX!
[2026-01-11T20:04:39Z ERROR css_core::box_tree::constraint_block_layout::flex_layout] layout_flex: node=NodeKey(11466447225773621292), children.len()=1
[2026-01-11T20:04:39Z ERROR css_core::box_tree::constraint_block_layout::flex_layout] layout_flex: node=NodeKey(11466447225773621292), flex_items.len()=1
[2026-01-11T20:04:39Z ERROR css_core::box_tree::constraint_block_layout] INSERTING FLEX CONTAINER in layout_block: node=NodeKey(11466447225773621292), inline_size=36, is_measurement=true
[2026-01-11T20:04:39Z ERROR css_core::box_tree::constraint_block_layout] layout_block ENTRY: node=NodeKey(11466447225773621295)
[2026-01-11T20:04:39Z ERROR css_core::box_tree::constraint_block_layout] Checking flex: node=NodeKey(11466447225773621295), display=Flex
[2026-01-11T20:04:39Z ERROR css_core::box_tree::constraint_block_layout] IS FLEX!
[2026-01-11T20:04:39Z ERROR css_core::box_tree::constraint_block_layout::flex_layout] layout_flex: node=NodeKey(11466447225773621295), children.len()=1
[2026-01-11T20:04:39Z ERROR css_core::box_tree::constraint_block_layout::flex_layout] layout_flex: node=NodeKey(11466447225773621295), flex_items.len()=1
[2026-01-11T20:04:39Z ERROR css_core::box_tree::constraint_block_layout::text] INSERTING TEXT RESULT: text='1', inline_size=7.786133, block_size=16, single_line_height=16, glyph_height=16, is_for_measurement_only=false
[2026-01-11T20:04:39Z ERROR css_core::box_tree::constraint_block_layout] INSERTING FLEX CONTAINER in layout_block: node=NodeKey(11466447225773621295), inline_size=36, is_measurement=true
[2026-01-11T20:04:39Z ERROR css_core::box_tree::constraint_block_layout] layout_block ENTRY: node=NodeKey(11466447225773621298)
[2026-01-11T20:04:39Z ERROR css_core::box_tree::constraint_block_layout] Checking flex: node=NodeKey(11466447225773621298), display=Flex
[2026-01-11T20:04:39Z ERROR css_core::box_tree::constraint_block_layout] IS FLEX!
[2026-01-11T20:04:39Z ERROR css_core::box_tree::constraint_block_layout::flex_layout] layout_flex: node=NodeKey(11466447225773621298), children.len()=1
[2026-01-11T20:04:39Z ERROR css_core::box_tree::constraint_block_layout::flex_layout] layout_flex: node=NodeKey(11466447225773621298), flex_items.len()=1
[2026-01-11T20:04:39Z ERROR css_core::box_tree::constraint_block_layout::text] INSERTING TEXT RESULT: text='2', inline_size=7.786133, block_size=16, single_line_height=16, glyph_height=16, is_for_measurement_only=false
[2026-01-11T20:04:39Z ERROR css_core::box_tree::constraint_block_layout] INSERTING FLEX CONTAINER in layout_block: node=NodeKey(11466447225773621298), inline_size=36, is_measurement=true
[2026-01-11T20:04:39Z ERROR css_core::box_tree::constraint_block_layout] layout_block ENTRY: node=NodeKey(11466447225773621301)
[2026-01-11T20:04:39Z ERROR css_core::box_tree::constraint_block_layout] Checking flex: node=NodeKey(11466447225773621301), display=Flex
[2026-01-11T20:04:39Z ERROR css_core::box_tree::constraint_block_layout] IS FLEX!
[2026-01-11T20:04:39Z ERROR css_core::box_tree::constraint_block_layout::flex_layout] layout_flex: node=NodeKey(11466447225773621301), children.len()=1
[2026-01-11T20:04:39Z ERROR css_core::box_tree::constraint_block_layout::flex_layout] layout_flex: node=NodeKey(11466447225773621301), flex_items.len()=1
[2026-01-11T20:04:39Z ERROR css_core::box_tree::constraint_block_layout::text] INSERTING TEXT RESULT: text='3', inline_size=7.786133, block_size=16, single_line_height=16, glyph_height=16, is_for_measurement_only=false
[2026-01-11T20:04:39Z ERROR css_core::box_tree::constraint_block_layout] INSERTING FLEX CONTAINER in layout_block: node=NodeKey(11466447225773621301), inline_size=36, is_measurement=true
[2026-01-11T20:04:39Z ERROR css_core::box_tree::constraint_block_layout] layout_block ENTRY: node=NodeKey(11466447225773621304)
[2026-01-11T20:04:39Z ERROR css_core::box_tree::constraint_block_layout] Checking flex: node=NodeKey(11466447225773621304), display=Flex
[2026-01-11T20:04:39Z ERROR css_core::box_tree::constraint_block_layout] IS FLEX!
[2026-01-11T20:04:39Z ERROR css_core::box_tree::constraint_block_layout::flex_layout] layout_flex: node=NodeKey(11466447225773621304), children.len()=1
[2026-01-11T20:04:39Z ERROR css_core::box_tree::constraint_block_layout::flex_layout] layout_flex: node=NodeKey(11466447225773621304), flex_items.len()=1
[2026-01-11T20:04:39Z ERROR css_core::box_tree::constraint_block_layout] INSERTING FLEX CONTAINER in layout_block: node=NodeKey(11466447225773621304), inline_size=36, is_measurement=true
[2026-01-11T20:04:39Z ERROR css_core::box_tree::constraint_block_layout] layout_block ENTRY: node=NodeKey(11466447225773621307)
[2026-01-11T20:04:39Z ERROR css_core::box_tree::constraint_block_layout] Checking flex: node=NodeKey(11466447225773621307), display=Flex
[2026-01-11T20:04:39Z ERROR css_core::box_tree::constraint_block_layout] IS FLEX!
[2026-01-11T20:04:39Z ERROR css_core::box_tree::constraint_block_layout::flex_layout] layout_flex: node=NodeKey(11466447225773621307), children.len()=1
[2026-01-11T20:04:39Z ERROR css_core::box_tree::constraint_block_layout::flex_layout] layout_flex: node=NodeKey(11466447225773621307), flex_items.len()=1
[2026-01-11T20:04:39Z ERROR css_core::box_tree::constraint_block_layout] INSERTING FLEX CONTAINER in layout_block: node=NodeKey(11466447225773621307), inline_size=36, is_measurement=true
[2026-01-11T20:04:39Z ERROR css_core::box_tree::constraint_block_layout] layout_block ENTRY: node=NodeKey(11466447225773621310)
[2026-01-11T20:04:39Z ERROR css_core::box_tree::constraint_block_layout] Checking flex: node=NodeKey(11466447225773621310), display=Flex
[2026-01-11T20:04:39Z ERROR css_core::box_tree::constraint_block_layout] IS FLEX!
[2026-01-11T20:04:39Z ERROR css_core::box_tree::constraint_block_layout::flex_layout] layout_flex: node=NodeKey(11466447225773621310), children.len()=1
[2026-01-11T20:04:39Z ERROR css_core::box_tree::constraint_block_layout::flex_layout] layout_flex: node=NodeKey(11466447225773621310), flex_items.len()=1
[2026-01-11T20:04:39Z ERROR css_core::box_tree::constraint_block_layout] INSERTING FLEX CONTAINER in layout_block: node=NodeKey(11466447225773621310), inline_size=36, is_measurement=true
[2026-01-11T20:04:39Z ERROR css_core::box_tree::constraint_block_layout::flex_layout] layout_flex: node=NodeKey(11466447225773621290), flex_items.len()=7
[2026-01-11T20:04:39Z ERROR css_core::box_tree::constraint_block_layout] layout_block ENTRY: node=NodeKey(11466447225773621292)
[2026-01-11T20:04:39Z ERROR css_core::box_tree::constraint_block_layout] Checking flex: node=NodeKey(11466447225773621292), display=Flex
[2026-01-11T20:04:39Z ERROR css_core::box_tree::constraint_block_layout] IS FLEX!
[2026-01-11T20:04:39Z ERROR css_core::box_tree::constraint_block_layout::flex_layout] layout_flex: node=NodeKey(11466447225773621292), children.len()=1
[2026-01-11T20:04:39Z ERROR css_core::box_tree::constraint_block_layout::flex_layout] layout_flex: node=NodeKey(11466447225773621292), flex_items.len()=1
[2026-01-11T20:04:39Z ERROR css_core::box_tree::constraint_block_layout] INSERTING FLEX CONTAINER in layout_block: node=NodeKey(11466447225773621292), inline_size=36, is_measurement=false
[2026-01-11T20:04:39Z ERROR css_core::box_tree::constraint_block_layout] layout_block ENTRY: node=NodeKey(11466447225773621295)
[2026-01-11T20:04:39Z ERROR css_core::box_tree::constraint_block_layout] Checking flex: node=NodeKey(11466447225773621295), display=Flex
[2026-01-11T20:04:39Z ERROR css_core::box_tree::constraint_block_layout] IS FLEX!
[2026-01-11T20:04:39Z ERROR css_core::box_tree::constraint_block_layout::flex_layout] layout_flex: node=NodeKey(11466447225773621295), children.len()=1
[2026-01-11T20:04:39Z ERROR css_core::box_tree::constraint_block_layout::flex_layout] layout_flex: node=NodeKey(11466447225773621295), flex_items.len()=1
[2026-01-11T20:04:39Z ERROR css_core::box_tree::constraint_block_layout::text] INSERTING TEXT RESULT: text='1', inline_size=7.786133, block_size=16, single_line_height=16, glyph_height=16, is_for_measurement_only=false
[2026-01-11T20:04:39Z ERROR css_core::box_tree::constraint_block_layout] INSERTING FLEX CONTAINER in layout_block: node=NodeKey(11466447225773621295), inline_size=36, is_measurement=false
[2026-01-11T20:04:39Z ERROR css_core::box_tree::constraint_block_layout] layout_block ENTRY: node=NodeKey(11466447225773621298)
[2026-01-11T20:04:39Z ERROR css_core::box_tree::constraint_block_layout] Checking flex: node=NodeKey(11466447225773621298), display=Flex
[2026-01-11T20:04:39Z ERROR css_core::box_tree::constraint_block_layout] IS FLEX!
[2026-01-11T20:04:39Z ERROR css_core::box_tree::constraint_block_layout::flex_layout] layout_flex: node=NodeKey(11466447225773621298), children.len()=1
[2026-01-11T20:04:39Z ERROR css_core::box_tree::constraint_block_layout::flex_layout] layout_flex: node=NodeKey(11466447225773621298), flex_items.len()=1
[2026-01-11T20:04:39Z ERROR css_core::box_tree::constraint_block_layout::text] INSERTING TEXT RESULT: text='2', inline_size=7.786133, block_size=16, single_line_height=16, glyph_height=16, is_for_measurement_only=false
[2026-01-11T20:04:39Z ERROR css_core::box_tree::constraint_block_layout] INSERTING FLEX CONTAINER in layout_block: node=NodeKey(11466447225773621298), inline_size=36, is_measurement=false
[2026-01-11T20:04:39Z ERROR css_core::box_tree::constraint_block_layout] layout_block ENTRY: node=NodeKey(11466447225773621301)
[2026-01-11T20:04:39Z ERROR css_core::box_tree::constraint_block_layout] Checking flex: node=NodeKey(11466447225773621301), display=Flex
[2026-01-11T20:04:39Z ERROR css_core::box_tree::constraint_block_layout] IS FLEX!
[2026-01-11T20:04:39Z ERROR css_core::box_tree::constraint_block_layout::flex_layout] layout_flex: node=NodeKey(11466447225773621301), children.len()=1
[2026-01-11T20:04:39Z ERROR css_core::box_tree::constraint_block_layout::flex_layout] layout_flex: node=NodeKey(11466447225773621301), flex_items.len()=1
[2026-01-11T20:04:39Z ERROR css_core::box_tree::constraint_block_layout::text] INSERTING TEXT RESULT: text='3', inline_size=7.786133, block_size=16, single_line_height=16, glyph_height=16, is_for_measurement_only=false
[2026-01-11T20:04:39Z ERROR css_core::box_tree::constraint_block_layout] INSERTING FLEX CONTAINER in layout_block: node=NodeKey(11466447225773621301), inline_size=36, is_measurement=false
[2026-01-11T20:04:39Z ERROR css_core::box_tree::constraint_block_layout] layout_block ENTRY: node=NodeKey(11466447225773621304)
[2026-01-11T20:04:39Z ERROR css_core::box_tree::constraint_block_layout] Checking flex: node=NodeKey(11466447225773621304), display=Flex
[2026-01-11T20:04:39Z ERROR css_core::box_tree::constraint_block_layout] IS FLEX!
[2026-01-11T20:04:39Z ERROR css_core::box_tree::constraint_block_layout::flex_layout] layout_flex: node=NodeKey(11466447225773621304), children.len()=1
[2026-01-11T20:04:39Z ERROR css_core::box_tree::constraint_block_layout::flex_layout] layout_flex: node=NodeKey(11466447225773621304), flex_items.len()=1
[2026-01-11T20:04:39Z ERROR css_core::box_tree::constraint_block_layout] INSERTING FLEX CONTAINER in layout_block: node=NodeKey(11466447225773621304), inline_size=36, is_measurement=false
[2026-01-11T20:04:39Z ERROR css_core::box_tree::constraint_block_layout] layout_block ENTRY: node=NodeKey(11466447225773621307)
[2026-01-11T20:04:39Z ERROR css_core::box_tree::constraint_block_layout] Checking flex: node=NodeKey(11466447225773621307), display=Flex
[2026-01-11T20:04:39Z ERROR css_core::box_tree::constraint_block_layout] IS FLEX!
[2026-01-11T20:04:39Z ERROR css_core::box_tree::constraint_block_layout::flex_layout] layout_flex: node=NodeKey(11466447225773621307), children.len()=1
[2026-01-11T20:04:39Z ERROR css_core::box_tree::constraint_block_layout::flex_layout] layout_flex: node=NodeKey(11466447225773621307), flex_items.len()=1
[2026-01-11T20:04:39Z ERROR css_core::box_tree::constraint_block_layout] INSERTING FLEX CONTAINER in layout_block: node=NodeKey(11466447225773621307), inline_size=36, is_measurement=false
[2026-01-11T20:04:39Z ERROR css_core::box_tree::constraint_block_layout] layout_block ENTRY: node=NodeKey(11466447225773621310)
[2026-01-11T20:04:39Z ERROR css_core::box_tree::constraint_block_layout] Checking flex: node=NodeKey(11466447225773621310), display=Flex
[2026-01-11T20:04:39Z ERROR css_core::box_tree::constraint_block_layout] IS FLEX!
[2026-01-11T20:04:39Z ERROR css_core::box_tree::constraint_block_layout::flex_layout] layout_flex: node=NodeKey(11466447225773621310), children.len()=1
[2026-01-11T20:04:39Z ERROR css_core::box_tree::constraint_block_layout::flex_layout] layout_flex: node=NodeKey(11466447225773621310), flex_items.len()=1
[2026-01-11T20:04:39Z ERROR css_core::box_tree::constraint_block_layout] INSERTING FLEX CONTAINER in layout_block: node=NodeKey(11466447225773621310), inline_size=36, is_measurement=false
[2026-01-11T20:04:39Z ERROR css_core::box_tree::constraint_block_layout] INSERTING FLEX CONTAINER in layout_block: node=NodeKey(11466447225773621290), inline_size=768, is_measurement=true
[2026-01-11T20:04:39Z ERROR css_core::box_tree::constraint_block_layout] layout_block ENTRY: node=NodeKey(11466447225773621314)
[2026-01-11T20:04:39Z ERROR css_core::box_tree::constraint_block_layout] Checking flex: node=NodeKey(11466447225773621314), display=Flex
[2026-01-11T20:04:39Z ERROR css_core::box_tree::constraint_block_layout] IS FLEX!
[2026-01-11T20:04:39Z ERROR css_core::box_tree::constraint_block_layout::flex_layout] layout_flex: node=NodeKey(11466447225773621314), children.len()=11
[2026-01-11T20:04:39Z ERROR css_core::box_tree::constraint_block_layout] layout_block ENTRY: node=NodeKey(11466447225773621316)
[2026-01-11T20:04:39Z ERROR css_core::box_tree::constraint_block_layout] Checking flex: node=NodeKey(11466447225773621316), display=Flex
[2026-01-11T20:04:39Z ERROR css_core::box_tree::constraint_block_layout] IS FLEX!
[2026-01-11T20:04:39Z ERROR css_core::box_tree::constraint_block_layout::flex_layout] layout_flex: node=NodeKey(11466447225773621316), children.len()=1
[2026-01-11T20:04:39Z ERROR css_core::box_tree::constraint_block_layout::flex_layout] layout_flex: node=NodeKey(11466447225773621316), flex_items.len()=1
[2026-01-11T20:04:39Z ERROR css_core::box_tree::constraint_block_layout] INSERTING FLEX CONTAINER in layout_block: node=NodeKey(11466447225773621316), inline_size=36, is_measurement=true
[2026-01-11T20:04:39Z ERROR css_core::box_tree::constraint_block_layout] layout_block ENTRY: node=NodeKey(11466447225773621319)
[2026-01-11T20:04:39Z ERROR css_core::box_tree::constraint_block_layout] Checking flex: node=NodeKey(11466447225773621319), display=Flex
[2026-01-11T20:04:39Z ERROR css_core::box_tree::constraint_block_layout] IS FLEX!
[2026-01-11T20:04:39Z ERROR css_core::box_tree::constraint_block_layout::flex_layout] layout_flex: node=NodeKey(11466447225773621319), children.len()=1
[2026-01-11T20:04:39Z ERROR css_core::box_tree::constraint_block_layout::flex_layout] layout_flex: node=NodeKey(11466447225773621319), flex_items.len()=1
[2026-01-11T20:04:39Z ERROR css_core::box_tree::constraint_block_layout::text] INSERTING TEXT RESULT: text='1', inline_size=7.786133, block_size=16, single_line_height=16, glyph_height=16, is_for_measurement_only=false
[2026-01-11T20:04:39Z ERROR css_core::box_tree::constraint_block_layout] INSERTING FLEX CONTAINER in layout_block: node=NodeKey(11466447225773621319), inline_size=36, is_measurement=true
[2026-01-11T20:04:39Z ERROR css_core::box_tree::constraint_block_layout] layout_block ENTRY: node=NodeKey(11466447225773621322)
[2026-01-11T20:04:39Z ERROR css_core::box_tree::constraint_block_layout] Checking flex: node=NodeKey(11466447225773621322), display=Flex
[2026-01-11T20:04:39Z ERROR css_core::box_tree::constraint_block_layout] IS FLEX!
[2026-01-11T20:04:39Z ERROR css_core::box_tree::constraint_block_layout::flex_layout] layout_flex: node=NodeKey(11466447225773621322), children.len()=1
[2026-01-11T20:04:39Z ERROR css_core::box_tree::constraint_block_layout::flex_layout] layout_flex: node=NodeKey(11466447225773621322), flex_items.len()=1
[2026-01-11T20:04:39Z ERROR css_core::box_tree::constraint_block_layout::text] INSERTING TEXT RESULT: text='2', inline_size=7.786133, block_size=16, single_line_height=16, glyph_height=16, is_for_measurement_only=false
[2026-01-11T20:04:39Z ERROR css_core::box_tree::constraint_block_layout] INSERTING FLEX CONTAINER in layout_block: node=NodeKey(11466447225773621322), inline_size=36, is_measurement=true
[2026-01-11T20:04:39Z ERROR css_core::box_tree::constraint_block_layout] layout_block ENTRY: node=NodeKey(11466447225773621325)
[2026-01-11T20:04:39Z ERROR css_core::box_tree::constraint_block_layout] Checking flex: node=NodeKey(11466447225773621325), display=Flex
[2026-01-11T20:04:39Z ERROR css_core::box_tree::constraint_block_layout] IS FLEX!
[2026-01-11T20:04:39Z ERROR css_core::box_tree::constraint_block_layout::flex_layout] layout_flex: node=NodeKey(11466447225773621325), children.len()=1
[2026-01-11T20:04:39Z ERROR css_core::box_tree::constraint_block_layout::flex_layout] layout_flex: node=NodeKey(11466447225773621325), flex_items.len()=1
[2026-01-11T20:04:39Z ERROR css_core::box_tree::constraint_block_layout::text] INSERTING TEXT RESULT: text='3', inline_size=7.786133, block_size=16, single_line_height=16, glyph_height=16, is_for_measurement_only=false
[2026-01-11T20:04:39Z ERROR css_core::box_tree::constraint_block_layout] INSERTING FLEX CONTAINER in layout_block: node=NodeKey(11466447225773621325), inline_size=36, is_measurement=true
[2026-01-11T20:04:39Z ERROR css_core::box_tree::constraint_block_layout] layout_block ENTRY: node=NodeKey(11466447225773621328)
[2026-01-11T20:04:39Z ERROR css_core::box_tree::constraint_block_layout] Checking flex: node=NodeKey(11466447225773621328), display=Flex
[2026-01-11T20:04:39Z ERROR css_core::box_tree::constraint_block_layout] IS FLEX!
[2026-01-11T20:04:39Z ERROR css_core::box_tree::constraint_block_layout::flex_layout] layout_flex: node=NodeKey(11466447225773621328), children.len()=1
[2026-01-11T20:04:39Z ERROR css_core::box_tree::constraint_block_layout::flex_layout] layout_flex: node=NodeKey(11466447225773621328), flex_items.len()=1
[2026-01-11T20:04:39Z ERROR css_core::box_tree::constraint_block_layout] INSERTING FLEX CONTAINER in layout_block: node=NodeKey(11466447225773621328), inline_size=36, is_measurement=true
[2026-01-11T20:04:39Z ERROR css_core::box_tree::constraint_block_layout::flex_layout] layout_flex: node=NodeKey(11466447225773621314), flex_items.len()=5
[2026-01-11T20:04:39Z ERROR css_core::box_tree::constraint_block_layout] layout_block ENTRY: node=NodeKey(11466447225773621316)
[2026-01-11T20:04:39Z ERROR css_core::box_tree::constraint_block_layout] Checking flex: node=NodeKey(11466447225773621316), display=Flex
[2026-01-11T20:04:39Z ERROR css_core::box_tree::constraint_block_layout] IS FLEX!
[2026-01-11T20:04:39Z ERROR css_core::box_tree::constraint_block_layout::flex_layout] layout_flex: node=NodeKey(11466447225773621316), children.len()=1
[2026-01-11T20:04:39Z ERROR css_core::box_tree::constraint_block_layout::flex_layout] layout_flex: node=NodeKey(11466447225773621316), flex_items.len()=1
[2026-01-11T20:04:39Z ERROR css_core::box_tree::constraint_block_layout] INSERTING FLEX CONTAINER in layout_block: node=NodeKey(11466447225773621316), inline_size=38, is_measurement=false
[2026-01-11T20:04:39Z ERROR css_core::box_tree::constraint_block_layout] layout_block ENTRY: node=NodeKey(11466447225773621319)
[2026-01-11T20:04:39Z ERROR css_core::box_tree::constraint_block_layout] Checking flex: node=NodeKey(11466447225773621319), display=Flex
[2026-01-11T20:04:39Z ERROR css_core::box_tree::constraint_block_layout] IS FLEX!
[2026-01-11T20:04:39Z ERROR css_core::box_tree::constraint_block_layout::flex_layout] layout_flex: node=NodeKey(11466447225773621319), children.len()=1
[2026-01-11T20:04:39Z ERROR css_core::box_tree::constraint_block_layout::flex_layout] layout_flex: node=NodeKey(11466447225773621319), flex_items.len()=1
[2026-01-11T20:04:39Z ERROR css_core::box_tree::constraint_block_layout::text] INSERTING TEXT RESULT: text='1', inline_size=7.786133, block_size=16, single_line_height=16, glyph_height=16, is_for_measurement_only=false
[2026-01-11T20:04:39Z ERROR css_core::box_tree::constraint_block_layout] INSERTING FLEX CONTAINER in layout_block: node=NodeKey(11466447225773621319), inline_size=38, is_measurement=false
[2026-01-11T20:04:39Z ERROR css_core::box_tree::constraint_block_layout] layout_block ENTRY: node=NodeKey(11466447225773621322)
[2026-01-11T20:04:39Z ERROR css_core::box_tree::constraint_block_layout] Checking flex: node=NodeKey(11466447225773621322), display=Flex
[2026-01-11T20:04:39Z ERROR css_core::box_tree::constraint_block_layout] IS FLEX!
[2026-01-11T20:04:39Z ERROR css_core::box_tree::constraint_block_layout::flex_layout] layout_flex: node=NodeKey(11466447225773621322), children.len()=1
[2026-01-11T20:04:39Z ERROR css_core::box_tree::constraint_block_layout::flex_layout] layout_flex: node=NodeKey(11466447225773621322), flex_items.len()=1
[2026-01-11T20:04:39Z ERROR css_core::box_tree::constraint_block_layout::text] INSERTING TEXT RESULT: text='2', inline_size=7.786133, block_size=16, single_line_height=16, glyph_height=16, is_for_measurement_only=false
[2026-01-11T20:04:39Z ERROR css_core::box_tree::constraint_block_layout] INSERTING FLEX CONTAINER in layout_block: node=NodeKey(11466447225773621322), inline_size=38, is_measurement=false
[2026-01-11T20:04:39Z ERROR css_core::box_tree::constraint_block_layout] layout_block ENTRY: node=NodeKey(11466447225773621325)
[2026-01-11T20:04:39Z ERROR css_core::box_tree::constraint_block_layout] Checking flex: node=NodeKey(11466447225773621325), display=Flex
[2026-01-11T20:04:39Z ERROR css_core::box_tree::constraint_block_layout] IS FLEX!
[2026-01-11T20:04:39Z ERROR css_core::box_tree::constraint_block_layout::flex_layout] layout_flex: node=NodeKey(11466447225773621325), children.len()=1
[2026-01-11T20:04:39Z ERROR css_core::box_tree::constraint_block_layout::flex_layout] layout_flex: node=NodeKey(11466447225773621325), flex_items.len()=1
[2026-01-11T20:04:39Z ERROR css_core::box_tree::constraint_block_layout::text] INSERTING TEXT RESULT: text='3', inline_size=7.786133, block_size=16, single_line_height=16, glyph_height=16, is_for_measurement_only=false
[2026-01-11T20:04:39Z ERROR css_core::box_tree::constraint_block_layout] INSERTING FLEX CONTAINER in layout_block: node=NodeKey(11466447225773621325), inline_size=38, is_measurement=false
[2026-01-11T20:04:39Z ERROR css_core::box_tree::constraint_block_layout] layout_block ENTRY: node=NodeKey(11466447225773621328)
[2026-01-11T20:04:39Z ERROR css_core::box_tree::constraint_block_layout] Checking flex: node=NodeKey(11466447225773621328), display=Flex
[2026-01-11T20:04:39Z ERROR css_core::box_tree::constraint_block_layout] IS FLEX!
[2026-01-11T20:04:39Z ERROR css_core::box_tree::constraint_block_layout::flex_layout] layout_flex: node=NodeKey(11466447225773621328), children.len()=1
[2026-01-11T20:04:39Z ERROR css_core::box_tree::constraint_block_layout::flex_layout] layout_flex: node=NodeKey(11466447225773621328), flex_items.len()=1
[2026-01-11T20:04:39Z ERROR css_core::box_tree::constraint_block_layout] INSERTING FLEX CONTAINER in layout_block: node=NodeKey(11466447225773621328), inline_size=38, is_measurement=false
[2026-01-11T20:04:39Z ERROR css_core::box_tree::constraint_block_layout] INSERTING FLEX CONTAINER in layout_block: node=NodeKey(11466447225773621314), inline_size=768, is_measurement=true
[2026-01-11T20:04:39Z ERROR css_core::box_tree::constraint_block_layout::flex_layout] layout_flex: node=NodeKey(11466447225773621264), flex_items.len()=3
[2026-01-11T20:04:39Z ERROR css_core::box_tree::constraint_block_layout] layout_block ENTRY: node=NodeKey(11466447225773621266)
[2026-01-11T20:04:39Z ERROR css_core::box_tree::constraint_block_layout] Checking flex: node=NodeKey(11466447225773621266), display=Flex
[2026-01-11T20:04:39Z ERROR css_core::box_tree::constraint_block_layout] IS FLEX!
[2026-01-11T20:04:39Z ERROR css_core::box_tree::constraint_block_layout::flex_layout] layout_flex: node=NodeKey(11466447225773621266), children.len()=15
[2026-01-11T20:04:39Z ERROR css_core::box_tree::constraint_block_layout] layout_block ENTRY: node=NodeKey(11466447225773621268)
[2026-01-11T20:04:39Z ERROR css_core::box_tree::constraint_block_layout] Checking flex: node=NodeKey(11466447225773621268), display=Flex
[2026-01-11T20:04:39Z ERROR css_core::box_tree::constraint_block_layout] IS FLEX!
[2026-01-11T20:04:39Z ERROR css_core::box_tree::constraint_block_layout::flex_layout] layout_flex: node=NodeKey(11466447225773621268), children.len()=1
[2026-01-11T20:04:39Z ERROR css_core::box_tree::constraint_block_layout::flex_layout] layout_flex: node=NodeKey(11466447225773621268), flex_items.len()=1
[2026-01-11T20:04:39Z ERROR css_core::box_tree::constraint_block_layout] INSERTING FLEX CONTAINER in layout_block: node=NodeKey(11466447225773621268), inline_size=36, is_measurement=true
[2026-01-11T20:04:39Z ERROR css_core::box_tree::constraint_block_layout] layout_block ENTRY: node=NodeKey(11466447225773621271)
[2026-01-11T20:04:39Z ERROR css_core::box_tree::constraint_block_layout] Checking flex: node=NodeKey(11466447225773621271), display=Flex
[2026-01-11T20:04:39Z ERROR css_core::box_tree::constraint_block_layout] IS FLEX!
[2026-01-11T20:04:39Z ERROR css_core::box_tree::constraint_block_layout::flex_layout] layout_flex: node=NodeKey(11466447225773621271), children.len()=1
[2026-01-11T20:04:39Z ERROR css_core::box_tree::constraint_block_layout::flex_layout] layout_flex: node=NodeKey(11466447225773621271), flex_items.len()=1
[2026-01-11T20:04:39Z ERROR css_core::box_tree::constraint_block_layout::text] INSERTING TEXT RESULT: text='1', inline_size=7.786133, block_size=16, single_line_height=16, glyph_height=16, is_for_measurement_only=false
[2026-01-11T20:04:39Z ERROR css_core::box_tree::constraint_block_layout] INSERTING FLEX CONTAINER in layout_block: node=NodeKey(11466447225773621271), inline_size=36, is_measurement=true
[2026-01-11T20:04:39Z ERROR css_core::box_tree::constraint_block_layout] layout_block ENTRY: node=NodeKey(11466447225773621274)
[2026-01-11T20:04:39Z ERROR css_core::box_tree::constraint_block_layout] Checking flex: node=NodeKey(11466447225773621274), display=Flex
[2026-01-11T20:04:39Z ERROR css_core::box_tree::constraint_block_layout] IS FLEX!
[2026-01-11T20:04:39Z ERROR css_core::box_tree::constraint_block_layout::flex_layout] layout_flex: node=NodeKey(11466447225773621274), children.len()=1
[2026-01-11T20:04:39Z ERROR css_core::box_tree::constraint_block_layout::flex_layout] layout_flex: node=NodeKey(11466447225773621274), flex_items.len()=1
[2026-01-11T20:04:39Z ERROR css_core::box_tree::constraint_block_layout::text] INSERTING TEXT RESULT: text='2', inline_size=7.786133, block_size=16, single_line_height=16, glyph_height=16, is_for_measurement_only=false
[2026-01-11T20:04:39Z ERROR css_core::box_tree::constraint_block_layout] INSERTING FLEX CONTAINER in layout_block: node=NodeKey(11466447225773621274), inline_size=36, is_measurement=true
[2026-01-11T20:04:39Z ERROR css_core::box_tree::constraint_block_layout] layout_block ENTRY: node=NodeKey(11466447225773621277)
[2026-01-11T20:04:39Z ERROR css_core::box_tree::constraint_block_layout] Checking flex: node=NodeKey(11466447225773621277), display=Flex
[2026-01-11T20:04:39Z ERROR css_core::box_tree::constraint_block_layout] IS FLEX!
[2026-01-11T20:04:39Z ERROR css_core::box_tree::constraint_block_layout::flex_layout] layout_flex: node=NodeKey(11466447225773621277), children.len()=1
[2026-01-11T20:04:39Z ERROR css_core::box_tree::constraint_block_layout::flex_layout] layout_flex: node=NodeKey(11466447225773621277), flex_items.len()=1
[2026-01-11T20:04:39Z ERROR css_core::box_tree::constraint_block_layout::text] INSERTING TEXT RESULT: text='3', inline_size=7.786133, block_size=16, single_line_height=16, glyph_height=16, is_for_measurement_only=false
[2026-01-11T20:04:39Z ERROR css_core::box_tree::constraint_block_layout] INSERTING FLEX CONTAINER in layout_block: node=NodeKey(11466447225773621277), inline_size=36, is_measurement=true
[2026-01-11T20:04:39Z ERROR css_core::box_tree::constraint_block_layout] layout_block ENTRY: node=NodeKey(11466447225773621280)
[2026-01-11T20:04:39Z ERROR css_core::box_tree::constraint_block_layout] Checking flex: node=NodeKey(11466447225773621280), display=Flex
[2026-01-11T20:04:39Z ERROR css_core::box_tree::constraint_block_layout] IS FLEX!
[2026-01-11T20:04:39Z ERROR css_core::box_tree::constraint_block_layout::flex_layout] layout_flex: node=NodeKey(11466447225773621280), children.len()=1
[2026-01-11T20:04:39Z ERROR css_core::box_tree::constraint_block_layout::flex_layout] layout_flex: node=NodeKey(11466447225773621280), flex_items.len()=1
[2026-01-11T20:04:39Z ERROR css_core::box_tree::constraint_block_layout] INSERTING FLEX CONTAINER in layout_block: node=NodeKey(11466447225773621280), inline_size=36, is_measurement=true
[2026-01-11T20:04:39Z ERROR css_core::box_tree::constraint_block_layout] layout_block ENTRY: node=NodeKey(11466447225773621283)
[2026-01-11T20:04:39Z ERROR css_core::box_tree::constraint_block_layout] Checking flex: node=NodeKey(11466447225773621283), display=Flex
[2026-01-11T20:04:39Z ERROR css_core::box_tree::constraint_block_layout] IS FLEX!
[2026-01-11T20:04:39Z ERROR css_core::box_tree::constraint_block_layout::flex_layout] layout_flex: node=NodeKey(11466447225773621283), children.len()=1
[2026-01-11T20:04:39Z ERROR css_core::box_tree::constraint_block_layout::flex_layout] layout_flex: node=NodeKey(11466447225773621283), flex_items.len()=1
[2026-01-11T20:04:39Z ERROR css_core::box_tree::constraint_block_layout] INSERTING FLEX CONTAINER in layout_block: node=NodeKey(11466447225773621283), inline_size=36, is_measurement=true
[2026-01-11T20:04:39Z ERROR css_core::box_tree::constraint_block_layout] layout_block ENTRY: node=NodeKey(11466447225773621286)
[2026-01-11T20:04:39Z ERROR css_core::box_tree::constraint_block_layout] Checking flex: node=NodeKey(11466447225773621286), display=Flex
[2026-01-11T20:04:39Z ERROR css_core::box_tree::constraint_block_layout] IS FLEX!
[2026-01-11T20:04:39Z ERROR css_core::box_tree::constraint_block_layout::flex_layout] layout_flex: node=NodeKey(11466447225773621286), children.len()=1
[2026-01-11T20:04:39Z ERROR css_core::box_tree::constraint_block_layout::flex_layout] layout_flex: node=NodeKey(11466447225773621286), flex_items.len()=1
[2026-01-11T20:04:39Z ERROR css_core::box_tree::constraint_block_layout] INSERTING FLEX CONTAINER in layout_block: node=NodeKey(11466447225773621286), inline_size=36, is_measurement=true
[2026-01-11T20:04:39Z ERROR css_core::box_tree::constraint_block_layout::flex_layout] layout_flex: node=NodeKey(11466447225773621266), flex_items.len()=7
[2026-01-11T20:04:39Z ERROR css_core::box_tree::constraint_block_layout] layout_block ENTRY: node=NodeKey(11466447225773621268)
[2026-01-11T20:04:39Z ERROR css_core::box_tree::constraint_block_layout] Checking flex: node=NodeKey(11466447225773621268), display=Flex
[2026-01-11T20:04:39Z ERROR css_core::box_tree::constraint_block_layout] IS FLEX!
[2026-01-11T20:04:39Z ERROR css_core::box_tree::constraint_block_layout::flex_layout] layout_flex: node=NodeKey(11466447225773621268), children.len()=1
[2026-01-11T20:04:39Z ERROR css_core::box_tree::constraint_block_layout::flex_layout] layout_flex: node=NodeKey(11466447225773621268), flex_items.len()=1
[2026-01-11T20:04:39Z ERROR css_core::box_tree::constraint_block_layout] INSERTING FLEX CONTAINER in layout_block: node=NodeKey(11466447225773621268), inline_size=38, is_measurement=false
[2026-01-11T20:04:39Z ERROR css_core::box_tree::constraint_block_layout] layout_block ENTRY: node=NodeKey(11466447225773621271)
[2026-01-11T20:04:39Z ERROR css_core::box_tree::constraint_block_layout] Checking flex: node=NodeKey(11466447225773621271), display=Flex
[2026-01-11T20:04:39Z ERROR css_core::box_tree::constraint_block_layout] IS FLEX!
[2026-01-11T20:04:39Z ERROR css_core::box_tree::constraint_block_layout::flex_layout] layout_flex: node=NodeKey(11466447225773621271), children.len()=1
[2026-01-11T20:04:39Z ERROR css_core::box_tree::constraint_block_layout::flex_layout] layout_flex: node=NodeKey(11466447225773621271), flex_items.len()=1
[2026-01-11T20:04:39Z ERROR css_core::box_tree::constraint_block_layout::text] INSERTING TEXT RESULT: text='1', inline_size=7.786133, block_size=16, single_line_height=16, glyph_height=16, is_for_measurement_only=false
[2026-01-11T20:04:39Z ERROR css_core::box_tree::constraint_block_layout] INSERTING FLEX CONTAINER in layout_block: node=NodeKey(11466447225773621271), inline_size=38, is_measurement=false
[2026-01-11T20:04:39Z ERROR css_core::box_tree::constraint_block_layout] layout_block ENTRY: node=NodeKey(11466447225773621274)
[2026-01-11T20:04:39Z ERROR css_core::box_tree::constraint_block_layout] Checking flex: node=NodeKey(11466447225773621274), display=Flex
[2026-01-11T20:04:39Z ERROR css_core::box_tree::constraint_block_layout] IS FLEX!
[2026-01-11T20:04:39Z ERROR css_core::box_tree::constraint_block_layout::flex_layout] layout_flex: node=NodeKey(11466447225773621274), children.len()=1
[2026-01-11T20:04:39Z ERROR css_core::box_tree::constraint_block_layout::flex_layout] layout_flex: node=NodeKey(11466447225773621274), flex_items.len()=1
[2026-01-11T20:04:39Z ERROR css_core::box_tree::constraint_block_layout::text] INSERTING TEXT RESULT: text='2', inline_size=7.786133, block_size=16, single_line_height=16, glyph_height=16, is_for_measurement_only=false
[2026-01-11T20:04:39Z ERROR css_core::box_tree::constraint_block_layout] INSERTING FLEX CONTAINER in layout_block: node=NodeKey(11466447225773621274), inline_size=38, is_measurement=false
[2026-01-11T20:04:39Z ERROR css_core::box_tree::constraint_block_layout] layout_block ENTRY: node=NodeKey(11466447225773621277)
[2026-01-11T20:04:39Z ERROR css_core::box_tree::constraint_block_layout] Checking flex: node=NodeKey(11466447225773621277), display=Flex
[2026-01-11T20:04:39Z ERROR css_core::box_tree::constraint_block_layout] IS FLEX!
[2026-01-11T20:04:39Z ERROR css_core::box_tree::constraint_block_layout::flex_layout] layout_flex: node=NodeKey(11466447225773621277), children.len()=1
[2026-01-11T20:04:39Z ERROR css_core::box_tree::constraint_block_layout::flex_layout] layout_flex: node=NodeKey(11466447225773621277), flex_items.len()=1
[2026-01-11T20:04:39Z ERROR css_core::box_tree::constraint_block_layout::text] INSERTING TEXT RESULT: text='3', inline_size=7.786133, block_size=16, single_line_height=16, glyph_height=16, is_for_measurement_only=false
[2026-01-11T20:04:39Z ERROR css_core::box_tree::constraint_block_layout] INSERTING FLEX CONTAINER in layout_block: node=NodeKey(11466447225773621277), inline_size=38, is_measurement=false
[2026-01-11T20:04:39Z ERROR css_core::box_tree::constraint_block_layout] layout_block ENTRY: node=NodeKey(11466447225773621280)
[2026-01-11T20:04:39Z ERROR css_core::box_tree::constraint_block_layout] Checking flex: node=NodeKey(11466447225773621280), display=Flex
[2026-01-11T20:04:39Z ERROR css_core::box_tree::constraint_block_layout] IS FLEX!
[2026-01-11T20:04:39Z ERROR css_core::box_tree::constraint_block_layout::flex_layout] layout_flex: node=NodeKey(11466447225773621280), children.len()=1
[2026-01-11T20:04:39Z ERROR css_core::box_tree::constraint_block_layout::flex_layout] layout_flex: node=NodeKey(11466447225773621280), flex_items.len()=1
[2026-01-11T20:04:39Z ERROR css_core::box_tree::constraint_block_layout] INSERTING FLEX CONTAINER in layout_block: node=NodeKey(11466447225773621280), inline_size=38, is_measurement=false
[2026-01-11T20:04:39Z ERROR css_core::box_tree::constraint_block_layout] layout_block ENTRY: node=NodeKey(11466447225773621283)
[2026-01-11T20:04:39Z ERROR css_core::box_tree::constraint_block_layout] Checking flex: node=NodeKey(11466447225773621283), display=Flex
[2026-01-11T20:04:39Z ERROR css_core::box_tree::constraint_block_layout] IS FLEX!
[2026-01-11T20:04:39Z ERROR css_core::box_tree::constraint_block_layout::flex_layout] layout_flex: node=NodeKey(11466447225773621283), children.len()=1
[2026-01-11T20:04:39Z ERROR css_core::box_tree::constraint_block_layout::flex_layout] layout_flex: node=NodeKey(11466447225773621283), flex_items.len()=1
[2026-01-11T20:04:39Z ERROR css_core::box_tree::constraint_block_layout] INSERTING FLEX CONTAINER in layout_block: node=NodeKey(11466447225773621283), inline_size=38, is_measurement=false
[2026-01-11T20:04:39Z ERROR css_core::box_tree::constraint_block_layout] layout_block ENTRY: node=NodeKey(11466447225773621286)
[2026-01-11T20:04:39Z ERROR css_core::box_tree::constraint_block_layout] Checking flex: node=NodeKey(11466447225773621286), display=Flex
[2026-01-11T20:04:39Z ERROR css_core::box_tree::constraint_block_layout] IS FLEX!
[2026-01-11T20:04:39Z ERROR css_core::box_tree::constraint_block_layout::flex_layout] layout_flex: node=NodeKey(11466447225773621286), children.len()=1
[2026-01-11T20:04:39Z ERROR css_core::box_tree::constraint_block_layout::flex_layout] layout_flex: node=NodeKey(11466447225773621286), flex_items.len()=1
[2026-01-11T20:04:39Z ERROR css_core::box_tree::constraint_block_layout] INSERTING FLEX CONTAINER in layout_block: node=NodeKey(11466447225773621286), inline_size=38, is_measurement=false
[2026-01-11T20:04:39Z ERROR css_core::box_tree::constraint_block_layout] INSERTING FLEX CONTAINER in layout_block: node=NodeKey(11466447225773621266), inline_size=768, is_measurement=false
[2026-01-11T20:04:39Z ERROR css_core::box_tree::constraint_block_layout] layout_block ENTRY: node=NodeKey(11466447225773621290)
[2026-01-11T20:04:39Z ERROR css_core::box_tree::constraint_block_layout] Checking flex: node=NodeKey(11466447225773621290), display=Flex
[2026-01-11T20:04:39Z ERROR css_core::box_tree::constraint_block_layout] IS FLEX!
[2026-01-11T20:04:39Z ERROR css_core::box_tree::constraint_block_layout::flex_layout] layout_flex: node=NodeKey(11466447225773621290), children.len()=15
[2026-01-11T20:04:39Z ERROR css_core::box_tree::constraint_block_layout] layout_block ENTRY: node=NodeKey(11466447225773621292)
[2026-01-11T20:04:39Z ERROR css_core::box_tree::constraint_block_layout] Checking flex: node=NodeKey(11466447225773621292), display=Flex
[2026-01-11T20:04:39Z ERROR css_core::box_tree::constraint_block_layout] IS FLEX!
[2026-01-11T20:04:39Z ERROR css_core::box_tree::constraint_block_layout::flex_layout] layout_flex: node=NodeKey(11466447225773621292), children.len()=1
[2026-01-11T20:04:39Z ERROR css_core::box_tree::constraint_block_layout::flex_layout] layout_flex: node=NodeKey(11466447225773621292), flex_items.len()=1
[2026-01-11T20:04:39Z ERROR css_core::box_tree::constraint_block_layout] INSERTING FLEX CONTAINER in layout_block: node=NodeKey(11466447225773621292), inline_size=36, is_measurement=true
[2026-01-11T20:04:39Z ERROR css_core::box_tree::constraint_block_layout] layout_block ENTRY: node=NodeKey(11466447225773621295)
[2026-01-11T20:04:39Z ERROR css_core::box_tree::constraint_block_layout] Checking flex: node=NodeKey(11466447225773621295), display=Flex
[2026-01-11T20:04:39Z ERROR css_core::box_tree::constraint_block_layout] IS FLEX!
[2026-01-11T20:04:39Z ERROR css_core::box_tree::constraint_block_layout::flex_layout] layout_flex: node=NodeKey(11466447225773621295), children.len()=1
[2026-01-11T20:04:39Z ERROR css_core::box_tree::constraint_block_layout::flex_layout] layout_flex: node=NodeKey(11466447225773621295), flex_items.len()=1
[2026-01-11T20:04:39Z ERROR css_core::box_tree::constraint_block_layout::text] INSERTING TEXT RESULT: text='1', inline_size=7.786133, block_size=16, single_line_height=16, glyph_height=16, is_for_measurement_only=false
[2026-01-11T20:04:39Z ERROR css_core::box_tree::constraint_block_layout] INSERTING FLEX CONTAINER in layout_block: node=NodeKey(11466447225773621295), inline_size=36, is_measurement=true
[2026-01-11T20:04:39Z ERROR css_core::box_tree::constraint_block_layout] layout_block ENTRY: node=NodeKey(11466447225773621298)
[2026-01-11T20:04:39Z ERROR css_core::box_tree::constraint_block_layout] Checking flex: node=NodeKey(11466447225773621298), display=Flex
[2026-01-11T20:04:39Z ERROR css_core::box_tree::constraint_block_layout] IS FLEX!
[2026-01-11T20:04:39Z ERROR css_core::box_tree::constraint_block_layout::flex_layout] layout_flex: node=NodeKey(11466447225773621298), children.len()=1
[2026-01-11T20:04:39Z ERROR css_core::box_tree::constraint_block_layout::flex_layout] layout_flex: node=NodeKey(11466447225773621298), flex_items.len()=1
[2026-01-11T20:04:39Z ERROR css_core::box_tree::constraint_block_layout::text] INSERTING TEXT RESULT: text='2', inline_size=7.786133, block_size=16, single_line_height=16, glyph_height=16, is_for_measurement_only=false
[2026-01-11T20:04:39Z ERROR css_core::box_tree::constraint_block_layout] INSERTING FLEX CONTAINER in layout_block: node=NodeKey(11466447225773621298), inline_size=36, is_measurement=true
[2026-01-11T20:04:39Z ERROR css_core::box_tree::constraint_block_layout] layout_block ENTRY: node=NodeKey(11466447225773621301)
[2026-01-11T20:04:39Z ERROR css_core::box_tree::constraint_block_layout] Checking flex: node=NodeKey(11466447225773621301), display=Flex
[2026-01-11T20:04:39Z ERROR css_core::box_tree::constraint_block_layout] IS FLEX!
[2026-01-11T20:04:39Z ERROR css_core::box_tree::constraint_block_layout::flex_layout] layout_flex: node=NodeKey(11466447225773621301), children.len()=1
[2026-01-11T20:04:39Z ERROR css_core::box_tree::constraint_block_layout::flex_layout] layout_flex: node=NodeKey(11466447225773621301), flex_items.len()=1
[2026-01-11T20:04:39Z ERROR css_core::box_tree::constraint_block_layout::text] INSERTING TEXT RESULT: text='3', inline_size=7.786133, block_size=16, single_line_height=16, glyph_height=16, is_for_measurement_only=false
[2026-01-11T20:04:39Z ERROR css_core::box_tree::constraint_block_layout] INSERTING FLEX CONTAINER in layout_block: node=NodeKey(11466447225773621301), inline_size=36, is_measurement=true
[2026-01-11T20:04:39Z ERROR css_core::box_tree::constraint_block_layout] layout_block ENTRY: node=NodeKey(11466447225773621304)
[2026-01-11T20:04:39Z ERROR css_core::box_tree::constraint_block_layout] Checking flex: node=NodeKey(11466447225773621304), display=Flex
[2026-01-11T20:04:39Z ERROR css_core::box_tree::constraint_block_layout] IS FLEX!
[2026-01-11T20:04:39Z ERROR css_core::box_tree::constraint_block_layout::flex_layout] layout_flex: node=NodeKey(11466447225773621304), children.len()=1
[2026-01-11T20:04:39Z ERROR css_core::box_tree::constraint_block_layout::flex_layout] layout_flex: node=NodeKey(11466447225773621304), flex_items.len()=1
[2026-01-11T20:04:39Z ERROR css_core::box_tree::constraint_block_layout] INSERTING FLEX CONTAINER in layout_block: node=NodeKey(11466447225773621304), inline_size=36, is_measurement=true
[2026-01-11T20:04:39Z ERROR css_core::box_tree::constraint_block_layout] layout_block ENTRY: node=NodeKey(11466447225773621307)
[2026-01-11T20:04:39Z ERROR css_core::box_tree::constraint_block_layout] Checking flex: node=NodeKey(11466447225773621307), display=Flex
[2026-01-11T20:04:39Z ERROR css_core::box_tree::constraint_block_layout] IS FLEX!
[2026-01-11T20:04:39Z ERROR css_core::box_tree::constraint_block_layout::flex_layout] layout_flex: node=NodeKey(11466447225773621307), children.len()=1
[2026-01-11T20:04:39Z ERROR css_core::box_tree::constraint_block_layout::flex_layout] layout_flex: node=NodeKey(11466447225773621307), flex_items.len()=1
[2026-01-11T20:04:39Z ERROR css_core::box_tree::constraint_block_layout] INSERTING FLEX CONTAINER in layout_block: node=NodeKey(11466447225773621307), inline_size=36, is_measurement=true
[2026-01-11T20:04:39Z ERROR css_core::box_tree::constraint_block_layout] layout_block ENTRY: node=NodeKey(11466447225773621310)
[2026-01-11T20:04:39Z ERROR css_core::box_tree::constraint_block_layout] Checking flex: node=NodeKey(11466447225773621310), display=Flex
[2026-01-11T20:04:39Z ERROR css_core::box_tree::constraint_block_layout] IS FLEX!
[2026-01-11T20:04:39Z ERROR css_core::box_tree::constraint_block_layout::flex_layout] layout_flex: node=NodeKey(11466447225773621310), children.len()=1
[2026-01-11T20:04:39Z ERROR css_core::box_tree::constraint_block_layout::flex_layout] layout_flex: node=NodeKey(11466447225773621310), flex_items.len()=1
[2026-01-11T20:04:39Z ERROR css_core::box_tree::constraint_block_layout] INSERTING FLEX CONTAINER in layout_block: node=NodeKey(11466447225773621310), inline_size=36, is_measurement=true
[2026-01-11T20:04:39Z ERROR css_core::box_tree::constraint_block_layout::flex_layout] layout_flex: node=NodeKey(11466447225773621290), flex_items.len()=7
[2026-01-11T20:04:39Z ERROR css_core::box_tree::constraint_block_layout] layout_block ENTRY: node=NodeKey(11466447225773621292)
[2026-01-11T20:04:39Z ERROR css_core::box_tree::constraint_block_layout] Checking flex: node=NodeKey(11466447225773621292), display=Flex
[2026-01-11T20:04:39Z ERROR css_core::box_tree::constraint_block_layout] IS FLEX!
[2026-01-11T20:04:39Z ERROR css_core::box_tree::constraint_block_layout::flex_layout] layout_flex: node=NodeKey(11466447225773621292), children.len()=1
[2026-01-11T20:04:39Z ERROR css_core::box_tree::constraint_block_layout::flex_layout] layout_flex: node=NodeKey(11466447225773621292), flex_items.len()=1
[2026-01-11T20:04:39Z ERROR css_core::box_tree::constraint_block_layout] INSERTING FLEX CONTAINER in layout_block: node=NodeKey(11466447225773621292), inline_size=36, is_measurement=false
[2026-01-11T20:04:39Z ERROR css_core::box_tree::constraint_block_layout] layout_block ENTRY: node=NodeKey(11466447225773621295)
[2026-01-11T20:04:39Z ERROR css_core::box_tree::constraint_block_layout] Checking flex: node=NodeKey(11466447225773621295), display=Flex
[2026-01-11T20:04:39Z ERROR css_core::box_tree::constraint_block_layout] IS FLEX!
[2026-01-11T20:04:39Z ERROR css_core::box_tree::constraint_block_layout::flex_layout] layout_flex: node=NodeKey(11466447225773621295), children.len()=1
[2026-01-11T20:04:39Z ERROR css_core::box_tree::constraint_block_layout::flex_layout] layout_flex: node=NodeKey(11466447225773621295), flex_items.len()=1
[2026-01-11T20:04:39Z ERROR css_core::box_tree::constraint_block_layout::text] INSERTING TEXT RESULT: text='1', inline_size=7.786133, block_size=16, single_line_height=16, glyph_height=16, is_for_measurement_only=false
[2026-01-11T20:04:39Z ERROR css_core::box_tree::constraint_block_layout] INSERTING FLEX CONTAINER in layout_block: node=NodeKey(11466447225773621295), inline_size=36, is_measurement=false
[2026-01-11T20:04:39Z ERROR css_core::box_tree::constraint_block_layout] layout_block ENTRY: node=NodeKey(11466447225773621298)
[2026-01-11T20:04:39Z ERROR css_core::box_tree::constraint_block_layout] Checking flex: node=NodeKey(11466447225773621298), display=Flex
[2026-01-11T20:04:39Z ERROR css_core::box_tree::constraint_block_layout] IS FLEX!
[2026-01-11T20:04:39Z ERROR css_core::box_tree::constraint_block_layout::flex_layout] layout_flex: node=NodeKey(11466447225773621298), children.len()=1
[2026-01-11T20:04:39Z ERROR css_core::box_tree::constraint_block_layout::flex_layout] layout_flex: node=NodeKey(11466447225773621298), flex_items.len()=1
[2026-01-11T20:04:39Z ERROR css_core::box_tree::constraint_block_layout::text] INSERTING TEXT RESULT: text='2', inline_size=7.786133, block_size=16, single_line_height=16, glyph_height=16, is_for_measurement_only=false
[2026-01-11T20:04:39Z ERROR css_core::box_tree::constraint_block_layout] INSERTING FLEX CONTAINER in layout_block: node=NodeKey(11466447225773621298), inline_size=36, is_measurement=false
[2026-01-11T20:04:39Z ERROR css_core::box_tree::constraint_block_layout] layout_block ENTRY: node=NodeKey(11466447225773621301)
[2026-01-11T20:04:39Z ERROR css_core::box_tree::constraint_block_layout] Checking flex: node=NodeKey(11466447225773621301), display=Flex
[2026-01-11T20:04:39Z ERROR css_core::box_tree::constraint_block_layout] IS FLEX!
[2026-01-11T20:04:39Z ERROR css_core::box_tree::constraint_block_layout::flex_layout] layout_flex: node=NodeKey(11466447225773621301), children.len()=1
[2026-01-11T20:04:39Z ERROR css_core::box_tree::constraint_block_layout::flex_layout] layout_flex: node=NodeKey(11466447225773621301), flex_items.len()=1
[2026-01-11T20:04:39Z ERROR css_core::box_tree::constraint_block_layout::text] INSERTING TEXT RESULT: text='3', inline_size=7.786133, block_size=16, single_line_height=16, glyph_height=16, is_for_measurement_only=false
[2026-01-11T20:04:39Z ERROR css_core::box_tree::constraint_block_layout] INSERTING FLEX CONTAINER in layout_block: node=NodeKey(11466447225773621301), inline_size=36, is_measurement=false
[2026-01-11T20:04:39Z ERROR css_core::box_tree::constraint_block_layout] layout_block ENTRY: node=NodeKey(11466447225773621304)
[2026-01-11T20:04:39Z ERROR css_core::box_tree::constraint_block_layout] Checking flex: node=NodeKey(11466447225773621304), display=Flex
[2026-01-11T20:04:39Z ERROR css_core::box_tree::constraint_block_layout] IS FLEX!
[2026-01-11T20:04:39Z ERROR css_core::box_tree::constraint_block_layout::flex_layout] layout_flex: node=NodeKey(11466447225773621304), children.len()=1
[2026-01-11T20:04:39Z ERROR css_core::box_tree::constraint_block_layout::flex_layout] layout_flex: node=NodeKey(11466447225773621304), flex_items.len()=1
[2026-01-11T20:04:39Z ERROR css_core::box_tree::constraint_block_layout] INSERTING FLEX CONTAINER in layout_block: node=NodeKey(11466447225773621304), inline_size=36, is_measurement=false
[2026-01-11T20:04:39Z ERROR css_core::box_tree::constraint_block_layout] layout_block ENTRY: node=NodeKey(11466447225773621307)
[2026-01-11T20:04:39Z ERROR css_core::box_tree::constraint_block_layout] Checking flex: node=NodeKey(11466447225773621307), display=Flex
[2026-01-11T20:04:39Z ERROR css_core::box_tree::constraint_block_layout] IS FLEX!
[2026-01-11T20:04:39Z ERROR css_core::box_tree::constraint_block_layout::flex_layout] layout_flex: node=NodeKey(11466447225773621307), children.len()=1
[2026-01-11T20:04:39Z ERROR css_core::box_tree::constraint_block_layout::flex_layout] layout_flex: node=NodeKey(11466447225773621307), flex_items.len()=1
[2026-01-11T20:04:39Z ERROR css_core::box_tree::constraint_block_layout] INSERTING FLEX CONTAINER in layout_block: node=NodeKey(11466447225773621307), inline_size=36, is_measurement=false
[2026-01-11T20:04:39Z ERROR css_core::box_tree::constraint_block_layout] layout_block ENTRY: node=NodeKey(11466447225773621310)
[2026-01-11T20:04:39Z ERROR css_core::box_tree::constraint_block_layout] Checking flex: node=NodeKey(11466447225773621310), display=Flex
[2026-01-11T20:04:39Z ERROR css_core::box_tree::constraint_block_layout] IS FLEX!
[2026-01-11T20:04:39Z ERROR css_core::box_tree::constraint_block_layout::flex_layout] layout_flex: node=NodeKey(11466447225773621310), children.len()=1
[2026-01-11T20:04:39Z ERROR css_core::box_tree::constraint_block_layout::flex_layout] layout_flex: node=NodeKey(11466447225773621310), flex_items.len()=1
[2026-01-11T20:04:39Z ERROR css_core::box_tree::constraint_block_layout] INSERTING FLEX CONTAINER in layout_block: node=NodeKey(11466447225773621310), inline_size=36, is_measurement=false
[2026-01-11T20:04:39Z ERROR css_core::box_tree::constraint_block_layout] INSERTING FLEX CONTAINER in layout_block: node=NodeKey(11466447225773621290), inline_size=768, is_measurement=false
[2026-01-11T20:04:39Z ERROR css_core::box_tree::constraint_block_layout] layout_block ENTRY: node=NodeKey(11466447225773621314)
[2026-01-11T20:04:39Z ERROR css_core::box_tree::constraint_block_layout] Checking flex: node=NodeKey(11466447225773621314), display=Flex
[2026-01-11T20:04:39Z ERROR css_core::box_tree::constraint_block_layout] IS FLEX!
[2026-01-11T20:04:39Z ERROR css_core::box_tree::constraint_block_layout::flex_layout] layout_flex: node=NodeKey(11466447225773621314), children.len()=11
[2026-01-11T20:04:39Z ERROR css_core::box_tree::constraint_block_layout] layout_block ENTRY: node=NodeKey(11466447225773621316)
[2026-01-11T20:04:39Z ERROR css_core::box_tree::constraint_block_layout] Checking flex: node=NodeKey(11466447225773621316), display=Flex
[2026-01-11T20:04:39Z ERROR css_core::box_tree::constraint_block_layout] IS FLEX!
[2026-01-11T20:04:39Z ERROR css_core::box_tree::constraint_block_layout::flex_layout] layout_flex: node=NodeKey(11466447225773621316), children.len()=1
[2026-01-11T20:04:39Z ERROR css_core::box_tree::constraint_block_layout::flex_layout] layout_flex: node=NodeKey(11466447225773621316), flex_items.len()=1
[2026-01-11T20:04:39Z ERROR css_core::box_tree::constraint_block_layout] INSERTING FLEX CONTAINER in layout_block: node=NodeKey(11466447225773621316), inline_size=36, is_measurement=true
[2026-01-11T20:04:39Z ERROR css_core::box_tree::constraint_block_layout] layout_block ENTRY: node=NodeKey(11466447225773621319)
[2026-01-11T20:04:39Z ERROR css_core::box_tree::constraint_block_layout] Checking flex: node=NodeKey(11466447225773621319), display=Flex
[2026-01-11T20:04:39Z ERROR css_core::box_tree::constraint_block_layout] IS FLEX!
[2026-01-11T20:04:39Z ERROR css_core::box_tree::constraint_block_layout::flex_layout] layout_flex: node=NodeKey(11466447225773621319), children.len()=1
[2026-01-11T20:04:39Z ERROR css_core::box_tree::constraint_block_layout::flex_layout] layout_flex: node=NodeKey(11466447225773621319), flex_items.len()=1
[2026-01-11T20:04:39Z ERROR css_core::box_tree::constraint_block_layout::text] INSERTING TEXT RESULT: text='1', inline_size=7.786133, block_size=16, single_line_height=16, glyph_height=16, is_for_measurement_only=false
[2026-01-11T20:04:39Z ERROR css_core::box_tree::constraint_block_layout] INSERTING FLEX CONTAINER in layout_block: node=NodeKey(11466447225773621319), inline_size=36, is_measurement=true
[2026-01-11T20:04:39Z ERROR css_core::box_tree::constraint_block_layout] layout_block ENTRY: node=NodeKey(11466447225773621322)
[2026-01-11T20:04:39Z ERROR css_core::box_tree::constraint_block_layout] Checking flex: node=NodeKey(11466447225773621322), display=Flex
[2026-01-11T20:04:39Z ERROR css_core::box_tree::constraint_block_layout] IS FLEX!
[2026-01-11T20:04:39Z ERROR css_core::box_tree::constraint_block_layout::flex_layout] layout_flex: node=NodeKey(11466447225773621322), children.len()=1
[2026-01-11T20:04:39Z ERROR css_core::box_tree::constraint_block_layout::flex_layout] layout_flex: node=NodeKey(11466447225773621322), flex_items.len()=1
[2026-01-11T20:04:39Z ERROR css_core::box_tree::constraint_block_layout::text] INSERTING TEXT RESULT: text='2', inline_size=7.786133, block_size=16, single_line_height=16, glyph_height=16, is_for_measurement_only=false
[2026-01-11T20:04:39Z ERROR css_core::box_tree::constraint_block_layout] INSERTING FLEX CONTAINER in layout_block: node=NodeKey(11466447225773621322), inline_size=36, is_measurement=true
[2026-01-11T20:04:39Z ERROR css_core::box_tree::constraint_block_layout] layout_block ENTRY: node=NodeKey(11466447225773621325)
[2026-01-11T20:04:39Z ERROR css_core::box_tree::constraint_block_layout] Checking flex: node=NodeKey(11466447225773621325), display=Flex
[2026-01-11T20:04:39Z ERROR css_core::box_tree::constraint_block_layout] IS FLEX!
[2026-01-11T20:04:39Z ERROR css_core::box_tree::constraint_block_layout::flex_layout] layout_flex: node=NodeKey(11466447225773621325), children.len()=1
[2026-01-11T20:04:39Z ERROR css_core::box_tree::constraint_block_layout::flex_layout] layout_flex: node=NodeKey(11466447225773621325), flex_items.len()=1
[2026-01-11T20:04:39Z ERROR css_core::box_tree::constraint_block_layout::text] INSERTING TEXT RESULT: text='3', inline_size=7.786133, block_size=16, single_line_height=16, glyph_height=16, is_for_measurement_only=false
[2026-01-11T20:04:39Z ERROR css_core::box_tree::constraint_block_layout] INSERTING FLEX CONTAINER in layout_block: node=NodeKey(11466447225773621325), inline_size=36, is_measurement=true
[2026-01-11T20:04:39Z ERROR css_core::box_tree::constraint_block_layout] layout_block ENTRY: node=NodeKey(11466447225773621328)
[2026-01-11T20:04:39Z ERROR css_core::box_tree::constraint_block_layout] Checking flex: node=NodeKey(11466447225773621328), display=Flex
[2026-01-11T20:04:39Z ERROR css_core::box_tree::constraint_block_layout] IS FLEX!
[2026-01-11T20:04:39Z ERROR css_core::box_tree::constraint_block_layout::flex_layout] layout_flex: node=NodeKey(11466447225773621328), children.len()=1
[2026-01-11T20:04:39Z ERROR css_core::box_tree::constraint_block_layout::flex_layout] layout_flex: node=NodeKey(11466447225773621328), flex_items.len()=1
[2026-01-11T20:04:39Z ERROR css_core::box_tree::constraint_block_layout] INSERTING FLEX CONTAINER in layout_block: node=NodeKey(11466447225773621328), inline_size=36, is_measurement=true
[2026-01-11T20:04:39Z ERROR css_core::box_tree::constraint_block_layout::flex_layout] layout_flex: node=NodeKey(11466447225773621314), flex_items.len()=5
[2026-01-11T20:04:39Z ERROR css_core::box_tree::constraint_block_layout] layout_block ENTRY: node=NodeKey(11466447225773621316)
[2026-01-11T20:04:39Z ERROR css_core::box_tree::constraint_block_layout] Checking flex: node=NodeKey(11466447225773621316), display=Flex
[2026-01-11T20:04:39Z ERROR css_core::box_tree::constraint_block_layout] IS FLEX!
[2026-01-11T20:04:39Z ERROR css_core::box_tree::constraint_block_layout::flex_layout] layout_flex: node=NodeKey(11466447225773621316), children.len()=1
[2026-01-11T20:04:39Z ERROR css_core::box_tree::constraint_block_layout::flex_layout] layout_flex: node=NodeKey(11466447225773621316), flex_items.len()=1
[2026-01-11T20:04:39Z ERROR css_core::box_tree::constraint_block_layout] INSERTING FLEX CONTAINER in layout_block: node=NodeKey(11466447225773621316), inline_size=38, is_measurement=false
[2026-01-11T20:04:39Z ERROR css_core::box_tree::constraint_block_layout] layout_block ENTRY: node=NodeKey(11466447225773621319)
[2026-01-11T20:04:39Z ERROR css_core::box_tree::constraint_block_layout] Checking flex: node=NodeKey(11466447225773621319), display=Flex
[2026-01-11T20:04:39Z ERROR css_core::box_tree::constraint_block_layout] IS FLEX!
[2026-01-11T20:04:39Z ERROR css_core::box_tree::constraint_block_layout::flex_layout] layout_flex: node=NodeKey(11466447225773621319), children.len()=1
[2026-01-11T20:04:39Z ERROR css_core::box_tree::constraint_block_layout::flex_layout] layout_flex: node=NodeKey(11466447225773621319), flex_items.len()=1
[2026-01-11T20:04:39Z ERROR css_core::box_tree::constraint_block_layout::text] INSERTING TEXT RESULT: text='1', inline_size=7.786133, block_size=16, single_line_height=16, glyph_height=16, is_for_measurement_only=false
[2026-01-11T20:04:39Z ERROR css_core::box_tree::constraint_block_layout] INSERTING FLEX CONTAINER in layout_block: node=NodeKey(11466447225773621319), inline_size=38, is_measurement=false
[2026-01-11T20:04:39Z ERROR css_core::box_tree::constraint_block_layout] layout_block ENTRY: node=NodeKey(11466447225773621322)
[2026-01-11T20:04:39Z ERROR css_core::box_tree::constraint_block_layout] Checking flex: node=NodeKey(11466447225773621322), display=Flex
[2026-01-11T20:04:39Z ERROR css_core::box_tree::constraint_block_layout] IS FLEX!
[2026-01-11T20:04:39Z ERROR css_core::box_tree::constraint_block_layout::flex_layout] layout_flex: node=NodeKey(11466447225773621322), children.len()=1
[2026-01-11T20:04:39Z ERROR css_core::box_tree::constraint_block_layout::flex_layout] layout_flex: node=NodeKey(11466447225773621322), flex_items.len()=1
[2026-01-11T20:04:39Z ERROR css_core::box_tree::constraint_block_layout::text] INSERTING TEXT RESULT: text='2', inline_size=7.786133, block_size=16, single_line_height=16, glyph_height=16, is_for_measurement_only=false
[2026-01-11T20:04:39Z ERROR css_core::box_tree::constraint_block_layout] INSERTING FLEX CONTAINER in layout_block: node=NodeKey(11466447225773621322), inline_size=38, is_measurement=false
[2026-01-11T20:04:39Z ERROR css_core::box_tree::constraint_block_layout] layout_block ENTRY: node=NodeKey(11466447225773621325)
[2026-01-11T20:04:39Z ERROR css_core::box_tree::constraint_block_layout] Checking flex: node=NodeKey(11466447225773621325), display=Flex
[2026-01-11T20:04:39Z ERROR css_core::box_tree::constraint_block_layout] IS FLEX!
[2026-01-11T20:04:39Z ERROR css_core::box_tree::constraint_block_layout::flex_layout] layout_flex: node=NodeKey(11466447225773621325), children.len()=1
[2026-01-11T20:04:39Z ERROR css_core::box_tree::constraint_block_layout::flex_layout] layout_flex: node=NodeKey(11466447225773621325), flex_items.len()=1
[2026-01-11T20:04:39Z ERROR css_core::box_tree::constraint_block_layout::text] INSERTING TEXT RESULT: text='3', inline_size=7.786133, block_size=16, single_line_height=16, glyph_height=16, is_for_measurement_only=false
[2026-01-11T20:04:39Z ERROR css_core::box_tree::constraint_block_layout] INSERTING FLEX CONTAINER in layout_block: node=NodeKey(11466447225773621325), inline_size=38, is_measurement=false
[2026-01-11T20:04:39Z ERROR css_core::box_tree::constraint_block_layout] layout_block ENTRY: node=NodeKey(11466447225773621328)
[2026-01-11T20:04:39Z ERROR css_core::box_tree::constraint_block_layout] Checking flex: node=NodeKey(11466447225773621328), display=Flex
[2026-01-11T20:04:39Z ERROR css_core::box_tree::constraint_block_layout] IS FLEX!
[2026-01-11T20:04:39Z ERROR css_core::box_tree::constraint_block_layout::flex_layout] layout_flex: node=NodeKey(11466447225773621328), children.len()=1
[2026-01-11T20:04:39Z ERROR css_core::box_tree::constraint_block_layout::flex_layout] layout_flex: node=NodeKey(11466447225773621328), flex_items.len()=1
[2026-01-11T20:04:39Z ERROR css_core::box_tree::constraint_block_layout] INSERTING FLEX CONTAINER in layout_block: node=NodeKey(11466447225773621328), inline_size=38, is_measurement=false
[2026-01-11T20:04:39Z ERROR css_core::box_tree::constraint_block_layout] INSERTING FLEX CONTAINER in layout_block: node=NodeKey(11466447225773621314), inline_size=768, is_measurement=false
[2026-01-11T20:04:39Z ERROR css_core::box_tree::constraint_block_layout] INSERTING FLEX CONTAINER in layout_block: node=NodeKey(11466447225773621264), inline_size=800, is_measurement=false
[2026-01-11T20:04:39Z ERROR page_handler::core::incremental_layout] LAYOUT TREE COMPLETE - generation 1, total results: 47
[2026-01-11T20:04:39Z ERROR page_handler::core::incremental_layout] RUNNING LAYOUT TREE - generation 1
[2026-01-11T20:04:39Z ERROR css_core::box_tree::constraint_block_layout] layout_block ENTRY: node=NodeKey(14107808407226417154)
[2026-01-11T20:04:39Z ERROR css_core::box_tree::constraint_block_layout] Checking flex: node=NodeKey(14107808407226417154), display=Block
[2026-01-11T20:04:39Z ERROR css_core::box_tree::constraint_block_layout] layout_block ENTRY: node=NodeKey(14107808407226417166)
[2026-01-11T20:04:39Z ERROR css_core::box_tree::constraint_block_layout] Checking flex: node=NodeKey(14107808407226417166), display=Block
[2026-01-11T20:04:39Z ERROR css_core::box_tree::constraint_block_layout] layout_block ENTRY: node=NodeKey(14107808407226417168)
[2026-01-11T20:04:39Z ERROR css_core::box_tree::constraint_block_layout] Checking flex: node=NodeKey(14107808407226417168), display=Flex
[2026-01-11T20:04:39Z ERROR css_core::box_tree::constraint_block_layout] IS FLEX!
[2026-01-11T20:04:39Z ERROR css_core::box_tree::constraint_block_layout::flex_layout] layout_flex: node=NodeKey(14107808407226417168), children.len()=11
[2026-01-11T20:04:39Z ERROR css_core::box_tree::constraint_block_layout] layout_block ENTRY: node=NodeKey(14107808407226417170)
[2026-01-11T20:04:39Z ERROR css_core::box_tree::constraint_block_layout] Checking flex: node=NodeKey(14107808407226417170), display=Flex
[2026-01-11T20:04:39Z ERROR css_core::box_tree::constraint_block_layout] IS FLEX!
[2026-01-11T20:04:39Z ERROR css_core::box_tree::constraint_block_layout::flex_layout] layout_flex: node=NodeKey(14107808407226417170), children.len()=11
[2026-01-11T20:04:39Z ERROR css_core::box_tree::constraint_block_layout] layout_block ENTRY: node=NodeKey(14107808407226417172)
[2026-01-11T20:04:39Z ERROR css_core::box_tree::constraint_block_layout] Checking flex: node=NodeKey(14107808407226417172), display=Inline
[2026-01-11T20:04:39Z ERROR css_core::box_tree::constraint_block_layout] layout_block ENTRY: node=NodeKey(14107808407226417175)
[2026-01-11T20:04:39Z ERROR css_core::box_tree::constraint_block_layout] Checking flex: node=NodeKey(14107808407226417175), display=Block
[2026-01-11T20:04:39Z ERROR css_core::box_tree::constraint_block_layout] layout_block ENTRY: node=NodeKey(14107808407226417177)
[2026-01-11T20:04:39Z ERROR css_core::box_tree::constraint_block_layout] Checking flex: node=NodeKey(14107808407226417177), display=Block
[2026-01-11T20:04:39Z ERROR css_core::box_tree::constraint_block_layout] layout_block ENTRY: node=NodeKey(14107808407226417179)
[2026-01-11T20:04:39Z ERROR css_core::box_tree::constraint_block_layout] Checking flex: node=NodeKey(14107808407226417179), display=Block
[2026-01-11T20:04:39Z ERROR css_core::box_tree::constraint_block_layout] layout_block ENTRY: node=NodeKey(14107808407226417181)
[2026-01-11T20:04:39Z ERROR css_core::box_tree::constraint_block_layout] Checking flex: node=NodeKey(14107808407226417181), display=Block
[2026-01-11T20:04:39Z ERROR css_core::box_tree::constraint_block_layout::flex_layout] layout_flex: node=NodeKey(14107808407226417170), flex_items.len()=5
[2026-01-11T20:04:39Z ERROR css_core::box_tree::constraint_block_layout] layout_block ENTRY: node=NodeKey(14107808407226417172)
[2026-01-11T20:04:39Z ERROR css_core::box_tree::constraint_block_layout] Checking flex: node=NodeKey(14107808407226417172), display=Inline
[2026-01-11T20:04:39Z ERROR css_core::box_tree::constraint_block_layout] layout_block ENTRY: node=NodeKey(14107808407226417175)
[2026-01-11T20:04:39Z ERROR css_core::box_tree::constraint_block_layout] Checking flex: node=NodeKey(14107808407226417175), display=Block
[2026-01-11T20:04:39Z ERROR css_core::box_tree::constraint_block_layout] layout_block ENTRY: node=NodeKey(14107808407226417177)
[2026-01-11T20:04:39Z ERROR css_core::box_tree::constraint_block_layout] Checking flex: node=NodeKey(14107808407226417177), display=Block
[2026-01-11T20:04:39Z ERROR css_core::box_tree::constraint_block_layout] layout_block ENTRY: node=NodeKey(14107808407226417179)
[2026-01-11T20:04:39Z ERROR css_core::box_tree::constraint_block_layout] Checking flex: node=NodeKey(14107808407226417179), display=Block
[2026-01-11T20:04:39Z ERROR css_core::box_tree::constraint_block_layout] layout_block ENTRY: node=NodeKey(14107808407226417181)
[2026-01-11T20:04:39Z ERROR css_core::box_tree::constraint_block_layout] Checking flex: node=NodeKey(14107808407226417181), display=Block
[2026-01-11T20:04:39Z ERROR css_core::box_tree::constraint_block_layout] INSERTING FLEX CONTAINER in layout_block: node=NodeKey(14107808407226417170), inline_size=768, is_measurement=true
[2026-01-11T20:04:39Z ERROR css_core::box_tree::constraint_block_layout] layout_block ENTRY: node=NodeKey(14107808407226417184)
[2026-01-11T20:04:39Z ERROR css_core::box_tree::constraint_block_layout] Checking flex: node=NodeKey(14107808407226417184), display=Flex
[2026-01-11T20:04:39Z ERROR css_core::box_tree::constraint_block_layout] IS FLEX!
[2026-01-11T20:04:39Z ERROR css_core::box_tree::constraint_block_layout::flex_layout] layout_flex: node=NodeKey(14107808407226417184), children.len()=11
[2026-01-11T20:04:39Z ERROR css_core::box_tree::constraint_block_layout] layout_block ENTRY: node=NodeKey(14107808407226417186)
[2026-01-11T20:04:39Z ERROR css_core::box_tree::constraint_block_layout] Checking flex: node=NodeKey(14107808407226417186), display=Inline
[2026-01-11T20:04:39Z ERROR css_core::box_tree::constraint_block_layout] layout_block ENTRY: node=NodeKey(14107808407226417189)
[2026-01-11T20:04:39Z ERROR css_core::box_tree::constraint_block_layout] Checking flex: node=NodeKey(14107808407226417189), display=Block
[2026-01-11T20:04:39Z ERROR css_core::box_tree::constraint_block_layout] layout_block ENTRY: node=NodeKey(14107808407226417191)
[2026-01-11T20:04:39Z ERROR css_core::box_tree::constraint_block_layout] Checking flex: node=NodeKey(14107808407226417191), display=Block
[2026-01-11T20:04:39Z ERROR css_core::box_tree::constraint_block_layout] layout_block ENTRY: node=NodeKey(14107808407226417193)
[2026-01-11T20:04:39Z ERROR css_core::box_tree::constraint_block_layout] Checking flex: node=NodeKey(14107808407226417193), display=Block
[2026-01-11T20:04:39Z ERROR css_core::box_tree::constraint_block_layout] layout_block ENTRY: node=NodeKey(14107808407226417195)
[2026-01-11T20:04:39Z ERROR css_core::box_tree::constraint_block_layout] Checking flex: node=NodeKey(14107808407226417195), display=Block
[2026-01-11T20:04:39Z ERROR css_core::box_tree::constraint_block_layout::flex_layout] layout_flex: node=NodeKey(14107808407226417184), flex_items.len()=5
[2026-01-11T20:04:39Z ERROR css_core::box_tree::constraint_block_layout] layout_block ENTRY: node=NodeKey(14107808407226417186)
[2026-01-11T20:04:39Z ERROR css_core::box_tree::constraint_block_layout] Checking flex: node=NodeKey(14107808407226417186), display=Inline
[2026-01-11T20:04:39Z ERROR css_core::box_tree::constraint_block_layout] layout_block ENTRY: node=NodeKey(14107808407226417189)
[2026-01-11T20:04:39Z ERROR css_core::box_tree::constraint_block_layout] Checking flex: node=NodeKey(14107808407226417189), display=Block
[2026-01-11T20:04:39Z ERROR css_core::box_tree::constraint_block_layout] layout_block ENTRY: node=NodeKey(14107808407226417191)
[2026-01-11T20:04:39Z ERROR css_core::box_tree::constraint_block_layout] Checking flex: node=NodeKey(14107808407226417191), display=Block
[2026-01-11T20:04:39Z ERROR css_core::box_tree::constraint_block_layout] layout_block ENTRY: node=NodeKey(14107808407226417193)
[2026-01-11T20:04:39Z ERROR css_core::box_tree::constraint_block_layout] Checking flex: node=NodeKey(14107808407226417193), display=Block
[2026-01-11T20:04:39Z ERROR css_core::box_tree::constraint_block_layout] layout_block ENTRY: node=NodeKey(14107808407226417195)
[2026-01-11T20:04:39Z ERROR css_core::box_tree::constraint_block_layout] Checking flex: node=NodeKey(14107808407226417195), display=Block
[2026-01-11T20:04:39Z ERROR css_core::box_tree::constraint_block_layout] INSERTING FLEX CONTAINER in layout_block: node=NodeKey(14107808407226417184), inline_size=768, is_measurement=true
[2026-01-11T20:04:39Z ERROR css_core::box_tree::constraint_block_layout] layout_block ENTRY: node=NodeKey(14107808407226417198)
[2026-01-11T20:04:39Z ERROR css_core::box_tree::constraint_block_layout] Checking flex: node=NodeKey(14107808407226417198), display=Flex
[2026-01-11T20:04:39Z ERROR css_core::box_tree::constraint_block_layout] IS FLEX!
[2026-01-11T20:04:39Z ERROR css_core::box_tree::constraint_block_layout::flex_layout] layout_flex: node=NodeKey(14107808407226417198), children.len()=5
[2026-01-11T20:04:39Z ERROR css_core::box_tree::constraint_block_layout] layout_block ENTRY: node=NodeKey(14107808407226417200)
[2026-01-11T20:04:39Z ERROR css_core::box_tree::constraint_block_layout] Checking flex: node=NodeKey(14107808407226417200), display=Inline
[2026-01-11T20:04:39Z ERROR css_core::box_tree::constraint_block_layout] layout_block ENTRY: node=NodeKey(14107808407226417203)
[2026-01-11T20:04:39Z ERROR css_core::box_tree::constraint_block_layout] Checking flex: node=NodeKey(14107808407226417203), display=Flex
[2026-01-11T20:04:39Z ERROR css_core::box_tree::constraint_block_layout] IS FLEX!
[2026-01-11T20:04:39Z ERROR css_core::box_tree::constraint_block_layout::flex_layout] layout_flex: node=NodeKey(14107808407226417203), children.len()=7
[2026-01-11T20:04:39Z ERROR css_core::box_tree::constraint_block_layout] layout_block ENTRY: node=NodeKey(14107808407226417205)
[2026-01-11T20:04:39Z ERROR css_core::box_tree::constraint_block_layout] Checking flex: node=NodeKey(14107808407226417205), display=Block
[2026-01-11T20:04:39Z ERROR css_core::box_tree::constraint_block_layout] layout_block ENTRY: node=NodeKey(14107808407226417207)
[2026-01-11T20:04:39Z ERROR css_core::box_tree::constraint_block_layout] Checking flex: node=NodeKey(14107808407226417207), display=Block
[2026-01-11T20:04:39Z ERROR css_core::box_tree::constraint_block_layout] layout_block ENTRY: node=NodeKey(14107808407226417209)
[2026-01-11T20:04:39Z ERROR css_core::box_tree::constraint_block_layout] Checking flex: node=NodeKey(14107808407226417209), display=Block
[2026-01-11T20:04:39Z ERROR css_core::box_tree::constraint_block_layout::flex_layout] layout_flex: node=NodeKey(14107808407226417203), flex_items.len()=3
[2026-01-11T20:04:39Z ERROR css_core::box_tree::constraint_block_layout] layout_block ENTRY: node=NodeKey(14107808407226417205)
[2026-01-11T20:04:39Z ERROR css_core::box_tree::constraint_block_layout] Checking flex: node=NodeKey(14107808407226417205), display=Block
[2026-01-11T20:04:39Z ERROR css_core::box_tree::constraint_block_layout] layout_block ENTRY: node=NodeKey(14107808407226417207)
[2026-01-11T20:04:39Z ERROR css_core::box_tree::constraint_block_layout] Checking flex: node=NodeKey(14107808407226417207), display=Block
[2026-01-11T20:04:39Z ERROR css_core::box_tree::constraint_block_layout] layout_block ENTRY: node=NodeKey(14107808407226417209)
[2026-01-11T20:04:39Z ERROR css_core::box_tree::constraint_block_layout] Checking flex: node=NodeKey(14107808407226417209), display=Block
[2026-01-11T20:04:39Z ERROR css_core::box_tree::constraint_block_layout] INSERTING FLEX CONTAINER in layout_block: node=NodeKey(14107808407226417203), inline_size=32, is_measurement=true
[2026-01-11T20:04:39Z ERROR css_core::box_tree::constraint_block_layout::flex_layout] layout_flex: node=NodeKey(14107808407226417198), flex_items.len()=2
[2026-01-11T20:04:39Z ERROR css_core::box_tree::constraint_block_layout] layout_block ENTRY: node=NodeKey(14107808407226417200)
[2026-01-11T20:04:39Z ERROR css_core::box_tree::constraint_block_layout] Checking flex: node=NodeKey(14107808407226417200), display=Inline
[2026-01-11T20:04:39Z ERROR css_core::box_tree::constraint_block_layout] layout_block ENTRY: node=NodeKey(14107808407226417203)
[2026-01-11T20:04:39Z ERROR css_core::box_tree::constraint_block_layout] Checking flex: node=NodeKey(14107808407226417203), display=Flex
[2026-01-11T20:04:39Z ERROR css_core::box_tree::constraint_block_layout] IS FLEX!
[2026-01-11T20:04:39Z ERROR css_core::box_tree::constraint_block_layout::flex_layout] layout_flex: node=NodeKey(14107808407226417203), children.len()=7
[2026-01-11T20:04:39Z ERROR css_core::box_tree::constraint_block_layout] layout_block ENTRY: node=NodeKey(14107808407226417205)
[2026-01-11T20:04:39Z ERROR css_core::box_tree::constraint_block_layout] Checking flex: node=NodeKey(14107808407226417205), display=Block
[2026-01-11T20:04:39Z ERROR css_core::box_tree::constraint_block_layout] layout_block ENTRY: node=NodeKey(14107808407226417207)
[2026-01-11T20:04:39Z ERROR css_core::box_tree::constraint_block_layout] Checking flex: node=NodeKey(14107808407226417207), display=Block
[2026-01-11T20:04:39Z ERROR css_core::box_tree::constraint_block_layout] layout_block ENTRY: node=NodeKey(14107808407226417209)
[2026-01-11T20:04:39Z ERROR css_core::box_tree::constraint_block_layout] Checking flex: node=NodeKey(14107808407226417209), display=Block
[2026-01-11T20:04:39Z ERROR css_core::box_tree::constraint_block_layout::flex_layout] layout_flex: node=NodeKey(14107808407226417203), flex_items.len()=3
[2026-01-11T20:04:39Z ERROR css_core::box_tree::constraint_block_layout] layout_block ENTRY: node=NodeKey(14107808407226417205)
[2026-01-11T20:04:39Z ERROR css_core::box_tree::constraint_block_layout] Checking flex: node=NodeKey(14107808407226417205), display=Block
[2026-01-11T20:04:39Z ERROR css_core::box_tree::constraint_block_layout] layout_block ENTRY: node=NodeKey(14107808407226417207)
[2026-01-11T20:04:39Z ERROR css_core::box_tree::constraint_block_layout] Checking flex: node=NodeKey(14107808407226417207), display=Block
[2026-01-11T20:04:39Z ERROR css_core::box_tree::constraint_block_layout] layout_block ENTRY: node=NodeKey(14107808407226417209)
[2026-01-11T20:04:39Z ERROR css_core::box_tree::constraint_block_layout] Checking flex: node=NodeKey(14107808407226417209), display=Block
[2026-01-11T20:04:39Z ERROR css_core::box_tree::constraint_block_layout] INSERTING FLEX CONTAINER in layout_block: node=NodeKey(14107808407226417203), inline_size=32, is_measurement=false
[2026-01-11T20:04:39Z ERROR css_core::box_tree::constraint_block_layout] INSERTING FLEX CONTAINER in layout_block: node=NodeKey(14107808407226417198), inline_size=768, is_measurement=true
[2026-01-11T20:04:39Z ERROR css_core::box_tree::constraint_block_layout] layout_block ENTRY: node=NodeKey(14107808407226417213)
[2026-01-11T20:04:39Z ERROR css_core::box_tree::constraint_block_layout] Checking flex: node=NodeKey(14107808407226417213), display=Flex
[2026-01-11T20:04:39Z ERROR css_core::box_tree::constraint_block_layout] IS FLEX!
[2026-01-11T20:04:39Z ERROR css_core::box_tree::constraint_block_layout::flex_layout] layout_flex: node=NodeKey(14107808407226417213), children.len()=7
[2026-01-11T20:04:39Z ERROR css_core::box_tree::constraint_block_layout] layout_block ENTRY: node=NodeKey(14107808407226417215)
[2026-01-11T20:04:39Z ERROR css_core::box_tree::constraint_block_layout] Checking flex: node=NodeKey(14107808407226417215), display=Inline
[2026-01-11T20:04:39Z ERROR css_core::box_tree::constraint_block_layout] layout_block ENTRY: node=NodeKey(14107808407226417218)
[2026-01-11T20:04:39Z ERROR css_core::box_tree::constraint_block_layout] Checking flex: node=NodeKey(14107808407226417218), display=Block
[2026-01-11T20:04:39Z ERROR css_core::box_tree::constraint_block_layout] layout_block ENTRY: node=NodeKey(14107808407226417220)
[2026-01-11T20:04:39Z ERROR css_core::box_tree::constraint_block_layout] Checking flex: node=NodeKey(14107808407226417220), display=Block
[2026-01-11T20:04:39Z ERROR css_core::box_tree::constraint_block_layout::flex_layout] layout_flex: node=NodeKey(14107808407226417213), flex_items.len()=3
[2026-01-11T20:04:39Z ERROR css_core::box_tree::constraint_block_layout] layout_block ENTRY: node=NodeKey(14107808407226417215)
[2026-01-11T20:04:39Z ERROR css_core::box_tree::constraint_block_layout] Checking flex: node=NodeKey(14107808407226417215), display=Inline
[2026-01-11T20:04:39Z ERROR css_core::box_tree::constraint_block_layout] layout_block ENTRY: node=NodeKey(14107808407226417218)
[2026-01-11T20:04:39Z ERROR css_core::box_tree::constraint_block_layout] Checking flex: node=NodeKey(14107808407226417218), display=Block
[2026-01-11T20:04:39Z ERROR css_core::box_tree::constraint_block_layout] layout_block ENTRY: node=NodeKey(14107808407226417220)
[2026-01-11T20:04:39Z ERROR css_core::box_tree::constraint_block_layout] Checking flex: node=NodeKey(14107808407226417220), display=Block
[2026-01-11T20:04:39Z ERROR css_core::box_tree::constraint_block_layout] INSERTING FLEX CONTAINER in layout_block: node=NodeKey(14107808407226417213), inline_size=768, is_measurement=true
[2026-01-11T20:04:39Z ERROR css_core::box_tree::constraint_block_layout] layout_block ENTRY: node=NodeKey(14107808407226417223)
[2026-01-11T20:04:39Z ERROR css_core::box_tree::constraint_block_layout] Checking flex: node=NodeKey(14107808407226417223), display=Flex
[2026-01-11T20:04:39Z ERROR css_core::box_tree::constraint_block_layout] IS FLEX!
[2026-01-11T20:04:39Z ERROR css_core::box_tree::constraint_block_layout::flex_layout] layout_flex: node=NodeKey(14107808407226417223), children.len()=5
[2026-01-11T20:04:39Z ERROR css_core::box_tree::constraint_block_layout] layout_block ENTRY: node=NodeKey(14107808407226417225)
[2026-01-11T20:04:39Z ERROR css_core::box_tree::constraint_block_layout] Checking flex: node=NodeKey(14107808407226417225), display=Inline
[2026-01-11T20:04:39Z ERROR css_core::box_tree::constraint_block_layout] layout_block ENTRY: node=NodeKey(14107808407226417227)
[2026-01-11T20:04:39Z ERROR css_core::box_tree::constraint_block_layout] Checking flex: node=NodeKey(14107808407226417227), display=Block
[2026-01-11T20:04:39Z ERROR css_core::box_tree::constraint_block_layout::flex_layout] layout_flex: node=NodeKey(14107808407226417223), flex_items.len()=2
[2026-01-11T20:04:39Z ERROR css_core::box_tree::constraint_block_layout] layout_block ENTRY: node=NodeKey(14107808407226417225)
[2026-01-11T20:04:39Z ERROR css_core::box_tree::constraint_block_layout] Checking flex: node=NodeKey(14107808407226417225), display=Inline
[2026-01-11T20:04:39Z ERROR css_core::box_tree::constraint_block_layout] layout_block ENTRY: node=NodeKey(14107808407226417227)
[2026-01-11T20:04:39Z ERROR css_core::box_tree::constraint_block_layout] Checking flex: node=NodeKey(14107808407226417227), display=Block
[2026-01-11T20:04:39Z ERROR css_core::box_tree::constraint_block_layout] INSERTING FLEX CONTAINER in layout_block: node=NodeKey(14107808407226417223), inline_size=768, is_measurement=true
[2026-01-11T20:04:39Z ERROR css_core::box_tree::constraint_block_layout::flex_layout] layout_flex: node=NodeKey(14107808407226417168), flex_items.len()=5
[2026-01-11T20:04:39Z ERROR css_core::box_tree::constraint_block_layout] layout_block ENTRY: node=NodeKey(14107808407226417170)
[2026-01-11T20:04:39Z ERROR css_core::box_tree::constraint_block_layout] Checking flex: node=NodeKey(14107808407226417170), display=Flex
[2026-01-11T20:04:39Z ERROR css_core::box_tree::constraint_block_layout] IS FLEX!
[2026-01-11T20:04:39Z ERROR css_core::box_tree::constraint_block_layout::flex_layout] layout_flex: node=NodeKey(14107808407226417170), children.len()=11
[2026-01-11T20:04:39Z ERROR css_core::box_tree::constraint_block_layout] layout_block ENTRY: node=NodeKey(14107808407226417172)
[2026-01-11T20:04:39Z ERROR css_core::box_tree::constraint_block_layout] Checking flex: node=NodeKey(14107808407226417172), display=Inline
[2026-01-11T20:04:39Z ERROR css_core::box_tree::constraint_block_layout] layout_block ENTRY: node=NodeKey(14107808407226417175)
[2026-01-11T20:04:39Z ERROR css_core::box_tree::constraint_block_layout] Checking flex: node=NodeKey(14107808407226417175), display=Block
[2026-01-11T20:04:39Z ERROR css_core::box_tree::constraint_block_layout] layout_block ENTRY: node=NodeKey(14107808407226417177)
[2026-01-11T20:04:39Z ERROR css_core::box_tree::constraint_block_layout] Checking flex: node=NodeKey(14107808407226417177), display=Block
[2026-01-11T20:04:39Z ERROR css_core::box_tree::constraint_block_layout] layout_block ENTRY: node=NodeKey(14107808407226417179)
[2026-01-11T20:04:39Z ERROR css_core::box_tree::constraint_block_layout] Checking flex: node=NodeKey(14107808407226417179), display=Block
[2026-01-11T20:04:39Z ERROR css_core::box_tree::constraint_block_layout] layout_block ENTRY: node=NodeKey(14107808407226417181)
[2026-01-11T20:04:39Z ERROR css_core::box_tree::constraint_block_layout] Checking flex: node=NodeKey(14107808407226417181), display=Block
[2026-01-11T20:04:39Z ERROR css_core::box_tree::constraint_block_layout::flex_layout] layout_flex: node=NodeKey(14107808407226417170), flex_items.len()=5
[2026-01-11T20:04:39Z ERROR css_core::box_tree::constraint_block_layout] layout_block ENTRY: node=NodeKey(14107808407226417172)
[2026-01-11T20:04:39Z ERROR css_core::box_tree::constraint_block_layout] Checking flex: node=NodeKey(14107808407226417172), display=Inline
[2026-01-11T20:04:39Z ERROR css_core::box_tree::constraint_block_layout] layout_block ENTRY: node=NodeKey(14107808407226417175)
[2026-01-11T20:04:39Z ERROR css_core::box_tree::constraint_block_layout] Checking flex: node=NodeKey(14107808407226417175), display=Block
[2026-01-11T20:04:39Z ERROR css_core::box_tree::constraint_block_layout] layout_block ENTRY: node=NodeKey(14107808407226417177)
[2026-01-11T20:04:39Z ERROR css_core::box_tree::constraint_block_layout] Checking flex: node=NodeKey(14107808407226417177), display=Block
[2026-01-11T20:04:39Z ERROR css_core::box_tree::constraint_block_layout] layout_block ENTRY: node=NodeKey(14107808407226417179)
[2026-01-11T20:04:39Z ERROR css_core::box_tree::constraint_block_layout] Checking flex: node=NodeKey(14107808407226417179), display=Block
[2026-01-11T20:04:39Z ERROR css_core::box_tree::constraint_block_layout] layout_block ENTRY: node=NodeKey(14107808407226417181)
[2026-01-11T20:04:39Z ERROR css_core::box_tree::constraint_block_layout] Checking flex: node=NodeKey(14107808407226417181), display=Block
[2026-01-11T20:04:39Z ERROR css_core::box_tree::constraint_block_layout] INSERTING FLEX CONTAINER in layout_block: node=NodeKey(14107808407226417170), inline_size=768, is_measurement=false
[2026-01-11T20:04:39Z ERROR css_core::box_tree::constraint_block_layout] layout_block ENTRY: node=NodeKey(14107808407226417184)
[2026-01-11T20:04:39Z ERROR css_core::box_tree::constraint_block_layout] Checking flex: node=NodeKey(14107808407226417184), display=Flex
[2026-01-11T20:04:39Z ERROR css_core::box_tree::constraint_block_layout] IS FLEX!
[2026-01-11T20:04:39Z ERROR css_core::box_tree::constraint_block_layout::flex_layout] layout_flex: node=NodeKey(14107808407226417184), children.len()=11
[2026-01-11T20:04:39Z ERROR css_core::box_tree::constraint_block_layout] layout_block ENTRY: node=NodeKey(14107808407226417186)
[2026-01-11T20:04:39Z ERROR css_core::box_tree::constraint_block_layout] Checking flex: node=NodeKey(14107808407226417186), display=Inline
[2026-01-11T20:04:39Z ERROR css_core::box_tree::constraint_block_layout] layout_block ENTRY: node=NodeKey(14107808407226417189)
[2026-01-11T20:04:39Z ERROR css_core::box_tree::constraint_block_layout] Checking flex: node=NodeKey(14107808407226417189), display=Block
[2026-01-11T20:04:39Z ERROR css_core::box_tree::constraint_block_layout] layout_block ENTRY: node=NodeKey(14107808407226417191)
[2026-01-11T20:04:39Z ERROR css_core::box_tree::constraint_block_layout] Checking flex: node=NodeKey(14107808407226417191), display=Block
[2026-01-11T20:04:39Z ERROR css_core::box_tree::constraint_block_layout] layout_block ENTRY: node=NodeKey(14107808407226417193)
[2026-01-11T20:04:39Z ERROR css_core::box_tree::constraint_block_layout] Checking flex: node=NodeKey(14107808407226417193), display=Block
[2026-01-11T20:04:39Z ERROR css_core::box_tree::constraint_block_layout] layout_block ENTRY: node=NodeKey(14107808407226417195)
[2026-01-11T20:04:39Z ERROR css_core::box_tree::constraint_block_layout] Checking flex: node=NodeKey(14107808407226417195), display=Block
[2026-01-11T20:04:39Z ERROR css_core::box_tree::constraint_block_layout::flex_layout] layout_flex: node=NodeKey(14107808407226417184), flex_items.len()=5
[2026-01-11T20:04:39Z ERROR css_core::box_tree::constraint_block_layout] layout_block ENTRY: node=NodeKey(14107808407226417186)
[2026-01-11T20:04:39Z ERROR css_core::box_tree::constraint_block_layout] Checking flex: node=NodeKey(14107808407226417186), display=Inline
[2026-01-11T20:04:39Z ERROR css_core::box_tree::constraint_block_layout] layout_block ENTRY: node=NodeKey(14107808407226417189)
[2026-01-11T20:04:39Z ERROR css_core::box_tree::constraint_block_layout] Checking flex: node=NodeKey(14107808407226417189), display=Block
[2026-01-11T20:04:39Z ERROR css_core::box_tree::constraint_block_layout] layout_block ENTRY: node=NodeKey(14107808407226417191)
[2026-01-11T20:04:39Z ERROR css_core::box_tree::constraint_block_layout] Checking flex: node=NodeKey(14107808407226417191), display=Block
[2026-01-11T20:04:39Z ERROR css_core::box_tree::constraint_block_layout] layout_block ENTRY: node=NodeKey(14107808407226417193)
[2026-01-11T20:04:39Z ERROR css_core::box_tree::constraint_block_layout] Checking flex: node=NodeKey(14107808407226417193), display=Block
[2026-01-11T20:04:39Z ERROR css_core::box_tree::constraint_block_layout] layout_block ENTRY: node=NodeKey(14107808407226417195)
[2026-01-11T20:04:39Z ERROR css_core::box_tree::constraint_block_layout] Checking flex: node=NodeKey(14107808407226417195), display=Block
[2026-01-11T20:04:39Z ERROR css_core::box_tree::constraint_block_layout] INSERTING FLEX CONTAINER in layout_block: node=NodeKey(14107808407226417184), inline_size=768, is_measurement=false
[2026-01-11T20:04:39Z ERROR css_core::box_tree::constraint_block_layout] layout_block ENTRY: node=NodeKey(14107808407226417198)
[2026-01-11T20:04:39Z ERROR css_core::box_tree::constraint_block_layout] Checking flex: node=NodeKey(14107808407226417198), display=Flex
[2026-01-11T20:04:39Z ERROR css_core::box_tree::constraint_block_layout] IS FLEX!
[2026-01-11T20:04:39Z ERROR css_core::box_tree::constraint_block_layout::flex_layout] layout_flex: node=NodeKey(14107808407226417198), children.len()=5
[2026-01-11T20:04:39Z ERROR css_core::box_tree::constraint_block_layout] layout_block ENTRY: node=NodeKey(14107808407226417200)
[2026-01-11T20:04:39Z ERROR css_core::box_tree::constraint_block_layout] Checking flex: node=NodeKey(14107808407226417200), display=Inline
[2026-01-11T20:04:39Z ERROR css_core::box_tree::constraint_block_layout] layout_block ENTRY: node=NodeKey(14107808407226417203)
[2026-01-11T20:04:39Z ERROR css_core::box_tree::constraint_block_layout] Checking flex: node=NodeKey(14107808407226417203), display=Flex
[2026-01-11T20:04:39Z ERROR css_core::box_tree::constraint_block_layout] IS FLEX!
[2026-01-11T20:04:39Z ERROR css_core::box_tree::constraint_block_layout::flex_layout] layout_flex: node=NodeKey(14107808407226417203), children.len()=7
[2026-01-11T20:04:39Z ERROR css_core::box_tree::constraint_block_layout] layout_block ENTRY: node=NodeKey(14107808407226417205)
[2026-01-11T20:04:39Z ERROR css_core::box_tree::constraint_block_layout] Checking flex: node=NodeKey(14107808407226417205), display=Block
[2026-01-11T20:04:39Z ERROR css_core::box_tree::constraint_block_layout] layout_block ENTRY: node=NodeKey(14107808407226417207)
[2026-01-11T20:04:39Z ERROR css_core::box_tree::constraint_block_layout] Checking flex: node=NodeKey(14107808407226417207), display=Block
[2026-01-11T20:04:39Z ERROR css_core::box_tree::constraint_block_layout] layout_block ENTRY: node=NodeKey(14107808407226417209)
[2026-01-11T20:04:39Z ERROR css_core::box_tree::constraint_block_layout] Checking flex: node=NodeKey(14107808407226417209), display=Block
[2026-01-11T20:04:39Z ERROR css_core::box_tree::constraint_block_layout::flex_layout] layout_flex: node=NodeKey(14107808407226417203), flex_items.len()=3
[2026-01-11T20:04:39Z ERROR css_core::box_tree::constraint_block_layout] layout_block ENTRY: node=NodeKey(14107808407226417205)
[2026-01-11T20:04:39Z ERROR css_core::box_tree::constraint_block_layout] Checking flex: node=NodeKey(14107808407226417205), display=Block
[2026-01-11T20:04:39Z ERROR css_core::box_tree::constraint_block_layout] layout_block ENTRY: node=NodeKey(14107808407226417207)
[2026-01-11T20:04:39Z ERROR css_core::box_tree::constraint_block_layout] Checking flex: node=NodeKey(14107808407226417207), display=Block
[2026-01-11T20:04:39Z ERROR css_core::box_tree::constraint_block_layout] layout_block ENTRY: node=NodeKey(14107808407226417209)
[2026-01-11T20:04:39Z ERROR css_core::box_tree::constraint_block_layout] Checking flex: node=NodeKey(14107808407226417209), display=Block
[2026-01-11T20:04:39Z ERROR css_core::box_tree::constraint_block_layout] INSERTING FLEX CONTAINER in layout_block: node=NodeKey(14107808407226417203), inline_size=32, is_measurement=true
[2026-01-11T20:04:39Z ERROR css_core::box_tree::constraint_block_layout::flex_layout] layout_flex: node=NodeKey(14107808407226417198), flex_items.len()=2
[2026-01-11T20:04:39Z ERROR css_core::box_tree::constraint_block_layout] layout_block ENTRY: node=NodeKey(14107808407226417200)
[2026-01-11T20:04:39Z ERROR css_core::box_tree::constraint_block_layout] Checking flex: node=NodeKey(14107808407226417200), display=Inline
[2026-01-11T20:04:39Z ERROR css_core::box_tree::constraint_block_layout] layout_block ENTRY: node=NodeKey(14107808407226417203)
[2026-01-11T20:04:39Z ERROR css_core::box_tree::constraint_block_layout] Checking flex: node=NodeKey(14107808407226417203), display=Flex
[2026-01-11T20:04:39Z ERROR css_core::box_tree::constraint_block_layout] IS FLEX!
[2026-01-11T20:04:39Z ERROR css_core::box_tree::constraint_block_layout::flex_layout] layout_flex: node=NodeKey(14107808407226417203), children.len()=7
[2026-01-11T20:04:39Z ERROR css_core::box_tree::constraint_block_layout] layout_block ENTRY: node=NodeKey(14107808407226417205)
[2026-01-11T20:04:39Z ERROR css_core::box_tree::constraint_block_layout] Checking flex: node=NodeKey(14107808407226417205), display=Block
[2026-01-11T20:04:39Z ERROR css_core::box_tree::constraint_block_layout] layout_block ENTRY: node=NodeKey(14107808407226417207)
[2026-01-11T20:04:39Z ERROR css_core::box_tree::constraint_block_layout] Checking flex: node=NodeKey(14107808407226417207), display=Block
[2026-01-11T20:04:39Z ERROR css_core::box_tree::constraint_block_layout] layout_block ENTRY: node=NodeKey(14107808407226417209)
[2026-01-11T20:04:39Z ERROR css_core::box_tree::constraint_block_layout] Checking flex: node=NodeKey(14107808407226417209), display=Block
[2026-01-11T20:04:39Z ERROR css_core::box_tree::constraint_block_layout::flex_layout] layout_flex: node=NodeKey(14107808407226417203), flex_items.len()=3
[2026-01-11T20:04:39Z ERROR css_core::box_tree::constraint_block_layout] layout_block ENTRY: node=NodeKey(14107808407226417205)
[2026-01-11T20:04:39Z ERROR css_core::box_tree::constraint_block_layout] Checking flex: node=NodeKey(14107808407226417205), display=Block
[2026-01-11T20:04:39Z ERROR css_core::box_tree::constraint_block_layout] layout_block ENTRY: node=NodeKey(14107808407226417207)
[2026-01-11T20:04:39Z ERROR css_core::box_tree::constraint_block_layout] Checking flex: node=NodeKey(14107808407226417207), display=Block
[2026-01-11T20:04:39Z ERROR css_core::box_tree::constraint_block_layout] layout_block ENTRY: node=NodeKey(14107808407226417209)
[2026-01-11T20:04:39Z ERROR css_core::box_tree::constraint_block_layout] Checking flex: node=NodeKey(14107808407226417209), display=Block
[2026-01-11T20:04:39Z ERROR css_core::box_tree::constraint_block_layout] INSERTING FLEX CONTAINER in layout_block: node=NodeKey(14107808407226417203), inline_size=32, is_measurement=false
[2026-01-11T20:04:39Z ERROR css_core::box_tree::constraint_block_layout] INSERTING FLEX CONTAINER in layout_block: node=NodeKey(14107808407226417198), inline_size=768, is_measurement=false
[2026-01-11T20:04:39Z ERROR css_core::box_tree::constraint_block_layout] layout_block ENTRY: node=NodeKey(14107808407226417213)
[2026-01-11T20:04:39Z ERROR css_core::box_tree::constraint_block_layout] Checking flex: node=NodeKey(14107808407226417213), display=Flex
[2026-01-11T20:04:39Z ERROR css_core::box_tree::constraint_block_layout] IS FLEX!
[2026-01-11T20:04:39Z ERROR css_core::box_tree::constraint_block_layout::flex_layout] layout_flex: node=NodeKey(14107808407226417213), children.len()=7
[2026-01-11T20:04:39Z ERROR css_core::box_tree::constraint_block_layout] layout_block ENTRY: node=NodeKey(14107808407226417215)
[2026-01-11T20:04:39Z ERROR css_core::box_tree::constraint_block_layout] Checking flex: node=NodeKey(14107808407226417215), display=Inline
[2026-01-11T20:04:39Z ERROR css_core::box_tree::constraint_block_layout] layout_block ENTRY: node=NodeKey(14107808407226417218)
[2026-01-11T20:04:39Z ERROR css_core::box_tree::constraint_block_layout] Checking flex: node=NodeKey(14107808407226417218), display=Block
[2026-01-11T20:04:39Z ERROR css_core::box_tree::constraint_block_layout] layout_block ENTRY: node=NodeKey(14107808407226417220)
[2026-01-11T20:04:39Z ERROR css_core::box_tree::constraint_block_layout] Checking flex: node=NodeKey(14107808407226417220), display=Block
[2026-01-11T20:04:39Z ERROR css_core::box_tree::constraint_block_layout::flex_layout] layout_flex: node=NodeKey(14107808407226417213), flex_items.len()=3
[2026-01-11T20:04:39Z ERROR css_core::box_tree::constraint_block_layout] layout_block ENTRY: node=NodeKey(14107808407226417215)
[2026-01-11T20:04:39Z ERROR css_core::box_tree::constraint_block_layout] Checking flex: node=NodeKey(14107808407226417215), display=Inline
[2026-01-11T20:04:39Z ERROR css_core::box_tree::constraint_block_layout] layout_block ENTRY: node=NodeKey(14107808407226417218)
[2026-01-11T20:04:39Z ERROR css_core::box_tree::constraint_block_layout] Checking flex: node=NodeKey(14107808407226417218), display=Block
[2026-01-11T20:04:39Z ERROR css_core::box_tree::constraint_block_layout] layout_block ENTRY: node=NodeKey(14107808407226417220)
[2026-01-11T20:04:39Z ERROR css_core::box_tree::constraint_block_layout] Checking flex: node=NodeKey(14107808407226417220), display=Block
[2026-01-11T20:04:39Z ERROR css_core::box_tree::constraint_block_layout] INSERTING FLEX CONTAINER in layout_block: node=NodeKey(14107808407226417213), inline_size=768, is_measurement=false
[2026-01-11T20:04:39Z ERROR css_core::box_tree::constraint_block_layout] layout_block ENTRY: node=NodeKey(14107808407226417223)
[2026-01-11T20:04:39Z ERROR css_core::box_tree::constraint_block_layout] Checking flex: node=NodeKey(14107808407226417223), display=Flex
[2026-01-11T20:04:39Z ERROR css_core::box_tree::constraint_block_layout] IS FLEX!
[2026-01-11T20:04:39Z ERROR css_core::box_tree::constraint_block_layout::flex_layout] layout_flex: node=NodeKey(14107808407226417223), children.len()=5
[2026-01-11T20:04:39Z ERROR css_core::box_tree::constraint_block_layout] layout_block ENTRY: node=NodeKey(14107808407226417225)
[2026-01-11T20:04:39Z ERROR css_core::box_tree::constraint_block_layout] Checking flex: node=NodeKey(14107808407226417225), display=Inline
[2026-01-11T20:04:39Z ERROR css_core::box_tree::constraint_block_layout] layout_block ENTRY: node=NodeKey(14107808407226417227)
[2026-01-11T20:04:39Z ERROR css_core::box_tree::constraint_block_layout] Checking flex: node=NodeKey(14107808407226417227), display=Block
[2026-01-11T20:04:39Z ERROR css_core::box_tree::constraint_block_layout::flex_layout] layout_flex: node=NodeKey(14107808407226417223), flex_items.len()=2
[2026-01-11T20:04:39Z ERROR css_core::box_tree::constraint_block_layout] layout_block ENTRY: node=NodeKey(14107808407226417225)
[2026-01-11T20:04:39Z ERROR css_core::box_tree::constraint_block_layout] Checking flex: node=NodeKey(14107808407226417225), display=Inline
[2026-01-11T20:04:39Z ERROR css_core::box_tree::constraint_block_layout] layout_block ENTRY: node=NodeKey(14107808407226417227)
[2026-01-11T20:04:39Z ERROR css_core::box_tree::constraint_block_layout] Checking flex: node=NodeKey(14107808407226417227), display=Block
[2026-01-11T20:04:39Z ERROR css_core::box_tree::constraint_block_layout] INSERTING FLEX CONTAINER in layout_block: node=NodeKey(14107808407226417223), inline_size=768, is_measurement=false
[2026-01-11T20:04:39Z ERROR css_core::box_tree::constraint_block_layout] INSERTING FLEX CONTAINER in layout_block: node=NodeKey(14107808407226417168), inline_size=800, is_measurement=false
[2026-01-11T20:04:39Z ERROR page_handler::core::incremental_layout] LAYOUT TREE COMPLETE - generation 1, total results: 35
[2026-01-11T20:04:39Z ERROR page_handler::core::incremental_layout] RUNNING LAYOUT TREE - generation 1
[2026-01-11T20:04:39Z ERROR css_core::box_tree::constraint_block_layout] layout_block ENTRY: node=NodeKey(4329930666251649026)
[2026-01-11T20:04:39Z ERROR css_core::box_tree::constraint_block_layout] Checking flex: node=NodeKey(4329930666251649026), display=Block
[2026-01-11T20:04:39Z ERROR css_core::box_tree::constraint_block_layout] layout_block ENTRY: node=NodeKey(4329930666251649038)
[2026-01-11T20:04:39Z ERROR css_core::box_tree::constraint_block_layout] Checking flex: node=NodeKey(4329930666251649038), display=Block
[2026-01-11T20:04:39Z ERROR css_core::box_tree::constraint_block_layout] layout_block ENTRY: node=NodeKey(4329930666251649040)
[2026-01-11T20:04:39Z ERROR css_core::box_tree::constraint_block_layout] Checking flex: node=NodeKey(4329930666251649040), display=Flex
[2026-01-11T20:04:39Z ERROR css_core::box_tree::constraint_block_layout] IS FLEX!
[2026-01-11T20:04:39Z ERROR css_core::box_tree::constraint_block_layout::flex_layout] layout_flex: node=NodeKey(4329930666251649040), children.len()=17
[2026-01-11T20:04:39Z ERROR css_core::box_tree::constraint_block_layout] layout_block ENTRY: node=NodeKey(4329930666251649042)
[2026-01-11T20:04:39Z ERROR css_core::box_tree::constraint_block_layout] Checking flex: node=NodeKey(4329930666251649042), display=Block
[2026-01-11T20:04:39Z ERROR css_core::box_tree::constraint_block_layout] layout_block ENTRY: node=NodeKey(4329930666251649044)
[2026-01-11T20:04:39Z ERROR css_core::box_tree::constraint_block_layout] Checking flex: node=NodeKey(4329930666251649044), display=Flex
[2026-01-11T20:04:39Z ERROR css_core::box_tree::constraint_block_layout] IS FLEX!
[2026-01-11T20:04:39Z ERROR css_core::box_tree::constraint_block_layout::flex_layout] layout_flex: node=NodeKey(4329930666251649044), children.len()=5
[2026-01-11T20:04:39Z ERROR css_core::box_tree::constraint_block_layout] layout_block ENTRY: node=NodeKey(4329930666251649046)
[2026-01-11T20:04:39Z ERROR css_core::box_tree::constraint_block_layout] Checking flex: node=NodeKey(4329930666251649046), display=Inline
[2026-01-11T20:04:39Z ERROR css_core::box_tree::constraint_block_layout] layout_block ENTRY: node=NodeKey(4329930666251649049)
[2026-01-11T20:04:39Z ERROR css_core::box_tree::constraint_block_layout] Checking flex: node=NodeKey(4329930666251649049), display=Inline
[2026-01-11T20:04:39Z ERROR css_core::box_tree::constraint_block_layout::flex_layout] layout_flex: node=NodeKey(4329930666251649044), flex_items.len()=2
[2026-01-11T20:04:39Z ERROR css_core::box_tree::constraint_block_layout] layout_block ENTRY: node=NodeKey(4329930666251649046)
[2026-01-11T20:04:39Z ERROR css_core::box_tree::constraint_block_layout] Checking flex: node=NodeKey(4329930666251649046), display=Inline
[2026-01-11T20:04:39Z ERROR css_core::box_tree::constraint_block_layout] layout_block ENTRY: node=NodeKey(4329930666251649049)
[2026-01-11T20:04:39Z ERROR css_core::box_tree::constraint_block_layout] Checking flex: node=NodeKey(4329930666251649049), display=Inline
[2026-01-11T20:04:39Z ERROR css_core::box_tree::constraint_block_layout] INSERTING FLEX CONTAINER in layout_block: node=NodeKey(4329930666251649044), inline_size=368, is_measurement=true
[2026-01-11T20:04:39Z ERROR css_core::box_tree::constraint_block_layout] layout_block ENTRY: node=NodeKey(4329930666251649053)
[2026-01-11T20:04:39Z ERROR css_core::box_tree::constraint_block_layout] Checking flex: node=NodeKey(4329930666251649053), display=Block
[2026-01-11T20:04:39Z ERROR css_core::box_tree::constraint_block_layout] layout_block ENTRY: node=NodeKey(4329930666251649055)
[2026-01-11T20:04:39Z ERROR css_core::box_tree::constraint_block_layout] Checking flex: node=NodeKey(4329930666251649055), display=Block
[2026-01-11T20:04:39Z ERROR css_core::box_tree::constraint_block_layout] layout_block ENTRY: node=NodeKey(4329930666251649059)
[2026-01-11T20:04:39Z ERROR css_core::box_tree::constraint_block_layout] Checking flex: node=NodeKey(4329930666251649059), display=Block
[2026-01-11T20:04:39Z ERROR css_core::box_tree::constraint_block_layout] layout_block ENTRY: node=NodeKey(4329930666251649061)
[2026-01-11T20:04:39Z ERROR css_core::box_tree::constraint_block_layout] Checking flex: node=NodeKey(4329930666251649061), display=Block
[2026-01-11T20:04:39Z ERROR css_core::box_tree::constraint_block_layout] layout_block ENTRY: node=NodeKey(4329930666251649064)
[2026-01-11T20:04:39Z ERROR css_core::box_tree::constraint_block_layout] Checking flex: node=NodeKey(4329930666251649064), display=Block
[2026-01-11T20:04:39Z ERROR css_core::box_tree::constraint_block_layout] layout_block ENTRY: node=NodeKey(4329930666251649066)
[2026-01-11T20:04:39Z ERROR css_core::box_tree::constraint_block_layout] Checking flex: node=NodeKey(4329930666251649066), display=Block
[2026-01-11T20:04:39Z ERROR css_core::box_tree::constraint_block_layout] layout_block ENTRY: node=NodeKey(4329930666251649069)
[2026-01-11T20:04:39Z ERROR css_core::box_tree::constraint_block_layout] Checking flex: node=NodeKey(4329930666251649069), display=Block
[2026-01-11T20:04:39Z ERROR css_core::box_tree::constraint_block_layout] layout_block ENTRY: node=NodeKey(4329930666251649071)
[2026-01-11T20:04:39Z ERROR css_core::box_tree::constraint_block_layout] Checking flex: node=NodeKey(4329930666251649071), display=Block
[2026-01-11T20:04:39Z ERROR css_core::box_tree::constraint_block_layout] layout_block ENTRY: node=NodeKey(4329930666251649074)
[2026-01-11T20:04:39Z ERROR css_core::box_tree::constraint_block_layout] Checking flex: node=NodeKey(4329930666251649074), display=Block
[2026-01-11T20:04:39Z ERROR css_core::box_tree::constraint_block_layout] layout_block ENTRY: node=NodeKey(4329930666251649076)
[2026-01-11T20:04:39Z ERROR css_core::box_tree::constraint_block_layout] Checking flex: node=NodeKey(4329930666251649076), display=Block
[2026-01-11T20:04:39Z ERROR css_core::box_tree::constraint_block_layout] layout_block ENTRY: node=NodeKey(4329930666251649079)
[2026-01-11T20:04:39Z ERROR css_core::box_tree::constraint_block_layout] Checking flex: node=NodeKey(4329930666251649079), display=Block
[2026-01-11T20:04:39Z ERROR css_core::box_tree::constraint_block_layout] layout_block ENTRY: node=NodeKey(4329930666251649081)
[2026-01-11T20:04:39Z ERROR css_core::box_tree::constraint_block_layout] Checking flex: node=NodeKey(4329930666251649081), display=Block
[2026-01-11T20:04:39Z ERROR css_core::box_tree::constraint_block_layout] layout_block ENTRY: node=NodeKey(4329930666251649084)
[2026-01-11T20:04:39Z ERROR css_core::box_tree::constraint_block_layout] Checking flex: node=NodeKey(4329930666251649084), display=Block
[2026-01-11T20:04:39Z ERROR css_core::box_tree::constraint_block_layout] layout_block ENTRY: node=NodeKey(4329930666251649086)
[2026-01-11T20:04:39Z ERROR css_core::box_tree::constraint_block_layout] Checking flex: node=NodeKey(4329930666251649086), display=Block
[2026-01-11T20:04:39Z ERROR css_core::box_tree::constraint_block_layout] layout_block ENTRY: node=NodeKey(4329930666251649089)
[2026-01-11T20:04:39Z ERROR css_core::box_tree::constraint_block_layout] Checking flex: node=NodeKey(4329930666251649089), display=Block
[2026-01-11T20:04:39Z ERROR css_core::box_tree::constraint_block_layout] layout_block ENTRY: node=NodeKey(4329930666251649091)
[2026-01-11T20:04:39Z ERROR css_core::box_tree::constraint_block_layout] Checking flex: node=NodeKey(4329930666251649091), display=Flex
[2026-01-11T20:04:39Z ERROR css_core::box_tree::constraint_block_layout] IS FLEX!
[2026-01-11T20:04:39Z ERROR css_core::box_tree::constraint_block_layout::flex_layout] layout_flex: node=NodeKey(4329930666251649091), children.len()=1
[2026-01-11T20:04:39Z ERROR css_core::box_tree::constraint_block_layout::flex_layout] layout_flex: node=NodeKey(4329930666251649091), flex_items.len()=1
[2026-01-11T20:04:39Z ERROR css_core::box_tree::constraint_block_layout] INSERTING FLEX CONTAINER in layout_block: node=NodeKey(4329930666251649091), inline_size=294.4, is_measurement=true
[2026-01-11T20:04:39Z ERROR css_core::box_tree::constraint_block_layout::flex_layout] layout_flex: node=NodeKey(4329930666251649040), flex_items.len()=8
[2026-01-11T20:04:39Z ERROR css_core::box_tree::constraint_block_layout] layout_block ENTRY: node=NodeKey(4329930666251649042)
[2026-01-11T20:04:39Z ERROR css_core::box_tree::constraint_block_layout] Checking flex: node=NodeKey(4329930666251649042), display=Block
[2026-01-11T20:04:39Z ERROR css_core::box_tree::constraint_block_layout] layout_block ENTRY: node=NodeKey(4329930666251649044)
[2026-01-11T20:04:39Z ERROR css_core::box_tree::constraint_block_layout] Checking flex: node=NodeKey(4329930666251649044), display=Flex
[2026-01-11T20:04:39Z ERROR css_core::box_tree::constraint_block_layout] IS FLEX!
[2026-01-11T20:04:39Z ERROR css_core::box_tree::constraint_block_layout::flex_layout] layout_flex: node=NodeKey(4329930666251649044), children.len()=5
[2026-01-11T20:04:39Z ERROR css_core::box_tree::constraint_block_layout] layout_block ENTRY: node=NodeKey(4329930666251649046)
[2026-01-11T20:04:39Z ERROR css_core::box_tree::constraint_block_layout] Checking flex: node=NodeKey(4329930666251649046), display=Inline
[2026-01-11T20:04:39Z ERROR css_core::box_tree::constraint_block_layout] layout_block ENTRY: node=NodeKey(4329930666251649049)
[2026-01-11T20:04:39Z ERROR css_core::box_tree::constraint_block_layout] Checking flex: node=NodeKey(4329930666251649049), display=Inline
[2026-01-11T20:04:39Z ERROR css_core::box_tree::constraint_block_layout::flex_layout] layout_flex: node=NodeKey(4329930666251649044), flex_items.len()=2
[2026-01-11T20:04:39Z ERROR css_core::box_tree::constraint_block_layout] layout_block ENTRY: node=NodeKey(4329930666251649046)
[2026-01-11T20:04:39Z ERROR css_core::box_tree::constraint_block_layout] Checking flex: node=NodeKey(4329930666251649046), display=Inline
[2026-01-11T20:04:39Z ERROR css_core::box_tree::constraint_block_layout] layout_block ENTRY: node=NodeKey(4329930666251649049)
[2026-01-11T20:04:39Z ERROR css_core::box_tree::constraint_block_layout] Checking flex: node=NodeKey(4329930666251649049), display=Inline
[2026-01-11T20:04:39Z ERROR css_core::box_tree::constraint_block_layout] INSERTING FLEX CONTAINER in layout_block: node=NodeKey(4329930666251649044), inline_size=368, is_measurement=false
[2026-01-11T20:04:39Z ERROR css_core::box_tree::constraint_block_layout] layout_block ENTRY: node=NodeKey(4329930666251649053)
[2026-01-11T20:04:39Z ERROR css_core::box_tree::constraint_block_layout] Checking flex: node=NodeKey(4329930666251649053), display=Block
[2026-01-11T20:04:39Z ERROR css_core::box_tree::constraint_block_layout] layout_block ENTRY: node=NodeKey(4329930666251649055)
[2026-01-11T20:04:39Z ERROR css_core::box_tree::constraint_block_layout] Checking flex: node=NodeKey(4329930666251649055), display=Block
[2026-01-11T20:04:39Z ERROR css_core::box_tree::constraint_block_layout] layout_block ENTRY: node=NodeKey(4329930666251649059)
[2026-01-11T20:04:39Z ERROR css_core::box_tree::constraint_block_layout] Checking flex: node=NodeKey(4329930666251649059), display=Block
[2026-01-11T20:04:39Z ERROR css_core::box_tree::constraint_block_layout] layout_block ENTRY: node=NodeKey(4329930666251649061)
[2026-01-11T20:04:39Z ERROR css_core::box_tree::constraint_block_layout] Checking flex: node=NodeKey(4329930666251649061), display=Block
[2026-01-11T20:04:39Z ERROR css_core::box_tree::constraint_block_layout] layout_block ENTRY: node=NodeKey(4329930666251649064)
[2026-01-11T20:04:39Z ERROR css_core::box_tree::constraint_block_layout] Checking flex: node=NodeKey(4329930666251649064), display=Block
[2026-01-11T20:04:39Z ERROR css_core::box_tree::constraint_block_layout] layout_block ENTRY: node=NodeKey(4329930666251649066)
[2026-01-11T20:04:39Z ERROR css_core::box_tree::constraint_block_layout] Checking flex: node=NodeKey(4329930666251649066), display=Block
[2026-01-11T20:04:39Z ERROR css_core::box_tree::constraint_block_layout] layout_block ENTRY: node=NodeKey(4329930666251649069)
[2026-01-11T20:04:39Z ERROR css_core::box_tree::constraint_block_layout] Checking flex: node=NodeKey(4329930666251649069), display=Block
[2026-01-11T20:04:39Z ERROR css_core::box_tree::constraint_block_layout] layout_block ENTRY: node=NodeKey(4329930666251649071)
[2026-01-11T20:04:39Z ERROR css_core::box_tree::constraint_block_layout] Checking flex: node=NodeKey(4329930666251649071), display=Block
[2026-01-11T20:04:39Z ERROR css_core::box_tree::constraint_block_layout] layout_block ENTRY: node=NodeKey(4329930666251649074)
[2026-01-11T20:04:39Z ERROR css_core::box_tree::constraint_block_layout] Checking flex: node=NodeKey(4329930666251649074), display=Block
[2026-01-11T20:04:39Z ERROR css_core::box_tree::constraint_block_layout] layout_block ENTRY: node=NodeKey(4329930666251649076)
[2026-01-11T20:04:39Z ERROR css_core::box_tree::constraint_block_layout] Checking flex: node=NodeKey(4329930666251649076), display=Block
[2026-01-11T20:04:39Z ERROR css_core::box_tree::constraint_block_layout] layout_block ENTRY: node=NodeKey(4329930666251649079)
[2026-01-11T20:04:39Z ERROR css_core::box_tree::constraint_block_layout] Checking flex: node=NodeKey(4329930666251649079), display=Block
[2026-01-11T20:04:39Z ERROR css_core::box_tree::constraint_block_layout] layout_block ENTRY: node=NodeKey(4329930666251649081)
[2026-01-11T20:04:39Z ERROR css_core::box_tree::constraint_block_layout] Checking flex: node=NodeKey(4329930666251649081), display=Block
[2026-01-11T20:04:39Z ERROR css_core::box_tree::constraint_block_layout] layout_block ENTRY: node=NodeKey(4329930666251649084)
[2026-01-11T20:04:39Z ERROR css_core::box_tree::constraint_block_layout] Checking flex: node=NodeKey(4329930666251649084), display=Block
[2026-01-11T20:04:39Z ERROR css_core::box_tree::constraint_block_layout] layout_block ENTRY: node=NodeKey(4329930666251649086)
[2026-01-11T20:04:39Z ERROR css_core::box_tree::constraint_block_layout] Checking flex: node=NodeKey(4329930666251649086), display=Block
[2026-01-11T20:04:39Z ERROR css_core::box_tree::constraint_block_layout] layout_block ENTRY: node=NodeKey(4329930666251649089)
[2026-01-11T20:04:39Z ERROR css_core::box_tree::constraint_block_layout] Checking flex: node=NodeKey(4329930666251649089), display=Block
[2026-01-11T20:04:39Z ERROR css_core::box_tree::constraint_block_layout] layout_block ENTRY: node=NodeKey(4329930666251649091)
[2026-01-11T20:04:39Z ERROR css_core::box_tree::constraint_block_layout] Checking flex: node=NodeKey(4329930666251649091), display=Flex
[2026-01-11T20:04:39Z ERROR css_core::box_tree::constraint_block_layout] IS FLEX!
[2026-01-11T20:04:39Z ERROR css_core::box_tree::constraint_block_layout::flex_layout] layout_flex: node=NodeKey(4329930666251649091), children.len()=1
[2026-01-11T20:04:39Z ERROR css_core::box_tree::constraint_block_layout::flex_layout] layout_flex: node=NodeKey(4329930666251649091), flex_items.len()=1
[2026-01-11T20:04:39Z ERROR css_core::box_tree::constraint_block_layout] INSERTING FLEX CONTAINER in layout_block: node=NodeKey(4329930666251649091), inline_size=294.4, is_measurement=false
[2026-01-11T20:04:39Z ERROR css_core::box_tree::constraint_block_layout] INSERTING FLEX CONTAINER in layout_block: node=NodeKey(4329930666251649040), inline_size=400, is_measurement=false
[2026-01-11T20:04:39Z ERROR page_handler::core::incremental_layout] LAYOUT TREE COMPLETE - generation 1, total results: 48
[2026-01-11T20:04:39Z ERROR page_handler::core::incremental_layout] RUNNING LAYOUT TREE - generation 1
[2026-01-11T20:04:39Z ERROR css_core::box_tree::constraint_block_layout] layout_block ENTRY: node=NodeKey(11056619659682906114)
[2026-01-11T20:04:39Z ERROR css_core::box_tree::constraint_block_layout] Checking flex: node=NodeKey(11056619659682906114), display=Block
[2026-01-11T20:04:39Z ERROR css_core::box_tree::constraint_block_layout] layout_block ENTRY: node=NodeKey(11056619659682906126)
[2026-01-11T20:04:39Z ERROR css_core::box_tree::constraint_block_layout] Checking flex: node=NodeKey(11056619659682906126), display=Block
[2026-01-11T20:04:39Z ERROR css_core::box_tree::constraint_block_layout] layout_block ENTRY: node=NodeKey(11056619659682906128)
[2026-01-11T20:04:39Z ERROR css_core::box_tree::constraint_block_layout] Checking flex: node=NodeKey(11056619659682906128), display=Flex
[2026-01-11T20:04:39Z ERROR css_core::box_tree::constraint_block_layout] IS FLEX!
[2026-01-11T20:04:39Z ERROR css_core::box_tree::constraint_block_layout::flex_layout] layout_flex: node=NodeKey(11056619659682906128), children.len()=5
[2026-01-11T20:04:39Z ERROR css_core::box_tree::constraint_block_layout] layout_block ENTRY: node=NodeKey(11056619659682906130)
[2026-01-11T20:04:39Z ERROR css_core::box_tree::constraint_block_layout] Checking flex: node=NodeKey(11056619659682906130), display=InlineBlock
[2026-01-11T20:04:39Z ERROR css_core::box_tree::constraint_block_layout] layout_block ENTRY: node=NodeKey(11056619659682906132)
[2026-01-11T20:04:39Z ERROR css_core::box_tree::constraint_block_layout] Checking flex: node=NodeKey(11056619659682906132), display=Block
[2026-01-11T20:04:39Z ERROR css_core::box_tree::constraint_block_layout] layout_block ENTRY: node=NodeKey(11056619659682906133)
[2026-01-11T20:04:39Z ERROR css_core::box_tree::constraint_block_layout] layout_block ENTRY: node=NodeKey(11056619659682906134)
[2026-01-11T20:04:39Z ERROR css_core::box_tree::constraint_block_layout] Checking flex: node=NodeKey(11056619659682906134), display=Block
[2026-01-11T20:04:39Z ERROR css_core::box_tree::constraint_block_layout] layout_block ENTRY: node=NodeKey(11056619659682906136)
[2026-01-11T20:04:39Z ERROR css_core::box_tree::constraint_block_layout] layout_block ENTRY: node=NodeKey(11056619659682906137)
[2026-01-11T20:04:39Z ERROR css_core::box_tree::constraint_block_layout] Checking flex: node=NodeKey(11056619659682906137), display=Block
[2026-01-11T20:04:39Z ERROR css_core::box_tree::constraint_block_layout] layout_block ENTRY: node=NodeKey(11056619659682906139)
[2026-01-11T20:04:39Z ERROR css_core::box_tree::constraint_block_layout] layout_block ENTRY: node=NodeKey(11056619659682906141)
[2026-01-11T20:04:39Z ERROR css_core::box_tree::constraint_block_layout] Checking flex: node=NodeKey(11056619659682906141), display=Block
[2026-01-11T20:04:39Z ERROR css_core::box_tree::constraint_block_layout] layout_block ENTRY: node=NodeKey(11056619659682906145)
[2026-01-11T20:04:39Z ERROR css_core::box_tree::constraint_block_layout] Checking flex: node=NodeKey(11056619659682906145), display=InlineBlock
[2026-01-11T20:04:39Z ERROR css_core::box_tree::constraint_block_layout] layout_block ENTRY: node=NodeKey(11056619659682906147)
[2026-01-11T20:04:39Z ERROR css_core::box_tree::constraint_block_layout] Checking flex: node=NodeKey(11056619659682906147), display=Block
[2026-01-11T20:04:39Z ERROR css_core::box_tree::constraint_block_layout] layout_block ENTRY: node=NodeKey(11056619659682906148)
[2026-01-11T20:04:39Z ERROR css_core::box_tree::constraint_block_layout] layout_block ENTRY: node=NodeKey(11056619659682906149)
[2026-01-11T20:04:39Z ERROR css_core::box_tree::constraint_block_layout] Checking flex: node=NodeKey(11056619659682906149), display=Block
[2026-01-11T20:04:39Z ERROR css_core::box_tree::constraint_block_layout] layout_block ENTRY: node=NodeKey(11056619659682906151)
[2026-01-11T20:04:39Z ERROR css_core::box_tree::constraint_block_layout] layout_block ENTRY: node=NodeKey(11056619659682906152)
[2026-01-11T20:04:39Z ERROR css_core::box_tree::constraint_block_layout] Checking flex: node=NodeKey(11056619659682906152), display=Block
[2026-01-11T20:04:39Z ERROR css_core::box_tree::constraint_block_layout] layout_block ENTRY: node=NodeKey(11056619659682906154)
[2026-01-11T20:04:39Z ERROR css_core::box_tree::constraint_block_layout] layout_block ENTRY: node=NodeKey(11056619659682906155)
[2026-01-11T20:04:39Z ERROR css_core::box_tree::constraint_block_layout] Checking flex: node=NodeKey(11056619659682906155), display=Flex
[2026-01-11T20:04:39Z ERROR css_core::box_tree::constraint_block_layout] IS FLEX!
[2026-01-11T20:04:39Z ERROR css_core::box_tree::constraint_block_layout::flex_layout] layout_flex: node=NodeKey(11056619659682906155), children.len()=5
[2026-01-11T20:04:39Z ERROR css_core::box_tree::constraint_block_layout] layout_block ENTRY: node=NodeKey(11056619659682906157)
[2026-01-11T20:04:39Z ERROR css_core::box_tree::constraint_block_layout] Checking flex: node=NodeKey(11056619659682906157), display=Block
[2026-01-11T20:04:39Z ERROR css_core::box_tree::constraint_block_layout] layout_block ENTRY: node=NodeKey(11056619659682906160)
[2026-01-11T20:04:39Z ERROR css_core::box_tree::constraint_block_layout] Checking flex: node=NodeKey(11056619659682906160), display=Block
[2026-01-11T20:04:39Z ERROR css_core::box_tree::constraint_block_layout::flex_layout] layout_flex: node=NodeKey(11056619659682906155), flex_items.len()=2
[2026-01-11T20:04:39Z ERROR css_core::box_tree::constraint_block_layout] layout_block ENTRY: node=NodeKey(11056619659682906157)
[2026-01-11T20:04:39Z ERROR css_core::box_tree::constraint_block_layout] Checking flex: node=NodeKey(11056619659682906157), display=Block
[2026-01-11T20:04:39Z ERROR css_core::box_tree::constraint_block_layout] layout_block ENTRY: node=NodeKey(11056619659682906160)
[2026-01-11T20:04:39Z ERROR css_core::box_tree::constraint_block_layout] Checking flex: node=NodeKey(11056619659682906160), display=Block
[2026-01-11T20:04:39Z ERROR css_core::box_tree::constraint_block_layout] INSERTING FLEX CONTAINER in layout_block: node=NodeKey(11056619659682906155), inline_size=264, is_measurement=true
[2026-01-11T20:04:39Z ERROR css_core::box_tree::constraint_block_layout] layout_block ENTRY: node=NodeKey(11056619659682906163)
[2026-01-11T20:04:39Z ERROR css_core::box_tree::constraint_block_layout] layout_block ENTRY: node=NodeKey(11056619659682906165)
[2026-01-11T20:04:39Z ERROR css_core::box_tree::constraint_block_layout] Checking flex: node=NodeKey(11056619659682906165), display=Block
[2026-01-11T20:04:39Z ERROR css_core::box_tree::constraint_block_layout::flex_layout] layout_flex: node=NodeKey(11056619659682906128), flex_items.len()=2
[2026-01-11T20:04:39Z ERROR css_core::box_tree::constraint_block_layout] layout_block ENTRY: node=NodeKey(11056619659682906130)
[2026-01-11T20:04:39Z ERROR css_core::box_tree::constraint_block_layout] Checking flex: node=NodeKey(11056619659682906130), display=InlineBlock
[2026-01-11T20:04:39Z ERROR css_core::box_tree::constraint_block_layout] layout_block ENTRY: node=NodeKey(11056619659682906132)
[2026-01-11T20:04:39Z ERROR css_core::box_tree::constraint_block_layout] Checking flex: node=NodeKey(11056619659682906132), display=Block
[2026-01-11T20:04:39Z ERROR css_core::box_tree::constraint_block_layout] layout_block ENTRY: node=NodeKey(11056619659682906133)
[2026-01-11T20:04:39Z ERROR css_core::box_tree::constraint_block_layout] layout_block ENTRY: node=NodeKey(11056619659682906134)
[2026-01-11T20:04:39Z ERROR css_core::box_tree::constraint_block_layout] Checking flex: node=NodeKey(11056619659682906134), display=Block
[2026-01-11T20:04:39Z ERROR css_core::box_tree::constraint_block_layout] layout_block ENTRY: node=NodeKey(11056619659682906136)
[2026-01-11T20:04:39Z ERROR css_core::box_tree::constraint_block_layout] layout_block ENTRY: node=NodeKey(11056619659682906137)
[2026-01-11T20:04:39Z ERROR css_core::box_tree::constraint_block_layout] Checking flex: node=NodeKey(11056619659682906137), display=Block
[2026-01-11T20:04:39Z ERROR css_core::box_tree::constraint_block_layout] layout_block ENTRY: node=NodeKey(11056619659682906139)
[2026-01-11T20:04:39Z ERROR css_core::box_tree::constraint_block_layout] layout_block ENTRY: node=NodeKey(11056619659682906141)
[2026-01-11T20:04:39Z ERROR css_core::box_tree::constraint_block_layout] Checking flex: node=NodeKey(11056619659682906141), display=Block
[2026-01-11T20:04:39Z ERROR css_core::box_tree::constraint_block_layout] layout_block ENTRY: node=NodeKey(11056619659682906145)
[2026-01-11T20:04:39Z ERROR css_core::box_tree::constraint_block_layout] Checking flex: node=NodeKey(11056619659682906145), display=InlineBlock
[2026-01-11T20:04:39Z ERROR css_core::box_tree::constraint_block_layout] layout_block ENTRY: node=NodeKey(11056619659682906147)
[2026-01-11T20:04:39Z ERROR css_core::box_tree::constraint_block_layout] Checking flex: node=NodeKey(11056619659682906147), display=Block
[2026-01-11T20:04:39Z ERROR css_core::box_tree::constraint_block_layout] layout_block ENTRY: node=NodeKey(11056619659682906148)
[2026-01-11T20:04:39Z ERROR css_core::box_tree::constraint_block_layout] layout_block ENTRY: node=NodeKey(11056619659682906149)
[2026-01-11T20:04:39Z ERROR css_core::box_tree::constraint_block_layout] Checking flex: node=NodeKey(11056619659682906149), display=Block
[2026-01-11T20:04:39Z ERROR css_core::box_tree::constraint_block_layout] layout_block ENTRY: node=NodeKey(11056619659682906151)
[2026-01-11T20:04:39Z ERROR css_core::box_tree::constraint_block_layout] layout_block ENTRY: node=NodeKey(11056619659682906152)
[2026-01-11T20:04:39Z ERROR css_core::box_tree::constraint_block_layout] Checking flex: node=NodeKey(11056619659682906152), display=Block
[2026-01-11T20:04:39Z ERROR css_core::box_tree::constraint_block_layout] layout_block ENTRY: node=NodeKey(11056619659682906154)
[2026-01-11T20:04:39Z ERROR css_core::box_tree::constraint_block_layout] layout_block ENTRY: node=NodeKey(11056619659682906155)
[2026-01-11T20:04:39Z ERROR css_core::box_tree::constraint_block_layout] Checking flex: node=NodeKey(11056619659682906155), display=Flex
[2026-01-11T20:04:39Z ERROR css_core::box_tree::constraint_block_layout] IS FLEX!
[2026-01-11T20:04:39Z ERROR css_core::box_tree::constraint_block_layout::flex_layout] layout_flex: node=NodeKey(11056619659682906155), children.len()=5
[2026-01-11T20:04:39Z ERROR css_core::box_tree::constraint_block_layout] layout_block ENTRY: node=NodeKey(11056619659682906157)
[2026-01-11T20:04:39Z ERROR css_core::box_tree::constraint_block_layout] Checking flex: node=NodeKey(11056619659682906157), display=Block
[2026-01-11T20:04:39Z ERROR css_core::box_tree::constraint_block_layout] layout_block ENTRY: node=NodeKey(11056619659682906160)
[2026-01-11T20:04:39Z ERROR css_core::box_tree::constraint_block_layout] Checking flex: node=NodeKey(11056619659682906160), display=Block
[2026-01-11T20:04:39Z ERROR css_core::box_tree::constraint_block_layout::flex_layout] layout_flex: node=NodeKey(11056619659682906155), flex_items.len()=2
[2026-01-11T20:04:39Z ERROR css_core::box_tree::constraint_block_layout] layout_block ENTRY: node=NodeKey(11056619659682906157)
[2026-01-11T20:04:39Z ERROR css_core::box_tree::constraint_block_layout] Checking flex: node=NodeKey(11056619659682906157), display=Block
[2026-01-11T20:04:39Z ERROR css_core::box_tree::constraint_block_layout] layout_block ENTRY: node=NodeKey(11056619659682906160)
[2026-01-11T20:04:39Z ERROR css_core::box_tree::constraint_block_layout] Checking flex: node=NodeKey(11056619659682906160), display=Block
[2026-01-11T20:04:39Z ERROR css_core::box_tree::constraint_block_layout] INSERTING FLEX CONTAINER in layout_block: node=NodeKey(11056619659682906155), inline_size=264, is_measurement=false
[2026-01-11T20:04:39Z ERROR css_core::box_tree::constraint_block_layout] layout_block ENTRY: node=NodeKey(11056619659682906163)
[2026-01-11T20:04:39Z ERROR css_core::box_tree::constraint_block_layout] layout_block ENTRY: node=NodeKey(11056619659682906165)
[2026-01-11T20:04:39Z ERROR css_core::box_tree::constraint_block_layout] Checking flex: node=NodeKey(11056619659682906165), display=Block
[2026-01-11T20:04:39Z ERROR css_core::box_tree::constraint_block_layout] INSERTING FLEX CONTAINER in layout_block: node=NodeKey(11056619659682906128), inline_size=800, is_measurement=false
[2026-01-11T20:04:39Z ERROR page_handler::core::incremental_layout] LAYOUT TREE COMPLETE - generation 1, total results: 40
[2026-01-11T20:04:39Z ERROR page_handler::core::incremental_layout] RUNNING LAYOUT TREE - generation 1
[2026-01-11T20:04:39Z ERROR css_core::box_tree::constraint_block_layout] layout_block ENTRY: node=NodeKey(14042787687606255618)
[2026-01-11T20:04:39Z ERROR css_core::box_tree::constraint_block_layout] Checking flex: node=NodeKey(14042787687606255618), display=Block
[2026-01-11T20:04:39Z ERROR css_core::box_tree::constraint_block_layout] layout_block ENTRY: node=NodeKey(14042787687606255630)
[2026-01-11T20:04:39Z ERROR css_core::box_tree::constraint_block_layout] Checking flex: node=NodeKey(14042787687606255630), display=Block
[2026-01-11T20:04:39Z ERROR css_core::box_tree::constraint_block_layout] layout_block ENTRY: node=NodeKey(14042787687606255632)
[2026-01-11T20:04:39Z ERROR css_core::box_tree::constraint_block_layout] Checking flex: node=NodeKey(14042787687606255632), display=Flex
[2026-01-11T20:04:39Z ERROR css_core::box_tree::constraint_block_layout] IS FLEX!
[2026-01-11T20:04:39Z ERROR css_core::box_tree::constraint_block_layout::flex_layout] layout_flex: node=NodeKey(14042787687606255632), children.len()=9
[2026-01-11T20:04:39Z ERROR css_core::box_tree::constraint_block_layout] layout_block ENTRY: node=NodeKey(14042787687606255634)
[2026-01-11T20:04:39Z ERROR css_core::box_tree::constraint_block_layout] Checking flex: node=NodeKey(14042787687606255634), display=InlineBlock
[2026-01-11T20:04:39Z ERROR css_core::box_tree::constraint_block_layout] layout_block ENTRY: node=NodeKey(14042787687606255636)
[2026-01-11T20:04:39Z ERROR css_core::box_tree::constraint_block_layout] Checking flex: node=NodeKey(14042787687606255636), display=Block
[2026-01-11T20:04:39Z ERROR css_core::box_tree::constraint_block_layout] layout_block ENTRY: node=NodeKey(14042787687606255637)
[2026-01-11T20:04:39Z ERROR css_core::box_tree::constraint_block_layout] layout_block ENTRY: node=NodeKey(14042787687606255639)
[2026-01-11T20:04:39Z ERROR css_core::box_tree::constraint_block_layout] Checking flex: node=NodeKey(14042787687606255639), display=Block
[2026-01-11T20:04:39Z ERROR css_core::box_tree::constraint_block_layout] layout_block ENTRY: node=NodeKey(14042787687606255643)
[2026-01-11T20:04:39Z ERROR css_core::box_tree::constraint_block_layout] Checking flex: node=NodeKey(14042787687606255643), display=InlineBlock
[2026-01-11T20:04:39Z ERROR css_core::box_tree::constraint_block_layout] layout_block ENTRY: node=NodeKey(14042787687606255645)
[2026-01-11T20:04:39Z ERROR css_core::box_tree::constraint_block_layout] Checking flex: node=NodeKey(14042787687606255645), display=Block
[2026-01-11T20:04:39Z ERROR css_core::box_tree::constraint_block_layout] layout_block ENTRY: node=NodeKey(14042787687606255648)
[2026-01-11T20:04:39Z ERROR css_core::box_tree::constraint_block_layout] Checking flex: node=NodeKey(14042787687606255648), display=Block
[2026-01-11T20:04:39Z ERROR css_core::box_tree::constraint_block_layout] layout_block ENTRY: node=NodeKey(14042787687606255649)
[2026-01-11T20:04:39Z ERROR css_core::box_tree::constraint_block_layout] layout_block ENTRY: node=NodeKey(14042787687606255652)
[2026-01-11T20:04:39Z ERROR css_core::box_tree::constraint_block_layout] Checking flex: node=NodeKey(14042787687606255652), display=InlineBlock
[2026-01-11T20:04:39Z ERROR css_core::box_tree::constraint_block_layout] layout_block ENTRY: node=NodeKey(14042787687606255654)
[2026-01-11T20:04:39Z ERROR css_core::box_tree::constraint_block_layout] Checking flex: node=NodeKey(14042787687606255654), display=Block
[2026-01-11T20:04:39Z ERROR css_core::box_tree::constraint_block_layout] layout_block ENTRY: node=NodeKey(14042787687606255655)
[2026-01-11T20:04:39Z ERROR css_core::box_tree::constraint_block_layout] layout_block ENTRY: node=NodeKey(14042787687606255657)
[2026-01-11T20:04:39Z ERROR css_core::box_tree::constraint_block_layout] Checking flex: node=NodeKey(14042787687606255657), display=Block
[2026-01-11T20:04:39Z ERROR css_core::box_tree::constraint_block_layout] layout_block ENTRY: node=NodeKey(14042787687606255661)
[2026-01-11T20:04:39Z ERROR css_core::box_tree::constraint_block_layout] Checking flex: node=NodeKey(14042787687606255661), display=InlineBlock
[2026-01-11T20:04:39Z ERROR css_core::box_tree::constraint_block_layout] layout_block ENTRY: node=NodeKey(14042787687606255663)
[2026-01-11T20:04:39Z ERROR css_core::box_tree::constraint_block_layout] Checking flex: node=NodeKey(14042787687606255663), display=Block
[2026-01-11T20:04:39Z ERROR css_core::box_tree::constraint_block_layout] layout_block ENTRY: node=NodeKey(14042787687606255666)
[2026-01-11T20:04:39Z ERROR css_core::box_tree::constraint_block_layout] Checking flex: node=NodeKey(14042787687606255666), display=Block
[2026-01-11T20:04:39Z ERROR css_core::box_tree::constraint_block_layout] layout_block ENTRY: node=NodeKey(14042787687606255667)
[2026-01-11T20:04:39Z ERROR css_core::box_tree::constraint_block_layout::flex_layout] layout_flex: node=NodeKey(14042787687606255632), flex_items.len()=4
[2026-01-11T20:04:39Z ERROR css_core::box_tree::constraint_block_layout] layout_block ENTRY: node=NodeKey(14042787687606255634)
[2026-01-11T20:04:39Z ERROR css_core::box_tree::constraint_block_layout] Checking flex: node=NodeKey(14042787687606255634), display=InlineBlock
[2026-01-11T20:04:39Z ERROR css_core::box_tree::constraint_block_layout] layout_block ENTRY: node=NodeKey(14042787687606255636)
[2026-01-11T20:04:39Z ERROR css_core::box_tree::constraint_block_layout] Checking flex: node=NodeKey(14042787687606255636), display=Block
[2026-01-11T20:04:39Z ERROR css_core::box_tree::constraint_block_layout] layout_block ENTRY: node=NodeKey(14042787687606255637)
[2026-01-11T20:04:39Z ERROR css_core::box_tree::constraint_block_layout] layout_block ENTRY: node=NodeKey(14042787687606255639)
[2026-01-11T20:04:39Z ERROR css_core::box_tree::constraint_block_layout] Checking flex: node=NodeKey(14042787687606255639), display=Block
[2026-01-11T20:04:39Z ERROR css_core::box_tree::constraint_block_layout] layout_block ENTRY: node=NodeKey(14042787687606255643)
[2026-01-11T20:04:39Z ERROR css_core::box_tree::constraint_block_layout] Checking flex: node=NodeKey(14042787687606255643), display=InlineBlock
[2026-01-11T20:04:39Z ERROR css_core::box_tree::constraint_block_layout] layout_block ENTRY: node=NodeKey(14042787687606255645)
[2026-01-11T20:04:39Z ERROR css_core::box_tree::constraint_block_layout] Checking flex: node=NodeKey(14042787687606255645), display=Block
[2026-01-11T20:04:39Z ERROR css_core::box_tree::constraint_block_layout] layout_block ENTRY: node=NodeKey(14042787687606255648)
[2026-01-11T20:04:39Z ERROR css_core::box_tree::constraint_block_layout] Checking flex: node=NodeKey(14042787687606255648), display=Block
[2026-01-11T20:04:39Z ERROR css_core::box_tree::constraint_block_layout] layout_block ENTRY: node=NodeKey(14042787687606255649)
[2026-01-11T20:04:39Z ERROR css_core::box_tree::constraint_block_layout] layout_block ENTRY: node=NodeKey(14042787687606255652)
[2026-01-11T20:04:39Z ERROR css_core::box_tree::constraint_block_layout] Checking flex: node=NodeKey(14042787687606255652), display=InlineBlock
[2026-01-11T20:04:39Z ERROR css_core::box_tree::constraint_block_layout] layout_block ENTRY: node=NodeKey(14042787687606255654)
[2026-01-11T20:04:39Z ERROR css_core::box_tree::constraint_block_layout] Checking flex: node=NodeKey(14042787687606255654), display=Block
[2026-01-11T20:04:39Z ERROR css_core::box_tree::constraint_block_layout] layout_block ENTRY: node=NodeKey(14042787687606255655)
[2026-01-11T20:04:39Z ERROR css_core::box_tree::constraint_block_layout] layout_block ENTRY: node=NodeKey(14042787687606255657)
[2026-01-11T20:04:39Z ERROR css_core::box_tree::constraint_block_layout] Checking flex: node=NodeKey(14042787687606255657), display=Block
[2026-01-11T20:04:39Z ERROR css_core::box_tree::constraint_block_layout] layout_block ENTRY: node=NodeKey(14042787687606255661)
[2026-01-11T20:04:39Z ERROR css_core::box_tree::constraint_block_layout] Checking flex: node=NodeKey(14042787687606255661), display=InlineBlock
[2026-01-11T20:04:39Z ERROR css_core::box_tree::constraint_block_layout] layout_block ENTRY: node=NodeKey(14042787687606255663)
[2026-01-11T20:04:39Z ERROR css_core::box_tree::constraint_block_layout] Checking flex: node=NodeKey(14042787687606255663), display=Block
[2026-01-11T20:04:39Z ERROR css_core::box_tree::constraint_block_layout] layout_block ENTRY: node=NodeKey(14042787687606255666)
[2026-01-11T20:04:39Z ERROR css_core::box_tree::constraint_block_layout] Checking flex: node=NodeKey(14042787687606255666), display=Block
[2026-01-11T20:04:39Z ERROR css_core::box_tree::constraint_block_layout] layout_block ENTRY: node=NodeKey(14042787687606255667)
[2026-01-11T20:04:39Z ERROR css_core::box_tree::constraint_block_layout] INSERTING FLEX CONTAINER in layout_block: node=NodeKey(14042787687606255632), inline_size=800, is_measurement=false
[2026-01-11T20:04:39Z ERROR page_handler::core::incremental_layout] LAYOUT TREE COMPLETE - generation 1, total results: 38
[2026-01-11T20:04:39Z ERROR page_handler::core::incremental_layout] RUNNING LAYOUT TREE - generation 1
[2026-01-11T20:04:39Z ERROR css_core::box_tree::constraint_block_layout] layout_block ENTRY: node=NodeKey(9055051100293431298)
[2026-01-11T20:04:39Z ERROR css_core::box_tree::constraint_block_layout] Checking flex: node=NodeKey(9055051100293431298), display=Block
[2026-01-11T20:04:39Z ERROR css_core::box_tree::constraint_block_layout] layout_block ENTRY: node=NodeKey(9055051100293431310)
[2026-01-11T20:04:39Z ERROR css_core::box_tree::constraint_block_layout] Checking flex: node=NodeKey(9055051100293431310), display=Block
[2026-01-11T20:04:39Z ERROR css_core::box_tree::constraint_block_layout] layout_block ENTRY: node=NodeKey(9055051100293431312)
[2026-01-11T20:04:39Z ERROR css_core::box_tree::constraint_block_layout] Checking flex: node=NodeKey(9055051100293431312), display=Flex
[2026-01-11T20:04:39Z ERROR css_core::box_tree::constraint_block_layout] IS FLEX!
[2026-01-11T20:04:39Z ERROR css_core::box_tree::constraint_block_layout::flex_layout] layout_flex: node=NodeKey(9055051100293431312), children.len()=9
[2026-01-11T20:04:39Z ERROR css_core::box_tree::constraint_block_layout] layout_block ENTRY: node=NodeKey(9055051100293431314)
[2026-01-11T20:04:39Z ERROR css_core::box_tree::constraint_block_layout] Checking flex: node=NodeKey(9055051100293431314), display=Flex
[2026-01-11T20:04:39Z ERROR css_core::box_tree::constraint_block_layout] IS FLEX!
[2026-01-11T20:04:39Z ERROR css_core::box_tree::constraint_block_layout::flex_layout] layout_flex: node=NodeKey(9055051100293431314), children.len()=13
[2026-01-11T20:04:39Z ERROR css_core::box_tree::constraint_block_layout] layout_block ENTRY: node=NodeKey(9055051100293431316)
[2026-01-11T20:04:39Z ERROR css_core::box_tree::constraint_block_layout] Checking flex: node=NodeKey(9055051100293431316), display=Inline
[2026-01-11T20:04:39Z ERROR css_core::box_tree::constraint_block_layout] layout_block ENTRY: node=NodeKey(9055051100293431319)
[2026-01-11T20:04:39Z ERROR css_core::box_tree::constraint_block_layout] Checking flex: node=NodeKey(9055051100293431319), display=Flex
[2026-01-11T20:04:39Z ERROR css_core::box_tree::constraint_block_layout] IS FLEX!
[2026-01-11T20:04:39Z ERROR css_core::box_tree::constraint_block_layout::flex_layout] layout_flex: node=NodeKey(9055051100293431319), children.len()=1
[2026-01-11T20:04:39Z ERROR css_core::box_tree::constraint_block_layout::flex_layout] layout_flex: node=NodeKey(9055051100293431319), flex_items.len()=1
[2026-01-11T20:04:39Z ERROR css_core::box_tree::constraint_block_layout] INSERTING FLEX CONTAINER in layout_block: node=NodeKey(9055051100293431319), inline_size=24, is_measurement=true
[2026-01-11T20:04:39Z ERROR css_core::box_tree::constraint_block_layout] layout_block ENTRY: node=NodeKey(9055051100293431322)
[2026-01-11T20:04:39Z ERROR css_core::box_tree::constraint_block_layout] Checking flex: node=NodeKey(9055051100293431322), display=Flex
[2026-01-11T20:04:39Z ERROR css_core::box_tree::constraint_block_layout] IS FLEX!
[2026-01-11T20:04:39Z ERROR css_core::box_tree::constraint_block_layout::flex_layout] layout_flex: node=NodeKey(9055051100293431322), children.len()=1
[2026-01-11T20:04:39Z ERROR css_core::box_tree::constraint_block_layout::flex_layout] layout_flex: node=NodeKey(9055051100293431322), flex_items.len()=1
[2026-01-11T20:04:39Z ERROR css_core::box_tree::constraint_block_layout] INSERTING FLEX CONTAINER in layout_block: node=NodeKey(9055051100293431322), inline_size=32, is_measurement=true
[2026-01-11T20:04:39Z ERROR css_core::box_tree::constraint_block_layout] layout_block ENTRY: node=NodeKey(9055051100293431325)
[2026-01-11T20:04:39Z ERROR css_core::box_tree::constraint_block_layout] Checking flex: node=NodeKey(9055051100293431325), display=Flex
[2026-01-11T20:04:39Z ERROR css_core::box_tree::constraint_block_layout] IS FLEX!
[2026-01-11T20:04:39Z ERROR css_core::box_tree::constraint_block_layout::flex_layout] layout_flex: node=NodeKey(9055051100293431325), children.len()=1
[2026-01-11T20:04:39Z ERROR css_core::box_tree::constraint_block_layout::flex_layout] layout_flex: node=NodeKey(9055051100293431325), flex_items.len()=1
[2026-01-11T20:04:39Z ERROR css_core::box_tree::constraint_block_layout] INSERTING FLEX CONTAINER in layout_block: node=NodeKey(9055051100293431325), inline_size=40, is_measurement=true
[2026-01-11T20:04:39Z ERROR css_core::box_tree::constraint_block_layout] layout_block ENTRY: node=NodeKey(9055051100293431328)
[2026-01-11T20:04:39Z ERROR css_core::box_tree::constraint_block_layout] Checking flex: node=NodeKey(9055051100293431328), display=Flex
[2026-01-11T20:04:39Z ERROR css_core::box_tree::constraint_block_layout] IS FLEX!
[2026-01-11T20:04:39Z ERROR css_core::box_tree::constraint_block_layout::flex_layout] layout_flex: node=NodeKey(9055051100293431328), children.len()=1
[2026-01-11T20:04:39Z ERROR css_core::box_tree::constraint_block_layout::flex_layout] layout_flex: node=NodeKey(9055051100293431328), flex_items.len()=1
[2026-01-11T20:04:39Z ERROR css_core::box_tree::constraint_block_layout] INSERTING FLEX CONTAINER in layout_block: node=NodeKey(9055051100293431328), inline_size=48, is_measurement=true
[2026-01-11T20:04:39Z ERROR css_core::box_tree::constraint_block_layout] layout_block ENTRY: node=NodeKey(9055051100293431331)
[2026-01-11T20:04:39Z ERROR css_core::box_tree::constraint_block_layout] Checking flex: node=NodeKey(9055051100293431331), display=Flex
[2026-01-11T20:04:39Z ERROR css_core::box_tree::constraint_block_layout] IS FLEX!
[2026-01-11T20:04:39Z ERROR css_core::box_tree::constraint_block_layout::flex_layout] layout_flex: node=NodeKey(9055051100293431331), children.len()=1
[2026-01-11T20:04:39Z ERROR css_core::box_tree::constraint_block_layout::flex_layout] layout_flex: node=NodeKey(9055051100293431331), flex_items.len()=1
[2026-01-11T20:04:39Z ERROR css_core::box_tree::constraint_block_layout] INSERTING FLEX CONTAINER in layout_block: node=NodeKey(9055051100293431331), inline_size=64, is_measurement=true
[2026-01-11T20:04:39Z ERROR css_core::box_tree::constraint_block_layout::flex_layout] layout_flex: node=NodeKey(9055051100293431314), flex_items.len()=6
[2026-01-11T20:04:39Z ERROR css_core::box_tree::constraint_block_layout] layout_block ENTRY: node=NodeKey(9055051100293431316)
[2026-01-11T20:04:39Z ERROR css_core::box_tree::constraint_block_layout] Checking flex: node=NodeKey(9055051100293431316), display=Inline
[2026-01-11T20:04:39Z ERROR css_core::box_tree::constraint_block_layout] layout_block ENTRY: node=NodeKey(9055051100293431319)
[2026-01-11T20:04:39Z ERROR css_core::box_tree::constraint_block_layout] Checking flex: node=NodeKey(9055051100293431319), display=Flex
[2026-01-11T20:04:39Z ERROR css_core::box_tree::constraint_block_layout] IS FLEX!
[2026-01-11T20:04:39Z ERROR css_core::box_tree::constraint_block_layout::flex_layout] layout_flex: node=NodeKey(9055051100293431319), children.len()=1
[2026-01-11T20:04:39Z ERROR css_core::box_tree::constraint_block_layout::flex_layout] layout_flex: node=NodeKey(9055051100293431319), flex_items.len()=1
[2026-01-11T20:04:39Z ERROR css_core::box_tree::constraint_block_layout] INSERTING FLEX CONTAINER in layout_block: node=NodeKey(9055051100293431319), inline_size=24, is_measurement=false
[2026-01-11T20:04:39Z ERROR css_core::box_tree::constraint_block_layout] layout_block ENTRY: node=NodeKey(9055051100293431322)
[2026-01-11T20:04:39Z ERROR css_core::box_tree::constraint_block_layout] Checking flex: node=NodeKey(9055051100293431322), display=Flex
[2026-01-11T20:04:39Z ERROR css_core::box_tree::constraint_block_layout] IS FLEX!
[2026-01-11T20:04:39Z ERROR css_core::box_tree::constraint_block_layout::flex_layout] layout_flex: node=NodeKey(9055051100293431322), children.len()=1
[2026-01-11T20:04:39Z ERROR css_core::box_tree::constraint_block_layout::flex_layout] layout_flex: node=NodeKey(9055051100293431322), flex_items.len()=1
[2026-01-11T20:04:39Z ERROR css_core::box_tree::constraint_block_layout] INSERTING FLEX CONTAINER in layout_block: node=NodeKey(9055051100293431322), inline_size=32, is_measurement=false
[2026-01-11T20:04:39Z ERROR css_core::box_tree::constraint_block_layout] layout_block ENTRY: node=NodeKey(9055051100293431325)
[2026-01-11T20:04:39Z ERROR css_core::box_tree::constraint_block_layout] Checking flex: node=NodeKey(9055051100293431325), display=Flex
[2026-01-11T20:04:39Z ERROR css_core::box_tree::constraint_block_layout] IS FLEX!
[2026-01-11T20:04:39Z ERROR css_core::box_tree::constraint_block_layout::flex_layout] layout_flex: node=NodeKey(9055051100293431325), children.len()=1
[2026-01-11T20:04:39Z ERROR css_core::box_tree::constraint_block_layout::flex_layout] layout_flex: node=NodeKey(9055051100293431325), flex_items.len()=1
[2026-01-11T20:04:39Z ERROR css_core::box_tree::constraint_block_layout] INSERTING FLEX CONTAINER in layout_block: node=NodeKey(9055051100293431325), inline_size=40, is_measurement=false
[2026-01-11T20:04:39Z ERROR css_core::box_tree::constraint_block_layout] layout_block ENTRY: node=NodeKey(9055051100293431328)
[2026-01-11T20:04:39Z ERROR css_core::box_tree::constraint_block_layout] Checking flex: node=NodeKey(9055051100293431328), display=Flex
[2026-01-11T20:04:39Z ERROR css_core::box_tree::constraint_block_layout] IS FLEX!
[2026-01-11T20:04:39Z ERROR css_core::box_tree::constraint_block_layout::flex_layout] layout_flex: node=NodeKey(9055051100293431328), children.len()=1
[2026-01-11T20:04:39Z ERROR css_core::box_tree::constraint_block_layout::flex_layout] layout_flex: node=NodeKey(9055051100293431328), flex_items.len()=1
[2026-01-11T20:04:39Z ERROR css_core::box_tree::constraint_block_layout] INSERTING FLEX CONTAINER in layout_block: node=NodeKey(9055051100293431328), inline_size=48, is_measurement=false
[2026-01-11T20:04:39Z ERROR css_core::box_tree::constraint_block_layout] layout_block ENTRY: node=NodeKey(9055051100293431331)
[2026-01-11T20:04:39Z ERROR css_core::box_tree::constraint_block_layout] Checking flex: node=NodeKey(9055051100293431331), display=Flex
[2026-01-11T20:04:39Z ERROR css_core::box_tree::constraint_block_layout] IS FLEX!
[2026-01-11T20:04:39Z ERROR css_core::box_tree::constraint_block_layout::flex_layout] layout_flex: node=NodeKey(9055051100293431331), children.len()=1
[2026-01-11T20:04:39Z ERROR css_core::box_tree::constraint_block_layout::flex_layout] layout_flex: node=NodeKey(9055051100293431331), flex_items.len()=1
[2026-01-11T20:04:39Z ERROR css_core::box_tree::constraint_block_layout] INSERTING FLEX CONTAINER in layout_block: node=NodeKey(9055051100293431331), inline_size=64, is_measurement=false
[2026-01-11T20:04:39Z ERROR css_core::box_tree::constraint_block_layout] INSERTING FLEX CONTAINER in layout_block: node=NodeKey(9055051100293431314), inline_size=768, is_measurement=true
[2026-01-11T20:04:39Z ERROR css_core::box_tree::constraint_block_layout] layout_block ENTRY: node=NodeKey(9055051100293431335)
[2026-01-11T20:04:39Z ERROR css_core::box_tree::constraint_block_layout] Checking flex: node=NodeKey(9055051100293431335), display=Flex
[2026-01-11T20:04:39Z ERROR css_core::box_tree::constraint_block_layout] IS FLEX!
[2026-01-11T20:04:39Z ERROR css_core::box_tree::constraint_block_layout::flex_layout] layout_flex: node=NodeKey(9055051100293431335), children.len()=7
[2026-01-11T20:04:39Z ERROR css_core::box_tree::constraint_block_layout] layout_block ENTRY: node=NodeKey(9055051100293431337)
[2026-01-11T20:04:39Z ERROR css_core::box_tree::constraint_block_layout] Checking flex: node=NodeKey(9055051100293431337), display=Inline
[2026-01-11T20:04:39Z ERROR css_core::box_tree::constraint_block_layout] layout_block ENTRY: node=NodeKey(9055051100293431340)
[2026-01-11T20:04:39Z ERROR css_core::box_tree::constraint_block_layout] Checking flex: node=NodeKey(9055051100293431340), display=Flex
[2026-01-11T20:04:39Z ERROR css_core::box_tree::constraint_block_layout] IS FLEX!
[2026-01-11T20:04:39Z ERROR css_core::box_tree::constraint_block_layout::flex_layout] layout_flex: node=NodeKey(9055051100293431340), children.len()=1
[2026-01-11T20:04:39Z ERROR css_core::box_tree::constraint_block_layout::flex_layout] layout_flex: node=NodeKey(9055051100293431340), flex_items.len()=1
[2026-01-11T20:04:39Z ERROR css_core::box_tree::constraint_block_layout] INSERTING FLEX CONTAINER in layout_block: node=NodeKey(9055051100293431340), inline_size=40, is_measurement=true
[2026-01-11T20:04:39Z ERROR css_core::box_tree::constraint_block_layout] layout_block ENTRY: node=NodeKey(9055051100293431343)
[2026-01-11T20:04:39Z ERROR css_core::box_tree::constraint_block_layout] Checking flex: node=NodeKey(9055051100293431343), display=Flex
[2026-01-11T20:04:39Z ERROR css_core::box_tree::constraint_block_layout] IS FLEX!
[2026-01-11T20:04:39Z ERROR css_core::box_tree::constraint_block_layout::flex_layout] layout_flex: node=NodeKey(9055051100293431343), children.len()=1
[2026-01-11T20:04:39Z ERROR css_core::box_tree::constraint_block_layout::flex_layout] layout_flex: node=NodeKey(9055051100293431343), flex_items.len()=1
[2026-01-11T20:04:39Z ERROR css_core::box_tree::constraint_block_layout] INSERTING FLEX CONTAINER in layout_block: node=NodeKey(9055051100293431343), inline_size=40, is_measurement=true
[2026-01-11T20:04:39Z ERROR css_core::box_tree::constraint_block_layout::flex_layout] layout_flex: node=NodeKey(9055051100293431335), flex_items.len()=3
[2026-01-11T20:04:39Z ERROR css_core::box_tree::constraint_block_layout] layout_block ENTRY: node=NodeKey(9055051100293431337)
[2026-01-11T20:04:39Z ERROR css_core::box_tree::constraint_block_layout] Checking flex: node=NodeKey(9055051100293431337), display=Inline
[2026-01-11T20:04:39Z ERROR css_core::box_tree::constraint_block_layout] layout_block ENTRY: node=NodeKey(9055051100293431340)
[2026-01-11T20:04:39Z ERROR css_core::box_tree::constraint_block_layout] Checking flex: node=NodeKey(9055051100293431340), display=Flex
[2026-01-11T20:04:39Z ERROR css_core::box_tree::constraint_block_layout] IS FLEX!
[2026-01-11T20:04:39Z ERROR css_core::box_tree::constraint_block_layout::flex_layout] layout_flex: node=NodeKey(9055051100293431340), children.len()=1
[2026-01-11T20:04:39Z ERROR css_core::box_tree::constraint_block_layout::flex_layout] layout_flex: node=NodeKey(9055051100293431340), flex_items.len()=1
[2026-01-11T20:04:39Z ERROR css_core::box_tree::constraint_block_layout] INSERTING FLEX CONTAINER in layout_block: node=NodeKey(9055051100293431340), inline_size=40, is_measurement=false
[2026-01-11T20:04:39Z ERROR css_core::box_tree::constraint_block_layout] layout_block ENTRY: node=NodeKey(9055051100293431343)
[2026-01-11T20:04:39Z ERROR css_core::box_tree::constraint_block_layout] Checking flex: node=NodeKey(9055051100293431343), display=Flex
[2026-01-11T20:04:39Z ERROR css_core::box_tree::constraint_block_layout] IS FLEX!
[2026-01-11T20:04:39Z ERROR css_core::box_tree::constraint_block_layout::flex_layout] layout_flex: node=NodeKey(9055051100293431343), children.len()=1
[2026-01-11T20:04:39Z ERROR css_core::box_tree::constraint_block_layout::flex_layout] layout_flex: node=NodeKey(9055051100293431343), flex_items.len()=1
[2026-01-11T20:04:39Z ERROR css_core::box_tree::constraint_block_layout] INSERTING FLEX CONTAINER in layout_block: node=NodeKey(9055051100293431343), inline_size=40, is_measurement=false
[2026-01-11T20:04:39Z ERROR css_core::box_tree::constraint_block_layout] INSERTING FLEX CONTAINER in layout_block: node=NodeKey(9055051100293431335), inline_size=768, is_measurement=true
[2026-01-11T20:04:39Z ERROR css_core::box_tree::constraint_block_layout] layout_block ENTRY: node=NodeKey(9055051100293431347)
[2026-01-11T20:04:39Z ERROR css_core::box_tree::constraint_block_layout] Checking flex: node=NodeKey(9055051100293431347), display=Flex
[2026-01-11T20:04:39Z ERROR css_core::box_tree::constraint_block_layout] IS FLEX!
[2026-01-11T20:04:39Z ERROR css_core::box_tree::constraint_block_layout::flex_layout] layout_flex: node=NodeKey(9055051100293431347), children.len()=9
[2026-01-11T20:04:39Z ERROR css_core::box_tree::constraint_block_layout] layout_block ENTRY: node=NodeKey(9055051100293431349)
[2026-01-11T20:04:39Z ERROR css_core::box_tree::constraint_block_layout] Checking flex: node=NodeKey(9055051100293431349), display=Inline
[2026-01-11T20:04:39Z ERROR css_core::box_tree::constraint_block_layout] layout_block ENTRY: node=NodeKey(9055051100293431352)
[2026-01-11T20:04:39Z ERROR css_core::box_tree::constraint_block_layout] Checking flex: node=NodeKey(9055051100293431352), display=Flex
[2026-01-11T20:04:39Z ERROR css_core::box_tree::constraint_block_layout] IS FLEX!
[2026-01-11T20:04:39Z ERROR css_core::box_tree::constraint_block_layout::flex_layout] layout_flex: node=NodeKey(9055051100293431352), children.len()=3
[2026-01-11T20:04:39Z ERROR css_core::box_tree::constraint_block_layout::flex_layout] layout_flex: node=NodeKey(9055051100293431352), flex_items.len()=1
[2026-01-11T20:04:39Z ERROR css_core::box_tree::constraint_block_layout] INSERTING FLEX CONTAINER in layout_block: node=NodeKey(9055051100293431352), inline_size=40, is_measurement=true
[2026-01-11T20:04:39Z ERROR css_core::box_tree::constraint_block_layout] layout_block ENTRY: node=NodeKey(9055051100293431357)
[2026-01-11T20:04:39Z ERROR css_core::box_tree::constraint_block_layout] Checking flex: node=NodeKey(9055051100293431357), display=Flex
[2026-01-11T20:04:39Z ERROR css_core::box_tree::constraint_block_layout] IS FLEX!
[2026-01-11T20:04:39Z ERROR css_core::box_tree::constraint_block_layout::flex_layout] layout_flex: node=NodeKey(9055051100293431357), children.len()=3
[2026-01-11T20:04:39Z ERROR css_core::box_tree::constraint_block_layout::flex_layout] layout_flex: node=NodeKey(9055051100293431357), flex_items.len()=1
[2026-01-11T20:04:39Z ERROR css_core::box_tree::constraint_block_layout] INSERTING FLEX CONTAINER in layout_block: node=NodeKey(9055051100293431357), inline_size=40, is_measurement=true
[2026-01-11T20:04:39Z ERROR css_core::box_tree::constraint_block_layout] layout_block ENTRY: node=NodeKey(9055051100293431362)
[2026-01-11T20:04:39Z ERROR css_core::box_tree::constraint_block_layout] Checking flex: node=NodeKey(9055051100293431362), display=Flex
[2026-01-11T20:04:39Z ERROR css_core::box_tree::constraint_block_layout] IS FLEX!
[2026-01-11T20:04:39Z ERROR css_core::box_tree::constraint_block_layout::flex_layout] layout_flex: node=NodeKey(9055051100293431362), children.len()=3
[2026-01-11T20:04:39Z ERROR css_core::box_tree::constraint_block_layout::flex_layout] layout_flex: node=NodeKey(9055051100293431362), flex_items.len()=1
[2026-01-11T20:04:39Z ERROR css_core::box_tree::constraint_block_layout] INSERTING FLEX CONTAINER in layout_block: node=NodeKey(9055051100293431362), inline_size=40, is_measurement=true
[2026-01-11T20:04:39Z ERROR css_core::box_tree::constraint_block_layout::flex_layout] layout_flex: node=NodeKey(9055051100293431347), flex_items.len()=4
[2026-01-11T20:04:39Z ERROR css_core::box_tree::constraint_block_layout] layout_block ENTRY: node=NodeKey(9055051100293431349)
[2026-01-11T20:04:39Z ERROR css_core::box_tree::constraint_block_layout] Checking flex: node=NodeKey(9055051100293431349), display=Inline
[2026-01-11T20:04:39Z ERROR css_core::box_tree::constraint_block_layout] layout_block ENTRY: node=NodeKey(9055051100293431352)
[2026-01-11T20:04:39Z ERROR css_core::box_tree::constraint_block_layout] Checking flex: node=NodeKey(9055051100293431352), display=Flex
[2026-01-11T20:04:39Z ERROR css_core::box_tree::constraint_block_layout] IS FLEX!
[2026-01-11T20:04:39Z ERROR css_core::box_tree::constraint_block_layout::flex_layout] layout_flex: node=NodeKey(9055051100293431352), children.len()=3
[2026-01-11T20:04:39Z ERROR css_core::box_tree::constraint_block_layout::flex_layout] layout_flex: node=NodeKey(9055051100293431352), flex_items.len()=1
[2026-01-11T20:04:39Z ERROR css_core::box_tree::constraint_block_layout] INSERTING FLEX CONTAINER in layout_block: node=NodeKey(9055051100293431352), inline_size=40, is_measurement=false
[2026-01-11T20:04:39Z ERROR css_core::box_tree::constraint_block_layout] layout_block ENTRY: node=NodeKey(9055051100293431357)
[2026-01-11T20:04:39Z ERROR css_core::box_tree::constraint_block_layout] Checking flex: node=NodeKey(9055051100293431357), display=Flex
[2026-01-11T20:04:39Z ERROR css_core::box_tree::constraint_block_layout] IS FLEX!
[2026-01-11T20:04:39Z ERROR css_core::box_tree::constraint_block_layout::flex_layout] layout_flex: node=NodeKey(9055051100293431357), children.len()=3
[2026-01-11T20:04:39Z ERROR css_core::box_tree::constraint_block_layout::flex_layout] layout_flex: node=NodeKey(9055051100293431357), flex_items.len()=1
[2026-01-11T20:04:39Z ERROR css_core::box_tree::constraint_block_layout] INSERTING FLEX CONTAINER in layout_block: node=NodeKey(9055051100293431357), inline_size=40, is_measurement=false
[2026-01-11T20:04:39Z ERROR css_core::box_tree::constraint_block_layout] layout_block ENTRY: node=NodeKey(9055051100293431362)
[2026-01-11T20:04:39Z ERROR css_core::box_tree::constraint_block_layout] Checking flex: node=NodeKey(9055051100293431362), display=Flex
[2026-01-11T20:04:39Z ERROR css_core::box_tree::constraint_block_layout] IS FLEX!
[2026-01-11T20:04:39Z ERROR css_core::box_tree::constraint_block_layout::flex_layout] layout_flex: node=NodeKey(9055051100293431362), children.len()=3
[2026-01-11T20:04:39Z ERROR css_core::box_tree::constraint_block_layout::flex_layout] layout_flex: node=NodeKey(9055051100293431362), flex_items.len()=1
[2026-01-11T20:04:39Z ERROR css_core::box_tree::constraint_block_layout] INSERTING FLEX CONTAINER in layout_block: node=NodeKey(9055051100293431362), inline_size=40, is_measurement=false
[2026-01-11T20:04:39Z ERROR css_core::box_tree::constraint_block_layout] INSERTING FLEX CONTAINER in layout_block: node=NodeKey(9055051100293431347), inline_size=768, is_measurement=true
[2026-01-11T20:04:39Z ERROR css_core::box_tree::constraint_block_layout] layout_block ENTRY: node=NodeKey(9055051100293431368)
[2026-01-11T20:04:39Z ERROR css_core::box_tree::constraint_block_layout] Checking flex: node=NodeKey(9055051100293431368), display=Flex
[2026-01-11T20:04:39Z ERROR css_core::box_tree::constraint_block_layout] IS FLEX!
[2026-01-11T20:04:39Z ERROR css_core::box_tree::constraint_block_layout::flex_layout] layout_flex: node=NodeKey(9055051100293431368), children.len()=5
[2026-01-11T20:04:39Z ERROR css_core::box_tree::constraint_block_layout] layout_block ENTRY: node=NodeKey(9055051100293431370)
[2026-01-11T20:04:39Z ERROR css_core::box_tree::constraint_block_layout] Checking flex: node=NodeKey(9055051100293431370), display=Inline
[2026-01-11T20:04:39Z ERROR css_core::box_tree::constraint_block_layout] layout_block ENTRY: node=NodeKey(9055051100293431373)
[2026-01-11T20:04:39Z ERROR css_core::box_tree::constraint_block_layout] Checking flex: node=NodeKey(9055051100293431373), display=Flex
[2026-01-11T20:04:39Z ERROR css_core::box_tree::constraint_block_layout] IS FLEX!
[2026-01-11T20:04:39Z ERROR css_core::box_tree::constraint_block_layout::flex_layout] layout_flex: node=NodeKey(9055051100293431373), children.len()=9
[2026-01-11T20:04:39Z ERROR css_core::box_tree::constraint_block_layout] layout_block ENTRY: node=NodeKey(9055051100293431375)
[2026-01-11T20:04:39Z ERROR css_core::box_tree::constraint_block_layout] Checking flex: node=NodeKey(9055051100293431375), display=Flex
[2026-01-11T20:04:39Z ERROR css_core::box_tree::constraint_block_layout] IS FLEX!
[2026-01-11T20:04:39Z ERROR css_core::box_tree::constraint_block_layout::flex_layout] layout_flex: node=NodeKey(9055051100293431375), children.len()=1
[2026-01-11T20:04:39Z ERROR css_core::box_tree::constraint_block_layout::flex_layout] layout_flex: node=NodeKey(9055051100293431375), flex_items.len()=1
[2026-01-11T20:04:39Z ERROR css_core::box_tree::constraint_block_layout] INSERTING FLEX CONTAINER in layout_block: node=NodeKey(9055051100293431375), inline_size=40, is_measurement=true
[2026-01-11T20:04:39Z ERROR css_core::box_tree::constraint_block_layout] layout_block ENTRY: node=NodeKey(9055051100293431378)
[2026-01-11T20:04:39Z ERROR css_core::box_tree::constraint_block_layout] Checking flex: node=NodeKey(9055051100293431378), display=Flex
[2026-01-11T20:04:39Z ERROR css_core::box_tree::constraint_block_layout] IS FLEX!
[2026-01-11T20:04:39Z ERROR css_core::box_tree::constraint_block_layout::flex_layout] layout_flex: node=NodeKey(9055051100293431378), children.len()=1
[2026-01-11T20:04:39Z ERROR css_core::box_tree::constraint_block_layout::flex_layout] layout_flex: node=NodeKey(9055051100293431378), flex_items.len()=1
[2026-01-11T20:04:39Z ERROR css_core::box_tree::constraint_block_layout] INSERTING FLEX CONTAINER in layout_block: node=NodeKey(9055051100293431378), inline_size=40, is_measurement=true
[2026-01-11T20:04:39Z ERROR css_core::box_tree::constraint_block_layout] layout_block ENTRY: node=NodeKey(9055051100293431381)
[2026-01-11T20:04:39Z ERROR css_core::box_tree::constraint_block_layout] Checking flex: node=NodeKey(9055051100293431381), display=Flex
[2026-01-11T20:04:39Z ERROR css_core::box_tree::constraint_block_layout] IS FLEX!
[2026-01-11T20:04:39Z ERROR css_core::box_tree::constraint_block_layout::flex_layout] layout_flex: node=NodeKey(9055051100293431381), children.len()=1
[2026-01-11T20:04:39Z ERROR css_core::box_tree::constraint_block_layout::flex_layout] layout_flex: node=NodeKey(9055051100293431381), flex_items.len()=1
[2026-01-11T20:04:39Z ERROR css_core::box_tree::constraint_block_layout] INSERTING FLEX CONTAINER in layout_block: node=NodeKey(9055051100293431381), inline_size=40, is_measurement=true
[2026-01-11T20:04:39Z ERROR css_core::box_tree::constraint_block_layout] layout_block ENTRY: node=NodeKey(9055051100293431384)
[2026-01-11T20:04:39Z ERROR css_core::box_tree::constraint_block_layout] Checking flex: node=NodeKey(9055051100293431384), display=Flex
[2026-01-11T20:04:39Z ERROR css_core::box_tree::constraint_block_layout] IS FLEX!
[2026-01-11T20:04:39Z ERROR css_core::box_tree::constraint_block_layout::flex_layout] layout_flex: node=NodeKey(9055051100293431384), children.len()=1
[2026-01-11T20:04:39Z ERROR css_core::box_tree::constraint_block_layout::flex_layout] layout_flex: node=NodeKey(9055051100293431384), flex_items.len()=1
[2026-01-11T20:04:39Z ERROR css_core::box_tree::constraint_block_layout] INSERTING FLEX CONTAINER in layout_block: node=NodeKey(9055051100293431384), inline_size=40, is_measurement=true
[2026-01-11T20:04:39Z ERROR css_core::box_tree::constraint_block_layout::flex_layout] layout_flex: node=NodeKey(9055051100293431373), flex_items.len()=4
[2026-01-11T20:04:39Z ERROR css_core::box_tree::constraint_block_layout] layout_block ENTRY: node=NodeKey(9055051100293431375)
[2026-01-11T20:04:39Z ERROR css_core::box_tree::constraint_block_layout] Checking flex: node=NodeKey(9055051100293431375), display=Flex
[2026-01-11T20:04:39Z ERROR css_core::box_tree::constraint_block_layout] IS FLEX!
[2026-01-11T20:04:39Z ERROR css_core::box_tree::constraint_block_layout::flex_layout] layout_flex: node=NodeKey(9055051100293431375), children.len()=1
[2026-01-11T20:04:39Z ERROR css_core::box_tree::constraint_block_layout::flex_layout] layout_flex: node=NodeKey(9055051100293431375), flex_items.len()=1
[2026-01-11T20:04:39Z ERROR css_core::box_tree::constraint_block_layout] INSERTING FLEX CONTAINER in layout_block: node=NodeKey(9055051100293431375), inline_size=40, is_measurement=false
[2026-01-11T20:04:39Z ERROR css_core::box_tree::constraint_block_layout] layout_block ENTRY: node=NodeKey(9055051100293431378)
[2026-01-11T20:04:39Z ERROR css_core::box_tree::constraint_block_layout] Checking flex: node=NodeKey(9055051100293431378), display=Flex
[2026-01-11T20:04:39Z ERROR css_core::box_tree::constraint_block_layout] IS FLEX!
[2026-01-11T20:04:39Z ERROR css_core::box_tree::constraint_block_layout::flex_layout] layout_flex: node=NodeKey(9055051100293431378), children.len()=1
[2026-01-11T20:04:39Z ERROR css_core::box_tree::constraint_block_layout::flex_layout] layout_flex: node=NodeKey(9055051100293431378), flex_items.len()=1
[2026-01-11T20:04:39Z ERROR css_core::box_tree::constraint_block_layout] INSERTING FLEX CONTAINER in layout_block: node=NodeKey(9055051100293431378), inline_size=40, is_measurement=false
[2026-01-11T20:04:39Z ERROR css_core::box_tree::constraint_block_layout] layout_block ENTRY: node=NodeKey(9055051100293431381)
[2026-01-11T20:04:39Z ERROR css_core::box_tree::constraint_block_layout] Checking flex: node=NodeKey(9055051100293431381), display=Flex
[2026-01-11T20:04:39Z ERROR css_core::box_tree::constraint_block_layout] IS FLEX!
[2026-01-11T20:04:39Z ERROR css_core::box_tree::constraint_block_layout::flex_layout] layout_flex: node=NodeKey(9055051100293431381), children.len()=1
[2026-01-11T20:04:39Z ERROR css_core::box_tree::constraint_block_layout::flex_layout] layout_flex: node=NodeKey(9055051100293431381), flex_items.len()=1
[2026-01-11T20:04:39Z ERROR css_core::box_tree::constraint_block_layout] INSERTING FLEX CONTAINER in layout_block: node=NodeKey(9055051100293431381), inline_size=40, is_measurement=false
[2026-01-11T20:04:39Z ERROR css_core::box_tree::constraint_block_layout] layout_block ENTRY: node=NodeKey(9055051100293431384)
[2026-01-11T20:04:39Z ERROR css_core::box_tree::constraint_block_layout] Checking flex: node=NodeKey(9055051100293431384), display=Flex
[2026-01-11T20:04:39Z ERROR css_core::box_tree::constraint_block_layout] IS FLEX!
[2026-01-11T20:04:39Z ERROR css_core::box_tree::constraint_block_layout::flex_layout] layout_flex: node=NodeKey(9055051100293431384), children.len()=1
[2026-01-11T20:04:39Z ERROR css_core::box_tree::constraint_block_layout::flex_layout] layout_flex: node=NodeKey(9055051100293431384), flex_items.len()=1
[2026-01-11T20:04:39Z ERROR css_core::box_tree::constraint_block_layout] INSERTING FLEX CONTAINER in layout_block: node=NodeKey(9055051100293431384), inline_size=40, is_measurement=false
[2026-01-11T20:04:39Z ERROR css_core::box_tree::constraint_block_layout] INSERTING FLEX CONTAINER in layout_block: node=NodeKey(9055051100293431373), inline_size=160, is_measurement=true
[2026-01-11T20:04:39Z ERROR css_core::box_tree::constraint_block_layout::flex_layout] layout_flex: node=NodeKey(9055051100293431368), flex_items.len()=2
[2026-01-11T20:04:39Z ERROR css_core::box_tree::constraint_block_layout] layout_block ENTRY: node=NodeKey(9055051100293431370)
[2026-01-11T20:04:39Z ERROR css_core::box_tree::constraint_block_layout] Checking flex: node=NodeKey(9055051100293431370), display=Inline
[2026-01-11T20:04:39Z ERROR css_core::box_tree::constraint_block_layout] layout_block ENTRY: node=NodeKey(9055051100293431373)
[2026-01-11T20:04:39Z ERROR css_core::box_tree::constraint_block_layout] Checking flex: node=NodeKey(9055051100293431373), display=Flex
[2026-01-11T20:04:39Z ERROR css_core::box_tree::constraint_block_layout] IS FLEX!
[2026-01-11T20:04:39Z ERROR css_core::box_tree::constraint_block_layout::flex_layout] layout_flex: node=NodeKey(9055051100293431373), children.len()=9
[2026-01-11T20:04:39Z ERROR css_core::box_tree::constraint_block_layout] layout_block ENTRY: node=NodeKey(9055051100293431375)
[2026-01-11T20:04:39Z ERROR css_core::box_tree::constraint_block_layout] Checking flex: node=NodeKey(9055051100293431375), display=Flex
[2026-01-11T20:04:39Z ERROR css_core::box_tree::constraint_block_layout] IS FLEX!
[2026-01-11T20:04:39Z ERROR css_core::box_tree::constraint_block_layout::flex_layout] layout_flex: node=NodeKey(9055051100293431375), children.len()=1
[2026-01-11T20:04:39Z ERROR css_core::box_tree::constraint_block_layout::flex_layout] layout_flex: node=NodeKey(9055051100293431375), flex_items.len()=1
[2026-01-11T20:04:39Z ERROR css_core::box_tree::constraint_block_layout] INSERTING FLEX CONTAINER in layout_block: node=NodeKey(9055051100293431375), inline_size=40, is_measurement=true
[2026-01-11T20:04:39Z ERROR css_core::box_tree::constraint_block_layout] layout_block ENTRY: node=NodeKey(9055051100293431378)
[2026-01-11T20:04:39Z ERROR css_core::box_tree::constraint_block_layout] Checking flex: node=NodeKey(9055051100293431378), display=Flex
[2026-01-11T20:04:39Z ERROR css_core::box_tree::constraint_block_layout] IS FLEX!
[2026-01-11T20:04:39Z ERROR css_core::box_tree::constraint_block_layout::flex_layout] layout_flex: node=NodeKey(9055051100293431378), children.len()=1
[2026-01-11T20:04:39Z ERROR css_core::box_tree::constraint_block_layout::flex_layout] layout_flex: node=NodeKey(9055051100293431378), flex_items.len()=1
[2026-01-11T20:04:39Z ERROR css_core::box_tree::constraint_block_layout] INSERTING FLEX CONTAINER in layout_block: node=NodeKey(9055051100293431378), inline_size=40, is_measurement=true
[2026-01-11T20:04:39Z ERROR css_core::box_tree::constraint_block_layout] layout_block ENTRY: node=NodeKey(9055051100293431381)
[2026-01-11T20:04:39Z ERROR css_core::box_tree::constraint_block_layout] Checking flex: node=NodeKey(9055051100293431381), display=Flex
[2026-01-11T20:04:39Z ERROR css_core::box_tree::constraint_block_layout] IS FLEX!
[2026-01-11T20:04:39Z ERROR css_core::box_tree::constraint_block_layout::flex_layout] layout_flex: node=NodeKey(9055051100293431381), children.len()=1
[2026-01-11T20:04:39Z ERROR css_core::box_tree::constraint_block_layout::flex_layout] layout_flex: node=NodeKey(9055051100293431381), flex_items.len()=1
[2026-01-11T20:04:39Z ERROR css_core::box_tree::constraint_block_layout] INSERTING FLEX CONTAINER in layout_block: node=NodeKey(9055051100293431381), inline_size=40, is_measurement=true
[2026-01-11T20:04:39Z ERROR css_core::box_tree::constraint_block_layout] layout_block ENTRY: node=NodeKey(9055051100293431384)
[2026-01-11T20:04:39Z ERROR css_core::box_tree::constraint_block_layout] Checking flex: node=NodeKey(9055051100293431384), display=Flex
[2026-01-11T20:04:39Z ERROR css_core::box_tree::constraint_block_layout] IS FLEX!
[2026-01-11T20:04:39Z ERROR css_core::box_tree::constraint_block_layout::flex_layout] layout_flex: node=NodeKey(9055051100293431384), children.len()=1
[2026-01-11T20:04:39Z ERROR css_core::box_tree::constraint_block_layout::flex_layout] layout_flex: node=NodeKey(9055051100293431384), flex_items.len()=1
[2026-01-11T20:04:39Z ERROR css_core::box_tree::constraint_block_layout] INSERTING FLEX CONTAINER in layout_block: node=NodeKey(9055051100293431384), inline_size=40, is_measurement=true
[2026-01-11T20:04:39Z ERROR css_core::box_tree::constraint_block_layout::flex_layout] layout_flex: node=NodeKey(9055051100293431373), flex_items.len()=4
[2026-01-11T20:04:39Z ERROR css_core::box_tree::constraint_block_layout] layout_block ENTRY: node=NodeKey(9055051100293431375)
[2026-01-11T20:04:39Z ERROR css_core::box_tree::constraint_block_layout] Checking flex: node=NodeKey(9055051100293431375), display=Flex
[2026-01-11T20:04:39Z ERROR css_core::box_tree::constraint_block_layout] IS FLEX!
[2026-01-11T20:04:39Z ERROR css_core::box_tree::constraint_block_layout::flex_layout] layout_flex: node=NodeKey(9055051100293431375), children.len()=1
[2026-01-11T20:04:39Z ERROR css_core::box_tree::constraint_block_layout::flex_layout] layout_flex: node=NodeKey(9055051100293431375), flex_items.len()=1
[2026-01-11T20:04:39Z ERROR css_core::box_tree::constraint_block_layout] INSERTING FLEX CONTAINER in layout_block: node=NodeKey(9055051100293431375), inline_size=40, is_measurement=false
[2026-01-11T20:04:39Z ERROR css_core::box_tree::constraint_block_layout] layout_block ENTRY: node=NodeKey(9055051100293431378)
[2026-01-11T20:04:39Z ERROR css_core::box_tree::constraint_block_layout] Checking flex: node=NodeKey(9055051100293431378), display=Flex
[2026-01-11T20:04:39Z ERROR css_core::box_tree::constraint_block_layout] IS FLEX!
[2026-01-11T20:04:39Z ERROR css_core::box_tree::constraint_block_layout::flex_layout] layout_flex: node=NodeKey(9055051100293431378), children.len()=1
[2026-01-11T20:04:39Z ERROR css_core::box_tree::constraint_block_layout::flex_layout] layout_flex: node=NodeKey(9055051100293431378), flex_items.len()=1
[2026-01-11T20:04:39Z ERROR css_core::box_tree::constraint_block_layout] INSERTING FLEX CONTAINER in layout_block: node=NodeKey(9055051100293431378), inline_size=40, is_measurement=false
[2026-01-11T20:04:39Z ERROR css_core::box_tree::constraint_block_layout] layout_block ENTRY: node=NodeKey(9055051100293431381)
[2026-01-11T20:04:39Z ERROR css_core::box_tree::constraint_block_layout] Checking flex: node=NodeKey(9055051100293431381), display=Flex
[2026-01-11T20:04:39Z ERROR css_core::box_tree::constraint_block_layout] IS FLEX!
[2026-01-11T20:04:39Z ERROR css_core::box_tree::constraint_block_layout::flex_layout] layout_flex: node=NodeKey(9055051100293431381), children.len()=1
[2026-01-11T20:04:39Z ERROR css_core::box_tree::constraint_block_layout::flex_layout] layout_flex: node=NodeKey(9055051100293431381), flex_items.len()=1
[2026-01-11T20:04:39Z ERROR css_core::box_tree::constraint_block_layout] INSERTING FLEX CONTAINER in layout_block: node=NodeKey(9055051100293431381), inline_size=40, is_measurement=false
[2026-01-11T20:04:39Z ERROR css_core::box_tree::constraint_block_layout] layout_block ENTRY: node=NodeKey(9055051100293431384)
[2026-01-11T20:04:39Z ERROR css_core::box_tree::constraint_block_layout] Checking flex: node=NodeKey(9055051100293431384), display=Flex
[2026-01-11T20:04:39Z ERROR css_core::box_tree::constraint_block_layout] IS FLEX!
[2026-01-11T20:04:39Z ERROR css_core::box_tree::constraint_block_layout::flex_layout] layout_flex: node=NodeKey(9055051100293431384), children.len()=1
[2026-01-11T20:04:39Z ERROR css_core::box_tree::constraint_block_layout::flex_layout] layout_flex: node=NodeKey(9055051100293431384), flex_items.len()=1
[2026-01-11T20:04:39Z ERROR css_core::box_tree::constraint_block_layout] INSERTING FLEX CONTAINER in layout_block: node=NodeKey(9055051100293431384), inline_size=40, is_measurement=false
[2026-01-11T20:04:39Z ERROR css_core::box_tree::constraint_block_layout] INSERTING FLEX CONTAINER in layout_block: node=NodeKey(9055051100293431373), inline_size=160, is_measurement=false
[2026-01-11T20:04:39Z ERROR css_core::box_tree::constraint_block_layout] INSERTING FLEX CONTAINER in layout_block: node=NodeKey(9055051100293431368), inline_size=768, is_measurement=true
[2026-01-11T20:04:39Z ERROR css_core::box_tree::constraint_block_layout::flex_layout] layout_flex: node=NodeKey(9055051100293431312), flex_items.len()=4
[2026-01-11T20:04:39Z ERROR css_core::box_tree::constraint_block_layout] layout_block ENTRY: node=NodeKey(9055051100293431314)
[2026-01-11T20:04:39Z ERROR css_core::box_tree::constraint_block_layout] Checking flex: node=NodeKey(9055051100293431314), display=Flex
[2026-01-11T20:04:39Z ERROR css_core::box_tree::constraint_block_layout] IS FLEX!
[2026-01-11T20:04:39Z ERROR css_core::box_tree::constraint_block_layout::flex_layout] layout_flex: node=NodeKey(9055051100293431314), children.len()=13
[2026-01-11T20:04:39Z ERROR css_core::box_tree::constraint_block_layout] layout_block ENTRY: node=NodeKey(9055051100293431316)
[2026-01-11T20:04:39Z ERROR css_core::box_tree::constraint_block_layout] Checking flex: node=NodeKey(9055051100293431316), display=Inline
[2026-01-11T20:04:39Z ERROR css_core::box_tree::constraint_block_layout] layout_block ENTRY: node=NodeKey(9055051100293431319)
[2026-01-11T20:04:39Z ERROR css_core::box_tree::constraint_block_layout] Checking flex: node=NodeKey(9055051100293431319), display=Flex
[2026-01-11T20:04:39Z ERROR css_core::box_tree::constraint_block_layout] IS FLEX!
[2026-01-11T20:04:39Z ERROR css_core::box_tree::constraint_block_layout::flex_layout] layout_flex: node=NodeKey(9055051100293431319), children.len()=1
[2026-01-11T20:04:39Z ERROR css_core::box_tree::constraint_block_layout::flex_layout] layout_flex: node=NodeKey(9055051100293431319), flex_items.len()=1
[2026-01-11T20:04:39Z ERROR css_core::box_tree::constraint_block_layout] INSERTING FLEX CONTAINER in layout_block: node=NodeKey(9055051100293431319), inline_size=24, is_measurement=true
[2026-01-11T20:04:39Z ERROR css_core::box_tree::constraint_block_layout] layout_block ENTRY: node=NodeKey(9055051100293431322)
[2026-01-11T20:04:39Z ERROR css_core::box_tree::constraint_block_layout] Checking flex: node=NodeKey(9055051100293431322), display=Flex
[2026-01-11T20:04:39Z ERROR css_core::box_tree::constraint_block_layout] IS FLEX!
[2026-01-11T20:04:39Z ERROR css_core::box_tree::constraint_block_layout::flex_layout] layout_flex: node=NodeKey(9055051100293431322), children.len()=1
[2026-01-11T20:04:39Z ERROR css_core::box_tree::constraint_block_layout::flex_layout] layout_flex: node=NodeKey(9055051100293431322), flex_items.len()=1
[2026-01-11T20:04:39Z ERROR css_core::box_tree::constraint_block_layout] INSERTING FLEX CONTAINER in layout_block: node=NodeKey(9055051100293431322), inline_size=32, is_measurement=true
[2026-01-11T20:04:39Z ERROR css_core::box_tree::constraint_block_layout] layout_block ENTRY: node=NodeKey(9055051100293431325)
[2026-01-11T20:04:39Z ERROR css_core::box_tree::constraint_block_layout] Checking flex: node=NodeKey(9055051100293431325), display=Flex
[2026-01-11T20:04:39Z ERROR css_core::box_tree::constraint_block_layout] IS FLEX!
[2026-01-11T20:04:39Z ERROR css_core::box_tree::constraint_block_layout::flex_layout] layout_flex: node=NodeKey(9055051100293431325), children.len()=1
[2026-01-11T20:04:39Z ERROR css_core::box_tree::constraint_block_layout::flex_layout] layout_flex: node=NodeKey(9055051100293431325), flex_items.len()=1
[2026-01-11T20:04:39Z ERROR css_core::box_tree::constraint_block_layout] INSERTING FLEX CONTAINER in layout_block: node=NodeKey(9055051100293431325), inline_size=40, is_measurement=true
[2026-01-11T20:04:39Z ERROR css_core::box_tree::constraint_block_layout] layout_block ENTRY: node=NodeKey(9055051100293431328)
[2026-01-11T20:04:39Z ERROR css_core::box_tree::constraint_block_layout] Checking flex: node=NodeKey(9055051100293431328), display=Flex
[2026-01-11T20:04:39Z ERROR css_core::box_tree::constraint_block_layout] IS FLEX!
[2026-01-11T20:04:39Z ERROR css_core::box_tree::constraint_block_layout::flex_layout] layout_flex: node=NodeKey(9055051100293431328), children.len()=1
[2026-01-11T20:04:39Z ERROR css_core::box_tree::constraint_block_layout::flex_layout] layout_flex: node=NodeKey(9055051100293431328), flex_items.len()=1
[2026-01-11T20:04:39Z ERROR css_core::box_tree::constraint_block_layout] INSERTING FLEX CONTAINER in layout_block: node=NodeKey(9055051100293431328), inline_size=48, is_measurement=true
[2026-01-11T20:04:39Z ERROR css_core::box_tree::constraint_block_layout] layout_block ENTRY: node=NodeKey(9055051100293431331)
[2026-01-11T20:04:39Z ERROR css_core::box_tree::constraint_block_layout] Checking flex: node=NodeKey(9055051100293431331), display=Flex
[2026-01-11T20:04:39Z ERROR css_core::box_tree::constraint_block_layout] IS FLEX!
[2026-01-11T20:04:39Z ERROR css_core::box_tree::constraint_block_layout::flex_layout] layout_flex: node=NodeKey(9055051100293431331), children.len()=1
[2026-01-11T20:04:39Z ERROR css_core::box_tree::constraint_block_layout::flex_layout] layout_flex: node=NodeKey(9055051100293431331), flex_items.len()=1
[2026-01-11T20:04:39Z ERROR css_core::box_tree::constraint_block_layout] INSERTING FLEX CONTAINER in layout_block: node=NodeKey(9055051100293431331), inline_size=64, is_measurement=true
[2026-01-11T20:04:39Z ERROR css_core::box_tree::constraint_block_layout::flex_layout] layout_flex: node=NodeKey(9055051100293431314), flex_items.len()=6
[2026-01-11T20:04:39Z ERROR css_core::box_tree::constraint_block_layout] layout_block ENTRY: node=NodeKey(9055051100293431316)
[2026-01-11T20:04:39Z ERROR css_core::box_tree::constraint_block_layout] Checking flex: node=NodeKey(9055051100293431316), display=Inline
[2026-01-11T20:04:39Z ERROR css_core::box_tree::constraint_block_layout] layout_block ENTRY: node=NodeKey(9055051100293431319)
[2026-01-11T20:04:39Z ERROR css_core::box_tree::constraint_block_layout] Checking flex: node=NodeKey(9055051100293431319), display=Flex
[2026-01-11T20:04:39Z ERROR css_core::box_tree::constraint_block_layout] IS FLEX!
[2026-01-11T20:04:39Z ERROR css_core::box_tree::constraint_block_layout::flex_layout] layout_flex: node=NodeKey(9055051100293431319), children.len()=1
[2026-01-11T20:04:39Z ERROR css_core::box_tree::constraint_block_layout::flex_layout] layout_flex: node=NodeKey(9055051100293431319), flex_items.len()=1
[2026-01-11T20:04:39Z ERROR css_core::box_tree::constraint_block_layout] INSERTING FLEX CONTAINER in layout_block: node=NodeKey(9055051100293431319), inline_size=24, is_measurement=false
[2026-01-11T20:04:39Z ERROR css_core::box_tree::constraint_block_layout] layout_block ENTRY: node=NodeKey(9055051100293431322)
[2026-01-11T20:04:39Z ERROR css_core::box_tree::constraint_block_layout] Checking flex: node=NodeKey(9055051100293431322), display=Flex
[2026-01-11T20:04:39Z ERROR css_core::box_tree::constraint_block_layout] IS FLEX!
[2026-01-11T20:04:39Z ERROR css_core::box_tree::constraint_block_layout::flex_layout] layout_flex: node=NodeKey(9055051100293431322), children.len()=1
[2026-01-11T20:04:39Z ERROR css_core::box_tree::constraint_block_layout::flex_layout] layout_flex: node=NodeKey(9055051100293431322), flex_items.len()=1
[2026-01-11T20:04:39Z ERROR css_core::box_tree::constraint_block_layout] INSERTING FLEX CONTAINER in layout_block: node=NodeKey(9055051100293431322), inline_size=32, is_measurement=false
[2026-01-11T20:04:39Z ERROR css_core::box_tree::constraint_block_layout] layout_block ENTRY: node=NodeKey(9055051100293431325)
[2026-01-11T20:04:39Z ERROR css_core::box_tree::constraint_block_layout] Checking flex: node=NodeKey(9055051100293431325), display=Flex
[2026-01-11T20:04:39Z ERROR css_core::box_tree::constraint_block_layout] IS FLEX!
[2026-01-11T20:04:39Z ERROR css_core::box_tree::constraint_block_layout::flex_layout] layout_flex: node=NodeKey(9055051100293431325), children.len()=1
[2026-01-11T20:04:39Z ERROR css_core::box_tree::constraint_block_layout::flex_layout] layout_flex: node=NodeKey(9055051100293431325), flex_items.len()=1
[2026-01-11T20:04:39Z ERROR css_core::box_tree::constraint_block_layout] INSERTING FLEX CONTAINER in layout_block: node=NodeKey(9055051100293431325), inline_size=40, is_measurement=false
[2026-01-11T20:04:39Z ERROR css_core::box_tree::constraint_block_layout] layout_block ENTRY: node=NodeKey(9055051100293431328)
[2026-01-11T20:04:39Z ERROR css_core::box_tree::constraint_block_layout] Checking flex: node=NodeKey(9055051100293431328), display=Flex
[2026-01-11T20:04:39Z ERROR css_core::box_tree::constraint_block_layout] IS FLEX!
[2026-01-11T20:04:39Z ERROR css_core::box_tree::constraint_block_layout::flex_layout] layout_flex: node=NodeKey(9055051100293431328), children.len()=1
[2026-01-11T20:04:39Z ERROR css_core::box_tree::constraint_block_layout::flex_layout] layout_flex: node=NodeKey(9055051100293431328), flex_items.len()=1
[2026-01-11T20:04:39Z ERROR css_core::box_tree::constraint_block_layout] INSERTING FLEX CONTAINER in layout_block: node=NodeKey(9055051100293431328), inline_size=48, is_measurement=false
[2026-01-11T20:04:39Z ERROR css_core::box_tree::constraint_block_layout] layout_block ENTRY: node=NodeKey(9055051100293431331)
[2026-01-11T20:04:39Z ERROR css_core::box_tree::constraint_block_layout] Checking flex: node=NodeKey(9055051100293431331), display=Flex
[2026-01-11T20:04:39Z ERROR css_core::box_tree::constraint_block_layout] IS FLEX!
[2026-01-11T20:04:39Z ERROR css_core::box_tree::constraint_block_layout::flex_layout] layout_flex: node=NodeKey(9055051100293431331), children.len()=1
[2026-01-11T20:04:39Z ERROR css_core::box_tree::constraint_block_layout::flex_layout] layout_flex: node=NodeKey(9055051100293431331), flex_items.len()=1
[2026-01-11T20:04:39Z ERROR css_core::box_tree::constraint_block_layout] INSERTING FLEX CONTAINER in layout_block: node=NodeKey(9055051100293431331), inline_size=64, is_measurement=false
[2026-01-11T20:04:39Z ERROR css_core::box_tree::constraint_block_layout] INSERTING FLEX CONTAINER in layout_block: node=NodeKey(9055051100293431314), inline_size=768, is_measurement=false
[2026-01-11T20:04:39Z ERROR css_core::box_tree::constraint_block_layout] layout_block ENTRY: node=NodeKey(9055051100293431335)
[2026-01-11T20:04:39Z ERROR css_core::box_tree::constraint_block_layout] Checking flex: node=NodeKey(9055051100293431335), display=Flex
[2026-01-11T20:04:39Z ERROR css_core::box_tree::constraint_block_layout] IS FLEX!
[2026-01-11T20:04:39Z ERROR css_core::box_tree::constraint_block_layout::flex_layout] layout_flex: node=NodeKey(9055051100293431335), children.len()=7
[2026-01-11T20:04:39Z ERROR css_core::box_tree::constraint_block_layout] layout_block ENTRY: node=NodeKey(9055051100293431337)
[2026-01-11T20:04:39Z ERROR css_core::box_tree::constraint_block_layout] Checking flex: node=NodeKey(9055051100293431337), display=Inline
[2026-01-11T20:04:39Z ERROR css_core::box_tree::constraint_block_layout] layout_block ENTRY: node=NodeKey(9055051100293431340)
[2026-01-11T20:04:39Z ERROR css_core::box_tree::constraint_block_layout] Checking flex: node=NodeKey(9055051100293431340), display=Flex
[2026-01-11T20:04:39Z ERROR css_core::box_tree::constraint_block_layout] IS FLEX!
[2026-01-11T20:04:39Z ERROR css_core::box_tree::constraint_block_layout::flex_layout] layout_flex: node=NodeKey(9055051100293431340), children.len()=1
[2026-01-11T20:04:39Z ERROR css_core::box_tree::constraint_block_layout::flex_layout] layout_flex: node=NodeKey(9055051100293431340), flex_items.len()=1
[2026-01-11T20:04:39Z ERROR css_core::box_tree::constraint_block_layout] INSERTING FLEX CONTAINER in layout_block: node=NodeKey(9055051100293431340), inline_size=40, is_measurement=true
[2026-01-11T20:04:39Z ERROR css_core::box_tree::constraint_block_layout] layout_block ENTRY: node=NodeKey(9055051100293431343)
[2026-01-11T20:04:39Z ERROR css_core::box_tree::constraint_block_layout] Checking flex: node=NodeKey(9055051100293431343), display=Flex
[2026-01-11T20:04:39Z ERROR css_core::box_tree::constraint_block_layout] IS FLEX!
[2026-01-11T20:04:39Z ERROR css_core::box_tree::constraint_block_layout::flex_layout] layout_flex: node=NodeKey(9055051100293431343), children.len()=1
[2026-01-11T20:04:39Z ERROR css_core::box_tree::constraint_block_layout::flex_layout] layout_flex: node=NodeKey(9055051100293431343), flex_items.len()=1
[2026-01-11T20:04:39Z ERROR css_core::box_tree::constraint_block_layout] INSERTING FLEX CONTAINER in layout_block: node=NodeKey(9055051100293431343), inline_size=40, is_measurement=true
[2026-01-11T20:04:39Z ERROR css_core::box_tree::constraint_block_layout::flex_layout] layout_flex: node=NodeKey(9055051100293431335), flex_items.len()=3
[2026-01-11T20:04:39Z ERROR css_core::box_tree::constraint_block_layout] layout_block ENTRY: node=NodeKey(9055051100293431337)
[2026-01-11T20:04:39Z ERROR css_core::box_tree::constraint_block_layout] Checking flex: node=NodeKey(9055051100293431337), display=Inline
[2026-01-11T20:04:39Z ERROR css_core::box_tree::constraint_block_layout] layout_block ENTRY: node=NodeKey(9055051100293431340)
[2026-01-11T20:04:39Z ERROR css_core::box_tree::constraint_block_layout] Checking flex: node=NodeKey(9055051100293431340), display=Flex
[2026-01-11T20:04:39Z ERROR css_core::box_tree::constraint_block_layout] IS FLEX!
[2026-01-11T20:04:39Z ERROR css_core::box_tree::constraint_block_layout::flex_layout] layout_flex: node=NodeKey(9055051100293431340), children.len()=1
[2026-01-11T20:04:39Z ERROR css_core::box_tree::constraint_block_layout::flex_layout] layout_flex: node=NodeKey(9055051100293431340), flex_items.len()=1
[2026-01-11T20:04:39Z ERROR css_core::box_tree::constraint_block_layout] INSERTING FLEX CONTAINER in layout_block: node=NodeKey(9055051100293431340), inline_size=40, is_measurement=false
[2026-01-11T20:04:39Z ERROR css_core::box_tree::constraint_block_layout] layout_block ENTRY: node=NodeKey(9055051100293431343)
[2026-01-11T20:04:39Z ERROR css_core::box_tree::constraint_block_layout] Checking flex: node=NodeKey(9055051100293431343), display=Flex
[2026-01-11T20:04:39Z ERROR css_core::box_tree::constraint_block_layout] IS FLEX!
[2026-01-11T20:04:39Z ERROR css_core::box_tree::constraint_block_layout::flex_layout] layout_flex: node=NodeKey(9055051100293431343), children.len()=1
[2026-01-11T20:04:39Z ERROR css_core::box_tree::constraint_block_layout::flex_layout] layout_flex: node=NodeKey(9055051100293431343), flex_items.len()=1
[2026-01-11T20:04:39Z ERROR css_core::box_tree::constraint_block_layout] INSERTING FLEX CONTAINER in layout_block: node=NodeKey(9055051100293431343), inline_size=40, is_measurement=false
[2026-01-11T20:04:39Z ERROR css_core::box_tree::constraint_block_layout] INSERTING FLEX CONTAINER in layout_block: node=NodeKey(9055051100293431335), inline_size=768, is_measurement=false
[2026-01-11T20:04:39Z ERROR css_core::box_tree::constraint_block_layout] layout_block ENTRY: node=NodeKey(9055051100293431347)
[2026-01-11T20:04:39Z ERROR css_core::box_tree::constraint_block_layout] Checking flex: node=NodeKey(9055051100293431347), display=Flex
[2026-01-11T20:04:39Z ERROR css_core::box_tree::constraint_block_layout] IS FLEX!
[2026-01-11T20:04:39Z ERROR css_core::box_tree::constraint_block_layout::flex_layout] layout_flex: node=NodeKey(9055051100293431347), children.len()=9
[2026-01-11T20:04:39Z ERROR css_core::box_tree::constraint_block_layout] layout_block ENTRY: node=NodeKey(9055051100293431349)
[2026-01-11T20:04:39Z ERROR css_core::box_tree::constraint_block_layout] Checking flex: node=NodeKey(9055051100293431349), display=Inline
[2026-01-11T20:04:39Z ERROR css_core::box_tree::constraint_block_layout] layout_block ENTRY: node=NodeKey(9055051100293431352)
[2026-01-11T20:04:39Z ERROR css_core::box_tree::constraint_block_layout] Checking flex: node=NodeKey(9055051100293431352), display=Flex
[2026-01-11T20:04:39Z ERROR css_core::box_tree::constraint_block_layout] IS FLEX!
[2026-01-11T20:04:39Z ERROR css_core::box_tree::constraint_block_layout::flex_layout] layout_flex: node=NodeKey(9055051100293431352), children.len()=3
[2026-01-11T20:04:39Z ERROR css_core::box_tree::constraint_block_layout::flex_layout] layout_flex: node=NodeKey(9055051100293431352), flex_items.len()=1
[2026-01-11T20:04:39Z ERROR css_core::box_tree::constraint_block_layout] INSERTING FLEX CONTAINER in layout_block: node=NodeKey(9055051100293431352), inline_size=40, is_measurement=true
[2026-01-11T20:04:39Z ERROR css_core::box_tree::constraint_block_layout] layout_block ENTRY: node=NodeKey(9055051100293431357)
[2026-01-11T20:04:39Z ERROR css_core::box_tree::constraint_block_layout] Checking flex: node=NodeKey(9055051100293431357), display=Flex
[2026-01-11T20:04:39Z ERROR css_core::box_tree::constraint_block_layout] IS FLEX!
[2026-01-11T20:04:39Z ERROR css_core::box_tree::constraint_block_layout::flex_layout] layout_flex: node=NodeKey(9055051100293431357), children.len()=3
[2026-01-11T20:04:39Z ERROR css_core::box_tree::constraint_block_layout::flex_layout] layout_flex: node=NodeKey(9055051100293431357), flex_items.len()=1
[2026-01-11T20:04:39Z ERROR css_core::box_tree::constraint_block_layout] INSERTING FLEX CONTAINER in layout_block: node=NodeKey(9055051100293431357), inline_size=40, is_measurement=true
[2026-01-11T20:04:39Z ERROR css_core::box_tree::constraint_block_layout] layout_block ENTRY: node=NodeKey(9055051100293431362)
[2026-01-11T20:04:39Z ERROR css_core::box_tree::constraint_block_layout] Checking flex: node=NodeKey(9055051100293431362), display=Flex
[2026-01-11T20:04:39Z ERROR css_core::box_tree::constraint_block_layout] IS FLEX!
[2026-01-11T20:04:39Z ERROR css_core::box_tree::constraint_block_layout::flex_layout] layout_flex: node=NodeKey(9055051100293431362), children.len()=3
[2026-01-11T20:04:39Z ERROR css_core::box_tree::constraint_block_layout::flex_layout] layout_flex: node=NodeKey(9055051100293431362), flex_items.len()=1
[2026-01-11T20:04:39Z ERROR css_core::box_tree::constraint_block_layout] INSERTING FLEX CONTAINER in layout_block: node=NodeKey(9055051100293431362), inline_size=40, is_measurement=true
[2026-01-11T20:04:39Z ERROR css_core::box_tree::constraint_block_layout::flex_layout] layout_flex: node=NodeKey(9055051100293431347), flex_items.len()=4
[2026-01-11T20:04:39Z ERROR css_core::box_tree::constraint_block_layout] layout_block ENTRY: node=NodeKey(9055051100293431349)
[2026-01-11T20:04:39Z ERROR css_core::box_tree::constraint_block_layout] Checking flex: node=NodeKey(9055051100293431349), display=Inline
[2026-01-11T20:04:39Z ERROR css_core::box_tree::constraint_block_layout] layout_block ENTRY: node=NodeKey(9055051100293431352)
[2026-01-11T20:04:39Z ERROR css_core::box_tree::constraint_block_layout] Checking flex: node=NodeKey(9055051100293431352), display=Flex
[2026-01-11T20:04:39Z ERROR css_core::box_tree::constraint_block_layout] IS FLEX!
[2026-01-11T20:04:39Z ERROR css_core::box_tree::constraint_block_layout::flex_layout] layout_flex: node=NodeKey(9055051100293431352), children.len()=3
[2026-01-11T20:04:39Z ERROR css_core::box_tree::constraint_block_layout::flex_layout] layout_flex: node=NodeKey(9055051100293431352), flex_items.len()=1
[2026-01-11T20:04:39Z ERROR css_core::box_tree::constraint_block_layout] INSERTING FLEX CONTAINER in layout_block: node=NodeKey(9055051100293431352), inline_size=40, is_measurement=false
[2026-01-11T20:04:39Z ERROR css_core::box_tree::constraint_block_layout] layout_block ENTRY: node=NodeKey(9055051100293431357)
[2026-01-11T20:04:39Z ERROR css_core::box_tree::constraint_block_layout] Checking flex: node=NodeKey(9055051100293431357), display=Flex
[2026-01-11T20:04:39Z ERROR css_core::box_tree::constraint_block_layout] IS FLEX!
[2026-01-11T20:04:39Z ERROR css_core::box_tree::constraint_block_layout::flex_layout] layout_flex: node=NodeKey(9055051100293431357), children.len()=3
[2026-01-11T20:04:39Z ERROR css_core::box_tree::constraint_block_layout::flex_layout] layout_flex: node=NodeKey(9055051100293431357), flex_items.len()=1
[2026-01-11T20:04:39Z ERROR css_core::box_tree::constraint_block_layout] INSERTING FLEX CONTAINER in layout_block: node=NodeKey(9055051100293431357), inline_size=40, is_measurement=false
[2026-01-11T20:04:39Z ERROR css_core::box_tree::constraint_block_layout] layout_block ENTRY: node=NodeKey(9055051100293431362)
[2026-01-11T20:04:39Z ERROR css_core::box_tree::constraint_block_layout] Checking flex: node=NodeKey(9055051100293431362), display=Flex
[2026-01-11T20:04:39Z ERROR css_core::box_tree::constraint_block_layout] IS FLEX!
[2026-01-11T20:04:39Z ERROR css_core::box_tree::constraint_block_layout::flex_layout] layout_flex: node=NodeKey(9055051100293431362), children.len()=3
[2026-01-11T20:04:39Z ERROR css_core::box_tree::constraint_block_layout::flex_layout] layout_flex: node=NodeKey(9055051100293431362), flex_items.len()=1
[2026-01-11T20:04:39Z ERROR css_core::box_tree::constraint_block_layout] INSERTING FLEX CONTAINER in layout_block: node=NodeKey(9055051100293431362), inline_size=40, is_measurement=false
[2026-01-11T20:04:39Z ERROR css_core::box_tree::constraint_block_layout] INSERTING FLEX CONTAINER in layout_block: node=NodeKey(9055051100293431347), inline_size=768, is_measurement=false
[2026-01-11T20:04:39Z ERROR css_core::box_tree::constraint_block_layout] layout_block ENTRY: node=NodeKey(9055051100293431368)
[2026-01-11T20:04:39Z ERROR css_core::box_tree::constraint_block_layout] Checking flex: node=NodeKey(9055051100293431368), display=Flex
[2026-01-11T20:04:39Z ERROR css_core::box_tree::constraint_block_layout] IS FLEX!
[2026-01-11T20:04:39Z ERROR css_core::box_tree::constraint_block_layout::flex_layout] layout_flex: node=NodeKey(9055051100293431368), children.len()=5
[2026-01-11T20:04:39Z ERROR css_core::box_tree::constraint_block_layout] layout_block ENTRY: node=NodeKey(9055051100293431370)
[2026-01-11T20:04:39Z ERROR css_core::box_tree::constraint_block_layout] Checking flex: node=NodeKey(9055051100293431370), display=Inline
[2026-01-11T20:04:39Z ERROR css_core::box_tree::constraint_block_layout] layout_block ENTRY: node=NodeKey(9055051100293431373)
[2026-01-11T20:04:39Z ERROR css_core::box_tree::constraint_block_layout] Checking flex: node=NodeKey(9055051100293431373), display=Flex
[2026-01-11T20:04:39Z ERROR css_core::box_tree::constraint_block_layout] IS FLEX!
[2026-01-11T20:04:39Z ERROR css_core::box_tree::constraint_block_layout::flex_layout] layout_flex: node=NodeKey(9055051100293431373), children.len()=9
[2026-01-11T20:04:39Z ERROR css_core::box_tree::constraint_block_layout] layout_block ENTRY: node=NodeKey(9055051100293431375)
[2026-01-11T20:04:39Z ERROR css_core::box_tree::constraint_block_layout] Checking flex: node=NodeKey(9055051100293431375), display=Flex
[2026-01-11T20:04:39Z ERROR css_core::box_tree::constraint_block_layout] IS FLEX!
[2026-01-11T20:04:39Z ERROR css_core::box_tree::constraint_block_layout::flex_layout] layout_flex: node=NodeKey(9055051100293431375), children.len()=1
[2026-01-11T20:04:39Z ERROR css_core::box_tree::constraint_block_layout::flex_layout] layout_flex: node=NodeKey(9055051100293431375), flex_items.len()=1
[2026-01-11T20:04:39Z ERROR css_core::box_tree::constraint_block_layout] INSERTING FLEX CONTAINER in layout_block: node=NodeKey(9055051100293431375), inline_size=40, is_measurement=true
[2026-01-11T20:04:39Z ERROR css_core::box_tree::constraint_block_layout] layout_block ENTRY: node=NodeKey(9055051100293431378)
[2026-01-11T20:04:39Z ERROR css_core::box_tree::constraint_block_layout] Checking flex: node=NodeKey(9055051100293431378), display=Flex
[2026-01-11T20:04:39Z ERROR css_core::box_tree::constraint_block_layout] IS FLEX!
[2026-01-11T20:04:39Z ERROR css_core::box_tree::constraint_block_layout::flex_layout] layout_flex: node=NodeKey(9055051100293431378), children.len()=1
[2026-01-11T20:04:39Z ERROR css_core::box_tree::constraint_block_layout::flex_layout] layout_flex: node=NodeKey(9055051100293431378), flex_items.len()=1
[2026-01-11T20:04:39Z ERROR css_core::box_tree::constraint_block_layout] INSERTING FLEX CONTAINER in layout_block: node=NodeKey(9055051100293431378), inline_size=40, is_measurement=true
[2026-01-11T20:04:39Z ERROR css_core::box_tree::constraint_block_layout] layout_block ENTRY: node=NodeKey(9055051100293431381)
[2026-01-11T20:04:39Z ERROR css_core::box_tree::constraint_block_layout] Checking flex: node=NodeKey(9055051100293431381), display=Flex
[2026-01-11T20:04:39Z ERROR css_core::box_tree::constraint_block_layout] IS FLEX!
[2026-01-11T20:04:39Z ERROR css_core::box_tree::constraint_block_layout::flex_layout] layout_flex: node=NodeKey(9055051100293431381), children.len()=1
[2026-01-11T20:04:39Z ERROR css_core::box_tree::constraint_block_layout::flex_layout] layout_flex: node=NodeKey(9055051100293431381), flex_items.len()=1
[2026-01-11T20:04:39Z ERROR css_core::box_tree::constraint_block_layout] INSERTING FLEX CONTAINER in layout_block: node=NodeKey(9055051100293431381), inline_size=40, is_measurement=true
[2026-01-11T20:04:39Z ERROR css_core::box_tree::constraint_block_layout] layout_block ENTRY: node=NodeKey(9055051100293431384)
[2026-01-11T20:04:39Z ERROR css_core::box_tree::constraint_block_layout] Checking flex: node=NodeKey(9055051100293431384), display=Flex
[2026-01-11T20:04:39Z ERROR css_core::box_tree::constraint_block_layout] IS FLEX!
[2026-01-11T20:04:39Z ERROR css_core::box_tree::constraint_block_layout::flex_layout] layout_flex: node=NodeKey(9055051100293431384), children.len()=1
[2026-01-11T20:04:39Z ERROR css_core::box_tree::constraint_block_layout::flex_layout] layout_flex: node=NodeKey(9055051100293431384), flex_items.len()=1
[2026-01-11T20:04:39Z ERROR css_core::box_tree::constraint_block_layout] INSERTING FLEX CONTAINER in layout_block: node=NodeKey(9055051100293431384), inline_size=40, is_measurement=true
[2026-01-11T20:04:39Z ERROR css_core::box_tree::constraint_block_layout::flex_layout] layout_flex: node=NodeKey(9055051100293431373), flex_items.len()=4
[2026-01-11T20:04:39Z ERROR css_core::box_tree::constraint_block_layout] layout_block ENTRY: node=NodeKey(9055051100293431375)
[2026-01-11T20:04:39Z ERROR css_core::box_tree::constraint_block_layout] Checking flex: node=NodeKey(9055051100293431375), display=Flex
[2026-01-11T20:04:39Z ERROR css_core::box_tree::constraint_block_layout] IS FLEX!
[2026-01-11T20:04:39Z ERROR css_core::box_tree::constraint_block_layout::flex_layout] layout_flex: node=NodeKey(9055051100293431375), children.len()=1
[2026-01-11T20:04:39Z ERROR css_core::box_tree::constraint_block_layout::flex_layout] layout_flex: node=NodeKey(9055051100293431375), flex_items.len()=1
[2026-01-11T20:04:39Z ERROR css_core::box_tree::constraint_block_layout] INSERTING FLEX CONTAINER in layout_block: node=NodeKey(9055051100293431375), inline_size=40, is_measurement=false
[2026-01-11T20:04:39Z ERROR css_core::box_tree::constraint_block_layout] layout_block ENTRY: node=NodeKey(9055051100293431378)
[2026-01-11T20:04:39Z ERROR css_core::box_tree::constraint_block_layout] Checking flex: node=NodeKey(9055051100293431378), display=Flex
[2026-01-11T20:04:39Z ERROR css_core::box_tree::constraint_block_layout] IS FLEX!
[2026-01-11T20:04:39Z ERROR css_core::box_tree::constraint_block_layout::flex_layout] layout_flex: node=NodeKey(9055051100293431378), children.len()=1
[2026-01-11T20:04:39Z ERROR css_core::box_tree::constraint_block_layout::flex_layout] layout_flex: node=NodeKey(9055051100293431378), flex_items.len()=1
[2026-01-11T20:04:39Z ERROR css_core::box_tree::constraint_block_layout] INSERTING FLEX CONTAINER in layout_block: node=NodeKey(9055051100293431378), inline_size=40, is_measurement=false
[2026-01-11T20:04:39Z ERROR css_core::box_tree::constraint_block_layout] layout_block ENTRY: node=NodeKey(9055051100293431381)
[2026-01-11T20:04:39Z ERROR css_core::box_tree::constraint_block_layout] Checking flex: node=NodeKey(9055051100293431381), display=Flex
[2026-01-11T20:04:39Z ERROR css_core::box_tree::constraint_block_layout] IS FLEX!
[2026-01-11T20:04:39Z ERROR css_core::box_tree::constraint_block_layout::flex_layout] layout_flex: node=NodeKey(9055051100293431381), children.len()=1
[2026-01-11T20:04:39Z ERROR css_core::box_tree::constraint_block_layout::flex_layout] layout_flex: node=NodeKey(9055051100293431381), flex_items.len()=1
[2026-01-11T20:04:39Z ERROR css_core::box_tree::constraint_block_layout] INSERTING FLEX CONTAINER in layout_block: node=NodeKey(9055051100293431381), inline_size=40, is_measurement=false
[2026-01-11T20:04:39Z ERROR css_core::box_tree::constraint_block_layout] layout_block ENTRY: node=NodeKey(9055051100293431384)
[2026-01-11T20:04:39Z ERROR css_core::box_tree::constraint_block_layout] Checking flex: node=NodeKey(9055051100293431384), display=Flex
[2026-01-11T20:04:39Z ERROR css_core::box_tree::constraint_block_layout] IS FLEX!
[2026-01-11T20:04:39Z ERROR css_core::box_tree::constraint_block_layout::flex_layout] layout_flex: node=NodeKey(9055051100293431384), children.len()=1
[2026-01-11T20:04:39Z ERROR css_core::box_tree::constraint_block_layout::flex_layout] layout_flex: node=NodeKey(9055051100293431384), flex_items.len()=1
[2026-01-11T20:04:39Z ERROR css_core::box_tree::constraint_block_layout] INSERTING FLEX CONTAINER in layout_block: node=NodeKey(9055051100293431384), inline_size=40, is_measurement=false
[2026-01-11T20:04:39Z ERROR css_core::box_tree::constraint_block_layout] INSERTING FLEX CONTAINER in layout_block: node=NodeKey(9055051100293431373), inline_size=160, is_measurement=true
[2026-01-11T20:04:39Z ERROR css_core::box_tree::constraint_block_layout::flex_layout] layout_flex: node=NodeKey(9055051100293431368), flex_items.len()=2
[2026-01-11T20:04:39Z ERROR css_core::box_tree::constraint_block_layout] layout_block ENTRY: node=NodeKey(9055051100293431370)
[2026-01-11T20:04:39Z ERROR css_core::box_tree::constraint_block_layout] Checking flex: node=NodeKey(9055051100293431370), display=Inline
[2026-01-11T20:04:39Z ERROR css_core::box_tree::constraint_block_layout] layout_block ENTRY: node=NodeKey(9055051100293431373)
[2026-01-11T20:04:39Z ERROR css_core::box_tree::constraint_block_layout] Checking flex: node=NodeKey(9055051100293431373), display=Flex
[2026-01-11T20:04:39Z ERROR css_core::box_tree::constraint_block_layout] IS FLEX!
[2026-01-11T20:04:39Z ERROR css_core::box_tree::constraint_block_layout::flex_layout] layout_flex: node=NodeKey(9055051100293431373), children.len()=9
[2026-01-11T20:04:39Z ERROR css_core::box_tree::constraint_block_layout] layout_block ENTRY: node=NodeKey(9055051100293431375)
[2026-01-11T20:04:39Z ERROR css_core::box_tree::constraint_block_layout] Checking flex: node=NodeKey(9055051100293431375), display=Flex
[2026-01-11T20:04:39Z ERROR css_core::box_tree::constraint_block_layout] IS FLEX!
[2026-01-11T20:04:39Z ERROR css_core::box_tree::constraint_block_layout::flex_layout] layout_flex: node=NodeKey(9055051100293431375), children.len()=1
[2026-01-11T20:04:39Z ERROR css_core::box_tree::constraint_block_layout::flex_layout] layout_flex: node=NodeKey(9055051100293431375), flex_items.len()=1
[2026-01-11T20:04:39Z ERROR css_core::box_tree::constraint_block_layout] INSERTING FLEX CONTAINER in layout_block: node=NodeKey(9055051100293431375), inline_size=40, is_measurement=true
[2026-01-11T20:04:39Z ERROR css_core::box_tree::constraint_block_layout] layout_block ENTRY: node=NodeKey(9055051100293431378)
[2026-01-11T20:04:39Z ERROR css_core::box_tree::constraint_block_layout] Checking flex: node=NodeKey(9055051100293431378), display=Flex
[2026-01-11T20:04:39Z ERROR css_core::box_tree::constraint_block_layout] IS FLEX!
[2026-01-11T20:04:39Z ERROR css_core::box_tree::constraint_block_layout::flex_layout] layout_flex: node=NodeKey(9055051100293431378), children.len()=1
[2026-01-11T20:04:39Z ERROR css_core::box_tree::constraint_block_layout::flex_layout] layout_flex: node=NodeKey(9055051100293431378), flex_items.len()=1
[2026-01-11T20:04:39Z ERROR css_core::box_tree::constraint_block_layout] INSERTING FLEX CONTAINER in layout_block: node=NodeKey(9055051100293431378), inline_size=40, is_measurement=true
[2026-01-11T20:04:39Z ERROR css_core::box_tree::constraint_block_layout] layout_block ENTRY: node=NodeKey(9055051100293431381)
[2026-01-11T20:04:39Z ERROR css_core::box_tree::constraint_block_layout] Checking flex: node=NodeKey(9055051100293431381), display=Flex
[2026-01-11T20:04:39Z ERROR css_core::box_tree::constraint_block_layout] IS FLEX!
[2026-01-11T20:04:39Z ERROR css_core::box_tree::constraint_block_layout::flex_layout] layout_flex: node=NodeKey(9055051100293431381), children.len()=1
[2026-01-11T20:04:39Z ERROR css_core::box_tree::constraint_block_layout::flex_layout] layout_flex: node=NodeKey(9055051100293431381), flex_items.len()=1
[2026-01-11T20:04:39Z ERROR css_core::box_tree::constraint_block_layout] INSERTING FLEX CONTAINER in layout_block: node=NodeKey(9055051100293431381), inline_size=40, is_measurement=true
[2026-01-11T20:04:39Z ERROR css_core::box_tree::constraint_block_layout] layout_block ENTRY: node=NodeKey(9055051100293431384)
[2026-01-11T20:04:39Z ERROR css_core::box_tree::constraint_block_layout] Checking flex: node=NodeKey(9055051100293431384), display=Flex
[2026-01-11T20:04:39Z ERROR css_core::box_tree::constraint_block_layout] IS FLEX!
[2026-01-11T20:04:39Z ERROR css_core::box_tree::constraint_block_layout::flex_layout] layout_flex: node=NodeKey(9055051100293431384), children.len()=1
[2026-01-11T20:04:39Z ERROR css_core::box_tree::constraint_block_layout::flex_layout] layout_flex: node=NodeKey(9055051100293431384), flex_items.len()=1
[2026-01-11T20:04:39Z ERROR css_core::box_tree::constraint_block_layout] INSERTING FLEX CONTAINER in layout_block: node=NodeKey(9055051100293431384), inline_size=40, is_measurement=true
[2026-01-11T20:04:39Z ERROR css_core::box_tree::constraint_block_layout::flex_layout] layout_flex: node=NodeKey(9055051100293431373), flex_items.len()=4
[2026-01-11T20:04:39Z ERROR css_core::box_tree::constraint_block_layout] layout_block ENTRY: node=NodeKey(9055051100293431375)
[2026-01-11T20:04:39Z ERROR css_core::box_tree::constraint_block_layout] Checking flex: node=NodeKey(9055051100293431375), display=Flex
[2026-01-11T20:04:39Z ERROR css_core::box_tree::constraint_block_layout] IS FLEX!
[2026-01-11T20:04:39Z ERROR css_core::box_tree::constraint_block_layout::flex_layout] layout_flex: node=NodeKey(9055051100293431375), children.len()=1
[2026-01-11T20:04:39Z ERROR css_core::box_tree::constraint_block_layout::flex_layout] layout_flex: node=NodeKey(9055051100293431375), flex_items.len()=1
[2026-01-11T20:04:39Z ERROR css_core::box_tree::constraint_block_layout] INSERTING FLEX CONTAINER in layout_block: node=NodeKey(9055051100293431375), inline_size=40, is_measurement=false
[2026-01-11T20:04:39Z ERROR css_core::box_tree::constraint_block_layout] layout_block ENTRY: node=NodeKey(9055051100293431378)
[2026-01-11T20:04:39Z ERROR css_core::box_tree::constraint_block_layout] Checking flex: node=NodeKey(9055051100293431378), display=Flex
[2026-01-11T20:04:39Z ERROR css_core::box_tree::constraint_block_layout] IS FLEX!
[2026-01-11T20:04:39Z ERROR css_core::box_tree::constraint_block_layout::flex_layout] layout_flex: node=NodeKey(9055051100293431378), children.len()=1
[2026-01-11T20:04:39Z ERROR css_core::box_tree::constraint_block_layout::flex_layout] layout_flex: node=NodeKey(9055051100293431378), flex_items.len()=1
[2026-01-11T20:04:39Z ERROR css_core::box_tree::constraint_block_layout] INSERTING FLEX CONTAINER in layout_block: node=NodeKey(9055051100293431378), inline_size=40, is_measurement=false
[2026-01-11T20:04:39Z ERROR css_core::box_tree::constraint_block_layout] layout_block ENTRY: node=NodeKey(9055051100293431381)
[2026-01-11T20:04:39Z ERROR css_core::box_tree::constraint_block_layout] Checking flex: node=NodeKey(9055051100293431381), display=Flex
[2026-01-11T20:04:39Z ERROR css_core::box_tree::constraint_block_layout] IS FLEX!
[2026-01-11T20:04:39Z ERROR css_core::box_tree::constraint_block_layout::flex_layout] layout_flex: node=NodeKey(9055051100293431381), children.len()=1
[2026-01-11T20:04:39Z ERROR css_core::box_tree::constraint_block_layout::flex_layout] layout_flex: node=NodeKey(9055051100293431381), flex_items.len()=1
[2026-01-11T20:04:39Z ERROR css_core::box_tree::constraint_block_layout] INSERTING FLEX CONTAINER in layout_block: node=NodeKey(9055051100293431381), inline_size=40, is_measurement=false
[2026-01-11T20:04:39Z ERROR css_core::box_tree::constraint_block_layout] layout_block ENTRY: node=NodeKey(9055051100293431384)
[2026-01-11T20:04:39Z ERROR css_core::box_tree::constraint_block_layout] Checking flex: node=NodeKey(9055051100293431384), display=Flex
[2026-01-11T20:04:39Z ERROR css_core::box_tree::constraint_block_layout] IS FLEX!
[2026-01-11T20:04:39Z ERROR css_core::box_tree::constraint_block_layout::flex_layout] layout_flex: node=NodeKey(9055051100293431384), children.len()=1
[2026-01-11T20:04:39Z ERROR css_core::box_tree::constraint_block_layout::flex_layout] layout_flex: node=NodeKey(9055051100293431384), flex_items.len()=1
[2026-01-11T20:04:39Z ERROR css_core::box_tree::constraint_block_layout] INSERTING FLEX CONTAINER in layout_block: node=NodeKey(9055051100293431384), inline_size=40, is_measurement=false
[2026-01-11T20:04:39Z ERROR css_core::box_tree::constraint_block_layout] INSERTING FLEX CONTAINER in layout_block: node=NodeKey(9055051100293431373), inline_size=160, is_measurement=false
[2026-01-11T20:04:39Z ERROR css_core::box_tree::constraint_block_layout] INSERTING FLEX CONTAINER in layout_block: node=NodeKey(9055051100293431368), inline_size=768, is_measurement=false
[2026-01-11T20:04:39Z ERROR css_core::box_tree::constraint_block_layout] INSERTING FLEX CONTAINER in layout_block: node=NodeKey(9055051100293431312), inline_size=800, is_measurement=false
[2026-01-11T20:04:39Z ERROR page_handler::core::incremental_layout] LAYOUT TREE COMPLETE - generation 1, total results: 50
[2026-01-11T20:04:39Z ERROR page_handler::core::incremental_layout] RUNNING LAYOUT TREE - generation 1
[2026-01-11T20:04:39Z ERROR css_core::box_tree::constraint_block_layout] layout_block ENTRY: node=NodeKey(10147174009930776578)
[2026-01-11T20:04:39Z ERROR css_core::box_tree::constraint_block_layout] Checking flex: node=NodeKey(10147174009930776578), display=Block
[2026-01-11T20:04:39Z ERROR css_core::box_tree::constraint_block_layout] layout_block ENTRY: node=NodeKey(10147174009930776590)
[2026-01-11T20:04:39Z ERROR css_core::box_tree::constraint_block_layout] Checking flex: node=NodeKey(10147174009930776590), display=Block
[2026-01-11T20:04:39Z ERROR css_core::box_tree::constraint_block_layout] layout_block ENTRY: node=NodeKey(10147174009930776592)
[2026-01-11T20:04:39Z ERROR css_core::box_tree::constraint_block_layout] Checking flex: node=NodeKey(10147174009930776592), display=Flex
[2026-01-11T20:04:39Z ERROR css_core::box_tree::constraint_block_layout] IS FLEX!
[2026-01-11T20:04:39Z ERROR css_core::box_tree::constraint_block_layout::flex_layout] layout_flex: node=NodeKey(10147174009930776592), children.len()=9
[2026-01-11T20:04:39Z ERROR css_core::box_tree::constraint_block_layout] layout_block ENTRY: node=NodeKey(10147174009930776594)
[2026-01-11T20:04:39Z ERROR css_core::box_tree::constraint_block_layout] Checking flex: node=NodeKey(10147174009930776594), display=Flex
[2026-01-11T20:04:39Z ERROR css_core::box_tree::constraint_block_layout] IS FLEX!
[2026-01-11T20:04:39Z ERROR css_core::box_tree::constraint_block_layout::flex_layout] layout_flex: node=NodeKey(10147174009930776594), children.len()=13
[2026-01-11T20:04:39Z ERROR css_core::box_tree::constraint_block_layout] layout_block ENTRY: node=NodeKey(10147174009930776596)
[2026-01-11T20:04:39Z ERROR css_core::box_tree::constraint_block_layout] Checking flex: node=NodeKey(10147174009930776596), display=Inline
[2026-01-11T20:04:39Z ERROR css_core::box_tree::constraint_block_layout] layout_block ENTRY: node=NodeKey(10147174009930776599)
[2026-01-11T20:04:39Z ERROR css_core::box_tree::constraint_block_layout] Checking flex: node=NodeKey(10147174009930776599), display=InlineFlex
[2026-01-11T20:04:39Z ERROR css_core::box_tree::constraint_block_layout] IS FLEX!
[2026-01-11T20:04:39Z ERROR css_core::box_tree::constraint_block_layout::flex_layout] layout_flex: node=NodeKey(10147174009930776599), children.len()=1
[2026-01-11T20:04:39Z ERROR css_core::box_tree::constraint_block_layout::flex_layout] layout_flex: node=NodeKey(10147174009930776599), flex_items.len()=1
[2026-01-11T20:04:39Z ERROR css_core::box_tree::constraint_block_layout::text] INSERTING TEXT RESULT: text='Primary', inline_size=41.33203, block_size=14, single_line_height=14, glyph_height=14, is_for_measurement_only=false
[2026-01-11T20:04:39Z ERROR css_core::box_tree::constraint_block_layout] INSERTING FLEX CONTAINER in layout_block: node=NodeKey(10147174009930776599), inline_size=61.33203, is_measurement=true
[2026-01-11T20:04:39Z ERROR css_core::box_tree::constraint_block_layout] layout_block ENTRY: node=NodeKey(10147174009930776602)
[2026-01-11T20:04:39Z ERROR css_core::box_tree::constraint_block_layout] Checking flex: node=NodeKey(10147174009930776602), display=InlineFlex
[2026-01-11T20:04:39Z ERROR css_core::box_tree::constraint_block_layout] IS FLEX!
[2026-01-11T20:04:39Z ERROR css_core::box_tree::constraint_block_layout::flex_layout] layout_flex: node=NodeKey(10147174009930776602), children.len()=1
[2026-01-11T20:04:39Z ERROR css_core::box_tree::constraint_block_layout::flex_layout] layout_flex: node=NodeKey(10147174009930776602), flex_items.len()=1
[2026-01-11T20:04:39Z ERROR css_core::box_tree::constraint_block_layout] INSERTING FLEX CONTAINER in layout_block: node=NodeKey(10147174009930776602), inline_size=65.35156, is_measurement=true
[2026-01-11T20:04:39Z ERROR css_core::box_tree::constraint_block_layout] layout_block ENTRY: node=NodeKey(10147174009930776605)
[2026-01-11T20:04:39Z ERROR css_core::box_tree::constraint_block_layout] Checking flex: node=NodeKey(10147174009930776605), display=InlineFlex
[2026-01-11T20:04:39Z ERROR css_core::box_tree::constraint_block_layout] IS FLEX!
[2026-01-11T20:04:39Z ERROR css_core::box_tree::constraint_block_layout::flex_layout] layout_flex: node=NodeKey(10147174009930776605), children.len()=1
[2026-01-11T20:04:39Z ERROR css_core::box_tree::constraint_block_layout::flex_layout] layout_flex: node=NodeKey(10147174009930776605), flex_items.len()=1
[2026-01-11T20:04:39Z ERROR css_core::box_tree::constraint_block_layout] INSERTING FLEX CONTAINER in layout_block: node=NodeKey(10147174009930776605), inline_size=64.23828, is_measurement=true
[2026-01-11T20:04:39Z ERROR css_core::box_tree::constraint_block_layout] layout_block ENTRY: node=NodeKey(10147174009930776608)
[2026-01-11T20:04:39Z ERROR css_core::box_tree::constraint_block_layout] Checking flex: node=NodeKey(10147174009930776608), display=InlineFlex
[2026-01-11T20:04:39Z ERROR css_core::box_tree::constraint_block_layout] IS FLEX!
[2026-01-11T20:04:39Z ERROR css_core::box_tree::constraint_block_layout::flex_layout] layout_flex: node=NodeKey(10147174009930776608), children.len()=1
[2026-01-11T20:04:39Z ERROR css_core::box_tree::constraint_block_layout::flex_layout] layout_flex: node=NodeKey(10147174009930776608), flex_items.len()=1
[2026-01-11T20:04:39Z ERROR css_core::box_tree::constraint_block_layout] INSERTING FLEX CONTAINER in layout_block: node=NodeKey(10147174009930776608), inline_size=46.666016, is_measurement=true
[2026-01-11T20:04:39Z ERROR css_core::box_tree::constraint_block_layout] layout_block ENTRY: node=NodeKey(10147174009930776611)
[2026-01-11T20:04:39Z ERROR css_core::box_tree::constraint_block_layout] Checking flex: node=NodeKey(10147174009930776611), display=InlineFlex
[2026-01-11T20:04:39Z ERROR css_core::box_tree::constraint_block_layout] IS FLEX!
[2026-01-11T20:04:39Z ERROR css_core::box_tree::constraint_block_layout::flex_layout] layout_flex: node=NodeKey(10147174009930776611), children.len()=1
[2026-01-11T20:04:39Z ERROR css_core::box_tree::constraint_block_layout::flex_layout] layout_flex: node=NodeKey(10147174009930776611), flex_items.len()=1
[2026-01-11T20:04:39Z ERROR css_core::box_tree::constraint_block_layout] INSERTING FLEX CONTAINER in layout_block: node=NodeKey(10147174009930776611), inline_size=46.003906, is_measurement=true
[2026-01-11T20:04:39Z ERROR css_core::box_tree::constraint_block_layout::flex_layout] layout_flex: node=NodeKey(10147174009930776594), flex_items.len()=6
[2026-01-11T20:04:39Z ERROR css_core::box_tree::constraint_block_layout] layout_block ENTRY: node=NodeKey(10147174009930776596)
[2026-01-11T20:04:39Z ERROR css_core::box_tree::constraint_block_layout] Checking flex: node=NodeKey(10147174009930776596), display=Inline
[2026-01-11T20:04:39Z ERROR css_core::box_tree::constraint_block_layout] layout_block ENTRY: node=NodeKey(10147174009930776599)
[2026-01-11T20:04:39Z ERROR css_core::box_tree::constraint_block_layout] Checking flex: node=NodeKey(10147174009930776599), display=InlineFlex
[2026-01-11T20:04:39Z ERROR css_core::box_tree::constraint_block_layout] IS FLEX!
[2026-01-11T20:04:39Z ERROR css_core::box_tree::constraint_block_layout::flex_layout] layout_flex: node=NodeKey(10147174009930776599), children.len()=1
[2026-01-11T20:04:39Z ERROR css_core::box_tree::constraint_block_layout::flex_layout] layout_flex: node=NodeKey(10147174009930776599), flex_items.len()=1
[2026-01-11T20:04:39Z ERROR css_core::box_tree::constraint_block_layout::text] INSERTING TEXT RESULT: text='Primary', inline_size=41.33203, block_size=14, single_line_height=14, glyph_height=14, is_for_measurement_only=false
[2026-01-11T20:04:39Z ERROR css_core::box_tree::constraint_block_layout] INSERTING FLEX CONTAINER in layout_block: node=NodeKey(10147174009930776599), inline_size=61.328125, is_measurement=false
[2026-01-11T20:04:39Z ERROR css_core::box_tree::constraint_block_layout] layout_block ENTRY: node=NodeKey(10147174009930776602)
[2026-01-11T20:04:39Z ERROR css_core::box_tree::constraint_block_layout] Checking flex: node=NodeKey(10147174009930776602), display=InlineFlex
[2026-01-11T20:04:39Z ERROR css_core::box_tree::constraint_block_layout] IS FLEX!
[2026-01-11T20:04:39Z ERROR css_core::box_tree::constraint_block_layout::flex_layout] layout_flex: node=NodeKey(10147174009930776602), children.len()=1
[2026-01-11T20:04:39Z ERROR css_core::box_tree::constraint_block_layout::flex_layout] layout_flex: node=NodeKey(10147174009930776602), flex_items.len()=1
[2026-01-11T20:04:39Z ERROR css_core::box_tree::constraint_block_layout] INSERTING FLEX CONTAINER in layout_block: node=NodeKey(10147174009930776602), inline_size=65.359375, is_measurement=false
[2026-01-11T20:04:39Z ERROR css_core::box_tree::constraint_block_layout] layout_block ENTRY: node=NodeKey(10147174009930776605)
[2026-01-11T20:04:39Z ERROR css_core::box_tree::constraint_block_layout] Checking flex: node=NodeKey(10147174009930776605), display=InlineFlex
[2026-01-11T20:04:39Z ERROR css_core::box_tree::constraint_block_layout] IS FLEX!
[2026-01-11T20:04:39Z ERROR css_core::box_tree::constraint_block_layout::flex_layout] layout_flex: node=NodeKey(10147174009930776605), children.len()=1
[2026-01-11T20:04:39Z ERROR css_core::box_tree::constraint_block_layout::flex_layout] layout_flex: node=NodeKey(10147174009930776605), flex_items.len()=1
[2026-01-11T20:04:39Z ERROR css_core::box_tree::constraint_block_layout] INSERTING FLEX CONTAINER in layout_block: node=NodeKey(10147174009930776605), inline_size=64.234375, is_measurement=false
[2026-01-11T20:04:39Z ERROR css_core::box_tree::constraint_block_layout] layout_block ENTRY: node=NodeKey(10147174009930776608)
[2026-01-11T20:04:39Z ERROR css_core::box_tree::constraint_block_layout] Checking flex: node=NodeKey(10147174009930776608), display=InlineFlex
[2026-01-11T20:04:39Z ERROR css_core::box_tree::constraint_block_layout] IS FLEX!
[2026-01-11T20:04:39Z ERROR css_core::box_tree::constraint_block_layout::flex_layout] layout_flex: node=NodeKey(10147174009930776608), children.len()=1
[2026-01-11T20:04:39Z ERROR css_core::box_tree::constraint_block_layout::flex_layout] layout_flex: node=NodeKey(10147174009930776608), flex_items.len()=1
[2026-01-11T20:04:39Z ERROR css_core::box_tree::constraint_block_layout] INSERTING FLEX CONTAINER in layout_block: node=NodeKey(10147174009930776608), inline_size=46.671875, is_measurement=false
[2026-01-11T20:04:39Z ERROR css_core::box_tree::constraint_block_layout] layout_block ENTRY: node=NodeKey(10147174009930776611)
[2026-01-11T20:04:39Z ERROR css_core::box_tree::constraint_block_layout] Checking flex: node=NodeKey(10147174009930776611), display=InlineFlex
[2026-01-11T20:04:39Z ERROR css_core::box_tree::constraint_block_layout] IS FLEX!
[2026-01-11T20:04:39Z ERROR css_core::box_tree::constraint_block_layout::flex_layout] layout_flex: node=NodeKey(10147174009930776611), children.len()=1
[2026-01-11T20:04:39Z ERROR css_core::box_tree::constraint_block_layout::flex_layout] layout_flex: node=NodeKey(10147174009930776611), flex_items.len()=1
[2026-01-11T20:04:39Z ERROR css_core::box_tree::constraint_block_layout] INSERTING FLEX CONTAINER in layout_block: node=NodeKey(10147174009930776611), inline_size=46, is_measurement=false
[2026-01-11T20:04:39Z ERROR css_core::box_tree::constraint_block_layout] INSERTING FLEX CONTAINER in layout_block: node=NodeKey(10147174009930776594), inline_size=768, is_measurement=true
[2026-01-11T20:04:39Z ERROR css_core::box_tree::constraint_block_layout] layout_block ENTRY: node=NodeKey(10147174009930776615)
[2026-01-11T20:04:39Z ERROR css_core::box_tree::constraint_block_layout] Checking flex: node=NodeKey(10147174009930776615), display=Flex
[2026-01-11T20:04:39Z ERROR css_core::box_tree::constraint_block_layout] IS FLEX!
[2026-01-11T20:04:39Z ERROR css_core::box_tree::constraint_block_layout::flex_layout] layout_flex: node=NodeKey(10147174009930776615), children.len()=9
[2026-01-11T20:04:39Z ERROR css_core::box_tree::constraint_block_layout] layout_block ENTRY: node=NodeKey(10147174009930776617)
[2026-01-11T20:04:39Z ERROR css_core::box_tree::constraint_block_layout] Checking flex: node=NodeKey(10147174009930776617), display=Inline
[2026-01-11T20:04:39Z ERROR css_core::box_tree::constraint_block_layout] layout_block ENTRY: node=NodeKey(10147174009930776620)
[2026-01-11T20:04:39Z ERROR css_core::box_tree::constraint_block_layout] Checking flex: node=NodeKey(10147174009930776620), display=InlineFlex
[2026-01-11T20:04:39Z ERROR css_core::box_tree::constraint_block_layout] IS FLEX!
[2026-01-11T20:04:39Z ERROR css_core::box_tree::constraint_block_layout::flex_layout] layout_flex: node=NodeKey(10147174009930776620), children.len()=1
[2026-01-11T20:04:39Z ERROR css_core::box_tree::constraint_block_layout::flex_layout] layout_flex: node=NodeKey(10147174009930776620), flex_items.len()=1
[2026-01-11T20:04:39Z ERROR css_core::box_tree::constraint_block_layout::text] INSERTING TEXT RESULT: text='Primary', inline_size=41.33203, block_size=14, single_line_height=14, glyph_height=14, is_for_measurement_only=false
[2026-01-11T20:04:39Z ERROR css_core::box_tree::constraint_block_layout] INSERTING FLEX CONTAINER in layout_block: node=NodeKey(10147174009930776620), inline_size=61.33203, is_measurement=true
[2026-01-11T20:04:39Z ERROR css_core::box_tree::constraint_block_layout] layout_block ENTRY: node=NodeKey(10147174009930776623)
[2026-01-11T20:04:39Z ERROR css_core::box_tree::constraint_block_layout] Checking flex: node=NodeKey(10147174009930776623), display=InlineFlex
[2026-01-11T20:04:39Z ERROR css_core::box_tree::constraint_block_layout] IS FLEX!
[2026-01-11T20:04:39Z ERROR css_core::box_tree::constraint_block_layout::flex_layout] layout_flex: node=NodeKey(10147174009930776623), children.len()=1
[2026-01-11T20:04:39Z ERROR css_core::box_tree::constraint_block_layout::flex_layout] layout_flex: node=NodeKey(10147174009930776623), flex_items.len()=1
[2026-01-11T20:04:39Z ERROR css_core::box_tree::constraint_block_layout] INSERTING FLEX CONTAINER in layout_block: node=NodeKey(10147174009930776623), inline_size=65.35156, is_measurement=true
[2026-01-11T20:04:39Z ERROR css_core::box_tree::constraint_block_layout] layout_block ENTRY: node=NodeKey(10147174009930776626)
[2026-01-11T20:04:39Z ERROR css_core::box_tree::constraint_block_layout] Checking flex: node=NodeKey(10147174009930776626), display=InlineFlex
[2026-01-11T20:04:39Z ERROR css_core::box_tree::constraint_block_layout] IS FLEX!
[2026-01-11T20:04:39Z ERROR css_core::box_tree::constraint_block_layout::flex_layout] layout_flex: node=NodeKey(10147174009930776626), children.len()=1
[2026-01-11T20:04:39Z ERROR css_core::box_tree::constraint_block_layout::flex_layout] layout_flex: node=NodeKey(10147174009930776626), flex_items.len()=1
[2026-01-11T20:04:39Z ERROR css_core::box_tree::constraint_block_layout] INSERTING FLEX CONTAINER in layout_block: node=NodeKey(10147174009930776626), inline_size=60.021484, is_measurement=true
[2026-01-11T20:04:39Z ERROR css_core::box_tree::constraint_block_layout::flex_layout] layout_flex: node=NodeKey(10147174009930776615), flex_items.len()=4
[2026-01-11T20:04:39Z ERROR css_core::box_tree::constraint_block_layout] layout_block ENTRY: node=NodeKey(10147174009930776617)
[2026-01-11T20:04:39Z ERROR css_core::box_tree::constraint_block_layout] Checking flex: node=NodeKey(10147174009930776617), display=Inline
[2026-01-11T20:04:39Z ERROR css_core::box_tree::constraint_block_layout] layout_block ENTRY: node=NodeKey(10147174009930776620)
[2026-01-11T20:04:39Z ERROR css_core::box_tree::constraint_block_layout] Checking flex: node=NodeKey(10147174009930776620), display=InlineFlex
[2026-01-11T20:04:39Z ERROR css_core::box_tree::constraint_block_layout] IS FLEX!
[2026-01-11T20:04:39Z ERROR css_core::box_tree::constraint_block_layout::flex_layout] layout_flex: node=NodeKey(10147174009930776620), children.len()=1
[2026-01-11T20:04:39Z ERROR css_core::box_tree::constraint_block_layout::flex_layout] layout_flex: node=NodeKey(10147174009930776620), flex_items.len()=1
[2026-01-11T20:04:39Z ERROR css_core::box_tree::constraint_block_layout::text] INSERTING TEXT RESULT: text='Primary', inline_size=41.33203, block_size=14, single_line_height=14, glyph_height=14, is_for_measurement_only=false
[2026-01-11T20:04:39Z ERROR css_core::box_tree::constraint_block_layout] INSERTING FLEX CONTAINER in layout_block: node=NodeKey(10147174009930776620), inline_size=61.328125, is_measurement=false
[2026-01-11T20:04:39Z ERROR css_core::box_tree::constraint_block_layout] layout_block ENTRY: node=NodeKey(10147174009930776623)
[2026-01-11T20:04:39Z ERROR css_core::box_tree::constraint_block_layout] Checking flex: node=NodeKey(10147174009930776623), display=InlineFlex
[2026-01-11T20:04:39Z ERROR css_core::box_tree::constraint_block_layout] IS FLEX!
[2026-01-11T20:04:39Z ERROR css_core::box_tree::constraint_block_layout::flex_layout] layout_flex: node=NodeKey(10147174009930776623), children.len()=1
[2026-01-11T20:04:39Z ERROR css_core::box_tree::constraint_block_layout::flex_layout] layout_flex: node=NodeKey(10147174009930776623), flex_items.len()=1
[2026-01-11T20:04:39Z ERROR css_core::box_tree::constraint_block_layout] INSERTING FLEX CONTAINER in layout_block: node=NodeKey(10147174009930776623), inline_size=65.359375, is_measurement=false
[2026-01-11T20:04:39Z ERROR css_core::box_tree::constraint_block_layout] layout_block ENTRY: node=NodeKey(10147174009930776626)
[2026-01-11T20:04:39Z ERROR css_core::box_tree::constraint_block_layout] Checking flex: node=NodeKey(10147174009930776626), display=InlineFlex
[2026-01-11T20:04:39Z ERROR css_core::box_tree::constraint_block_layout] IS FLEX!
[2026-01-11T20:04:39Z ERROR css_core::box_tree::constraint_block_layout::flex_layout] layout_flex: node=NodeKey(10147174009930776626), children.len()=1
[2026-01-11T20:04:39Z ERROR css_core::box_tree::constraint_block_layout::flex_layout] layout_flex: node=NodeKey(10147174009930776626), flex_items.len()=1
[2026-01-11T20:04:39Z ERROR css_core::box_tree::constraint_block_layout] INSERTING FLEX CONTAINER in layout_block: node=NodeKey(10147174009930776626), inline_size=60.015625, is_measurement=false
[2026-01-11T20:04:39Z ERROR css_core::box_tree::constraint_block_layout] INSERTING FLEX CONTAINER in layout_block: node=NodeKey(10147174009930776615), inline_size=768, is_measurement=true
[2026-01-11T20:04:39Z ERROR css_core::box_tree::constraint_block_layout] layout_block ENTRY: node=NodeKey(10147174009930776630)
[2026-01-11T20:04:39Z ERROR css_core::box_tree::constraint_block_layout] Checking flex: node=NodeKey(10147174009930776630), display=Flex
[2026-01-11T20:04:39Z ERROR css_core::box_tree::constraint_block_layout] IS FLEX!
[2026-01-11T20:04:39Z ERROR css_core::box_tree::constraint_block_layout::flex_layout] layout_flex: node=NodeKey(10147174009930776630), children.len()=9
[2026-01-11T20:04:39Z ERROR css_core::box_tree::constraint_block_layout] layout_block ENTRY: node=NodeKey(10147174009930776632)
[2026-01-11T20:04:39Z ERROR css_core::box_tree::constraint_block_layout] Checking flex: node=NodeKey(10147174009930776632), display=Inline
[2026-01-11T20:04:39Z ERROR css_core::box_tree::constraint_block_layout] layout_block ENTRY: node=NodeKey(10147174009930776635)
[2026-01-11T20:04:39Z ERROR css_core::box_tree::constraint_block_layout] Checking flex: node=NodeKey(10147174009930776635), display=InlineFlex
[2026-01-11T20:04:39Z ERROR css_core::box_tree::constraint_block_layout] IS FLEX!
[2026-01-11T20:04:39Z ERROR css_core::box_tree::constraint_block_layout::flex_layout] layout_flex: node=NodeKey(10147174009930776635), children.len()=2
[2026-01-11T20:04:39Z ERROR css_core::box_tree::constraint_block_layout] layout_block ENTRY: node=NodeKey(10147174009930776636)
[2026-01-11T20:04:39Z ERROR css_core::box_tree::constraint_block_layout] Checking flex: node=NodeKey(10147174009930776636), display=Inline
[2026-01-11T20:04:39Z ERROR css_core::box_tree::constraint_block_layout::flex_layout] layout_flex: node=NodeKey(10147174009930776635), flex_items.len()=2
[2026-01-11T20:04:39Z ERROR css_core::box_tree::constraint_block_layout] layout_block ENTRY: node=NodeKey(10147174009930776636)
[2026-01-11T20:04:39Z ERROR css_core::box_tree::constraint_block_layout] Checking flex: node=NodeKey(10147174009930776636), display=Inline
[2026-01-11T20:04:39Z ERROR css_core::box_tree::constraint_block_layout] INSERTING FLEX CONTAINER in layout_block: node=NodeKey(10147174009930776635), inline_size=60.6875, is_measurement=true
[2026-01-11T20:04:39Z ERROR css_core::box_tree::constraint_block_layout] layout_block ENTRY: node=NodeKey(10147174009930776639)
[2026-01-11T20:04:39Z ERROR css_core::box_tree::constraint_block_layout] Checking flex: node=NodeKey(10147174009930776639), display=InlineFlex
[2026-01-11T20:04:39Z ERROR css_core::box_tree::constraint_block_layout] IS FLEX!
[2026-01-11T20:04:39Z ERROR css_core::box_tree::constraint_block_layout::flex_layout] layout_flex: node=NodeKey(10147174009930776639), children.len()=2
[2026-01-11T20:04:39Z ERROR css_core::box_tree::constraint_block_layout] layout_block ENTRY: node=NodeKey(10147174009930776640)
[2026-01-11T20:04:39Z ERROR css_core::box_tree::constraint_block_layout] Checking flex: node=NodeKey(10147174009930776640), display=Inline
[2026-01-11T20:04:39Z ERROR css_core::box_tree::constraint_block_layout::flex_layout] layout_flex: node=NodeKey(10147174009930776639), flex_items.len()=2
[2026-01-11T20:04:39Z ERROR css_core::box_tree::constraint_block_layout] layout_block ENTRY: node=NodeKey(10147174009930776640)
[2026-01-11T20:04:39Z ERROR css_core::box_tree::constraint_block_layout] Checking flex: node=NodeKey(10147174009930776640), display=Inline
[2026-01-11T20:04:39Z ERROR css_core::box_tree::constraint_block_layout] INSERTING FLEX CONTAINER in layout_block: node=NodeKey(10147174009930776639), inline_size=55.126953, is_measurement=true
[2026-01-11T20:04:39Z ERROR css_core::box_tree::constraint_block_layout] layout_block ENTRY: node=NodeKey(10147174009930776643)
[2026-01-11T20:04:39Z ERROR css_core::box_tree::constraint_block_layout] Checking flex: node=NodeKey(10147174009930776643), display=InlineFlex
[2026-01-11T20:04:39Z ERROR css_core::box_tree::constraint_block_layout] IS FLEX!
[2026-01-11T20:04:39Z ERROR css_core::box_tree::constraint_block_layout::flex_layout] layout_flex: node=NodeKey(10147174009930776643), children.len()=2
[2026-01-11T20:04:39Z ERROR css_core::box_tree::constraint_block_layout] layout_block ENTRY: node=NodeKey(10147174009930776644)
[2026-01-11T20:04:39Z ERROR css_core::box_tree::constraint_block_layout] Checking flex: node=NodeKey(10147174009930776644), display=Inline
[2026-01-11T20:04:39Z ERROR css_core::box_tree::constraint_block_layout::flex_layout] layout_flex: node=NodeKey(10147174009930776643), flex_items.len()=2
[2026-01-11T20:04:39Z ERROR css_core::box_tree::constraint_block_layout] layout_block ENTRY: node=NodeKey(10147174009930776644)
[2026-01-11T20:04:39Z ERROR css_core::box_tree::constraint_block_layout] Checking flex: node=NodeKey(10147174009930776644), display=Inline
[2026-01-11T20:04:39Z ERROR css_core::box_tree::constraint_block_layout] INSERTING FLEX CONTAINER in layout_block: node=NodeKey(10147174009930776643), inline_size=60.464844, is_measurement=true
[2026-01-11T20:04:39Z ERROR css_core::box_tree::constraint_block_layout::flex_layout] layout_flex: node=NodeKey(10147174009930776630), flex_items.len()=4
[2026-01-11T20:04:39Z ERROR css_core::box_tree::constraint_block_layout] layout_block ENTRY: node=NodeKey(10147174009930776632)
[2026-01-11T20:04:39Z ERROR css_core::box_tree::constraint_block_layout] Checking flex: node=NodeKey(10147174009930776632), display=Inline
[2026-01-11T20:04:39Z ERROR css_core::box_tree::constraint_block_layout] layout_block ENTRY: node=NodeKey(10147174009930776635)
[2026-01-11T20:04:39Z ERROR css_core::box_tree::constraint_block_layout] Checking flex: node=NodeKey(10147174009930776635), display=InlineFlex
[2026-01-11T20:04:39Z ERROR css_core::box_tree::constraint_block_layout] IS FLEX!
[2026-01-11T20:04:39Z ERROR css_core::box_tree::constraint_block_layout::flex_layout] layout_flex: node=NodeKey(10147174009930776635), children.len()=2
[2026-01-11T20:04:39Z ERROR css_core::box_tree::constraint_block_layout] layout_block ENTRY: node=NodeKey(10147174009930776636)
[2026-01-11T20:04:39Z ERROR css_core::box_tree::constraint_block_layout] Checking flex: node=NodeKey(10147174009930776636), display=Inline
[2026-01-11T20:04:39Z ERROR css_core::box_tree::constraint_block_layout::flex_layout] layout_flex: node=NodeKey(10147174009930776635), flex_items.len()=2
[2026-01-11T20:04:39Z ERROR css_core::box_tree::constraint_block_layout] layout_block ENTRY: node=NodeKey(10147174009930776636)
[2026-01-11T20:04:39Z ERROR css_core::box_tree::constraint_block_layout] Checking flex: node=NodeKey(10147174009930776636), display=Inline
[2026-01-11T20:04:39Z ERROR css_core::box_tree::constraint_block_layout] INSERTING FLEX CONTAINER in layout_block: node=NodeKey(10147174009930776635), inline_size=60.6875, is_measurement=false
[2026-01-11T20:04:39Z ERROR css_core::box_tree::constraint_block_layout] layout_block ENTRY: node=NodeKey(10147174009930776639)
[2026-01-11T20:04:39Z ERROR css_core::box_tree::constraint_block_layout] Checking flex: node=NodeKey(10147174009930776639), display=InlineFlex
[2026-01-11T20:04:39Z ERROR css_core::box_tree::constraint_block_layout] IS FLEX!
[2026-01-11T20:04:39Z ERROR css_core::box_tree::constraint_block_layout::flex_layout] layout_flex: node=NodeKey(10147174009930776639), children.len()=2
[2026-01-11T20:04:39Z ERROR css_core::box_tree::constraint_block_layout] layout_block ENTRY: node=NodeKey(10147174009930776640)
[2026-01-11T20:04:39Z ERROR css_core::box_tree::constraint_block_layout] Checking flex: node=NodeKey(10147174009930776640), display=Inline
[2026-01-11T20:04:39Z ERROR css_core::box_tree::constraint_block_layout::flex_layout] layout_flex: node=NodeKey(10147174009930776639), flex_items.len()=2
[2026-01-11T20:04:39Z ERROR css_core::box_tree::constraint_block_layout] layout_block ENTRY: node=NodeKey(10147174009930776640)
[2026-01-11T20:04:39Z ERROR css_core::box_tree::constraint_block_layout] Checking flex: node=NodeKey(10147174009930776640), display=Inline
[2026-01-11T20:04:39Z ERROR css_core::box_tree::constraint_block_layout] INSERTING FLEX CONTAINER in layout_block: node=NodeKey(10147174009930776639), inline_size=55.125, is_measurement=false
[2026-01-11T20:04:39Z ERROR css_core::box_tree::constraint_block_layout] layout_block ENTRY: node=NodeKey(10147174009930776643)
[2026-01-11T20:04:39Z ERROR css_core::box_tree::constraint_block_layout] Checking flex: node=NodeKey(10147174009930776643), display=InlineFlex
[2026-01-11T20:04:39Z ERROR css_core::box_tree::constraint_block_layout] IS FLEX!
[2026-01-11T20:04:39Z ERROR css_core::box_tree::constraint_block_layout::flex_layout] layout_flex: node=NodeKey(10147174009930776643), children.len()=2
[2026-01-11T20:04:39Z ERROR css_core::box_tree::constraint_block_layout] layout_block ENTRY: node=NodeKey(10147174009930776644)
[2026-01-11T20:04:39Z ERROR css_core::box_tree::constraint_block_layout] Checking flex: node=NodeKey(10147174009930776644), display=Inline
[2026-01-11T20:04:39Z ERROR css_core::box_tree::constraint_block_layout::flex_layout] layout_flex: node=NodeKey(10147174009930776643), flex_items.len()=2
[2026-01-11T20:04:39Z ERROR css_core::box_tree::constraint_block_layout] layout_block ENTRY: node=NodeKey(10147174009930776644)
[2026-01-11T20:04:39Z ERROR css_core::box_tree::constraint_block_layout] Checking flex: node=NodeKey(10147174009930776644), display=Inline
[2026-01-11T20:04:39Z ERROR css_core::box_tree::constraint_block_layout] INSERTING FLEX CONTAINER in layout_block: node=NodeKey(10147174009930776643), inline_size=60.46875, is_measurement=false
[2026-01-11T20:04:39Z ERROR css_core::box_tree::constraint_block_layout] INSERTING FLEX CONTAINER in layout_block: node=NodeKey(10147174009930776630), inline_size=768, is_measurement=true
[2026-01-11T20:04:39Z ERROR css_core::box_tree::constraint_block_layout] layout_block ENTRY: node=NodeKey(10147174009930776648)
[2026-01-11T20:04:39Z ERROR css_core::box_tree::constraint_block_layout] Checking flex: node=NodeKey(10147174009930776648), display=Flex
[2026-01-11T20:04:39Z ERROR css_core::box_tree::constraint_block_layout] IS FLEX!
[2026-01-11T20:04:39Z ERROR css_core::box_tree::constraint_block_layout::flex_layout] layout_flex: node=NodeKey(10147174009930776648), children.len()=11
[2026-01-11T20:04:39Z ERROR css_core::box_tree::constraint_block_layout] layout_block ENTRY: node=NodeKey(10147174009930776650)
[2026-01-11T20:04:39Z ERROR css_core::box_tree::constraint_block_layout] Checking flex: node=NodeKey(10147174009930776650), display=Inline
[2026-01-11T20:04:39Z ERROR css_core::box_tree::constraint_block_layout] layout_block ENTRY: node=NodeKey(10147174009930776653)
[2026-01-11T20:04:39Z ERROR css_core::box_tree::constraint_block_layout] Checking flex: node=NodeKey(10147174009930776653), display=InlineFlex
[2026-01-11T20:04:39Z ERROR css_core::box_tree::constraint_block_layout] IS FLEX!
[2026-01-11T20:04:39Z ERROR css_core::box_tree::constraint_block_layout::flex_layout] layout_flex: node=NodeKey(10147174009930776653), children.len()=2
[2026-01-11T20:04:39Z ERROR css_core::box_tree::constraint_block_layout] layout_block ENTRY: node=NodeKey(10147174009930776655)
[2026-01-11T20:04:39Z ERROR css_core::box_tree::constraint_block_layout] Checking flex: node=NodeKey(10147174009930776655), display=Inline
[2026-01-11T20:04:39Z ERROR css_core::box_tree::constraint_block_layout::flex_layout] layout_flex: node=NodeKey(10147174009930776653), flex_items.len()=2
[2026-01-11T20:04:39Z ERROR css_core::box_tree::constraint_block_layout] layout_block ENTRY: node=NodeKey(10147174009930776655)
[2026-01-11T20:04:39Z ERROR css_core::box_tree::constraint_block_layout] Checking flex: node=NodeKey(10147174009930776655), display=Inline
[2026-01-11T20:04:39Z ERROR css_core::box_tree::constraint_block_layout] INSERTING FLEX CONTAINER in layout_block: node=NodeKey(10147174009930776653), inline_size=71.95996, is_measurement=true
[2026-01-11T20:04:39Z ERROR css_core::box_tree::constraint_block_layout] layout_block ENTRY: node=NodeKey(10147174009930776657)
[2026-01-11T20:04:39Z ERROR css_core::box_tree::constraint_block_layout] Checking flex: node=NodeKey(10147174009930776657), display=InlineFlex
[2026-01-11T20:04:39Z ERROR css_core::box_tree::constraint_block_layout] IS FLEX!
[2026-01-11T20:04:39Z ERROR css_core::box_tree::constraint_block_layout::flex_layout] layout_flex: node=NodeKey(10147174009930776657), children.len()=2
[2026-01-11T20:04:39Z ERROR css_core::box_tree::constraint_block_layout] layout_block ENTRY: node=NodeKey(10147174009930776659)
[2026-01-11T20:04:39Z ERROR css_core::box_tree::constraint_block_layout] Checking flex: node=NodeKey(10147174009930776659), display=Inline
[2026-01-11T20:04:39Z ERROR css_core::box_tree::constraint_block_layout::flex_layout] layout_flex: node=NodeKey(10147174009930776657), flex_items.len()=2
[2026-01-11T20:04:39Z ERROR css_core::box_tree::constraint_block_layout] layout_block ENTRY: node=NodeKey(10147174009930776659)
[2026-01-11T20:04:39Z ERROR css_core::box_tree::constraint_block_layout] Checking flex: node=NodeKey(10147174009930776659), display=Inline
[2026-01-11T20:04:39Z ERROR css_core::box_tree::constraint_block_layout] INSERTING FLEX CONTAINER in layout_block: node=NodeKey(10147174009930776657), inline_size=99.413574, is_measurement=true
[2026-01-11T20:04:39Z ERROR css_core::box_tree::constraint_block_layout] layout_block ENTRY: node=NodeKey(10147174009930776661)
[2026-01-11T20:04:39Z ERROR css_core::box_tree::constraint_block_layout] Checking flex: node=NodeKey(10147174009930776661), display=InlineFlex
[2026-01-11T20:04:39Z ERROR css_core::box_tree::constraint_block_layout] IS FLEX!
[2026-01-11T20:04:39Z ERROR css_core::box_tree::constraint_block_layout::flex_layout] layout_flex: node=NodeKey(10147174009930776661), children.len()=2
[2026-01-11T20:04:39Z ERROR css_core::box_tree::constraint_block_layout] layout_block ENTRY: node=NodeKey(10147174009930776663)
[2026-01-11T20:04:39Z ERROR css_core::box_tree::constraint_block_layout] Checking flex: node=NodeKey(10147174009930776663), display=Inline
[2026-01-11T20:04:39Z ERROR css_core::box_tree::constraint_block_layout::flex_layout] layout_flex: node=NodeKey(10147174009930776661), flex_items.len()=2
[2026-01-11T20:04:39Z ERROR css_core::box_tree::constraint_block_layout] layout_block ENTRY: node=NodeKey(10147174009930776663)
[2026-01-11T20:04:39Z ERROR css_core::box_tree::constraint_block_layout] Checking flex: node=NodeKey(10147174009930776663), display=Inline
[2026-01-11T20:04:39Z ERROR css_core::box_tree::constraint_block_layout] INSERTING FLEX CONTAINER in layout_block: node=NodeKey(10147174009930776661), inline_size=64.72998, is_measurement=true
[2026-01-11T20:04:39Z ERROR css_core::box_tree::constraint_block_layout] layout_block ENTRY: node=NodeKey(10147174009930776665)
[2026-01-11T20:04:39Z ERROR css_core::box_tree::constraint_block_layout] Checking flex: node=NodeKey(10147174009930776665), display=InlineFlex
[2026-01-11T20:04:39Z ERROR css_core::box_tree::constraint_block_layout] IS FLEX!
[2026-01-11T20:04:39Z ERROR css_core::box_tree::constraint_block_layout::flex_layout] layout_flex: node=NodeKey(10147174009930776665), children.len()=2
[2026-01-11T20:04:39Z ERROR css_core::box_tree::constraint_block_layout] layout_block ENTRY: node=NodeKey(10147174009930776667)
[2026-01-11T20:04:39Z ERROR css_core::box_tree::constraint_block_layout] Checking flex: node=NodeKey(10147174009930776667), display=Inline
[2026-01-11T20:04:39Z ERROR css_core::box_tree::constraint_block_layout::flex_layout] layout_flex: node=NodeKey(10147174009930776665), flex_items.len()=2
[2026-01-11T20:04:39Z ERROR css_core::box_tree::constraint_block_layout] layout_block ENTRY: node=NodeKey(10147174009930776667)
[2026-01-11T20:04:39Z ERROR css_core::box_tree::constraint_block_layout] Checking flex: node=NodeKey(10147174009930776667), display=Inline
[2026-01-11T20:04:39Z ERROR css_core::box_tree::constraint_block_layout] INSERTING FLEX CONTAINER in layout_block: node=NodeKey(10147174009930776665), inline_size=82.078125, is_measurement=true
[2026-01-11T20:04:39Z ERROR css_core::box_tree::constraint_block_layout::flex_layout] layout_flex: node=NodeKey(10147174009930776648), flex_items.len()=5
[2026-01-11T20:04:39Z ERROR css_core::box_tree::constraint_block_layout] layout_block ENTRY: node=NodeKey(10147174009930776650)
[2026-01-11T20:04:39Z ERROR css_core::box_tree::constraint_block_layout] Checking flex: node=NodeKey(10147174009930776650), display=Inline
[2026-01-11T20:04:39Z ERROR css_core::box_tree::constraint_block_layout] layout_block ENTRY: node=NodeKey(10147174009930776653)
[2026-01-11T20:04:39Z ERROR css_core::box_tree::constraint_block_layout] Checking flex: node=NodeKey(10147174009930776653), display=InlineFlex
[2026-01-11T20:04:39Z ERROR css_core::box_tree::constraint_block_layout] IS FLEX!
[2026-01-11T20:04:39Z ERROR css_core::box_tree::constraint_block_layout::flex_layout] layout_flex: node=NodeKey(10147174009930776653), children.len()=2
[2026-01-11T20:04:39Z ERROR css_core::box_tree::constraint_block_layout] layout_block ENTRY: node=NodeKey(10147174009930776655)
[2026-01-11T20:04:39Z ERROR css_core::box_tree::constraint_block_layout] Checking flex: node=NodeKey(10147174009930776655), display=Inline
[2026-01-11T20:04:39Z ERROR css_core::box_tree::constraint_block_layout::flex_layout] layout_flex: node=NodeKey(10147174009930776653), flex_items.len()=2
[2026-01-11T20:04:39Z ERROR css_core::box_tree::constraint_block_layout] layout_block ENTRY: node=NodeKey(10147174009930776655)
[2026-01-11T20:04:39Z ERROR css_core::box_tree::constraint_block_layout] Checking flex: node=NodeKey(10147174009930776655), display=Inline
[2026-01-11T20:04:39Z ERROR css_core::box_tree::constraint_block_layout] INSERTING FLEX CONTAINER in layout_block: node=NodeKey(10147174009930776653), inline_size=71.953125, is_measurement=false
[2026-01-11T20:04:39Z ERROR css_core::box_tree::constraint_block_layout] layout_block ENTRY: node=NodeKey(10147174009930776657)
[2026-01-11T20:04:39Z ERROR css_core::box_tree::constraint_block_layout] Checking flex: node=NodeKey(10147174009930776657), display=InlineFlex
[2026-01-11T20:04:39Z ERROR css_core::box_tree::constraint_block_layout] IS FLEX!
[2026-01-11T20:04:39Z ERROR css_core::box_tree::constraint_block_layout::flex_layout] layout_flex: node=NodeKey(10147174009930776657), children.len()=2
[2026-01-11T20:04:39Z ERROR css_core::box_tree::constraint_block_layout] layout_block ENTRY: node=NodeKey(10147174009930776659)
[2026-01-11T20:04:39Z ERROR css_core::box_tree::constraint_block_layout] Checking flex: node=NodeKey(10147174009930776659), display=Inline
[2026-01-11T20:04:39Z ERROR css_core::box_tree::constraint_block_layout::flex_layout] layout_flex: node=NodeKey(10147174009930776657), flex_items.len()=2
[2026-01-11T20:04:39Z ERROR css_core::box_tree::constraint_block_layout] layout_block ENTRY: node=NodeKey(10147174009930776659)
[2026-01-11T20:04:39Z ERROR css_core::box_tree::constraint_block_layout] Checking flex: node=NodeKey(10147174009930776659), display=Inline
[2026-01-11T20:04:39Z ERROR css_core::box_tree::constraint_block_layout] INSERTING FLEX CONTAINER in layout_block: node=NodeKey(10147174009930776657), inline_size=99.40625, is_measurement=false
[2026-01-11T20:04:39Z ERROR css_core::box_tree::constraint_block_layout] layout_block ENTRY: node=NodeKey(10147174009930776661)
[2026-01-11T20:04:39Z ERROR css_core::box_tree::constraint_block_layout] Checking flex: node=NodeKey(10147174009930776661), display=InlineFlex
[2026-01-11T20:04:39Z ERROR css_core::box_tree::constraint_block_layout] IS FLEX!
[2026-01-11T20:04:39Z ERROR css_core::box_tree::constraint_block_layout::flex_layout] layout_flex: node=NodeKey(10147174009930776661), children.len()=2
[2026-01-11T20:04:39Z ERROR css_core::box_tree::constraint_block_layout] layout_block ENTRY: node=NodeKey(10147174009930776663)
[2026-01-11T20:04:39Z ERROR css_core::box_tree::constraint_block_layout] Checking flex: node=NodeKey(10147174009930776663), display=Inline
[2026-01-11T20:04:39Z ERROR css_core::box_tree::constraint_block_layout::flex_layout] layout_flex: node=NodeKey(10147174009930776661), flex_items.len()=2
[2026-01-11T20:04:39Z ERROR css_core::box_tree::constraint_block_layout] layout_block ENTRY: node=NodeKey(10147174009930776663)
[2026-01-11T20:04:39Z ERROR css_core::box_tree::constraint_block_layout] Checking flex: node=NodeKey(10147174009930776663), display=Inline
[2026-01-11T20:04:39Z ERROR css_core::box_tree::constraint_block_layout] INSERTING FLEX CONTAINER in layout_block: node=NodeKey(10147174009930776661), inline_size=64.734375, is_measurement=false
[2026-01-11T20:04:39Z ERROR css_core::box_tree::constraint_block_layout] layout_block ENTRY: node=NodeKey(10147174009930776665)
[2026-01-11T20:04:39Z ERROR css_core::box_tree::constraint_block_layout] Checking flex: node=NodeKey(10147174009930776665), display=InlineFlex
[2026-01-11T20:04:39Z ERROR css_core::box_tree::constraint_block_layout] IS FLEX!
[2026-01-11T20:04:39Z ERROR css_core::box_tree::constraint_block_layout::flex_layout] layout_flex: node=NodeKey(10147174009930776665), children.len()=2
[2026-01-11T20:04:39Z ERROR css_core::box_tree::constraint_block_layout] layout_block ENTRY: node=NodeKey(10147174009930776667)
[2026-01-11T20:04:39Z ERROR css_core::box_tree::constraint_block_layout] Checking flex: node=NodeKey(10147174009930776667), display=Inline
[2026-01-11T20:04:39Z ERROR css_core::box_tree::constraint_block_layout::flex_layout] layout_flex: node=NodeKey(10147174009930776665), flex_items.len()=2
[2026-01-11T20:04:39Z ERROR css_core::box_tree::constraint_block_layout] layout_block ENTRY: node=NodeKey(10147174009930776667)
[2026-01-11T20:04:39Z ERROR css_core::box_tree::constraint_block_layout] Checking flex: node=NodeKey(10147174009930776667), display=Inline
[2026-01-11T20:04:39Z ERROR css_core::box_tree::constraint_block_layout] INSERTING FLEX CONTAINER in layout_block: node=NodeKey(10147174009930776665), inline_size=82.078125, is_measurement=false
[2026-01-11T20:04:39Z ERROR css_core::box_tree::constraint_block_layout] INSERTING FLEX CONTAINER in layout_block: node=NodeKey(10147174009930776648), inline_size=768, is_measurement=true
[2026-01-11T20:04:39Z ERROR css_core::box_tree::constraint_block_layout::flex_layout] layout_flex: node=NodeKey(10147174009930776592), flex_items.len()=4
[2026-01-11T20:04:39Z ERROR css_core::box_tree::constraint_block_layout] layout_block ENTRY: node=NodeKey(10147174009930776594)
[2026-01-11T20:04:39Z ERROR css_core::box_tree::constraint_block_layout] Checking flex: node=NodeKey(10147174009930776594), display=Flex
[2026-01-11T20:04:39Z ERROR css_core::box_tree::constraint_block_layout] IS FLEX!
[2026-01-11T20:04:39Z ERROR css_core::box_tree::constraint_block_layout::flex_layout] layout_flex: node=NodeKey(10147174009930776594), children.len()=13
[2026-01-11T20:04:39Z ERROR css_core::box_tree::constraint_block_layout] layout_block ENTRY: node=NodeKey(10147174009930776596)
[2026-01-11T20:04:39Z ERROR css_core::box_tree::constraint_block_layout] Checking flex: node=NodeKey(10147174009930776596), display=Inline
[2026-01-11T20:04:39Z ERROR css_core::box_tree::constraint_block_layout] layout_block ENTRY: node=NodeKey(10147174009930776599)
[2026-01-11T20:04:39Z ERROR css_core::box_tree::constraint_block_layout] Checking flex: node=NodeKey(10147174009930776599), display=InlineFlex
[2026-01-11T20:04:39Z ERROR css_core::box_tree::constraint_block_layout] IS FLEX!
[2026-01-11T20:04:39Z ERROR css_core::box_tree::constraint_block_layout::flex_layout] layout_flex: node=NodeKey(10147174009930776599), children.len()=1
[2026-01-11T20:04:39Z ERROR css_core::box_tree::constraint_block_layout::flex_layout] layout_flex: node=NodeKey(10147174009930776599), flex_items.len()=1
[2026-01-11T20:04:39Z ERROR css_core::box_tree::constraint_block_layout::text] INSERTING TEXT RESULT: text='Primary', inline_size=41.33203, block_size=14, single_line_height=14, glyph_height=14, is_for_measurement_only=false
[2026-01-11T20:04:39Z ERROR css_core::box_tree::constraint_block_layout] INSERTING FLEX CONTAINER in layout_block: node=NodeKey(10147174009930776599), inline_size=61.33203, is_measurement=true
[2026-01-11T20:04:39Z ERROR css_core::box_tree::constraint_block_layout] layout_block ENTRY: node=NodeKey(10147174009930776602)
[2026-01-11T20:04:39Z ERROR css_core::box_tree::constraint_block_layout] Checking flex: node=NodeKey(10147174009930776602), display=InlineFlex
[2026-01-11T20:04:39Z ERROR css_core::box_tree::constraint_block_layout] IS FLEX!
[2026-01-11T20:04:39Z ERROR css_core::box_tree::constraint_block_layout::flex_layout] layout_flex: node=NodeKey(10147174009930776602), children.len()=1
[2026-01-11T20:04:39Z ERROR css_core::box_tree::constraint_block_layout::flex_layout] layout_flex: node=NodeKey(10147174009930776602), flex_items.len()=1
[2026-01-11T20:04:39Z ERROR css_core::box_tree::constraint_block_layout] INSERTING FLEX CONTAINER in layout_block: node=NodeKey(10147174009930776602), inline_size=65.35156, is_measurement=true
[2026-01-11T20:04:39Z ERROR css_core::box_tree::constraint_block_layout] layout_block ENTRY: node=NodeKey(10147174009930776605)
[2026-01-11T20:04:39Z ERROR css_core::box_tree::constraint_block_layout] Checking flex: node=NodeKey(10147174009930776605), display=InlineFlex
[2026-01-11T20:04:39Z ERROR css_core::box_tree::constraint_block_layout] IS FLEX!
[2026-01-11T20:04:39Z ERROR css_core::box_tree::constraint_block_layout::flex_layout] layout_flex: node=NodeKey(10147174009930776605), children.len()=1
[2026-01-11T20:04:39Z ERROR css_core::box_tree::constraint_block_layout::flex_layout] layout_flex: node=NodeKey(10147174009930776605), flex_items.len()=1
[2026-01-11T20:04:39Z ERROR css_core::box_tree::constraint_block_layout] INSERTING FLEX CONTAINER in layout_block: node=NodeKey(10147174009930776605), inline_size=64.23828, is_measurement=true
[2026-01-11T20:04:39Z ERROR css_core::box_tree::constraint_block_layout] layout_block ENTRY: node=NodeKey(10147174009930776608)
[2026-01-11T20:04:39Z ERROR css_core::box_tree::constraint_block_layout] Checking flex: node=NodeKey(10147174009930776608), display=InlineFlex
[2026-01-11T20:04:39Z ERROR css_core::box_tree::constraint_block_layout] IS FLEX!
[2026-01-11T20:04:39Z ERROR css_core::box_tree::constraint_block_layout::flex_layout] layout_flex: node=NodeKey(10147174009930776608), children.len()=1
[2026-01-11T20:04:39Z ERROR css_core::box_tree::constraint_block_layout::flex_layout] layout_flex: node=NodeKey(10147174009930776608), flex_items.len()=1
[2026-01-11T20:04:39Z ERROR css_core::box_tree::constraint_block_layout] INSERTING FLEX CONTAINER in layout_block: node=NodeKey(10147174009930776608), inline_size=46.666016, is_measurement=true
[2026-01-11T20:04:39Z ERROR css_core::box_tree::constraint_block_layout] layout_block ENTRY: node=NodeKey(10147174009930776611)
[2026-01-11T20:04:39Z ERROR css_core::box_tree::constraint_block_layout] Checking flex: node=NodeKey(10147174009930776611), display=InlineFlex
[2026-01-11T20:04:39Z ERROR css_core::box_tree::constraint_block_layout] IS FLEX!
[2026-01-11T20:04:39Z ERROR css_core::box_tree::constraint_block_layout::flex_layout] layout_flex: node=NodeKey(10147174009930776611), children.len()=1
[2026-01-11T20:04:39Z ERROR css_core::box_tree::constraint_block_layout::flex_layout] layout_flex: node=NodeKey(10147174009930776611), flex_items.len()=1
[2026-01-11T20:04:39Z ERROR css_core::box_tree::constraint_block_layout] INSERTING FLEX CONTAINER in layout_block: node=NodeKey(10147174009930776611), inline_size=46.003906, is_measurement=true
[2026-01-11T20:04:39Z ERROR css_core::box_tree::constraint_block_layout::flex_layout] layout_flex: node=NodeKey(10147174009930776594), flex_items.len()=6
[2026-01-11T20:04:39Z ERROR css_core::box_tree::constraint_block_layout] layout_block ENTRY: node=NodeKey(10147174009930776596)
[2026-01-11T20:04:39Z ERROR css_core::box_tree::constraint_block_layout] Checking flex: node=NodeKey(10147174009930776596), display=Inline
[2026-01-11T20:04:39Z ERROR css_core::box_tree::constraint_block_layout] layout_block ENTRY: node=NodeKey(10147174009930776599)
[2026-01-11T20:04:39Z ERROR css_core::box_tree::constraint_block_layout] Checking flex: node=NodeKey(10147174009930776599), display=InlineFlex
[2026-01-11T20:04:39Z ERROR css_core::box_tree::constraint_block_layout] IS FLEX!
[2026-01-11T20:04:39Z ERROR css_core::box_tree::constraint_block_layout::flex_layout] layout_flex: node=NodeKey(10147174009930776599), children.len()=1
[2026-01-11T20:04:39Z ERROR css_core::box_tree::constraint_block_layout::flex_layout] layout_flex: node=NodeKey(10147174009930776599), flex_items.len()=1
[2026-01-11T20:04:39Z ERROR css_core::box_tree::constraint_block_layout::text] INSERTING TEXT RESULT: text='Primary', inline_size=41.33203, block_size=14, single_line_height=14, glyph_height=14, is_for_measurement_only=false
[2026-01-11T20:04:39Z ERROR css_core::box_tree::constraint_block_layout] INSERTING FLEX CONTAINER in layout_block: node=NodeKey(10147174009930776599), inline_size=61.328125, is_measurement=false
[2026-01-11T20:04:39Z ERROR css_core::box_tree::constraint_block_layout] layout_block ENTRY: node=NodeKey(10147174009930776602)
[2026-01-11T20:04:39Z ERROR css_core::box_tree::constraint_block_layout] Checking flex: node=NodeKey(10147174009930776602), display=InlineFlex
[2026-01-11T20:04:39Z ERROR css_core::box_tree::constraint_block_layout] IS FLEX!
[2026-01-11T20:04:39Z ERROR css_core::box_tree::constraint_block_layout::flex_layout] layout_flex: node=NodeKey(10147174009930776602), children.len()=1
[2026-01-11T20:04:39Z ERROR css_core::box_tree::constraint_block_layout::flex_layout] layout_flex: node=NodeKey(10147174009930776602), flex_items.len()=1
[2026-01-11T20:04:39Z ERROR css_core::box_tree::constraint_block_layout] INSERTING FLEX CONTAINER in layout_block: node=NodeKey(10147174009930776602), inline_size=65.359375, is_measurement=false
[2026-01-11T20:04:39Z ERROR css_core::box_tree::constraint_block_layout] layout_block ENTRY: node=NodeKey(10147174009930776605)
[2026-01-11T20:04:39Z ERROR css_core::box_tree::constraint_block_layout] Checking flex: node=NodeKey(10147174009930776605), display=InlineFlex
[2026-01-11T20:04:39Z ERROR css_core::box_tree::constraint_block_layout] IS FLEX!
[2026-01-11T20:04:39Z ERROR css_core::box_tree::constraint_block_layout::flex_layout] layout_flex: node=NodeKey(10147174009930776605), children.len()=1
[2026-01-11T20:04:39Z ERROR css_core::box_tree::constraint_block_layout::flex_layout] layout_flex: node=NodeKey(10147174009930776605), flex_items.len()=1
[2026-01-11T20:04:39Z ERROR css_core::box_tree::constraint_block_layout] INSERTING FLEX CONTAINER in layout_block: node=NodeKey(10147174009930776605), inline_size=64.234375, is_measurement=false
[2026-01-11T20:04:39Z ERROR css_core::box_tree::constraint_block_layout] layout_block ENTRY: node=NodeKey(10147174009930776608)
[2026-01-11T20:04:39Z ERROR css_core::box_tree::constraint_block_layout] Checking flex: node=NodeKey(10147174009930776608), display=InlineFlex
[2026-01-11T20:04:39Z ERROR css_core::box_tree::constraint_block_layout] IS FLEX!
[2026-01-11T20:04:39Z ERROR css_core::box_tree::constraint_block_layout::flex_layout] layout_flex: node=NodeKey(10147174009930776608), children.len()=1
[2026-01-11T20:04:39Z ERROR css_core::box_tree::constraint_block_layout::flex_layout] layout_flex: node=NodeKey(10147174009930776608), flex_items.len()=1
[2026-01-11T20:04:39Z ERROR css_core::box_tree::constraint_block_layout] INSERTING FLEX CONTAINER in layout_block: node=NodeKey(10147174009930776608), inline_size=46.671875, is_measurement=false
[2026-01-11T20:04:39Z ERROR css_core::box_tree::constraint_block_layout] layout_block ENTRY: node=NodeKey(10147174009930776611)
[2026-01-11T20:04:39Z ERROR css_core::box_tree::constraint_block_layout] Checking flex: node=NodeKey(10147174009930776611), display=InlineFlex
[2026-01-11T20:04:39Z ERROR css_core::box_tree::constraint_block_layout] IS FLEX!
[2026-01-11T20:04:39Z ERROR css_core::box_tree::constraint_block_layout::flex_layout] layout_flex: node=NodeKey(10147174009930776611), children.len()=1
[2026-01-11T20:04:39Z ERROR css_core::box_tree::constraint_block_layout::flex_layout] layout_flex: node=NodeKey(10147174009930776611), flex_items.len()=1
[2026-01-11T20:04:39Z ERROR css_core::box_tree::constraint_block_layout] INSERTING FLEX CONTAINER in layout_block: node=NodeKey(10147174009930776611), inline_size=46, is_measurement=false
[2026-01-11T20:04:39Z ERROR css_core::box_tree::constraint_block_layout] INSERTING FLEX CONTAINER in layout_block: node=NodeKey(10147174009930776594), inline_size=768, is_measurement=false
[2026-01-11T20:04:39Z ERROR css_core::box_tree::constraint_block_layout] layout_block ENTRY: node=NodeKey(10147174009930776615)
[2026-01-11T20:04:39Z ERROR css_core::box_tree::constraint_block_layout] Checking flex: node=NodeKey(10147174009930776615), display=Flex
[2026-01-11T20:04:39Z ERROR css_core::box_tree::constraint_block_layout] IS FLEX!
[2026-01-11T20:04:39Z ERROR css_core::box_tree::constraint_block_layout::flex_layout] layout_flex: node=NodeKey(10147174009930776615), children.len()=9
[2026-01-11T20:04:39Z ERROR css_core::box_tree::constraint_block_layout] layout_block ENTRY: node=NodeKey(10147174009930776617)
[2026-01-11T20:04:39Z ERROR css_core::box_tree::constraint_block_layout] Checking flex: node=NodeKey(10147174009930776617), display=Inline
[2026-01-11T20:04:39Z ERROR css_core::box_tree::constraint_block_layout] layout_block ENTRY: node=NodeKey(10147174009930776620)
[2026-01-11T20:04:39Z ERROR css_core::box_tree::constraint_block_layout] Checking flex: node=NodeKey(10147174009930776620), display=InlineFlex
[2026-01-11T20:04:39Z ERROR css_core::box_tree::constraint_block_layout] IS FLEX!
[2026-01-11T20:04:39Z ERROR css_core::box_tree::constraint_block_layout::flex_layout] layout_flex: node=NodeKey(10147174009930776620), children.len()=1
[2026-01-11T20:04:39Z ERROR css_core::box_tree::constraint_block_layout::flex_layout] layout_flex: node=NodeKey(10147174009930776620), flex_items.len()=1
[2026-01-11T20:04:39Z ERROR css_core::box_tree::constraint_block_layout::text] INSERTING TEXT RESULT: text='Primary', inline_size=41.33203, block_size=14, single_line_height=14, glyph_height=14, is_for_measurement_only=false
[2026-01-11T20:04:39Z ERROR css_core::box_tree::constraint_block_layout] INSERTING FLEX CONTAINER in layout_block: node=NodeKey(10147174009930776620), inline_size=61.33203, is_measurement=true
[2026-01-11T20:04:39Z ERROR css_core::box_tree::constraint_block_layout] layout_block ENTRY: node=NodeKey(10147174009930776623)
[2026-01-11T20:04:39Z ERROR css_core::box_tree::constraint_block_layout] Checking flex: node=NodeKey(10147174009930776623), display=InlineFlex
[2026-01-11T20:04:39Z ERROR css_core::box_tree::constraint_block_layout] IS FLEX!
[2026-01-11T20:04:39Z ERROR css_core::box_tree::constraint_block_layout::flex_layout] layout_flex: node=NodeKey(10147174009930776623), children.len()=1
[2026-01-11T20:04:39Z ERROR css_core::box_tree::constraint_block_layout::flex_layout] layout_flex: node=NodeKey(10147174009930776623), flex_items.len()=1
[2026-01-11T20:04:39Z ERROR css_core::box_tree::constraint_block_layout] INSERTING FLEX CONTAINER in layout_block: node=NodeKey(10147174009930776623), inline_size=65.35156, is_measurement=true
[2026-01-11T20:04:39Z ERROR css_core::box_tree::constraint_block_layout] layout_block ENTRY: node=NodeKey(10147174009930776626)
[2026-01-11T20:04:39Z ERROR css_core::box_tree::constraint_block_layout] Checking flex: node=NodeKey(10147174009930776626), display=InlineFlex
[2026-01-11T20:04:39Z ERROR css_core::box_tree::constraint_block_layout] IS FLEX!
[2026-01-11T20:04:39Z ERROR css_core::box_tree::constraint_block_layout::flex_layout] layout_flex: node=NodeKey(10147174009930776626), children.len()=1
[2026-01-11T20:04:39Z ERROR css_core::box_tree::constraint_block_layout::flex_layout] layout_flex: node=NodeKey(10147174009930776626), flex_items.len()=1
[2026-01-11T20:04:39Z ERROR css_core::box_tree::constraint_block_layout] INSERTING FLEX CONTAINER in layout_block: node=NodeKey(10147174009930776626), inline_size=60.021484, is_measurement=true
[2026-01-11T20:04:39Z ERROR css_core::box_tree::constraint_block_layout::flex_layout] layout_flex: node=NodeKey(10147174009930776615), flex_items.len()=4
[2026-01-11T20:04:39Z ERROR css_core::box_tree::constraint_block_layout] layout_block ENTRY: node=NodeKey(10147174009930776617)
[2026-01-11T20:04:39Z ERROR css_core::box_tree::constraint_block_layout] Checking flex: node=NodeKey(10147174009930776617), display=Inline
[2026-01-11T20:04:39Z ERROR css_core::box_tree::constraint_block_layout] layout_block ENTRY: node=NodeKey(10147174009930776620)
[2026-01-11T20:04:39Z ERROR css_core::box_tree::constraint_block_layout] Checking flex: node=NodeKey(10147174009930776620), display=InlineFlex
[2026-01-11T20:04:39Z ERROR css_core::box_tree::constraint_block_layout] IS FLEX!
[2026-01-11T20:04:39Z ERROR css_core::box_tree::constraint_block_layout::flex_layout] layout_flex: node=NodeKey(10147174009930776620), children.len()=1
[2026-01-11T20:04:39Z ERROR css_core::box_tree::constraint_block_layout::flex_layout] layout_flex: node=NodeKey(10147174009930776620), flex_items.len()=1
[2026-01-11T20:04:39Z ERROR css_core::box_tree::constraint_block_layout::text] INSERTING TEXT RESULT: text='Primary', inline_size=41.33203, block_size=14, single_line_height=14, glyph_height=14, is_for_measurement_only=false
[2026-01-11T20:04:39Z ERROR css_core::box_tree::constraint_block_layout] INSERTING FLEX CONTAINER in layout_block: node=NodeKey(10147174009930776620), inline_size=61.328125, is_measurement=false
[2026-01-11T20:04:39Z ERROR css_core::box_tree::constraint_block_layout] layout_block ENTRY: node=NodeKey(10147174009930776623)
[2026-01-11T20:04:39Z ERROR css_core::box_tree::constraint_block_layout] Checking flex: node=NodeKey(10147174009930776623), display=InlineFlex
[2026-01-11T20:04:39Z ERROR css_core::box_tree::constraint_block_layout] IS FLEX!
[2026-01-11T20:04:39Z ERROR css_core::box_tree::constraint_block_layout::flex_layout] layout_flex: node=NodeKey(10147174009930776623), children.len()=1
[2026-01-11T20:04:39Z ERROR css_core::box_tree::constraint_block_layout::flex_layout] layout_flex: node=NodeKey(10147174009930776623), flex_items.len()=1
[2026-01-11T20:04:39Z ERROR css_core::box_tree::constraint_block_layout] INSERTING FLEX CONTAINER in layout_block: node=NodeKey(10147174009930776623), inline_size=65.359375, is_measurement=false
[2026-01-11T20:04:39Z ERROR css_core::box_tree::constraint_block_layout] layout_block ENTRY: node=NodeKey(10147174009930776626)
[2026-01-11T20:04:39Z ERROR css_core::box_tree::constraint_block_layout] Checking flex: node=NodeKey(10147174009930776626), display=InlineFlex
[2026-01-11T20:04:39Z ERROR css_core::box_tree::constraint_block_layout] IS FLEX!
[2026-01-11T20:04:39Z ERROR css_core::box_tree::constraint_block_layout::flex_layout] layout_flex: node=NodeKey(10147174009930776626), children.len()=1
[2026-01-11T20:04:39Z ERROR css_core::box_tree::constraint_block_layout::flex_layout] layout_flex: node=NodeKey(10147174009930776626), flex_items.len()=1
[2026-01-11T20:04:39Z ERROR css_core::box_tree::constraint_block_layout] INSERTING FLEX CONTAINER in layout_block: node=NodeKey(10147174009930776626), inline_size=60.015625, is_measurement=false
[2026-01-11T20:04:39Z ERROR css_core::box_tree::constraint_block_layout] INSERTING FLEX CONTAINER in layout_block: node=NodeKey(10147174009930776615), inline_size=768, is_measurement=false
[2026-01-11T20:04:39Z ERROR css_core::box_tree::constraint_block_layout] layout_block ENTRY: node=NodeKey(10147174009930776630)
[2026-01-11T20:04:39Z ERROR css_core::box_tree::constraint_block_layout] Checking flex: node=NodeKey(10147174009930776630), display=Flex
[2026-01-11T20:04:39Z ERROR css_core::box_tree::constraint_block_layout] IS FLEX!
[2026-01-11T20:04:39Z ERROR css_core::box_tree::constraint_block_layout::flex_layout] layout_flex: node=NodeKey(10147174009930776630), children.len()=9
[2026-01-11T20:04:39Z ERROR css_core::box_tree::constraint_block_layout] layout_block ENTRY: node=NodeKey(10147174009930776632)
[2026-01-11T20:04:39Z ERROR css_core::box_tree::constraint_block_layout] Checking flex: node=NodeKey(10147174009930776632), display=Inline
[2026-01-11T20:04:39Z ERROR css_core::box_tree::constraint_block_layout] layout_block ENTRY: node=NodeKey(10147174009930776635)
[2026-01-11T20:04:39Z ERROR css_core::box_tree::constraint_block_layout] Checking flex: node=NodeKey(10147174009930776635), display=InlineFlex
[2026-01-11T20:04:39Z ERROR css_core::box_tree::constraint_block_layout] IS FLEX!
[2026-01-11T20:04:39Z ERROR css_core::box_tree::constraint_block_layout::flex_layout] layout_flex: node=NodeKey(10147174009930776635), children.len()=2
[2026-01-11T20:04:39Z ERROR css_core::box_tree::constraint_block_layout] layout_block ENTRY: node=NodeKey(10147174009930776636)
[2026-01-11T20:04:39Z ERROR css_core::box_tree::constraint_block_layout] Checking flex: node=NodeKey(10147174009930776636), display=Inline
[2026-01-11T20:04:39Z ERROR css_core::box_tree::constraint_block_layout::flex_layout] layout_flex: node=NodeKey(10147174009930776635), flex_items.len()=2
[2026-01-11T20:04:39Z ERROR css_core::box_tree::constraint_block_layout] layout_block ENTRY: node=NodeKey(10147174009930776636)
[2026-01-11T20:04:39Z ERROR css_core::box_tree::constraint_block_layout] Checking flex: node=NodeKey(10147174009930776636), display=Inline
[2026-01-11T20:04:39Z ERROR css_core::box_tree::constraint_block_layout] INSERTING FLEX CONTAINER in layout_block: node=NodeKey(10147174009930776635), inline_size=60.6875, is_measurement=true
[2026-01-11T20:04:39Z ERROR css_core::box_tree::constraint_block_layout] layout_block ENTRY: node=NodeKey(10147174009930776639)
[2026-01-11T20:04:39Z ERROR css_core::box_tree::constraint_block_layout] Checking flex: node=NodeKey(10147174009930776639), display=InlineFlex
[2026-01-11T20:04:39Z ERROR css_core::box_tree::constraint_block_layout] IS FLEX!
[2026-01-11T20:04:39Z ERROR css_core::box_tree::constraint_block_layout::flex_layout] layout_flex: node=NodeKey(10147174009930776639), children.len()=2
[2026-01-11T20:04:39Z ERROR css_core::box_tree::constraint_block_layout] layout_block ENTRY: node=NodeKey(10147174009930776640)
[2026-01-11T20:04:39Z ERROR css_core::box_tree::constraint_block_layout] Checking flex: node=NodeKey(10147174009930776640), display=Inline
[2026-01-11T20:04:39Z ERROR css_core::box_tree::constraint_block_layout::flex_layout] layout_flex: node=NodeKey(10147174009930776639), flex_items.len()=2
[2026-01-11T20:04:39Z ERROR css_core::box_tree::constraint_block_layout] layout_block ENTRY: node=NodeKey(10147174009930776640)
[2026-01-11T20:04:39Z ERROR css_core::box_tree::constraint_block_layout] Checking flex: node=NodeKey(10147174009930776640), display=Inline
[2026-01-11T20:04:39Z ERROR css_core::box_tree::constraint_block_layout] INSERTING FLEX CONTAINER in layout_block: node=NodeKey(10147174009930776639), inline_size=55.126953, is_measurement=true
[2026-01-11T20:04:39Z ERROR css_core::box_tree::constraint_block_layout] layout_block ENTRY: node=NodeKey(10147174009930776643)
[2026-01-11T20:04:39Z ERROR css_core::box_tree::constraint_block_layout] Checking flex: node=NodeKey(10147174009930776643), display=InlineFlex
[2026-01-11T20:04:39Z ERROR css_core::box_tree::constraint_block_layout] IS FLEX!
[2026-01-11T20:04:39Z ERROR css_core::box_tree::constraint_block_layout::flex_layout] layout_flex: node=NodeKey(10147174009930776643), children.len()=2
[2026-01-11T20:04:39Z ERROR css_core::box_tree::constraint_block_layout] layout_block ENTRY: node=NodeKey(10147174009930776644)
[2026-01-11T20:04:39Z ERROR css_core::box_tree::constraint_block_layout] Checking flex: node=NodeKey(10147174009930776644), display=Inline
[2026-01-11T20:04:39Z ERROR css_core::box_tree::constraint_block_layout::flex_layout] layout_flex: node=NodeKey(10147174009930776643), flex_items.len()=2
[2026-01-11T20:04:39Z ERROR css_core::box_tree::constraint_block_layout] layout_block ENTRY: node=NodeKey(10147174009930776644)
[2026-01-11T20:04:39Z ERROR css_core::box_tree::constraint_block_layout] Checking flex: node=NodeKey(10147174009930776644), display=Inline
[2026-01-11T20:04:39Z ERROR css_core::box_tree::constraint_block_layout] INSERTING FLEX CONTAINER in layout_block: node=NodeKey(10147174009930776643), inline_size=60.464844, is_measurement=true
[2026-01-11T20:04:39Z ERROR css_core::box_tree::constraint_block_layout::flex_layout] layout_flex: node=NodeKey(10147174009930776630), flex_items.len()=4
[2026-01-11T20:04:39Z ERROR css_core::box_tree::constraint_block_layout] layout_block ENTRY: node=NodeKey(10147174009930776632)
[2026-01-11T20:04:39Z ERROR css_core::box_tree::constraint_block_layout] Checking flex: node=NodeKey(10147174009930776632), display=Inline
[2026-01-11T20:04:39Z ERROR css_core::box_tree::constraint_block_layout] layout_block ENTRY: node=NodeKey(10147174009930776635)
[2026-01-11T20:04:39Z ERROR css_core::box_tree::constraint_block_layout] Checking flex: node=NodeKey(10147174009930776635), display=InlineFlex
[2026-01-11T20:04:39Z ERROR css_core::box_tree::constraint_block_layout] IS FLEX!
[2026-01-11T20:04:39Z ERROR css_core::box_tree::constraint_block_layout::flex_layout] layout_flex: node=NodeKey(10147174009930776635), children.len()=2
[2026-01-11T20:04:39Z ERROR css_core::box_tree::constraint_block_layout] layout_block ENTRY: node=NodeKey(10147174009930776636)
[2026-01-11T20:04:39Z ERROR css_core::box_tree::constraint_block_layout] Checking flex: node=NodeKey(10147174009930776636), display=Inline
[2026-01-11T20:04:39Z ERROR css_core::box_tree::constraint_block_layout::flex_layout] layout_flex: node=NodeKey(10147174009930776635), flex_items.len()=2
[2026-01-11T20:04:39Z ERROR css_core::box_tree::constraint_block_layout] layout_block ENTRY: node=NodeKey(10147174009930776636)
[2026-01-11T20:04:39Z ERROR css_core::box_tree::constraint_block_layout] Checking flex: node=NodeKey(10147174009930776636), display=Inline
[2026-01-11T20:04:39Z ERROR css_core::box_tree::constraint_block_layout] INSERTING FLEX CONTAINER in layout_block: node=NodeKey(10147174009930776635), inline_size=60.6875, is_measurement=false
[2026-01-11T20:04:39Z ERROR css_core::box_tree::constraint_block_layout] layout_block ENTRY: node=NodeKey(10147174009930776639)
[2026-01-11T20:04:39Z ERROR css_core::box_tree::constraint_block_layout] Checking flex: node=NodeKey(10147174009930776639), display=InlineFlex
[2026-01-11T20:04:39Z ERROR css_core::box_tree::constraint_block_layout] IS FLEX!
[2026-01-11T20:04:39Z ERROR css_core::box_tree::constraint_block_layout::flex_layout] layout_flex: node=NodeKey(10147174009930776639), children.len()=2
[2026-01-11T20:04:39Z ERROR css_core::box_tree::constraint_block_layout] layout_block ENTRY: node=NodeKey(10147174009930776640)
[2026-01-11T20:04:39Z ERROR css_core::box_tree::constraint_block_layout] Checking flex: node=NodeKey(10147174009930776640), display=Inline
[2026-01-11T20:04:39Z ERROR css_core::box_tree::constraint_block_layout::flex_layout] layout_flex: node=NodeKey(10147174009930776639), flex_items.len()=2
[2026-01-11T20:04:39Z ERROR css_core::box_tree::constraint_block_layout] layout_block ENTRY: node=NodeKey(10147174009930776640)
[2026-01-11T20:04:39Z ERROR css_core::box_tree::constraint_block_layout] Checking flex: node=NodeKey(10147174009930776640), display=Inline
[2026-01-11T20:04:39Z ERROR css_core::box_tree::constraint_block_layout] INSERTING FLEX CONTAINER in layout_block: node=NodeKey(10147174009930776639), inline_size=55.125, is_measurement=false
[2026-01-11T20:04:39Z ERROR css_core::box_tree::constraint_block_layout] layout_block ENTRY: node=NodeKey(10147174009930776643)
[2026-01-11T20:04:39Z ERROR css_core::box_tree::constraint_block_layout] Checking flex: node=NodeKey(10147174009930776643), display=InlineFlex
[2026-01-11T20:04:39Z ERROR css_core::box_tree::constraint_block_layout] IS FLEX!
[2026-01-11T20:04:39Z ERROR css_core::box_tree::constraint_block_layout::flex_layout] layout_flex: node=NodeKey(10147174009930776643), children.len()=2
[2026-01-11T20:04:39Z ERROR css_core::box_tree::constraint_block_layout] layout_block ENTRY: node=NodeKey(10147174009930776644)
[2026-01-11T20:04:39Z ERROR css_core::box_tree::constraint_block_layout] Checking flex: node=NodeKey(10147174009930776644), display=Inline
[2026-01-11T20:04:39Z ERROR css_core::box_tree::constraint_block_layout::flex_layout] layout_flex: node=NodeKey(10147174009930776643), flex_items.len()=2
[2026-01-11T20:04:39Z ERROR css_core::box_tree::constraint_block_layout] layout_block ENTRY: node=NodeKey(10147174009930776644)
[2026-01-11T20:04:39Z ERROR css_core::box_tree::constraint_block_layout] Checking flex: node=NodeKey(10147174009930776644), display=Inline
[2026-01-11T20:04:39Z ERROR css_core::box_tree::constraint_block_layout] INSERTING FLEX CONTAINER in layout_block: node=NodeKey(10147174009930776643), inline_size=60.46875, is_measurement=false
[2026-01-11T20:04:39Z ERROR css_core::box_tree::constraint_block_layout] INSERTING FLEX CONTAINER in layout_block: node=NodeKey(10147174009930776630), inline_size=768, is_measurement=false
[2026-01-11T20:04:39Z ERROR css_core::box_tree::constraint_block_layout] layout_block ENTRY: node=NodeKey(10147174009930776648)
[2026-01-11T20:04:39Z ERROR css_core::box_tree::constraint_block_layout] Checking flex: node=NodeKey(10147174009930776648), display=Flex
[2026-01-11T20:04:39Z ERROR css_core::box_tree::constraint_block_layout] IS FLEX!
[2026-01-11T20:04:39Z ERROR css_core::box_tree::constraint_block_layout::flex_layout] layout_flex: node=NodeKey(10147174009930776648), children.len()=11
[2026-01-11T20:04:39Z ERROR css_core::box_tree::constraint_block_layout] layout_block ENTRY: node=NodeKey(10147174009930776650)
[2026-01-11T20:04:39Z ERROR css_core::box_tree::constraint_block_layout] Checking flex: node=NodeKey(10147174009930776650), display=Inline
[2026-01-11T20:04:39Z ERROR css_core::box_tree::constraint_block_layout] layout_block ENTRY: node=NodeKey(10147174009930776653)
[2026-01-11T20:04:39Z ERROR css_core::box_tree::constraint_block_layout] Checking flex: node=NodeKey(10147174009930776653), display=InlineFlex
[2026-01-11T20:04:39Z ERROR css_core::box_tree::constraint_block_layout] IS FLEX!
[2026-01-11T20:04:39Z ERROR css_core::box_tree::constraint_block_layout::flex_layout] layout_flex: node=NodeKey(10147174009930776653), children.len()=2
[2026-01-11T20:04:39Z ERROR css_core::box_tree::constraint_block_layout] layout_block ENTRY: node=NodeKey(10147174009930776655)
[2026-01-11T20:04:39Z ERROR css_core::box_tree::constraint_block_layout] Checking flex: node=NodeKey(10147174009930776655), display=Inline
[2026-01-11T20:04:39Z ERROR css_core::box_tree::constraint_block_layout::flex_layout] layout_flex: node=NodeKey(10147174009930776653), flex_items.len()=2
[2026-01-11T20:04:39Z ERROR css_core::box_tree::constraint_block_layout] layout_block ENTRY: node=NodeKey(10147174009930776655)
[2026-01-11T20:04:39Z ERROR css_core::box_tree::constraint_block_layout] Checking flex: node=NodeKey(10147174009930776655), display=Inline
[2026-01-11T20:04:39Z ERROR css_core::box_tree::constraint_block_layout] INSERTING FLEX CONTAINER in layout_block: node=NodeKey(10147174009930776653), inline_size=71.95996, is_measurement=true
[2026-01-11T20:04:39Z ERROR css_core::box_tree::constraint_block_layout] layout_block ENTRY: node=NodeKey(10147174009930776657)
[2026-01-11T20:04:39Z ERROR css_core::box_tree::constraint_block_layout] Checking flex: node=NodeKey(10147174009930776657), display=InlineFlex
[2026-01-11T20:04:39Z ERROR css_core::box_tree::constraint_block_layout] IS FLEX!
[2026-01-11T20:04:39Z ERROR css_core::box_tree::constraint_block_layout::flex_layout] layout_flex: node=NodeKey(10147174009930776657), children.len()=2
[2026-01-11T20:04:39Z ERROR css_core::box_tree::constraint_block_layout] layout_block ENTRY: node=NodeKey(10147174009930776659)
[2026-01-11T20:04:39Z ERROR css_core::box_tree::constraint_block_layout] Checking flex: node=NodeKey(10147174009930776659), display=Inline
[2026-01-11T20:04:39Z ERROR css_core::box_tree::constraint_block_layout::flex_layout] layout_flex: node=NodeKey(10147174009930776657), flex_items.len()=2
[2026-01-11T20:04:39Z ERROR css_core::box_tree::constraint_block_layout] layout_block ENTRY: node=NodeKey(10147174009930776659)
[2026-01-11T20:04:39Z ERROR css_core::box_tree::constraint_block_layout] Checking flex: node=NodeKey(10147174009930776659), display=Inline
[2026-01-11T20:04:39Z ERROR css_core::box_tree::constraint_block_layout] INSERTING FLEX CONTAINER in layout_block: node=NodeKey(10147174009930776657), inline_size=99.413574, is_measurement=true
[2026-01-11T20:04:39Z ERROR css_core::box_tree::constraint_block_layout] layout_block ENTRY: node=NodeKey(10147174009930776661)
[2026-01-11T20:04:39Z ERROR css_core::box_tree::constraint_block_layout] Checking flex: node=NodeKey(10147174009930776661), display=InlineFlex
[2026-01-11T20:04:39Z ERROR css_core::box_tree::constraint_block_layout] IS FLEX!
[2026-01-11T20:04:39Z ERROR css_core::box_tree::constraint_block_layout::flex_layout] layout_flex: node=NodeKey(10147174009930776661), children.len()=2
[2026-01-11T20:04:39Z ERROR css_core::box_tree::constraint_block_layout] layout_block ENTRY: node=NodeKey(10147174009930776663)
[2026-01-11T20:04:39Z ERROR css_core::box_tree::constraint_block_layout] Checking flex: node=NodeKey(10147174009930776663), display=Inline
[2026-01-11T20:04:39Z ERROR css_core::box_tree::constraint_block_layout::flex_layout] layout_flex: node=NodeKey(10147174009930776661), flex_items.len()=2
[2026-01-11T20:04:39Z ERROR css_core::box_tree::constraint_block_layout] layout_block ENTRY: node=NodeKey(10147174009930776663)
[2026-01-11T20:04:39Z ERROR css_core::box_tree::constraint_block_layout] Checking flex: node=NodeKey(10147174009930776663), display=Inline
[2026-01-11T20:04:39Z ERROR css_core::box_tree::constraint_block_layout] INSERTING FLEX CONTAINER in layout_block: node=NodeKey(10147174009930776661), inline_size=64.72998, is_measurement=true
[2026-01-11T20:04:39Z ERROR css_core::box_tree::constraint_block_layout] layout_block ENTRY: node=NodeKey(10147174009930776665)
[2026-01-11T20:04:39Z ERROR css_core::box_tree::constraint_block_layout] Checking flex: node=NodeKey(10147174009930776665), display=InlineFlex
[2026-01-11T20:04:39Z ERROR css_core::box_tree::constraint_block_layout] IS FLEX!
[2026-01-11T20:04:39Z ERROR css_core::box_tree::constraint_block_layout::flex_layout] layout_flex: node=NodeKey(10147174009930776665), children.len()=2
[2026-01-11T20:04:39Z ERROR css_core::box_tree::constraint_block_layout] layout_block ENTRY: node=NodeKey(10147174009930776667)
[2026-01-11T20:04:39Z ERROR css_core::box_tree::constraint_block_layout] Checking flex: node=NodeKey(10147174009930776667), display=Inline
[2026-01-11T20:04:39Z ERROR css_core::box_tree::constraint_block_layout::flex_layout] layout_flex: node=NodeKey(10147174009930776665), flex_items.len()=2
[2026-01-11T20:04:39Z ERROR css_core::box_tree::constraint_block_layout] layout_block ENTRY: node=NodeKey(10147174009930776667)
[2026-01-11T20:04:39Z ERROR css_core::box_tree::constraint_block_layout] Checking flex: node=NodeKey(10147174009930776667), display=Inline
[2026-01-11T20:04:39Z ERROR css_core::box_tree::constraint_block_layout] INSERTING FLEX CONTAINER in layout_block: node=NodeKey(10147174009930776665), inline_size=82.078125, is_measurement=true
[2026-01-11T20:04:39Z ERROR css_core::box_tree::constraint_block_layout::flex_layout] layout_flex: node=NodeKey(10147174009930776648), flex_items.len()=5
[2026-01-11T20:04:39Z ERROR css_core::box_tree::constraint_block_layout] layout_block ENTRY: node=NodeKey(10147174009930776650)
[2026-01-11T20:04:39Z ERROR css_core::box_tree::constraint_block_layout] Checking flex: node=NodeKey(10147174009930776650), display=Inline
[2026-01-11T20:04:39Z ERROR css_core::box_tree::constraint_block_layout] layout_block ENTRY: node=NodeKey(10147174009930776653)
[2026-01-11T20:04:39Z ERROR css_core::box_tree::constraint_block_layout] Checking flex: node=NodeKey(10147174009930776653), display=InlineFlex
[2026-01-11T20:04:39Z ERROR css_core::box_tree::constraint_block_layout] IS FLEX!
[2026-01-11T20:04:39Z ERROR css_core::box_tree::constraint_block_layout::flex_layout] layout_flex: node=NodeKey(10147174009930776653), children.len()=2
[2026-01-11T20:04:39Z ERROR css_core::box_tree::constraint_block_layout] layout_block ENTRY: node=NodeKey(10147174009930776655)
[2026-01-11T20:04:39Z ERROR css_core::box_tree::constraint_block_layout] Checking flex: node=NodeKey(10147174009930776655), display=Inline
[2026-01-11T20:04:39Z ERROR css_core::box_tree::constraint_block_layout::flex_layout] layout_flex: node=NodeKey(10147174009930776653), flex_items.len()=2
[2026-01-11T20:04:39Z ERROR css_core::box_tree::constraint_block_layout] layout_block ENTRY: node=NodeKey(10147174009930776655)
[2026-01-11T20:04:39Z ERROR css_core::box_tree::constraint_block_layout] Checking flex: node=NodeKey(10147174009930776655), display=Inline
[2026-01-11T20:04:39Z ERROR css_core::box_tree::constraint_block_layout] INSERTING FLEX CONTAINER in layout_block: node=NodeKey(10147174009930776653), inline_size=71.953125, is_measurement=false
[2026-01-11T20:04:39Z ERROR css_core::box_tree::constraint_block_layout] layout_block ENTRY: node=NodeKey(10147174009930776657)
[2026-01-11T20:04:39Z ERROR css_core::box_tree::constraint_block_layout] Checking flex: node=NodeKey(10147174009930776657), display=InlineFlex
[2026-01-11T20:04:39Z ERROR css_core::box_tree::constraint_block_layout] IS FLEX!
[2026-01-11T20:04:39Z ERROR css_core::box_tree::constraint_block_layout::flex_layout] layout_flex: node=NodeKey(10147174009930776657), children.len()=2
[2026-01-11T20:04:39Z ERROR css_core::box_tree::constraint_block_layout] layout_block ENTRY: node=NodeKey(10147174009930776659)
[2026-01-11T20:04:39Z ERROR css_core::box_tree::constraint_block_layout] Checking flex: node=NodeKey(10147174009930776659), display=Inline
[2026-01-11T20:04:39Z ERROR css_core::box_tree::constraint_block_layout::flex_layout] layout_flex: node=NodeKey(10147174009930776657), flex_items.len()=2
[2026-01-11T20:04:39Z ERROR css_core::box_tree::constraint_block_layout] layout_block ENTRY: node=NodeKey(10147174009930776659)
[2026-01-11T20:04:39Z ERROR css_core::box_tree::constraint_block_layout] Checking flex: node=NodeKey(10147174009930776659), display=Inline
[2026-01-11T20:04:39Z ERROR css_core::box_tree::constraint_block_layout] INSERTING FLEX CONTAINER in layout_block: node=NodeKey(10147174009930776657), inline_size=99.40625, is_measurement=false
[2026-01-11T20:04:39Z ERROR css_core::box_tree::constraint_block_layout] layout_block ENTRY: node=NodeKey(10147174009930776661)
[2026-01-11T20:04:39Z ERROR css_core::box_tree::constraint_block_layout] Checking flex: node=NodeKey(10147174009930776661), display=InlineFlex
[2026-01-11T20:04:39Z ERROR css_core::box_tree::constraint_block_layout] IS FLEX!
[2026-01-11T20:04:39Z ERROR css_core::box_tree::constraint_block_layout::flex_layout] layout_flex: node=NodeKey(10147174009930776661), children.len()=2
[2026-01-11T20:04:39Z ERROR css_core::box_tree::constraint_block_layout] layout_block ENTRY: node=NodeKey(10147174009930776663)
[2026-01-11T20:04:39Z ERROR css_core::box_tree::constraint_block_layout] Checking flex: node=NodeKey(10147174009930776663), display=Inline
[2026-01-11T20:04:39Z ERROR css_core::box_tree::constraint_block_layout::flex_layout] layout_flex: node=NodeKey(10147174009930776661), flex_items.len()=2
[2026-01-11T20:04:39Z ERROR css_core::box_tree::constraint_block_layout] layout_block ENTRY: node=NodeKey(10147174009930776663)
[2026-01-11T20:04:39Z ERROR css_core::box_tree::constraint_block_layout] Checking flex: node=NodeKey(10147174009930776663), display=Inline
[2026-01-11T20:04:39Z ERROR css_core::box_tree::constraint_block_layout] INSERTING FLEX CONTAINER in layout_block: node=NodeKey(10147174009930776661), inline_size=64.734375, is_measurement=false
[2026-01-11T20:04:39Z ERROR css_core::box_tree::constraint_block_layout] layout_block ENTRY: node=NodeKey(10147174009930776665)
[2026-01-11T20:04:39Z ERROR css_core::box_tree::constraint_block_layout] Checking flex: node=NodeKey(10147174009930776665), display=InlineFlex
[2026-01-11T20:04:39Z ERROR css_core::box_tree::constraint_block_layout] IS FLEX!
[2026-01-11T20:04:39Z ERROR css_core::box_tree::constraint_block_layout::flex_layout] layout_flex: node=NodeKey(10147174009930776665), children.len()=2
[2026-01-11T20:04:39Z ERROR css_core::box_tree::constraint_block_layout] layout_block ENTRY: node=NodeKey(10147174009930776667)
[2026-01-11T20:04:39Z ERROR css_core::box_tree::constraint_block_layout] Checking flex: node=NodeKey(10147174009930776667), display=Inline
[2026-01-11T20:04:39Z ERROR css_core::box_tree::constraint_block_layout::flex_layout] layout_flex: node=NodeKey(10147174009930776665), flex_items.len()=2
[2026-01-11T20:04:39Z ERROR css_core::box_tree::constraint_block_layout] layout_block ENTRY: node=NodeKey(10147174009930776667)
[2026-01-11T20:04:39Z ERROR css_core::box_tree::constraint_block_layout] Checking flex: node=NodeKey(10147174009930776667), display=Inline
[2026-01-11T20:04:39Z ERROR css_core::box_tree::constraint_block_layout] INSERTING FLEX CONTAINER in layout_block: node=NodeKey(10147174009930776665), inline_size=82.078125, is_measurement=false
[2026-01-11T20:04:39Z ERROR css_core::box_tree::constraint_block_layout] INSERTING FLEX CONTAINER in layout_block: node=NodeKey(10147174009930776648), inline_size=768, is_measurement=false
[2026-01-11T20:04:39Z ERROR css_core::box_tree::constraint_block_layout] INSERTING FLEX CONTAINER in layout_block: node=NodeKey(10147174009930776592), inline_size=800, is_measurement=false
[2026-01-11T20:04:39Z ERROR page_handler::core::incremental_layout] LAYOUT TREE COMPLETE - generation 1, total results: 55
[2026-01-11T20:04:39Z ERROR page_handler::core::incremental_layout] RUNNING LAYOUT TREE - generation 1
[2026-01-11T20:04:39Z ERROR css_core::box_tree::constraint_block_layout] layout_block ENTRY: node=NodeKey(16686119193896026114)
[2026-01-11T20:04:39Z ERROR css_core::box_tree::constraint_block_layout] Checking flex: node=NodeKey(16686119193896026114), display=Block
[2026-01-11T20:04:39Z ERROR css_core::box_tree::constraint_block_layout] layout_block ENTRY: node=NodeKey(16686119193896026126)
[2026-01-11T20:04:39Z ERROR css_core::box_tree::constraint_block_layout] Checking flex: node=NodeKey(16686119193896026126), display=Block
[2026-01-11T20:04:39Z ERROR css_core::box_tree::constraint_block_layout] layout_block ENTRY: node=NodeKey(16686119193896026128)
[2026-01-11T20:04:39Z ERROR css_core::box_tree::constraint_block_layout] Checking flex: node=NodeKey(16686119193896026128), display=Block
[2026-01-11T20:04:39Z ERROR css_core::box_tree::constraint_block_layout] layout_block ENTRY: node=NodeKey(16686119193896026130)
[2026-01-11T20:04:39Z ERROR css_core::box_tree::constraint_block_layout] Checking flex: node=NodeKey(16686119193896026130), display=Block
[2026-01-11T20:04:39Z ERROR css_core::box_tree::constraint_block_layout] layout_block ENTRY: node=NodeKey(16686119193896026132)
[2026-01-11T20:04:39Z ERROR css_core::box_tree::constraint_block_layout] Checking flex: node=NodeKey(16686119193896026132), display=Flex
[2026-01-11T20:04:39Z ERROR css_core::box_tree::constraint_block_layout] IS FLEX!
[2026-01-11T20:04:39Z ERROR css_core::box_tree::constraint_block_layout::flex_layout] layout_flex: node=NodeKey(16686119193896026132), children.len()=5
[2026-01-11T20:04:39Z ERROR css_core::box_tree::constraint_block_layout] layout_block ENTRY: node=NodeKey(16686119193896026134)
[2026-01-11T20:04:39Z ERROR css_core::box_tree::constraint_block_layout] Checking flex: node=NodeKey(16686119193896026134), display=Block
[2026-01-11T20:04:39Z ERROR css_core::box_tree::constraint_block_layout] layout_block ENTRY: node=NodeKey(16686119193896026136)
[2026-01-11T20:04:39Z ERROR css_core::box_tree::constraint_block_layout] Checking flex: node=NodeKey(16686119193896026136), display=Block
[2026-01-11T20:04:39Z ERROR css_core::box_tree::constraint_block_layout] layout_block ENTRY: node=NodeKey(16686119193896026138)
[2026-01-11T20:04:39Z ERROR css_core::box_tree::constraint_block_layout] Checking flex: node=NodeKey(16686119193896026138), display=Block
[2026-01-11T20:04:39Z ERROR css_core::box_tree::constraint_block_layout] layout_block ENTRY: node=NodeKey(16686119193896026141)
[2026-01-11T20:04:39Z ERROR css_core::box_tree::constraint_block_layout] Checking flex: node=NodeKey(16686119193896026141), display=Block
[2026-01-11T20:04:39Z ERROR css_core::box_tree::constraint_block_layout] layout_block ENTRY: node=NodeKey(16686119193896026144)
[2026-01-11T20:04:39Z ERROR css_core::box_tree::constraint_block_layout] Checking flex: node=NodeKey(16686119193896026144), display=Block
[2026-01-11T20:04:39Z ERROR css_core::box_tree::constraint_block_layout::flex_layout] layout_flex: node=NodeKey(16686119193896026132), flex_items.len()=2
[2026-01-11T20:04:39Z ERROR css_core::box_tree::constraint_block_layout] layout_block ENTRY: node=NodeKey(16686119193896026134)
[2026-01-11T20:04:39Z ERROR css_core::box_tree::constraint_block_layout] Checking flex: node=NodeKey(16686119193896026134), display=Block
[2026-01-11T20:04:39Z ERROR css_core::box_tree::constraint_block_layout] layout_block ENTRY: node=NodeKey(16686119193896026136)
[2026-01-11T20:04:39Z ERROR css_core::box_tree::constraint_block_layout] Checking flex: node=NodeKey(16686119193896026136), display=Block
[2026-01-11T20:04:39Z ERROR css_core::box_tree::constraint_block_layout] layout_block ENTRY: node=NodeKey(16686119193896026138)
[2026-01-11T20:04:39Z ERROR css_core::box_tree::constraint_block_layout] Checking flex: node=NodeKey(16686119193896026138), display=Block
[2026-01-11T20:04:39Z ERROR css_core::box_tree::constraint_block_layout] layout_block ENTRY: node=NodeKey(16686119193896026141)
[2026-01-11T20:04:39Z ERROR css_core::box_tree::constraint_block_layout] Checking flex: node=NodeKey(16686119193896026141), display=Block
[2026-01-11T20:04:39Z ERROR css_core::box_tree::constraint_block_layout] layout_block ENTRY: node=NodeKey(16686119193896026144)
[2026-01-11T20:04:39Z ERROR css_core::box_tree::constraint_block_layout] Checking flex: node=NodeKey(16686119193896026144), display=Block
[2026-01-11T20:04:39Z ERROR css_core::box_tree::constraint_block_layout] INSERTING FLEX CONTAINER in layout_block: node=NodeKey(16686119193896026132), inline_size=2, is_measurement=false
[2026-01-11T20:04:39Z ERROR css_core::box_tree::constraint_block_layout] layout_block ENTRY: node=NodeKey(16686119193896026149)
[2026-01-11T20:04:39Z ERROR css_core::box_tree::constraint_block_layout] Checking flex: node=NodeKey(16686119193896026149), display=Flex
[2026-01-11T20:04:39Z ERROR css_core::box_tree::constraint_block_layout] IS FLEX!
[2026-01-11T20:04:39Z ERROR css_core::box_tree::constraint_block_layout::flex_layout] layout_flex: node=NodeKey(16686119193896026149), children.len()=5
[2026-01-11T20:04:39Z ERROR css_core::box_tree::constraint_block_layout] layout_block ENTRY: node=NodeKey(16686119193896026151)
[2026-01-11T20:04:39Z ERROR css_core::box_tree::constraint_block_layout] Checking flex: node=NodeKey(16686119193896026151), display=Block
[2026-01-11T20:04:39Z ERROR css_core::box_tree::constraint_block_layout] layout_block ENTRY: node=NodeKey(16686119193896026153)
[2026-01-11T20:04:39Z ERROR css_core::box_tree::constraint_block_layout] Checking flex: node=NodeKey(16686119193896026153), display=Block
[2026-01-11T20:04:39Z ERROR css_core::box_tree::constraint_block_layout] layout_block ENTRY: node=NodeKey(16686119193896026155)
[2026-01-11T20:04:39Z ERROR css_core::box_tree::constraint_block_layout] Checking flex: node=NodeKey(16686119193896026155), display=Block
[2026-01-11T20:04:39Z ERROR css_core::box_tree::constraint_block_layout] layout_block ENTRY: node=NodeKey(16686119193896026158)
[2026-01-11T20:04:39Z ERROR css_core::box_tree::constraint_block_layout] Checking flex: node=NodeKey(16686119193896026158), display=Block
[2026-01-11T20:04:39Z ERROR css_core::box_tree::constraint_block_layout] layout_block ENTRY: node=NodeKey(16686119193896026161)
[2026-01-11T20:04:39Z ERROR css_core::box_tree::constraint_block_layout] Checking flex: node=NodeKey(16686119193896026161), display=Block
[2026-01-11T20:04:39Z ERROR css_core::box_tree::constraint_block_layout::flex_layout] layout_flex: node=NodeKey(16686119193896026149), flex_items.len()=2
[2026-01-11T20:04:39Z ERROR css_core::box_tree::constraint_block_layout] layout_block ENTRY: node=NodeKey(16686119193896026151)
[2026-01-11T20:04:39Z ERROR css_core::box_tree::constraint_block_layout] Checking flex: node=NodeKey(16686119193896026151), display=Block
[2026-01-11T20:04:39Z ERROR css_core::box_tree::constraint_block_layout] layout_block ENTRY: node=NodeKey(16686119193896026153)
[2026-01-11T20:04:39Z ERROR css_core::box_tree::constraint_block_layout] Checking flex: node=NodeKey(16686119193896026153), display=Block
[2026-01-11T20:04:39Z ERROR css_core::box_tree::constraint_block_layout] layout_block ENTRY: node=NodeKey(16686119193896026155)
[2026-01-11T20:04:39Z ERROR css_core::box_tree::constraint_block_layout] Checking flex: node=NodeKey(16686119193896026155), display=Block
[2026-01-11T20:04:39Z ERROR css_core::box_tree::constraint_block_layout] layout_block ENTRY: node=NodeKey(16686119193896026158)
[2026-01-11T20:04:39Z ERROR css_core::box_tree::constraint_block_layout] Checking flex: node=NodeKey(16686119193896026158), display=Block
[2026-01-11T20:04:39Z ERROR css_core::box_tree::constraint_block_layout] layout_block ENTRY: node=NodeKey(16686119193896026161)
[2026-01-11T20:04:39Z ERROR css_core::box_tree::constraint_block_layout] Checking flex: node=NodeKey(16686119193896026161), display=Block
[2026-01-11T20:04:39Z ERROR css_core::box_tree::constraint_block_layout] INSERTING FLEX CONTAINER in layout_block: node=NodeKey(16686119193896026149), inline_size=2, is_measurement=false
[2026-01-11T20:04:39Z ERROR css_core::box_tree::constraint_block_layout] layout_block ENTRY: node=NodeKey(16686119193896026166)
[2026-01-11T20:04:39Z ERROR css_core::box_tree::constraint_block_layout] Checking flex: node=NodeKey(16686119193896026166), display=Flex
[2026-01-11T20:04:39Z ERROR css_core::box_tree::constraint_block_layout] IS FLEX!
[2026-01-11T20:04:39Z ERROR css_core::box_tree::constraint_block_layout::flex_layout] layout_flex: node=NodeKey(16686119193896026166), children.len()=5
[2026-01-11T20:04:39Z ERROR css_core::box_tree::constraint_block_layout] layout_block ENTRY: node=NodeKey(16686119193896026168)
[2026-01-11T20:04:39Z ERROR css_core::box_tree::constraint_block_layout] Checking flex: node=NodeKey(16686119193896026168), display=Block
[2026-01-11T20:04:39Z ERROR css_core::box_tree::constraint_block_layout] layout_block ENTRY: node=NodeKey(16686119193896026170)
[2026-01-11T20:04:39Z ERROR css_core::box_tree::constraint_block_layout] Checking flex: node=NodeKey(16686119193896026170), display=Block
[2026-01-11T20:04:39Z ERROR css_core::box_tree::constraint_block_layout] layout_block ENTRY: node=NodeKey(16686119193896026172)
[2026-01-11T20:04:39Z ERROR css_core::box_tree::constraint_block_layout] Checking flex: node=NodeKey(16686119193896026172), display=Block
[2026-01-11T20:04:39Z ERROR css_core::box_tree::constraint_block_layout] layout_block ENTRY: node=NodeKey(16686119193896026175)
[2026-01-11T20:04:39Z ERROR css_core::box_tree::constraint_block_layout] Checking flex: node=NodeKey(16686119193896026175), display=Block
[2026-01-11T20:04:39Z ERROR css_core::box_tree::constraint_block_layout] layout_block ENTRY: node=NodeKey(16686119193896026178)
[2026-01-11T20:04:39Z ERROR css_core::box_tree::constraint_block_layout] Checking flex: node=NodeKey(16686119193896026178), display=Block
[2026-01-11T20:04:39Z ERROR css_core::box_tree::constraint_block_layout::flex_layout] layout_flex: node=NodeKey(16686119193896026166), flex_items.len()=2
[2026-01-11T20:04:39Z ERROR css_core::box_tree::constraint_block_layout] layout_block ENTRY: node=NodeKey(16686119193896026168)
[2026-01-11T20:04:39Z ERROR css_core::box_tree::constraint_block_layout] Checking flex: node=NodeKey(16686119193896026168), display=Block
[2026-01-11T20:04:39Z ERROR css_core::box_tree::constraint_block_layout] layout_block ENTRY: node=NodeKey(16686119193896026170)
[2026-01-11T20:04:39Z ERROR css_core::box_tree::constraint_block_layout] Checking flex: node=NodeKey(16686119193896026170), display=Block
[2026-01-11T20:04:39Z ERROR css_core::box_tree::constraint_block_layout] layout_block ENTRY: node=NodeKey(16686119193896026172)
[2026-01-11T20:04:39Z ERROR css_core::box_tree::constraint_block_layout] Checking flex: node=NodeKey(16686119193896026172), display=Block
[2026-01-11T20:04:39Z ERROR css_core::box_tree::constraint_block_layout] layout_block ENTRY: node=NodeKey(16686119193896026175)
[2026-01-11T20:04:39Z ERROR css_core::box_tree::constraint_block_layout] Checking flex: node=NodeKey(16686119193896026175), display=Block
[2026-01-11T20:04:39Z ERROR css_core::box_tree::constraint_block_layout] layout_block ENTRY: node=NodeKey(16686119193896026178)
[2026-01-11T20:04:39Z ERROR css_core::box_tree::constraint_block_layout] Checking flex: node=NodeKey(16686119193896026178), display=Block
[2026-01-11T20:04:39Z ERROR css_core::box_tree::constraint_block_layout] INSERTING FLEX CONTAINER in layout_block: node=NodeKey(16686119193896026166), inline_size=2, is_measurement=false
[2026-01-11T20:04:39Z ERROR css_core::box_tree::constraint_block_layout] layout_block ENTRY: node=NodeKey(16686119193896026183)
[2026-01-11T20:04:39Z ERROR css_core::box_tree::constraint_block_layout] Checking flex: node=NodeKey(16686119193896026183), display=Flex
[2026-01-11T20:04:39Z ERROR css_core::box_tree::constraint_block_layout] IS FLEX!
[2026-01-11T20:04:39Z ERROR css_core::box_tree::constraint_block_layout::flex_layout] layout_flex: node=NodeKey(16686119193896026183), children.len()=5
[2026-01-11T20:04:39Z ERROR css_core::box_tree::constraint_block_layout] layout_block ENTRY: node=NodeKey(16686119193896026185)
[2026-01-11T20:04:39Z ERROR css_core::box_tree::constraint_block_layout] Checking flex: node=NodeKey(16686119193896026185), display=Block
[2026-01-11T20:04:39Z ERROR css_core::box_tree::constraint_block_layout] layout_block ENTRY: node=NodeKey(16686119193896026187)
[2026-01-11T20:04:39Z ERROR css_core::box_tree::constraint_block_layout] Checking flex: node=NodeKey(16686119193896026187), display=Block
[2026-01-11T20:04:39Z ERROR css_core::box_tree::constraint_block_layout] layout_block ENTRY: node=NodeKey(16686119193896026189)
[2026-01-11T20:04:39Z ERROR css_core::box_tree::constraint_block_layout] Checking flex: node=NodeKey(16686119193896026189), display=Block
[2026-01-11T20:04:39Z ERROR css_core::box_tree::constraint_block_layout] layout_block ENTRY: node=NodeKey(16686119193896026192)
[2026-01-11T20:04:39Z ERROR css_core::box_tree::constraint_block_layout] Checking flex: node=NodeKey(16686119193896026192), display=Block
[2026-01-11T20:04:39Z ERROR css_core::box_tree::constraint_block_layout] layout_block ENTRY: node=NodeKey(16686119193896026195)
[2026-01-11T20:04:39Z ERROR css_core::box_tree::constraint_block_layout] Checking flex: node=NodeKey(16686119193896026195), display=Block
[2026-01-11T20:04:39Z ERROR css_core::box_tree::constraint_block_layout::flex_layout] layout_flex: node=NodeKey(16686119193896026183), flex_items.len()=2
[2026-01-11T20:04:39Z ERROR css_core::box_tree::constraint_block_layout] layout_block ENTRY: node=NodeKey(16686119193896026185)
[2026-01-11T20:04:39Z ERROR css_core::box_tree::constraint_block_layout] Checking flex: node=NodeKey(16686119193896026185), display=Block
[2026-01-11T20:04:39Z ERROR css_core::box_tree::constraint_block_layout] layout_block ENTRY: node=NodeKey(16686119193896026187)
[2026-01-11T20:04:39Z ERROR css_core::box_tree::constraint_block_layout] Checking flex: node=NodeKey(16686119193896026187), display=Block
[2026-01-11T20:04:39Z ERROR css_core::box_tree::constraint_block_layout] layout_block ENTRY: node=NodeKey(16686119193896026189)
[2026-01-11T20:04:39Z ERROR css_core::box_tree::constraint_block_layout] Checking flex: node=NodeKey(16686119193896026189), display=Block
[2026-01-11T20:04:39Z ERROR css_core::box_tree::constraint_block_layout] layout_block ENTRY: node=NodeKey(16686119193896026192)
[2026-01-11T20:04:39Z ERROR css_core::box_tree::constraint_block_layout] Checking flex: node=NodeKey(16686119193896026192), display=Block
[2026-01-11T20:04:39Z ERROR css_core::box_tree::constraint_block_layout] layout_block ENTRY: node=NodeKey(16686119193896026195)
[2026-01-11T20:04:39Z ERROR css_core::box_tree::constraint_block_layout] Checking flex: node=NodeKey(16686119193896026195), display=Block
[2026-01-11T20:04:39Z ERROR css_core::box_tree::constraint_block_layout] INSERTING FLEX CONTAINER in layout_block: node=NodeKey(16686119193896026183), inline_size=2, is_measurement=false
[2026-01-11T20:04:39Z ERROR page_handler::core::incremental_layout] LAYOUT TREE COMPLETE - generation 1, total results: 66
[2026-01-11T20:04:39Z ERROR page_handler::core::incremental_layout] RUNNING LAYOUT TREE - generation 1
[2026-01-11T20:04:39Z ERROR css_core::box_tree::constraint_block_layout] layout_block ENTRY: node=NodeKey(640638146505080834)
[2026-01-11T20:04:39Z ERROR css_core::box_tree::constraint_block_layout] Checking flex: node=NodeKey(640638146505080834), display=Block
[2026-01-11T20:04:39Z ERROR css_core::box_tree::constraint_block_layout] layout_block ENTRY: node=NodeKey(640638146505080846)
[2026-01-11T20:04:39Z ERROR css_core::box_tree::constraint_block_layout] Checking flex: node=NodeKey(640638146505080846), display=Block
[2026-01-11T20:04:39Z ERROR css_core::box_tree::constraint_block_layout] layout_block ENTRY: node=NodeKey(640638146505080848)
[2026-01-11T20:04:39Z ERROR css_core::box_tree::constraint_block_layout] Checking flex: node=NodeKey(640638146505080848), display=Flex
[2026-01-11T20:04:39Z ERROR css_core::box_tree::constraint_block_layout] IS FLEX!
[2026-01-11T20:04:39Z ERROR css_core::box_tree::constraint_block_layout::flex_layout] layout_flex: node=NodeKey(640638146505080848), children.len()=7
[2026-01-11T20:04:39Z ERROR css_core::box_tree::constraint_block_layout] layout_block ENTRY: node=NodeKey(640638146505080850)
[2026-01-11T20:04:39Z ERROR css_core::box_tree::constraint_block_layout] Checking flex: node=NodeKey(640638146505080850), display=Block
[2026-01-11T20:04:39Z ERROR css_core::box_tree::constraint_block_layout] layout_block ENTRY: node=NodeKey(640638146505080852)
[2026-01-11T20:04:39Z ERROR css_core::box_tree::constraint_block_layout] Checking flex: node=NodeKey(640638146505080852), display=Block
[2026-01-11T20:04:39Z ERROR css_core::box_tree::constraint_block_layout] layout_block ENTRY: node=NodeKey(640638146505080855)
[2026-01-11T20:04:39Z ERROR css_core::box_tree::constraint_block_layout] Checking flex: node=NodeKey(640638146505080855), display=Block
[2026-01-11T20:04:39Z ERROR css_core::box_tree::constraint_block_layout] layout_block ENTRY: node=NodeKey(640638146505080858)
[2026-01-11T20:04:39Z ERROR css_core::box_tree::constraint_block_layout] Checking flex: node=NodeKey(640638146505080858), display=Block
[2026-01-11T20:04:39Z ERROR css_core::box_tree::constraint_block_layout] layout_block ENTRY: node=NodeKey(640638146505080861)
[2026-01-11T20:04:39Z ERROR css_core::box_tree::constraint_block_layout] Checking flex: node=NodeKey(640638146505080861), display=Block
[2026-01-11T20:04:39Z ERROR css_core::box_tree::constraint_block_layout] layout_block ENTRY: node=NodeKey(640638146505080865)
[2026-01-11T20:04:39Z ERROR css_core::box_tree::constraint_block_layout] Checking flex: node=NodeKey(640638146505080865), display=Block
[2026-01-11T20:04:39Z ERROR css_core::box_tree::constraint_block_layout] layout_block ENTRY: node=NodeKey(640638146505080867)
[2026-01-11T20:04:39Z ERROR css_core::box_tree::constraint_block_layout] Checking flex: node=NodeKey(640638146505080867), display=Flex
[2026-01-11T20:04:39Z ERROR css_core::box_tree::constraint_block_layout] IS FLEX!
[2026-01-11T20:04:39Z ERROR css_core::box_tree::constraint_block_layout::flex_layout] layout_flex: node=NodeKey(640638146505080867), children.len()=5
[2026-01-11T20:04:39Z ERROR css_core::box_tree::constraint_block_layout] layout_block ENTRY: node=NodeKey(640638146505080869)
[2026-01-11T20:04:39Z ERROR css_core::box_tree::constraint_block_layout] Checking flex: node=NodeKey(640638146505080869), display=Inline
[2026-01-11T20:04:39Z ERROR css_core::box_tree::constraint_block_layout] layout_block ENTRY: node=NodeKey(640638146505080872)
[2026-01-11T20:04:39Z ERROR css_core::box_tree::constraint_block_layout] Checking flex: node=NodeKey(640638146505080872), display=Inline
[2026-01-11T20:04:39Z ERROR css_core::box_tree::constraint_block_layout::flex_layout] layout_flex: node=NodeKey(640638146505080867), flex_items.len()=2
[2026-01-11T20:04:39Z ERROR css_core::box_tree::constraint_block_layout] layout_block ENTRY: node=NodeKey(640638146505080869)
[2026-01-11T20:04:39Z ERROR css_core::box_tree::constraint_block_layout] Checking flex: node=NodeKey(640638146505080869), display=Inline
[2026-01-11T20:04:39Z ERROR css_core::box_tree::constraint_block_layout] layout_block ENTRY: node=NodeKey(640638146505080872)
[2026-01-11T20:04:39Z ERROR css_core::box_tree::constraint_block_layout] Checking flex: node=NodeKey(640638146505080872), display=Inline
[2026-01-11T20:04:39Z ERROR css_core::box_tree::constraint_block_layout] INSERTING FLEX CONTAINER in layout_block: node=NodeKey(640638146505080867), inline_size=278, is_measurement=true
[2026-01-11T20:04:39Z ERROR css_core::box_tree::constraint_block_layout] layout_block ENTRY: node=NodeKey(640638146505080876)
[2026-01-11T20:04:39Z ERROR css_core::box_tree::constraint_block_layout] Checking flex: node=NodeKey(640638146505080876), display=Flex
[2026-01-11T20:04:39Z ERROR css_core::box_tree::constraint_block_layout] IS FLEX!
[2026-01-11T20:04:39Z ERROR css_core::box_tree::constraint_block_layout::flex_layout] layout_flex: node=NodeKey(640638146505080876), children.len()=5
[2026-01-11T20:04:39Z ERROR css_core::box_tree::constraint_block_layout] layout_block ENTRY: node=NodeKey(640638146505080878)
[2026-01-11T20:04:39Z ERROR css_core::box_tree::constraint_block_layout] Checking flex: node=NodeKey(640638146505080878), display=Inline
[2026-01-11T20:04:39Z ERROR css_core::box_tree::constraint_block_layout] layout_block ENTRY: node=NodeKey(640638146505080881)
[2026-01-11T20:04:39Z ERROR css_core::box_tree::constraint_block_layout] Checking flex: node=NodeKey(640638146505080881), display=Inline
[2026-01-11T20:04:39Z ERROR css_core::box_tree::constraint_block_layout::text] INSERTING TEXT RESULT: text='3', inline_size=6.673828, block_size=14, single_line_height=14, glyph_height=14, is_for_measurement_only=true
[2026-01-11T20:04:39Z ERROR css_core::box_tree::constraint_block_layout::flex_layout] layout_flex: node=NodeKey(640638146505080876), flex_items.len()=2
[2026-01-11T20:04:39Z ERROR css_core::box_tree::constraint_block_layout] layout_block ENTRY: node=NodeKey(640638146505080878)
[2026-01-11T20:04:39Z ERROR css_core::box_tree::constraint_block_layout] Checking flex: node=NodeKey(640638146505080878), display=Inline
[2026-01-11T20:04:39Z ERROR css_core::box_tree::constraint_block_layout] layout_block ENTRY: node=NodeKey(640638146505080881)
[2026-01-11T20:04:39Z ERROR css_core::box_tree::constraint_block_layout] Checking flex: node=NodeKey(640638146505080881), display=Inline
[2026-01-11T20:04:39Z ERROR css_core::box_tree::constraint_block_layout::text] INSERTING TEXT RESULT: text='3', inline_size=6.673828, block_size=14, single_line_height=14, glyph_height=14, is_for_measurement_only=false
[2026-01-11T20:04:39Z ERROR css_core::box_tree::constraint_block_layout] INSERTING FLEX CONTAINER in layout_block: node=NodeKey(640638146505080876), inline_size=278, is_measurement=true
[2026-01-11T20:04:39Z ERROR css_core::box_tree::constraint_block_layout] layout_block ENTRY: node=NodeKey(640638146505080885)
[2026-01-11T20:04:39Z ERROR css_core::box_tree::constraint_block_layout] Checking flex: node=NodeKey(640638146505080885), display=Flex
[2026-01-11T20:04:39Z ERROR css_core::box_tree::constraint_block_layout] IS FLEX!
[2026-01-11T20:04:39Z ERROR css_core::box_tree::constraint_block_layout::flex_layout] layout_flex: node=NodeKey(640638146505080885), children.len()=5
[2026-01-11T20:04:39Z ERROR css_core::box_tree::constraint_block_layout] layout_block ENTRY: node=NodeKey(640638146505080887)
[2026-01-11T20:04:39Z ERROR css_core::box_tree::constraint_block_layout] Checking flex: node=NodeKey(640638146505080887), display=Inline
[2026-01-11T20:04:39Z ERROR css_core::box_tree::constraint_block_layout] layout_block ENTRY: node=NodeKey(640638146505080890)
[2026-01-11T20:04:39Z ERROR css_core::box_tree::constraint_block_layout] Checking flex: node=NodeKey(640638146505080890), display=Inline
[2026-01-11T20:04:39Z ERROR css_core::box_tree::constraint_block_layout::text] INSERTING TEXT RESULT: text='1', inline_size=6.673828, block_size=14, single_line_height=14, glyph_height=14, is_for_measurement_only=true
[2026-01-11T20:04:39Z ERROR css_core::box_tree::constraint_block_layout::flex_layout] layout_flex: node=NodeKey(640638146505080885), flex_items.len()=2
[2026-01-11T20:04:39Z ERROR css_core::box_tree::constraint_block_layout] layout_block ENTRY: node=NodeKey(640638146505080887)
[2026-01-11T20:04:39Z ERROR css_core::box_tree::constraint_block_layout] Checking flex: node=NodeKey(640638146505080887), display=Inline
[2026-01-11T20:04:39Z ERROR css_core::box_tree::constraint_block_layout] layout_block ENTRY: node=NodeKey(640638146505080890)
[2026-01-11T20:04:39Z ERROR css_core::box_tree::constraint_block_layout] Checking flex: node=NodeKey(640638146505080890), display=Inline
[2026-01-11T20:04:39Z ERROR css_core::box_tree::constraint_block_layout::text] INSERTING TEXT RESULT: text='1', inline_size=6.673828, block_size=14, single_line_height=14, glyph_height=14, is_for_measurement_only=false
[2026-01-11T20:04:39Z ERROR css_core::box_tree::constraint_block_layout] INSERTING FLEX CONTAINER in layout_block: node=NodeKey(640638146505080885), inline_size=278, is_measurement=true
[2026-01-11T20:04:39Z ERROR css_core::box_tree::constraint_block_layout] layout_block ENTRY: node=NodeKey(640638146505080895)
[2026-01-11T20:04:39Z ERROR css_core::box_tree::constraint_block_layout] Checking flex: node=NodeKey(640638146505080895), display=Block
[2026-01-11T20:04:39Z ERROR css_core::box_tree::constraint_block_layout] layout_block ENTRY: node=NodeKey(640638146505080897)
[2026-01-11T20:04:39Z ERROR css_core::box_tree::constraint_block_layout] Checking flex: node=NodeKey(640638146505080897), display=Flex
[2026-01-11T20:04:39Z ERROR css_core::box_tree::constraint_block_layout] IS FLEX!
[2026-01-11T20:04:39Z ERROR css_core::box_tree::constraint_block_layout::flex_layout] layout_flex: node=NodeKey(640638146505080897), children.len()=7
[2026-01-11T20:04:39Z ERROR css_core::box_tree::constraint_block_layout] layout_block ENTRY: node=NodeKey(640638146505080899)
[2026-01-11T20:04:39Z ERROR css_core::box_tree::constraint_block_layout] Checking flex: node=NodeKey(640638146505080899), display=Block
[2026-01-11T20:04:39Z ERROR css_core::box_tree::constraint_block_layout] layout_block ENTRY: node=NodeKey(640638146505080901)
[2026-01-11T20:04:39Z ERROR css_core::box_tree::constraint_block_layout] Checking flex: node=NodeKey(640638146505080901), display=Block
[2026-01-11T20:04:39Z ERROR css_core::box_tree::constraint_block_layout] layout_block ENTRY: node=NodeKey(640638146505080903)
[2026-01-11T20:04:39Z ERROR css_core::box_tree::constraint_block_layout] Checking flex: node=NodeKey(640638146505080903), display=Block
[2026-01-11T20:04:39Z ERROR css_core::box_tree::constraint_block_layout] layout_block ENTRY: node=NodeKey(640638146505080906)
[2026-01-11T20:04:39Z ERROR css_core::box_tree::constraint_block_layout] Checking flex: node=NodeKey(640638146505080906), display=Block
[2026-01-11T20:04:39Z ERROR css_core::box_tree::constraint_block_layout] layout_block ENTRY: node=NodeKey(640638146505080910)
[2026-01-11T20:04:39Z ERROR css_core::box_tree::constraint_block_layout] Checking flex: node=NodeKey(640638146505080910), display=Block
[2026-01-11T20:04:39Z ERROR css_core::box_tree::constraint_block_layout::flex_layout] layout_flex: node=NodeKey(640638146505080897), flex_items.len()=3
[2026-01-11T20:04:39Z ERROR css_core::box_tree::constraint_block_layout] layout_block ENTRY: node=NodeKey(640638146505080899)
[2026-01-11T20:04:39Z ERROR css_core::box_tree::constraint_block_layout] Checking flex: node=NodeKey(640638146505080899), display=Block
[2026-01-11T20:04:39Z ERROR css_core::box_tree::constraint_block_layout] layout_block ENTRY: node=NodeKey(640638146505080901)
[2026-01-11T20:04:39Z ERROR css_core::box_tree::constraint_block_layout] Checking flex: node=NodeKey(640638146505080901), display=Block
[2026-01-11T20:04:39Z ERROR css_core::box_tree::constraint_block_layout] layout_block ENTRY: node=NodeKey(640638146505080903)
[2026-01-11T20:04:39Z ERROR css_core::box_tree::constraint_block_layout] Checking flex: node=NodeKey(640638146505080903), display=Block
[2026-01-11T20:04:39Z ERROR css_core::box_tree::constraint_block_layout] layout_block ENTRY: node=NodeKey(640638146505080906)
[2026-01-11T20:04:39Z ERROR css_core::box_tree::constraint_block_layout] Checking flex: node=NodeKey(640638146505080906), display=Block
[2026-01-11T20:04:39Z ERROR css_core::box_tree::constraint_block_layout] layout_block ENTRY: node=NodeKey(640638146505080910)
[2026-01-11T20:04:39Z ERROR css_core::box_tree::constraint_block_layout] Checking flex: node=NodeKey(640638146505080910), display=Block
[2026-01-11T20:04:39Z ERROR css_core::box_tree::constraint_block_layout] INSERTING FLEX CONTAINER in layout_block: node=NodeKey(640638146505080897), inline_size=278, is_measurement=true
[2026-01-11T20:04:39Z ERROR css_core::box_tree::constraint_block_layout] layout_block ENTRY: node=NodeKey(640638146505080914)
[2026-01-11T20:04:39Z ERROR css_core::box_tree::constraint_block_layout] Checking flex: node=NodeKey(640638146505080914), display=Flex
[2026-01-11T20:04:39Z ERROR css_core::box_tree::constraint_block_layout] IS FLEX!
[2026-01-11T20:04:39Z ERROR css_core::box_tree::constraint_block_layout::flex_layout] layout_flex: node=NodeKey(640638146505080914), children.len()=7
[2026-01-11T20:04:39Z ERROR css_core::box_tree::constraint_block_layout] layout_block ENTRY: node=NodeKey(640638146505080916)
[2026-01-11T20:04:39Z ERROR css_core::box_tree::constraint_block_layout] Checking flex: node=NodeKey(640638146505080916), display=Block
[2026-01-11T20:04:39Z ERROR css_core::box_tree::constraint_block_layout] layout_block ENTRY: node=NodeKey(640638146505080918)
[2026-01-11T20:04:39Z ERROR css_core::box_tree::constraint_block_layout] Checking flex: node=NodeKey(640638146505080918), display=Block
[2026-01-11T20:04:39Z ERROR css_core::box_tree::constraint_block_layout] layout_block ENTRY: node=NodeKey(640638146505080920)
[2026-01-11T20:04:39Z ERROR css_core::box_tree::constraint_block_layout] Checking flex: node=NodeKey(640638146505080920), display=Block
[2026-01-11T20:04:39Z ERROR css_core::box_tree::constraint_block_layout] layout_block ENTRY: node=NodeKey(640638146505080923)
[2026-01-11T20:04:39Z ERROR css_core::box_tree::constraint_block_layout] Checking flex: node=NodeKey(640638146505080923), display=Block
[2026-01-11T20:04:39Z ERROR css_core::box_tree::constraint_block_layout] layout_block ENTRY: node=NodeKey(640638146505080927)
[2026-01-11T20:04:39Z ERROR css_core::box_tree::constraint_block_layout] Checking flex: node=NodeKey(640638146505080927), display=Block
[2026-01-11T20:04:39Z ERROR css_core::box_tree::constraint_block_layout::flex_layout] layout_flex: node=NodeKey(640638146505080914), flex_items.len()=3
[2026-01-11T20:04:39Z ERROR css_core::box_tree::constraint_block_layout] layout_block ENTRY: node=NodeKey(640638146505080916)
[2026-01-11T20:04:39Z ERROR css_core::box_tree::constraint_block_layout] Checking flex: node=NodeKey(640638146505080916), display=Block
[2026-01-11T20:04:39Z ERROR css_core::box_tree::constraint_block_layout] layout_block ENTRY: node=NodeKey(640638146505080918)
[2026-01-11T20:04:39Z ERROR css_core::box_tree::constraint_block_layout] Checking flex: node=NodeKey(640638146505080918), display=Block
[2026-01-11T20:04:39Z ERROR css_core::box_tree::constraint_block_layout] layout_block ENTRY: node=NodeKey(640638146505080920)
[2026-01-11T20:04:39Z ERROR css_core::box_tree::constraint_block_layout] Checking flex: node=NodeKey(640638146505080920), display=Block
[2026-01-11T20:04:39Z ERROR css_core::box_tree::constraint_block_layout] layout_block ENTRY: node=NodeKey(640638146505080923)
[2026-01-11T20:04:39Z ERROR css_core::box_tree::constraint_block_layout] Checking flex: node=NodeKey(640638146505080923), display=Block
[2026-01-11T20:04:39Z ERROR css_core::box_tree::constraint_block_layout] layout_block ENTRY: node=NodeKey(640638146505080927)
[2026-01-11T20:04:39Z ERROR css_core::box_tree::constraint_block_layout] Checking flex: node=NodeKey(640638146505080927), display=Block
[2026-01-11T20:04:39Z ERROR css_core::box_tree::constraint_block_layout] INSERTING FLEX CONTAINER in layout_block: node=NodeKey(640638146505080914), inline_size=278, is_measurement=true
[2026-01-11T20:04:39Z ERROR css_core::box_tree::constraint_block_layout::flex_layout] layout_flex: node=NodeKey(640638146505080848), flex_items.len()=3
[2026-01-11T20:04:39Z ERROR css_core::box_tree::constraint_block_layout] layout_block ENTRY: node=NodeKey(640638146505080850)
[2026-01-11T20:04:39Z ERROR css_core::box_tree::constraint_block_layout] Checking flex: node=NodeKey(640638146505080850), display=Block
[2026-01-11T20:04:39Z ERROR css_core::box_tree::constraint_block_layout] layout_block ENTRY: node=NodeKey(640638146505080852)
[2026-01-11T20:04:39Z ERROR css_core::box_tree::constraint_block_layout] Checking flex: node=NodeKey(640638146505080852), display=Block
[2026-01-11T20:04:39Z ERROR css_core::box_tree::constraint_block_layout] layout_block ENTRY: node=NodeKey(640638146505080855)
[2026-01-11T20:04:39Z ERROR css_core::box_tree::constraint_block_layout] Checking flex: node=NodeKey(640638146505080855), display=Block
[2026-01-11T20:04:39Z ERROR css_core::box_tree::constraint_block_layout] layout_block ENTRY: node=NodeKey(640638146505080858)
[2026-01-11T20:04:39Z ERROR css_core::box_tree::constraint_block_layout] Checking flex: node=NodeKey(640638146505080858), display=Block
[2026-01-11T20:04:39Z ERROR css_core::box_tree::constraint_block_layout] layout_block ENTRY: node=NodeKey(640638146505080861)
[2026-01-11T20:04:39Z ERROR css_core::box_tree::constraint_block_layout] Checking flex: node=NodeKey(640638146505080861), display=Block
[2026-01-11T20:04:39Z ERROR css_core::box_tree::constraint_block_layout] layout_block ENTRY: node=NodeKey(640638146505080865)
[2026-01-11T20:04:39Z ERROR css_core::box_tree::constraint_block_layout] Checking flex: node=NodeKey(640638146505080865), display=Block
[2026-01-11T20:04:39Z ERROR css_core::box_tree::constraint_block_layout] layout_block ENTRY: node=NodeKey(640638146505080867)
[2026-01-11T20:04:39Z ERROR css_core::box_tree::constraint_block_layout] Checking flex: node=NodeKey(640638146505080867), display=Flex
[2026-01-11T20:04:39Z ERROR css_core::box_tree::constraint_block_layout] IS FLEX!
[2026-01-11T20:04:39Z ERROR css_core::box_tree::constraint_block_layout::flex_layout] layout_flex: node=NodeKey(640638146505080867), children.len()=5
[2026-01-11T20:04:39Z ERROR css_core::box_tree::constraint_block_layout] layout_block ENTRY: node=NodeKey(640638146505080869)
[2026-01-11T20:04:39Z ERROR css_core::box_tree::constraint_block_layout] Checking flex: node=NodeKey(640638146505080869), display=Inline
[2026-01-11T20:04:39Z ERROR css_core::box_tree::constraint_block_layout] layout_block ENTRY: node=NodeKey(640638146505080872)
[2026-01-11T20:04:39Z ERROR css_core::box_tree::constraint_block_layout] Checking flex: node=NodeKey(640638146505080872), display=Inline
[2026-01-11T20:04:39Z ERROR css_core::box_tree::constraint_block_layout::flex_layout] layout_flex: node=NodeKey(640638146505080867), flex_items.len()=2
[2026-01-11T20:04:39Z ERROR css_core::box_tree::constraint_block_layout] layout_block ENTRY: node=NodeKey(640638146505080869)
[2026-01-11T20:04:39Z ERROR css_core::box_tree::constraint_block_layout] Checking flex: node=NodeKey(640638146505080869), display=Inline
[2026-01-11T20:04:39Z ERROR css_core::box_tree::constraint_block_layout] layout_block ENTRY: node=NodeKey(640638146505080872)
[2026-01-11T20:04:39Z ERROR css_core::box_tree::constraint_block_layout] Checking flex: node=NodeKey(640638146505080872), display=Inline
[2026-01-11T20:04:39Z ERROR css_core::box_tree::constraint_block_layout] INSERTING FLEX CONTAINER in layout_block: node=NodeKey(640638146505080867), inline_size=238, is_measurement=false
[2026-01-11T20:04:39Z ERROR css_core::box_tree::constraint_block_layout] layout_block ENTRY: node=NodeKey(640638146505080876)
[2026-01-11T20:04:39Z ERROR css_core::box_tree::constraint_block_layout] Checking flex: node=NodeKey(640638146505080876), display=Flex
[2026-01-11T20:04:39Z ERROR css_core::box_tree::constraint_block_layout] IS FLEX!
[2026-01-11T20:04:39Z ERROR css_core::box_tree::constraint_block_layout::flex_layout] layout_flex: node=NodeKey(640638146505080876), children.len()=5
[2026-01-11T20:04:39Z ERROR css_core::box_tree::constraint_block_layout] layout_block ENTRY: node=NodeKey(640638146505080878)
[2026-01-11T20:04:39Z ERROR css_core::box_tree::constraint_block_layout] Checking flex: node=NodeKey(640638146505080878), display=Inline
[2026-01-11T20:04:39Z ERROR css_core::box_tree::constraint_block_layout] layout_block ENTRY: node=NodeKey(640638146505080881)
[2026-01-11T20:04:39Z ERROR css_core::box_tree::constraint_block_layout] Checking flex: node=NodeKey(640638146505080881), display=Inline
[2026-01-11T20:04:39Z ERROR css_core::box_tree::constraint_block_layout::text] INSERTING TEXT RESULT: text='3', inline_size=6.673828, block_size=14, single_line_height=14, glyph_height=14, is_for_measurement_only=true
[2026-01-11T20:04:39Z ERROR css_core::box_tree::constraint_block_layout::flex_layout] layout_flex: node=NodeKey(640638146505080876), flex_items.len()=2
[2026-01-11T20:04:39Z ERROR css_core::box_tree::constraint_block_layout] layout_block ENTRY: node=NodeKey(640638146505080878)
[2026-01-11T20:04:39Z ERROR css_core::box_tree::constraint_block_layout] Checking flex: node=NodeKey(640638146505080878), display=Inline
[2026-01-11T20:04:39Z ERROR css_core::box_tree::constraint_block_layout] layout_block ENTRY: node=NodeKey(640638146505080881)
[2026-01-11T20:04:39Z ERROR css_core::box_tree::constraint_block_layout] Checking flex: node=NodeKey(640638146505080881), display=Inline
[2026-01-11T20:04:39Z ERROR css_core::box_tree::constraint_block_layout::text] INSERTING TEXT RESULT: text='3', inline_size=6.673828, block_size=14, single_line_height=14, glyph_height=14, is_for_measurement_only=false
[2026-01-11T20:04:39Z ERROR css_core::box_tree::constraint_block_layout] INSERTING FLEX CONTAINER in layout_block: node=NodeKey(640638146505080876), inline_size=238, is_measurement=false
[2026-01-11T20:04:39Z ERROR css_core::box_tree::constraint_block_layout] layout_block ENTRY: node=NodeKey(640638146505080885)
[2026-01-11T20:04:39Z ERROR css_core::box_tree::constraint_block_layout] Checking flex: node=NodeKey(640638146505080885), display=Flex
[2026-01-11T20:04:39Z ERROR css_core::box_tree::constraint_block_layout] IS FLEX!
[2026-01-11T20:04:39Z ERROR css_core::box_tree::constraint_block_layout::flex_layout] layout_flex: node=NodeKey(640638146505080885), children.len()=5
[2026-01-11T20:04:39Z ERROR css_core::box_tree::constraint_block_layout] layout_block ENTRY: node=NodeKey(640638146505080887)
[2026-01-11T20:04:39Z ERROR css_core::box_tree::constraint_block_layout] Checking flex: node=NodeKey(640638146505080887), display=Inline
[2026-01-11T20:04:39Z ERROR css_core::box_tree::constraint_block_layout] layout_block ENTRY: node=NodeKey(640638146505080890)
[2026-01-11T20:04:39Z ERROR css_core::box_tree::constraint_block_layout] Checking flex: node=NodeKey(640638146505080890), display=Inline
[2026-01-11T20:04:39Z ERROR css_core::box_tree::constraint_block_layout::text] INSERTING TEXT RESULT: text='1', inline_size=6.673828, block_size=14, single_line_height=14, glyph_height=14, is_for_measurement_only=true
[2026-01-11T20:04:39Z ERROR css_core::box_tree::constraint_block_layout::flex_layout] layout_flex: node=NodeKey(640638146505080885), flex_items.len()=2
[2026-01-11T20:04:39Z ERROR css_core::box_tree::constraint_block_layout] layout_block ENTRY: node=NodeKey(640638146505080887)
[2026-01-11T20:04:39Z ERROR css_core::box_tree::constraint_block_layout] Checking flex: node=NodeKey(640638146505080887), display=Inline
[2026-01-11T20:04:39Z ERROR css_core::box_tree::constraint_block_layout] layout_block ENTRY: node=NodeKey(640638146505080890)
[2026-01-11T20:04:39Z ERROR css_core::box_tree::constraint_block_layout] Checking flex: node=NodeKey(640638146505080890), display=Inline
[2026-01-11T20:04:39Z ERROR css_core::box_tree::constraint_block_layout::text] INSERTING TEXT RESULT: text='1', inline_size=6.673828, block_size=14, single_line_height=14, glyph_height=14, is_for_measurement_only=false
[2026-01-11T20:04:39Z ERROR css_core::box_tree::constraint_block_layout] INSERTING FLEX CONTAINER in layout_block: node=NodeKey(640638146505080885), inline_size=238, is_measurement=false
[2026-01-11T20:04:39Z ERROR css_core::box_tree::constraint_block_layout] layout_block ENTRY: node=NodeKey(640638146505080895)
[2026-01-11T20:04:39Z ERROR css_core::box_tree::constraint_block_layout] Checking flex: node=NodeKey(640638146505080895), display=Block
[2026-01-11T20:04:39Z ERROR css_core::box_tree::constraint_block_layout] layout_block ENTRY: node=NodeKey(640638146505080897)
[2026-01-11T20:04:39Z ERROR css_core::box_tree::constraint_block_layout] Checking flex: node=NodeKey(640638146505080897), display=Flex
[2026-01-11T20:04:39Z ERROR css_core::box_tree::constraint_block_layout] IS FLEX!
[2026-01-11T20:04:39Z ERROR css_core::box_tree::constraint_block_layout::flex_layout] layout_flex: node=NodeKey(640638146505080897), children.len()=7
[2026-01-11T20:04:39Z ERROR css_core::box_tree::constraint_block_layout] layout_block ENTRY: node=NodeKey(640638146505080899)
[2026-01-11T20:04:39Z ERROR css_core::box_tree::constraint_block_layout] Checking flex: node=NodeKey(640638146505080899), display=Block
[2026-01-11T20:04:39Z ERROR css_core::box_tree::constraint_block_layout] layout_block ENTRY: node=NodeKey(640638146505080901)
[2026-01-11T20:04:39Z ERROR css_core::box_tree::constraint_block_layout] Checking flex: node=NodeKey(640638146505080901), display=Block
[2026-01-11T20:04:39Z ERROR css_core::box_tree::constraint_block_layout] layout_block ENTRY: node=NodeKey(640638146505080903)
[2026-01-11T20:04:39Z ERROR css_core::box_tree::constraint_block_layout] Checking flex: node=NodeKey(640638146505080903), display=Block
[2026-01-11T20:04:39Z ERROR css_core::box_tree::constraint_block_layout] layout_block ENTRY: node=NodeKey(640638146505080906)
[2026-01-11T20:04:39Z ERROR css_core::box_tree::constraint_block_layout] Checking flex: node=NodeKey(640638146505080906), display=Block
[2026-01-11T20:04:39Z ERROR css_core::box_tree::constraint_block_layout] layout_block ENTRY: node=NodeKey(640638146505080910)
[2026-01-11T20:04:39Z ERROR css_core::box_tree::constraint_block_layout] Checking flex: node=NodeKey(640638146505080910), display=Block
[2026-01-11T20:04:39Z ERROR css_core::box_tree::constraint_block_layout::flex_layout] layout_flex: node=NodeKey(640638146505080897), flex_items.len()=3
[2026-01-11T20:04:39Z ERROR css_core::box_tree::constraint_block_layout] layout_block ENTRY: node=NodeKey(640638146505080899)
[2026-01-11T20:04:39Z ERROR css_core::box_tree::constraint_block_layout] Checking flex: node=NodeKey(640638146505080899), display=Block
[2026-01-11T20:04:39Z ERROR css_core::box_tree::constraint_block_layout] layout_block ENTRY: node=NodeKey(640638146505080901)
[2026-01-11T20:04:39Z ERROR css_core::box_tree::constraint_block_layout] Checking flex: node=NodeKey(640638146505080901), display=Block
[2026-01-11T20:04:39Z ERROR css_core::box_tree::constraint_block_layout] layout_block ENTRY: node=NodeKey(640638146505080903)
[2026-01-11T20:04:39Z ERROR css_core::box_tree::constraint_block_layout] Checking flex: node=NodeKey(640638146505080903), display=Block
[2026-01-11T20:04:39Z ERROR css_core::box_tree::constraint_block_layout] layout_block ENTRY: node=NodeKey(640638146505080906)
[2026-01-11T20:04:39Z ERROR css_core::box_tree::constraint_block_layout] Checking flex: node=NodeKey(640638146505080906), display=Block
[2026-01-11T20:04:39Z ERROR css_core::box_tree::constraint_block_layout] layout_block ENTRY: node=NodeKey(640638146505080910)
[2026-01-11T20:04:39Z ERROR css_core::box_tree::constraint_block_layout] Checking flex: node=NodeKey(640638146505080910), display=Block
[2026-01-11T20:04:39Z ERROR css_core::box_tree::constraint_block_layout] INSERTING FLEX CONTAINER in layout_block: node=NodeKey(640638146505080897), inline_size=238, is_measurement=false
[2026-01-11T20:04:39Z ERROR css_core::box_tree::constraint_block_layout] layout_block ENTRY: node=NodeKey(640638146505080914)
[2026-01-11T20:04:39Z ERROR css_core::box_tree::constraint_block_layout] Checking flex: node=NodeKey(640638146505080914), display=Flex
[2026-01-11T20:04:39Z ERROR css_core::box_tree::constraint_block_layout] IS FLEX!
[2026-01-11T20:04:39Z ERROR css_core::box_tree::constraint_block_layout::flex_layout] layout_flex: node=NodeKey(640638146505080914), children.len()=7
[2026-01-11T20:04:39Z ERROR css_core::box_tree::constraint_block_layout] layout_block ENTRY: node=NodeKey(640638146505080916)
[2026-01-11T20:04:39Z ERROR css_core::box_tree::constraint_block_layout] Checking flex: node=NodeKey(640638146505080916), display=Block
[2026-01-11T20:04:39Z ERROR css_core::box_tree::constraint_block_layout] layout_block ENTRY: node=NodeKey(640638146505080918)
[2026-01-11T20:04:39Z ERROR css_core::box_tree::constraint_block_layout] Checking flex: node=NodeKey(640638146505080918), display=Block
[2026-01-11T20:04:39Z ERROR css_core::box_tree::constraint_block_layout] layout_block ENTRY: node=NodeKey(640638146505080920)
[2026-01-11T20:04:39Z ERROR css_core::box_tree::constraint_block_layout] Checking flex: node=NodeKey(640638146505080920), display=Block
[2026-01-11T20:04:39Z ERROR css_core::box_tree::constraint_block_layout] layout_block ENTRY: node=NodeKey(640638146505080923)
[2026-01-11T20:04:39Z ERROR css_core::box_tree::constraint_block_layout] Checking flex: node=NodeKey(640638146505080923), display=Block
[2026-01-11T20:04:39Z ERROR css_core::box_tree::constraint_block_layout] layout_block ENTRY: node=NodeKey(640638146505080927)
[2026-01-11T20:04:39Z ERROR css_core::box_tree::constraint_block_layout] Checking flex: node=NodeKey(640638146505080927), display=Block
[2026-01-11T20:04:39Z ERROR css_core::box_tree::constraint_block_layout::flex_layout] layout_flex: node=NodeKey(640638146505080914), flex_items.len()=3
[2026-01-11T20:04:39Z ERROR css_core::box_tree::constraint_block_layout] layout_block ENTRY: node=NodeKey(640638146505080916)
[2026-01-11T20:04:39Z ERROR css_core::box_tree::constraint_block_layout] Checking flex: node=NodeKey(640638146505080916), display=Block
[2026-01-11T20:04:39Z ERROR css_core::box_tree::constraint_block_layout] layout_block ENTRY: node=NodeKey(640638146505080918)
[2026-01-11T20:04:39Z ERROR css_core::box_tree::constraint_block_layout] Checking flex: node=NodeKey(640638146505080918), display=Block
[2026-01-11T20:04:39Z ERROR css_core::box_tree::constraint_block_layout] layout_block ENTRY: node=NodeKey(640638146505080920)
[2026-01-11T20:04:39Z ERROR css_core::box_tree::constraint_block_layout] Checking flex: node=NodeKey(640638146505080920), display=Block
[2026-01-11T20:04:39Z ERROR css_core::box_tree::constraint_block_layout] layout_block ENTRY: node=NodeKey(640638146505080923)
[2026-01-11T20:04:39Z ERROR css_core::box_tree::constraint_block_layout] Checking flex: node=NodeKey(640638146505080923), display=Block
[2026-01-11T20:04:39Z ERROR css_core::box_tree::constraint_block_layout] layout_block ENTRY: node=NodeKey(640638146505080927)
[2026-01-11T20:04:39Z ERROR css_core::box_tree::constraint_block_layout] Checking flex: node=NodeKey(640638146505080927), display=Block
[2026-01-11T20:04:39Z ERROR css_core::box_tree::constraint_block_layout] INSERTING FLEX CONTAINER in layout_block: node=NodeKey(640638146505080914), inline_size=238, is_measurement=false
[2026-01-11T20:04:39Z ERROR css_core::box_tree::constraint_block_layout] INSERTING FLEX CONTAINER in layout_block: node=NodeKey(640638146505080848), inline_size=800, is_measurement=false
[2026-01-11T20:04:39Z ERROR page_handler::core::incremental_layout] LAYOUT TREE COMPLETE - generation 1, total results: 68
[2026-01-11T20:04:39Z ERROR page_handler::core::incremental_layout] RUNNING LAYOUT TREE - generation 1
[2026-01-11T20:04:39Z ERROR css_core::box_tree::constraint_block_layout] layout_block ENTRY: node=NodeKey(12414173472358400002)
[2026-01-11T20:04:39Z ERROR css_core::box_tree::constraint_block_layout] Checking flex: node=NodeKey(12414173472358400002), display=Block
[2026-01-11T20:04:39Z ERROR css_core::box_tree::constraint_block_layout] layout_block ENTRY: node=NodeKey(12414173472358400014)
[2026-01-11T20:04:39Z ERROR css_core::box_tree::constraint_block_layout] Checking flex: node=NodeKey(12414173472358400014), display=Block
[2026-01-11T20:04:39Z ERROR css_core::box_tree::constraint_block_layout] layout_block ENTRY: node=NodeKey(12414173472358400016)
[2026-01-11T20:04:39Z ERROR css_core::box_tree::constraint_block_layout] Checking flex: node=NodeKey(12414173472358400016), display=Block
[2026-01-11T20:04:39Z ERROR css_core::box_tree::constraint_block_layout] layout_block ENTRY: node=NodeKey(12414173472358400018)
[2026-01-11T20:04:39Z ERROR css_core::box_tree::constraint_block_layout] Checking flex: node=NodeKey(12414173472358400018), display=Block
[2026-01-11T20:04:39Z ERROR css_core::box_tree::constraint_block_layout] layout_block ENTRY: node=NodeKey(12414173472358400020)
[2026-01-11T20:04:39Z ERROR css_core::box_tree::constraint_block_layout] Checking flex: node=NodeKey(12414173472358400020), display=Inline
[2026-01-11T20:04:39Z ERROR css_core::box_tree::constraint_block_layout] layout_block ENTRY: node=NodeKey(12414173472358400022)
[2026-01-11T20:04:39Z ERROR css_core::box_tree::constraint_block_layout] Checking flex: node=NodeKey(12414173472358400022), display=Inline
[2026-01-11T20:04:39Z ERROR css_core::box_tree::constraint_block_layout] layout_block ENTRY: node=NodeKey(12414173472358400024)
[2026-01-11T20:04:39Z ERROR css_core::box_tree::constraint_block_layout] Checking flex: node=NodeKey(12414173472358400024), display=Inline
[2026-01-11T20:04:39Z ERROR css_core::box_tree::constraint_block_layout] layout_block ENTRY: node=NodeKey(12414173472358400026)
[2026-01-11T20:04:39Z ERROR css_core::box_tree::constraint_block_layout] Checking flex: node=NodeKey(12414173472358400026), display=Inline
[2026-01-11T20:04:39Z ERROR css_core::box_tree::constraint_block_layout] layout_block ENTRY: node=NodeKey(12414173472358400027)
[2026-01-11T20:04:39Z ERROR css_core::box_tree::constraint_block_layout] Checking flex: node=NodeKey(12414173472358400027), display=Inline
[2026-01-11T20:04:39Z ERROR css_core::box_tree::constraint_block_layout] layout_block ENTRY: node=NodeKey(12414173472358400029)
[2026-01-11T20:04:39Z ERROR css_core::box_tree::constraint_block_layout] Checking flex: node=NodeKey(12414173472358400029), display=Inline
[2026-01-11T20:04:39Z ERROR css_core::box_tree::constraint_block_layout] layout_block ENTRY: node=NodeKey(12414173472358400032)
[2026-01-11T20:04:39Z ERROR css_core::box_tree::constraint_block_layout] Checking flex: node=NodeKey(12414173472358400032), display=Inline
[2026-01-11T20:04:39Z ERROR css_core::box_tree::constraint_block_layout] layout_block ENTRY: node=NodeKey(12414173472358400035)
[2026-01-11T20:04:39Z ERROR css_core::box_tree::constraint_block_layout] Checking flex: node=NodeKey(12414173472358400035), display=Inline
[2026-01-11T20:04:39Z ERROR css_core::box_tree::constraint_block_layout] layout_block ENTRY: node=NodeKey(12414173472358400038)
[2026-01-11T20:04:39Z ERROR css_core::box_tree::constraint_block_layout] Checking flex: node=NodeKey(12414173472358400038), display=Inline
[2026-01-11T20:04:39Z ERROR css_core::box_tree::constraint_block_layout] layout_block ENTRY: node=NodeKey(12414173472358400043)
[2026-01-11T20:04:39Z ERROR css_core::box_tree::constraint_block_layout] Checking flex: node=NodeKey(12414173472358400043), display=Inline
[2026-01-11T20:04:39Z ERROR css_core::box_tree::constraint_block_layout] layout_block ENTRY: node=NodeKey(12414173472358400045)
[2026-01-11T20:04:39Z ERROR css_core::box_tree::constraint_block_layout] Checking flex: node=NodeKey(12414173472358400045), display=Inline
[2026-01-11T20:04:39Z ERROR css_core::box_tree::constraint_block_layout] layout_block ENTRY: node=NodeKey(12414173472358400047)
[2026-01-11T20:04:39Z ERROR css_core::box_tree::constraint_block_layout] Checking flex: node=NodeKey(12414173472358400047), display=Inline
[2026-01-11T20:04:39Z ERROR css_core::box_tree::constraint_block_layout] layout_block ENTRY: node=NodeKey(12414173472358400048)
[2026-01-11T20:04:39Z ERROR css_core::box_tree::constraint_block_layout] Checking flex: node=NodeKey(12414173472358400048), display=Inline
[2026-01-11T20:04:39Z ERROR css_core::box_tree::constraint_block_layout] layout_block ENTRY: node=NodeKey(12414173472358400050)
[2026-01-11T20:04:39Z ERROR css_core::box_tree::constraint_block_layout] Checking flex: node=NodeKey(12414173472358400050), display=Inline
[2026-01-11T20:04:39Z ERROR css_core::box_tree::constraint_block_layout] layout_block ENTRY: node=NodeKey(12414173472358400052)
[2026-01-11T20:04:39Z ERROR css_core::box_tree::constraint_block_layout] Checking flex: node=NodeKey(12414173472358400052), display=Flex
[2026-01-11T20:04:39Z ERROR css_core::box_tree::constraint_block_layout] IS FLEX!
[2026-01-11T20:04:39Z ERROR css_core::box_tree::constraint_block_layout::flex_layout] layout_flex: node=NodeKey(12414173472358400052), children.len()=5
[2026-01-11T20:04:39Z ERROR css_core::box_tree::constraint_block_layout] layout_block ENTRY: node=NodeKey(12414173472358400054)
[2026-01-11T20:04:39Z ERROR css_core::box_tree::constraint_block_layout] Checking flex: node=NodeKey(12414173472358400054), display=Block
[2026-01-11T20:04:39Z ERROR css_core::box_tree::constraint_block_layout] layout_block ENTRY: node=NodeKey(12414173472358400056)
[2026-01-11T20:04:39Z ERROR css_core::box_tree::constraint_block_layout] Checking flex: node=NodeKey(12414173472358400056), display=Block
[2026-01-11T20:04:39Z ERROR css_core::box_tree::constraint_block_layout] layout_block ENTRY: node=NodeKey(12414173472358400058)
[2026-01-11T20:04:39Z ERROR css_core::box_tree::constraint_block_layout] Checking flex: node=NodeKey(12414173472358400058), display=Block
[2026-01-11T20:04:39Z ERROR css_core::box_tree::constraint_block_layout] layout_block ENTRY: node=NodeKey(12414173472358400061)
[2026-01-11T20:04:39Z ERROR css_core::box_tree::constraint_block_layout] Checking flex: node=NodeKey(12414173472358400061), display=Block
[2026-01-11T20:04:39Z ERROR css_core::box_tree::constraint_block_layout::flex_layout] layout_flex: node=NodeKey(12414173472358400052), flex_items.len()=2
[2026-01-11T20:04:39Z ERROR css_core::box_tree::constraint_block_layout] layout_block ENTRY: node=NodeKey(12414173472358400054)
[2026-01-11T20:04:39Z ERROR css_core::box_tree::constraint_block_layout] Checking flex: node=NodeKey(12414173472358400054), display=Block
[2026-01-11T20:04:39Z ERROR css_core::box_tree::constraint_block_layout] layout_block ENTRY: node=NodeKey(12414173472358400056)
[2026-01-11T20:04:39Z ERROR css_core::box_tree::constraint_block_layout] Checking flex: node=NodeKey(12414173472358400056), display=Block
[2026-01-11T20:04:39Z ERROR css_core::box_tree::constraint_block_layout] layout_block ENTRY: node=NodeKey(12414173472358400058)
[2026-01-11T20:04:39Z ERROR css_core::box_tree::constraint_block_layout] Checking flex: node=NodeKey(12414173472358400058), display=Block
[2026-01-11T20:04:39Z ERROR css_core::box_tree::constraint_block_layout] layout_block ENTRY: node=NodeKey(12414173472358400061)
[2026-01-11T20:04:39Z ERROR css_core::box_tree::constraint_block_layout] Checking flex: node=NodeKey(12414173472358400061), display=Block
[2026-01-11T20:04:39Z ERROR css_core::box_tree::constraint_block_layout] INSERTING FLEX CONTAINER in layout_block: node=NodeKey(12414173472358400052), inline_size=734, is_measurement=false
[2026-01-11T20:04:39Z ERROR css_core::box_tree::constraint_block_layout] layout_block ENTRY: node=NodeKey(12414173472358400067)
[2026-01-11T20:04:39Z ERROR css_core::box_tree::constraint_block_layout] Checking flex: node=NodeKey(12414173472358400067), display=Inline
[2026-01-11T20:04:39Z ERROR css_core::box_tree::constraint_block_layout] layout_block ENTRY: node=NodeKey(12414173472358400070)
[2026-01-11T20:04:39Z ERROR css_core::box_tree::constraint_block_layout] Checking flex: node=NodeKey(12414173472358400070), display=Inline
[2026-01-11T20:04:39Z ERROR css_core::box_tree::constraint_block_layout] layout_block ENTRY: node=NodeKey(12414173472358400073)
[2026-01-11T20:04:39Z ERROR css_core::box_tree::constraint_block_layout] Checking flex: node=NodeKey(12414173472358400073), display=Inline
[2026-01-11T20:04:39Z ERROR css_core::box_tree::constraint_block_layout] layout_block ENTRY: node=NodeKey(12414173472358400075)
[2026-01-11T20:04:39Z ERROR css_core::box_tree::constraint_block_layout] Checking flex: node=NodeKey(12414173472358400075), display=Flex
[2026-01-11T20:04:39Z ERROR css_core::box_tree::constraint_block_layout] IS FLEX!
[2026-01-11T20:04:39Z ERROR css_core::box_tree::constraint_block_layout::flex_layout] layout_flex: node=NodeKey(12414173472358400075), children.len()=5
[2026-01-11T20:04:39Z ERROR css_core::box_tree::constraint_block_layout] layout_block ENTRY: node=NodeKey(12414173472358400077)
[2026-01-11T20:04:39Z ERROR css_core::box_tree::constraint_block_layout] Checking flex: node=NodeKey(12414173472358400077), display=Inline
[2026-01-11T20:04:39Z ERROR css_core::box_tree::constraint_block_layout] layout_block ENTRY: node=NodeKey(12414173472358400080)
[2026-01-11T20:04:39Z ERROR css_core::box_tree::constraint_block_layout] Checking flex: node=NodeKey(12414173472358400080), display=Inline
[2026-01-11T20:04:39Z ERROR css_core::box_tree::constraint_block_layout::flex_layout] layout_flex: node=NodeKey(12414173472358400075), flex_items.len()=2
[2026-01-11T20:04:39Z ERROR css_core::box_tree::constraint_block_layout] layout_block ENTRY: node=NodeKey(12414173472358400077)
[2026-01-11T20:04:39Z ERROR css_core::box_tree::constraint_block_layout] Checking flex: node=NodeKey(12414173472358400077), display=Inline
[2026-01-11T20:04:39Z ERROR css_core::box_tree::constraint_block_layout] layout_block ENTRY: node=NodeKey(12414173472358400080)
[2026-01-11T20:04:39Z ERROR css_core::box_tree::constraint_block_layout] Checking flex: node=NodeKey(12414173472358400080), display=Inline
[2026-01-11T20:04:39Z ERROR css_core::box_tree::constraint_block_layout] INSERTING FLEX CONTAINER in layout_block: node=NodeKey(12414173472358400075), inline_size=734, is_measurement=false
[2026-01-11T20:04:39Z ERROR css_core::box_tree::constraint_block_layout] layout_block ENTRY: node=NodeKey(12414173472358400086)
[2026-01-11T20:04:39Z ERROR css_core::box_tree::constraint_block_layout] Checking flex: node=NodeKey(12414173472358400086), display=Inline
[2026-01-11T20:04:39Z ERROR css_core::box_tree::constraint_block_layout] layout_block ENTRY: node=NodeKey(12414173472358400088)
[2026-01-11T20:04:39Z ERROR css_core::box_tree::constraint_block_layout] Checking flex: node=NodeKey(12414173472358400088), display=Inline
[2026-01-11T20:04:39Z ERROR css_core::box_tree::constraint_block_layout] layout_block ENTRY: node=NodeKey(12414173472358400089)
[2026-01-11T20:04:39Z ERROR css_core::box_tree::constraint_block_layout] Checking flex: node=NodeKey(12414173472358400089), display=Inline
[2026-01-11T20:04:39Z ERROR css_core::box_tree::constraint_block_layout] layout_block ENTRY: node=NodeKey(12414173472358400091)
[2026-01-11T20:04:39Z ERROR css_core::box_tree::constraint_block_layout] Checking flex: node=NodeKey(12414173472358400091), display=Inline
[2026-01-11T20:04:39Z ERROR css_core::box_tree::constraint_block_layout] layout_block ENTRY: node=NodeKey(12414173472358400093)
[2026-01-11T20:04:39Z ERROR css_core::box_tree::constraint_block_layout] Checking flex: node=NodeKey(12414173472358400093), display=Flex
[2026-01-11T20:04:39Z ERROR css_core::box_tree::constraint_block_layout] IS FLEX!
[2026-01-11T20:04:39Z ERROR css_core::box_tree::constraint_block_layout::flex_layout] layout_flex: node=NodeKey(12414173472358400093), children.len()=5
[2026-01-11T20:04:39Z ERROR css_core::box_tree::constraint_block_layout] layout_block ENTRY: node=NodeKey(12414173472358400095)
[2026-01-11T20:04:39Z ERROR css_core::box_tree::constraint_block_layout] Checking flex: node=NodeKey(12414173472358400095), display=Block
[2026-01-11T20:04:39Z ERROR css_core::box_tree::constraint_block_layout] layout_block ENTRY: node=NodeKey(12414173472358400097)
[2026-01-11T20:04:39Z ERROR css_core::box_tree::constraint_block_layout] Checking flex: node=NodeKey(12414173472358400097), display=Block
[2026-01-11T20:04:39Z ERROR css_core::box_tree::constraint_block_layout] layout_block ENTRY: node=NodeKey(12414173472358400099)
[2026-01-11T20:04:39Z ERROR css_core::box_tree::constraint_block_layout] Checking flex: node=NodeKey(12414173472358400099), display=Block
[2026-01-11T20:04:39Z ERROR css_core::box_tree::constraint_block_layout] layout_block ENTRY: node=NodeKey(12414173472358400102)
[2026-01-11T20:04:39Z ERROR css_core::box_tree::constraint_block_layout] Checking flex: node=NodeKey(12414173472358400102), display=Block
[2026-01-11T20:04:39Z ERROR css_core::box_tree::constraint_block_layout::flex_layout] layout_flex: node=NodeKey(12414173472358400093), flex_items.len()=2
[2026-01-11T20:04:39Z ERROR css_core::box_tree::constraint_block_layout] layout_block ENTRY: node=NodeKey(12414173472358400095)
[2026-01-11T20:04:39Z ERROR css_core::box_tree::constraint_block_layout] Checking flex: node=NodeKey(12414173472358400095), display=Block
[2026-01-11T20:04:39Z ERROR css_core::box_tree::constraint_block_layout] layout_block ENTRY: node=NodeKey(12414173472358400097)
[2026-01-11T20:04:39Z ERROR css_core::box_tree::constraint_block_layout] Checking flex: node=NodeKey(12414173472358400097), display=Block
[2026-01-11T20:04:39Z ERROR css_core::box_tree::constraint_block_layout] layout_block ENTRY: node=NodeKey(12414173472358400099)
[2026-01-11T20:04:39Z ERROR css_core::box_tree::constraint_block_layout] Checking flex: node=NodeKey(12414173472358400099), display=Block
[2026-01-11T20:04:39Z ERROR css_core::box_tree::constraint_block_layout] layout_block ENTRY: node=NodeKey(12414173472358400102)
[2026-01-11T20:04:39Z ERROR css_core::box_tree::constraint_block_layout] Checking flex: node=NodeKey(12414173472358400102), display=Block
[2026-01-11T20:04:39Z ERROR css_core::box_tree::constraint_block_layout] INSERTING FLEX CONTAINER in layout_block: node=NodeKey(12414173472358400093), inline_size=734, is_measurement=false
[2026-01-11T20:04:39Z ERROR css_core::box_tree::constraint_block_layout] layout_block ENTRY: node=NodeKey(12414173472358400108)
[2026-01-11T20:04:39Z ERROR css_core::box_tree::constraint_block_layout] Checking flex: node=NodeKey(12414173472358400108), display=Inline
[2026-01-11T20:04:39Z ERROR css_core::box_tree::constraint_block_layout] layout_block ENTRY: node=NodeKey(12414173472358400111)
[2026-01-11T20:04:39Z ERROR css_core::box_tree::constraint_block_layout] Checking flex: node=NodeKey(12414173472358400111), display=Inline
[2026-01-11T20:04:39Z ERROR css_core::box_tree::constraint_block_layout] layout_block ENTRY: node=NodeKey(12414173472358400114)
[2026-01-11T20:04:39Z ERROR css_core::box_tree::constraint_block_layout] Checking flex: node=NodeKey(12414173472358400114), display=Inline
[2026-01-11T20:04:39Z ERROR css_core::box_tree::constraint_block_layout] layout_block ENTRY: node=NodeKey(12414173472358400116)
[2026-01-11T20:04:39Z ERROR css_core::box_tree::constraint_block_layout] Checking flex: node=NodeKey(12414173472358400116), display=Flex
[2026-01-11T20:04:39Z ERROR css_core::box_tree::constraint_block_layout] IS FLEX!
[2026-01-11T20:04:39Z ERROR css_core::box_tree::constraint_block_layout::flex_layout] layout_flex: node=NodeKey(12414173472358400116), children.len()=5
[2026-01-11T20:04:39Z ERROR css_core::box_tree::constraint_block_layout] layout_block ENTRY: node=NodeKey(12414173472358400118)
[2026-01-11T20:04:39Z ERROR css_core::box_tree::constraint_block_layout] Checking flex: node=NodeKey(12414173472358400118), display=Inline
[2026-01-11T20:04:39Z ERROR css_core::box_tree::constraint_block_layout] layout_block ENTRY: node=NodeKey(12414173472358400121)
[2026-01-11T20:04:39Z ERROR css_core::box_tree::constraint_block_layout] Checking flex: node=NodeKey(12414173472358400121), display=Inline
[2026-01-11T20:04:39Z ERROR css_core::box_tree::constraint_block_layout::flex_layout] layout_flex: node=NodeKey(12414173472358400116), flex_items.len()=2
[2026-01-11T20:04:39Z ERROR css_core::box_tree::constraint_block_layout] layout_block ENTRY: node=NodeKey(12414173472358400118)
[2026-01-11T20:04:39Z ERROR css_core::box_tree::constraint_block_layout] Checking flex: node=NodeKey(12414173472358400118), display=Inline
[2026-01-11T20:04:39Z ERROR css_core::box_tree::constraint_block_layout] layout_block ENTRY: node=NodeKey(12414173472358400121)
[2026-01-11T20:04:39Z ERROR css_core::box_tree::constraint_block_layout] Checking flex: node=NodeKey(12414173472358400121), display=Inline
[2026-01-11T20:04:39Z ERROR css_core::box_tree::constraint_block_layout] INSERTING FLEX CONTAINER in layout_block: node=NodeKey(12414173472358400116), inline_size=734, is_measurement=false
[2026-01-11T20:04:39Z ERROR page_handler::core::incremental_layout] LAYOUT TREE COMPLETE - generation 1, total results: 107
[2026-01-11T20:04:39Z ERROR page_handler::core::incremental_layout] RUNNING LAYOUT TREE - generation 1
[2026-01-11T20:04:39Z ERROR css_core::box_tree::constraint_block_layout] layout_block ENTRY: node=NodeKey(15530382939522072578)
[2026-01-11T20:04:39Z ERROR css_core::box_tree::constraint_block_layout] Checking flex: node=NodeKey(15530382939522072578), display=Block
[2026-01-11T20:04:39Z ERROR css_core::box_tree::constraint_block_layout] layout_block ENTRY: node=NodeKey(15530382939522072590)
[2026-01-11T20:04:39Z ERROR css_core::box_tree::constraint_block_layout] Checking flex: node=NodeKey(15530382939522072590), display=Block
[2026-01-11T20:04:39Z ERROR css_core::box_tree::constraint_block_layout] layout_block ENTRY: node=NodeKey(15530382939522072592)
[2026-01-11T20:04:39Z ERROR css_core::box_tree::constraint_block_layout] Checking flex: node=NodeKey(15530382939522072592), display=Block
[2026-01-11T20:04:39Z ERROR css_core::box_tree::constraint_block_layout] layout_block ENTRY: node=NodeKey(15530382939522072594)
[2026-01-11T20:04:39Z ERROR css_core::box_tree::constraint_block_layout] Checking flex: node=NodeKey(15530382939522072594), display=Inline
[2026-01-11T20:04:39Z ERROR css_core::box_tree::constraint_block_layout] layout_block ENTRY: node=NodeKey(15530382939522072596)
[2026-01-11T20:04:39Z ERROR css_core::box_tree::constraint_block_layout] Checking flex: node=NodeKey(15530382939522072596), display=Inline
[2026-01-11T20:04:39Z ERROR css_core::box_tree::constraint_block_layout] layout_block ENTRY: node=NodeKey(15530382939522072598)
[2026-01-11T20:04:39Z ERROR css_core::box_tree::constraint_block_layout] Checking flex: node=NodeKey(15530382939522072598), display=Inline
[2026-01-11T20:04:39Z ERROR css_core::box_tree::constraint_block_layout] layout_block ENTRY: node=NodeKey(15530382939522072600)
[2026-01-11T20:04:39Z ERROR css_core::box_tree::constraint_block_layout] Checking flex: node=NodeKey(15530382939522072600), display=Inline
[2026-01-11T20:04:39Z ERROR css_core::box_tree::constraint_block_layout] layout_block ENTRY: node=NodeKey(15530382939522072603)
[2026-01-11T20:04:39Z ERROR css_core::box_tree::constraint_block_layout] Checking flex: node=NodeKey(15530382939522072603), display=Inline
[2026-01-11T20:04:39Z ERROR css_core::box_tree::constraint_block_layout] layout_block ENTRY: node=NodeKey(15530382939522072606)
[2026-01-11T20:04:39Z ERROR css_core::box_tree::constraint_block_layout] Checking flex: node=NodeKey(15530382939522072606), display=Inline
[2026-01-11T20:04:39Z ERROR css_core::box_tree::constraint_block_layout] layout_block ENTRY: node=NodeKey(15530382939522072609)
[2026-01-11T20:04:39Z ERROR css_core::box_tree::constraint_block_layout] Checking flex: node=NodeKey(15530382939522072609), display=Inline
[2026-01-11T20:04:39Z ERROR css_core::box_tree::constraint_block_layout] layout_block ENTRY: node=NodeKey(15530382939522072614)
[2026-01-11T20:04:39Z ERROR css_core::box_tree::constraint_block_layout] Checking flex: node=NodeKey(15530382939522072614), display=Inline
[2026-01-11T20:04:39Z ERROR css_core::box_tree::constraint_block_layout] layout_block ENTRY: node=NodeKey(15530382939522072616)
[2026-01-11T20:04:39Z ERROR css_core::box_tree::constraint_block_layout] Checking flex: node=NodeKey(15530382939522072616), display=Inline
[2026-01-11T20:04:39Z ERROR css_core::box_tree::constraint_block_layout] layout_block ENTRY: node=NodeKey(15530382939522072618)
[2026-01-11T20:04:39Z ERROR css_core::box_tree::constraint_block_layout] Checking flex: node=NodeKey(15530382939522072618), display=Inline
[2026-01-11T20:04:39Z ERROR css_core::box_tree::constraint_block_layout] layout_block ENTRY: node=NodeKey(15530382939522072621)
[2026-01-11T20:04:39Z ERROR css_core::box_tree::constraint_block_layout] Checking flex: node=NodeKey(15530382939522072621), display=Inline
[2026-01-11T20:04:39Z ERROR css_core::box_tree::constraint_block_layout] layout_block ENTRY: node=NodeKey(15530382939522072624)
[2026-01-11T20:04:39Z ERROR css_core::box_tree::constraint_block_layout] Checking flex: node=NodeKey(15530382939522072624), display=Inline
[2026-01-11T20:04:39Z ERROR css_core::box_tree::constraint_block_layout] layout_block ENTRY: node=NodeKey(15530382939522072627)
[2026-01-11T20:04:39Z ERROR css_core::box_tree::constraint_block_layout] Checking flex: node=NodeKey(15530382939522072627), display=Inline
[2026-01-11T20:04:39Z ERROR css_core::box_tree::constraint_block_layout] layout_block ENTRY: node=NodeKey(15530382939522072628)
[2026-01-11T20:04:39Z ERROR css_core::box_tree::constraint_block_layout] Checking flex: node=NodeKey(15530382939522072628), display=InlineBlock
[2026-01-11T20:04:39Z ERROR css_core::box_tree::constraint_block_layout] layout_block ENTRY: node=NodeKey(15530382939522072632)
[2026-01-11T20:04:39Z ERROR css_core::box_tree::constraint_block_layout] Checking flex: node=NodeKey(15530382939522072632), display=Inline
[2026-01-11T20:04:39Z ERROR css_core::box_tree::constraint_block_layout] layout_block ENTRY: node=NodeKey(15530382939522072634)
[2026-01-11T20:04:39Z ERROR css_core::box_tree::constraint_block_layout] Checking flex: node=NodeKey(15530382939522072634), display=Inline
[2026-01-11T20:04:39Z ERROR css_core::box_tree::constraint_block_layout] layout_block ENTRY: node=NodeKey(15530382939522072637)
[2026-01-11T20:04:39Z ERROR css_core::box_tree::constraint_block_layout] Checking flex: node=NodeKey(15530382939522072637), display=Inline
[2026-01-11T20:04:39Z ERROR css_core::box_tree::constraint_block_layout] layout_block ENTRY: node=NodeKey(15530382939522072640)
[2026-01-11T20:04:39Z ERROR css_core::box_tree::constraint_block_layout] Checking flex: node=NodeKey(15530382939522072640), display=Inline
[2026-01-11T20:04:39Z ERROR css_core::box_tree::constraint_block_layout] layout_block ENTRY: node=NodeKey(15530382939522072643)
[2026-01-11T20:04:39Z ERROR css_core::box_tree::constraint_block_layout] Checking flex: node=NodeKey(15530382939522072643), display=Inline
[2026-01-11T20:04:39Z ERROR css_core::box_tree::constraint_block_layout] layout_block ENTRY: node=NodeKey(15530382939522072644)
[2026-01-11T20:04:39Z ERROR css_core::box_tree::constraint_block_layout] Checking flex: node=NodeKey(15530382939522072644), display=InlineBlock
[2026-01-11T20:04:39Z ERROR css_core::box_tree::constraint_block_layout] layout_block ENTRY: node=NodeKey(15530382939522072648)
[2026-01-11T20:04:39Z ERROR css_core::box_tree::constraint_block_layout] Checking flex: node=NodeKey(15530382939522072648), display=Inline
[2026-01-11T20:04:39Z ERROR css_core::box_tree::constraint_block_layout] layout_block ENTRY: node=NodeKey(15530382939522072650)
[2026-01-11T20:04:39Z ERROR css_core::box_tree::constraint_block_layout] Checking flex: node=NodeKey(15530382939522072650), display=Inline
[2026-01-11T20:04:39Z ERROR css_core::box_tree::constraint_block_layout] layout_block ENTRY: node=NodeKey(15530382939522072653)
[2026-01-11T20:04:39Z ERROR css_core::box_tree::constraint_block_layout] Checking flex: node=NodeKey(15530382939522072653), display=Inline
[2026-01-11T20:04:39Z ERROR css_core::box_tree::constraint_block_layout] layout_block ENTRY: node=NodeKey(15530382939522072656)
[2026-01-11T20:04:39Z ERROR css_core::box_tree::constraint_block_layout] Checking flex: node=NodeKey(15530382939522072656), display=Inline
[2026-01-11T20:04:39Z ERROR css_core::box_tree::constraint_block_layout] layout_block ENTRY: node=NodeKey(15530382939522072659)
[2026-01-11T20:04:39Z ERROR css_core::box_tree::constraint_block_layout] Checking flex: node=NodeKey(15530382939522072659), display=Inline
[2026-01-11T20:04:39Z ERROR css_core::box_tree::constraint_block_layout] layout_block ENTRY: node=NodeKey(15530382939522072660)
[2026-01-11T20:04:39Z ERROR css_core::box_tree::constraint_block_layout] Checking flex: node=NodeKey(15530382939522072660), display=InlineBlock
[2026-01-11T20:04:39Z ERROR css_core::box_tree::constraint_block_layout] layout_block ENTRY: node=NodeKey(15530382939522072664)
[2026-01-11T20:04:39Z ERROR css_core::box_tree::constraint_block_layout] Checking flex: node=NodeKey(15530382939522072664), display=Inline
[2026-01-11T20:04:39Z ERROR css_core::box_tree::constraint_block_layout] layout_block ENTRY: node=NodeKey(15530382939522072666)
[2026-01-11T20:04:39Z ERROR css_core::box_tree::constraint_block_layout] Checking flex: node=NodeKey(15530382939522072666), display=Inline
[2026-01-11T20:04:39Z ERROR css_core::box_tree::constraint_block_layout] layout_block ENTRY: node=NodeKey(15530382939522072669)
[2026-01-11T20:04:39Z ERROR css_core::box_tree::constraint_block_layout] Checking flex: node=NodeKey(15530382939522072669), display=Inline
[2026-01-11T20:04:39Z ERROR css_core::box_tree::constraint_block_layout] layout_block ENTRY: node=NodeKey(15530382939522072672)
[2026-01-11T20:04:39Z ERROR css_core::box_tree::constraint_block_layout] Checking flex: node=NodeKey(15530382939522072672), display=Inline
[2026-01-11T20:04:39Z ERROR css_core::box_tree::constraint_block_layout] layout_block ENTRY: node=NodeKey(15530382939522072675)
[2026-01-11T20:04:39Z ERROR css_core::box_tree::constraint_block_layout] Checking flex: node=NodeKey(15530382939522072675), display=Inline
[2026-01-11T20:04:39Z ERROR css_core::box_tree::constraint_block_layout] layout_block ENTRY: node=NodeKey(15530382939522072676)
[2026-01-11T20:04:39Z ERROR css_core::box_tree::constraint_block_layout] Checking flex: node=NodeKey(15530382939522072676), display=InlineBlock
[2026-01-11T20:04:39Z ERROR page_handler::core::incremental_layout] LAYOUT TREE COMPLETE - generation 1, total results: 95
[2026-01-11T20:04:39Z ERROR page_handler::core::incremental_layout] RUNNING LAYOUT TREE - generation 1
[2026-01-11T20:04:39Z ERROR css_core::box_tree::constraint_block_layout] layout_block ENTRY: node=NodeKey(15197960992026787842)
[2026-01-11T20:04:39Z ERROR css_core::box_tree::constraint_block_layout] Checking flex: node=NodeKey(15197960992026787842), display=Block
[2026-01-11T20:04:39Z ERROR css_core::box_tree::constraint_block_layout] layout_block ENTRY: node=NodeKey(15197960992026787854)
[2026-01-11T20:04:39Z ERROR css_core::box_tree::constraint_block_layout] Checking flex: node=NodeKey(15197960992026787854), display=Block
[2026-01-11T20:04:39Z ERROR css_core::box_tree::constraint_block_layout] layout_block ENTRY: node=NodeKey(15197960992026787856)
[2026-01-11T20:04:39Z ERROR css_core::box_tree::constraint_block_layout] Checking flex: node=NodeKey(15197960992026787856), display=Flex
[2026-01-11T20:04:39Z ERROR css_core::box_tree::constraint_block_layout] IS FLEX!
[2026-01-11T20:04:39Z ERROR css_core::box_tree::constraint_block_layout::flex_layout] layout_flex: node=NodeKey(15197960992026787856), children.len()=5
[2026-01-11T20:04:39Z ERROR css_core::box_tree::constraint_block_layout] layout_block ENTRY: node=NodeKey(15197960992026787858)
[2026-01-11T20:04:39Z ERROR css_core::box_tree::constraint_block_layout] Checking flex: node=NodeKey(15197960992026787858), display=Block
[2026-01-11T20:04:39Z ERROR css_core::box_tree::constraint_block_layout] layout_block ENTRY: node=NodeKey(15197960992026787860)
[2026-01-11T20:04:39Z ERROR css_core::box_tree::constraint_block_layout] Checking flex: node=NodeKey(15197960992026787860), display=InlineFlex
[2026-01-11T20:04:39Z ERROR css_core::box_tree::constraint_block_layout] IS FLEX!
[2026-01-11T20:04:39Z ERROR css_core::box_tree::constraint_block_layout::flex_layout] layout_flex: node=NodeKey(15197960992026787860), children.len()=3
[2026-01-11T20:04:39Z ERROR css_core::box_tree::constraint_block_layout] layout_block ENTRY: node=NodeKey(15197960992026787862)
[2026-01-11T20:04:39Z ERROR css_core::box_tree::constraint_block_layout] Checking flex: node=NodeKey(15197960992026787862), display=Inline
[2026-01-11T20:04:39Z ERROR css_core::box_tree::constraint_block_layout::flex_layout] layout_flex: node=NodeKey(15197960992026787860), flex_items.len()=2
[2026-01-11T20:04:39Z ERROR css_core::box_tree::constraint_block_layout] layout_block ENTRY: node=NodeKey(15197960992026787862)
[2026-01-11T20:04:39Z ERROR css_core::box_tree::constraint_block_layout] Checking flex: node=NodeKey(15197960992026787862), display=Inline
[2026-01-11T20:04:39Z ERROR css_core::box_tree::constraint_block_layout] INSERTING FLEX CONTAINER in layout_block: node=NodeKey(15197960992026787860), inline_size=110.359375, is_measurement=true
[2026-01-11T20:04:39Z ERROR css_core::box_tree::constraint_block_layout] layout_block ENTRY: node=NodeKey(15197960992026787865)
[2026-01-11T20:04:39Z ERROR css_core::box_tree::constraint_block_layout] Checking flex: node=NodeKey(15197960992026787865), display=Block
[2026-01-11T20:04:39Z ERROR css_core::box_tree::constraint_block_layout] layout_block ENTRY: node=NodeKey(15197960992026787866)
[2026-01-11T20:04:39Z ERROR css_core::box_tree::constraint_block_layout] layout_block ENTRY: node=NodeKey(15197960992026787867)
[2026-01-11T20:04:39Z ERROR css_core::box_tree::constraint_block_layout] Checking flex: node=NodeKey(15197960992026787867), display=Flex
[2026-01-11T20:04:39Z ERROR css_core::box_tree::constraint_block_layout] IS FLEX!
[2026-01-11T20:04:39Z ERROR css_core::box_tree::constraint_block_layout::flex_layout] layout_flex: node=NodeKey(15197960992026787867), children.len()=2
[2026-01-11T20:04:39Z ERROR css_core::box_tree::constraint_block_layout] layout_block ENTRY: node=NodeKey(15197960992026787868)
[2026-01-11T20:04:39Z ERROR css_core::box_tree::constraint_block_layout] Checking flex: node=NodeKey(15197960992026787868), display=Inline
[2026-01-11T20:04:39Z ERROR css_core::box_tree::constraint_block_layout::flex_layout] layout_flex: node=NodeKey(15197960992026787867), flex_items.len()=2
[2026-01-11T20:04:39Z ERROR css_core::box_tree::constraint_block_layout] layout_block ENTRY: node=NodeKey(15197960992026787868)
[2026-01-11T20:04:39Z ERROR css_core::box_tree::constraint_block_layout] Checking flex: node=NodeKey(15197960992026787868), display=Inline
[2026-01-11T20:04:39Z ERROR css_core::box_tree::constraint_block_layout] INSERTING FLEX CONTAINER in layout_block: node=NodeKey(15197960992026787867), inline_size=200, is_measurement=true
[2026-01-11T20:04:39Z ERROR css_core::box_tree::constraint_block_layout] layout_block ENTRY: node=NodeKey(15197960992026787870)
[2026-01-11T20:04:39Z ERROR css_core::box_tree::constraint_block_layout] layout_block ENTRY: node=NodeKey(15197960992026787871)
[2026-01-11T20:04:39Z ERROR css_core::box_tree::constraint_block_layout] Checking flex: node=NodeKey(15197960992026787871), display=Flex
[2026-01-11T20:04:39Z ERROR css_core::box_tree::constraint_block_layout] IS FLEX!
[2026-01-11T20:04:39Z ERROR css_core::box_tree::constraint_block_layout::flex_layout] layout_flex: node=NodeKey(15197960992026787871), children.len()=2
[2026-01-11T20:04:39Z ERROR css_core::box_tree::constraint_block_layout] layout_block ENTRY: node=NodeKey(15197960992026787872)
[2026-01-11T20:04:39Z ERROR css_core::box_tree::constraint_block_layout] Checking flex: node=NodeKey(15197960992026787872), display=Inline
[2026-01-11T20:04:39Z ERROR css_core::box_tree::constraint_block_layout::flex_layout] layout_flex: node=NodeKey(15197960992026787871), flex_items.len()=2
[2026-01-11T20:04:39Z ERROR css_core::box_tree::constraint_block_layout] layout_block ENTRY: node=NodeKey(15197960992026787872)
[2026-01-11T20:04:39Z ERROR css_core::box_tree::constraint_block_layout] Checking flex: node=NodeKey(15197960992026787872), display=Inline
[2026-01-11T20:04:39Z ERROR css_core::box_tree::constraint_block_layout] INSERTING FLEX CONTAINER in layout_block: node=NodeKey(15197960992026787871), inline_size=200, is_measurement=true
[2026-01-11T20:04:39Z ERROR css_core::box_tree::constraint_block_layout] layout_block ENTRY: node=NodeKey(15197960992026787874)
[2026-01-11T20:04:39Z ERROR css_core::box_tree::constraint_block_layout] layout_block ENTRY: node=NodeKey(15197960992026787875)
[2026-01-11T20:04:39Z ERROR css_core::box_tree::constraint_block_layout] Checking flex: node=NodeKey(15197960992026787875), display=Flex
[2026-01-11T20:04:39Z ERROR css_core::box_tree::constraint_block_layout] IS FLEX!
[2026-01-11T20:04:39Z ERROR css_core::box_tree::constraint_block_layout::flex_layout] layout_flex: node=NodeKey(15197960992026787875), children.len()=2
[2026-01-11T20:04:39Z ERROR css_core::box_tree::constraint_block_layout] layout_block ENTRY: node=NodeKey(15197960992026787876)
[2026-01-11T20:04:39Z ERROR css_core::box_tree::constraint_block_layout] Checking flex: node=NodeKey(15197960992026787876), display=Inline
[2026-01-11T20:04:39Z ERROR css_core::box_tree::constraint_block_layout::flex_layout] layout_flex: node=NodeKey(15197960992026787875), flex_items.len()=2
[2026-01-11T20:04:39Z ERROR css_core::box_tree::constraint_block_layout] layout_block ENTRY: node=NodeKey(15197960992026787876)
[2026-01-11T20:04:39Z ERROR css_core::box_tree::constraint_block_layout] Checking flex: node=NodeKey(15197960992026787876), display=Inline
[2026-01-11T20:04:39Z ERROR css_core::box_tree::constraint_block_layout] INSERTING FLEX CONTAINER in layout_block: node=NodeKey(15197960992026787875), inline_size=200, is_measurement=true
[2026-01-11T20:04:39Z ERROR css_core::box_tree::constraint_block_layout] layout_block ENTRY: node=NodeKey(15197960992026787878)
[2026-01-11T20:04:39Z ERROR css_core::box_tree::constraint_block_layout] layout_block ENTRY: node=NodeKey(15197960992026787879)
[2026-01-11T20:04:39Z ERROR css_core::box_tree::constraint_block_layout] Checking flex: node=NodeKey(15197960992026787879), display=Block
[2026-01-11T20:04:39Z ERROR css_core::box_tree::constraint_block_layout] layout_block ENTRY: node=NodeKey(15197960992026787880)
[2026-01-11T20:04:39Z ERROR css_core::box_tree::constraint_block_layout] layout_block ENTRY: node=NodeKey(15197960992026787881)
[2026-01-11T20:04:39Z ERROR css_core::box_tree::constraint_block_layout] Checking flex: node=NodeKey(15197960992026787881), display=Flex
[2026-01-11T20:04:39Z ERROR css_core::box_tree::constraint_block_layout] IS FLEX!
[2026-01-11T20:04:39Z ERROR css_core::box_tree::constraint_block_layout::flex_layout] layout_flex: node=NodeKey(15197960992026787881), children.len()=2
[2026-01-11T20:04:39Z ERROR css_core::box_tree::constraint_block_layout] layout_block ENTRY: node=NodeKey(15197960992026787882)
[2026-01-11T20:04:39Z ERROR css_core::box_tree::constraint_block_layout] Checking flex: node=NodeKey(15197960992026787882), display=Inline
[2026-01-11T20:04:39Z ERROR css_core::box_tree::constraint_block_layout::flex_layout] layout_flex: node=NodeKey(15197960992026787881), flex_items.len()=2
[2026-01-11T20:04:39Z ERROR css_core::box_tree::constraint_block_layout] layout_block ENTRY: node=NodeKey(15197960992026787882)
[2026-01-11T20:04:39Z ERROR css_core::box_tree::constraint_block_layout] Checking flex: node=NodeKey(15197960992026787882), display=Inline
[2026-01-11T20:04:39Z ERROR css_core::box_tree::constraint_block_layout] INSERTING FLEX CONTAINER in layout_block: node=NodeKey(15197960992026787881), inline_size=200, is_measurement=true
[2026-01-11T20:04:39Z ERROR css_core::box_tree::constraint_block_layout] layout_block ENTRY: node=NodeKey(15197960992026787884)
[2026-01-11T20:04:39Z ERROR css_core::box_tree::constraint_block_layout] layout_block ENTRY: node=NodeKey(15197960992026787887)
[2026-01-11T20:04:39Z ERROR css_core::box_tree::constraint_block_layout] Checking flex: node=NodeKey(15197960992026787887), display=Block
[2026-01-11T20:04:39Z ERROR css_core::box_tree::constraint_block_layout] layout_block ENTRY: node=NodeKey(15197960992026787889)
[2026-01-11T20:04:39Z ERROR css_core::box_tree::constraint_block_layout] Checking flex: node=NodeKey(15197960992026787889), display=InlineFlex
[2026-01-11T20:04:39Z ERROR css_core::box_tree::constraint_block_layout] IS FLEX!
[2026-01-11T20:04:39Z ERROR css_core::box_tree::constraint_block_layout::flex_layout] layout_flex: node=NodeKey(15197960992026787889), children.len()=3
[2026-01-11T20:04:39Z ERROR css_core::box_tree::constraint_block_layout] layout_block ENTRY: node=NodeKey(15197960992026787891)
[2026-01-11T20:04:39Z ERROR css_core::box_tree::constraint_block_layout] Checking flex: node=NodeKey(15197960992026787891), display=Inline
[2026-01-11T20:04:39Z ERROR css_core::box_tree::constraint_block_layout::flex_layout] layout_flex: node=NodeKey(15197960992026787889), flex_items.len()=2
[2026-01-11T20:04:39Z ERROR css_core::box_tree::constraint_block_layout] layout_block ENTRY: node=NodeKey(15197960992026787891)
[2026-01-11T20:04:39Z ERROR css_core::box_tree::constraint_block_layout] Checking flex: node=NodeKey(15197960992026787891), display=Inline
[2026-01-11T20:04:39Z ERROR css_core::box_tree::constraint_block_layout] INSERTING FLEX CONTAINER in layout_block: node=NodeKey(15197960992026787889), inline_size=103.21875, is_measurement=true
[2026-01-11T20:04:39Z ERROR css_core::box_tree::constraint_block_layout] layout_block ENTRY: node=NodeKey(15197960992026787894)
[2026-01-11T20:04:39Z ERROR css_core::box_tree::constraint_block_layout] Checking flex: node=NodeKey(15197960992026787894), display=Block
[2026-01-11T20:04:39Z ERROR css_core::box_tree::constraint_block_layout] layout_block ENTRY: node=NodeKey(15197960992026787895)
[2026-01-11T20:04:39Z ERROR css_core::box_tree::constraint_block_layout] layout_block ENTRY: node=NodeKey(15197960992026787896)
[2026-01-11T20:04:39Z ERROR css_core::box_tree::constraint_block_layout] Checking flex: node=NodeKey(15197960992026787896), display=Flex
[2026-01-11T20:04:39Z ERROR css_core::box_tree::constraint_block_layout] IS FLEX!
[2026-01-11T20:04:39Z ERROR css_core::box_tree::constraint_block_layout::flex_layout] layout_flex: node=NodeKey(15197960992026787896), children.len()=1
[2026-01-11T20:04:39Z ERROR css_core::box_tree::constraint_block_layout::flex_layout] layout_flex: node=NodeKey(15197960992026787896), flex_items.len()=1
[2026-01-11T20:04:39Z ERROR css_core::box_tree::constraint_block_layout] INSERTING FLEX CONTAINER in layout_block: node=NodeKey(15197960992026787896), inline_size=200, is_measurement=true
[2026-01-11T20:04:39Z ERROR css_core::box_tree::constraint_block_layout] layout_block ENTRY: node=NodeKey(15197960992026787898)
[2026-01-11T20:04:39Z ERROR css_core::box_tree::constraint_block_layout] layout_block ENTRY: node=NodeKey(15197960992026787899)
[2026-01-11T20:04:39Z ERROR css_core::box_tree::constraint_block_layout] Checking flex: node=NodeKey(15197960992026787899), display=Flex
[2026-01-11T20:04:39Z ERROR css_core::box_tree::constraint_block_layout] IS FLEX!
[2026-01-11T20:04:39Z ERROR css_core::box_tree::constraint_block_layout::flex_layout] layout_flex: node=NodeKey(15197960992026787899), children.len()=1
[2026-01-11T20:04:39Z ERROR css_core::box_tree::constraint_block_layout::flex_layout] layout_flex: node=NodeKey(15197960992026787899), flex_items.len()=1
[2026-01-11T20:04:39Z ERROR css_core::box_tree::constraint_block_layout] INSERTING FLEX CONTAINER in layout_block: node=NodeKey(15197960992026787899), inline_size=200, is_measurement=true
[2026-01-11T20:04:39Z ERROR css_core::box_tree::constraint_block_layout] layout_block ENTRY: node=NodeKey(15197960992026787901)
[2026-01-11T20:04:39Z ERROR css_core::box_tree::constraint_block_layout] layout_block ENTRY: node=NodeKey(15197960992026787902)
[2026-01-11T20:04:39Z ERROR css_core::box_tree::constraint_block_layout] Checking flex: node=NodeKey(15197960992026787902), display=Flex
[2026-01-11T20:04:39Z ERROR css_core::box_tree::constraint_block_layout] IS FLEX!
[2026-01-11T20:04:39Z ERROR css_core::box_tree::constraint_block_layout::flex_layout] layout_flex: node=NodeKey(15197960992026787902), children.len()=1
[2026-01-11T20:04:39Z ERROR css_core::box_tree::constraint_block_layout::flex_layout] layout_flex: node=NodeKey(15197960992026787902), flex_items.len()=1
[2026-01-11T20:04:39Z ERROR css_core::box_tree::constraint_block_layout] INSERTING FLEX CONTAINER in layout_block: node=NodeKey(15197960992026787902), inline_size=200, is_measurement=true
[2026-01-11T20:04:39Z ERROR css_core::box_tree::constraint_block_layout] layout_block ENTRY: node=NodeKey(15197960992026787904)
[2026-01-11T20:04:39Z ERROR css_core::box_tree::constraint_block_layout] layout_block ENTRY: node=NodeKey(15197960992026787905)
[2026-01-11T20:04:39Z ERROR css_core::box_tree::constraint_block_layout] Checking flex: node=NodeKey(15197960992026787905), display=Block
[2026-01-11T20:04:39Z ERROR css_core::box_tree::constraint_block_layout] layout_block ENTRY: node=NodeKey(15197960992026787906)
[2026-01-11T20:04:39Z ERROR css_core::box_tree::constraint_block_layout] layout_block ENTRY: node=NodeKey(15197960992026787907)
[2026-01-11T20:04:39Z ERROR css_core::box_tree::constraint_block_layout] Checking flex: node=NodeKey(15197960992026787907), display=Flex
[2026-01-11T20:04:39Z ERROR css_core::box_tree::constraint_block_layout] IS FLEX!
[2026-01-11T20:04:39Z ERROR css_core::box_tree::constraint_block_layout::flex_layout] layout_flex: node=NodeKey(15197960992026787907), children.len()=1
[2026-01-11T20:04:39Z ERROR css_core::box_tree::constraint_block_layout::flex_layout] layout_flex: node=NodeKey(15197960992026787907), flex_items.len()=1
[2026-01-11T20:04:39Z ERROR css_core::box_tree::constraint_block_layout] INSERTING FLEX CONTAINER in layout_block: node=NodeKey(15197960992026787907), inline_size=200, is_measurement=true
[2026-01-11T20:04:39Z ERROR css_core::box_tree::constraint_block_layout] layout_block ENTRY: node=NodeKey(15197960992026787909)
[2026-01-11T20:04:39Z ERROR css_core::box_tree::constraint_block_layout::flex_layout] layout_flex: node=NodeKey(15197960992026787856), flex_items.len()=2
[2026-01-11T20:04:39Z ERROR css_core::box_tree::constraint_block_layout] layout_block ENTRY: node=NodeKey(15197960992026787858)
[2026-01-11T20:04:39Z ERROR css_core::box_tree::constraint_block_layout] Checking flex: node=NodeKey(15197960992026787858), display=Block
[2026-01-11T20:04:39Z ERROR css_core::box_tree::constraint_block_layout] layout_block ENTRY: node=NodeKey(15197960992026787860)
[2026-01-11T20:04:39Z ERROR css_core::box_tree::constraint_block_layout] Checking flex: node=NodeKey(15197960992026787860), display=InlineFlex
[2026-01-11T20:04:39Z ERROR css_core::box_tree::constraint_block_layout] IS FLEX!
[2026-01-11T20:04:39Z ERROR css_core::box_tree::constraint_block_layout::flex_layout] layout_flex: node=NodeKey(15197960992026787860), children.len()=3
[2026-01-11T20:04:39Z ERROR css_core::box_tree::constraint_block_layout] layout_block ENTRY: node=NodeKey(15197960992026787862)
[2026-01-11T20:04:39Z ERROR css_core::box_tree::constraint_block_layout] Checking flex: node=NodeKey(15197960992026787862), display=Inline
[2026-01-11T20:04:39Z ERROR css_core::box_tree::constraint_block_layout::flex_layout] layout_flex: node=NodeKey(15197960992026787860), flex_items.len()=2
[2026-01-11T20:04:39Z ERROR css_core::box_tree::constraint_block_layout] layout_block ENTRY: node=NodeKey(15197960992026787862)
[2026-01-11T20:04:39Z ERROR css_core::box_tree::constraint_block_layout] Checking flex: node=NodeKey(15197960992026787862), display=Inline
[2026-01-11T20:04:39Z ERROR css_core::box_tree::constraint_block_layout] INSERTING FLEX CONTAINER in layout_block: node=NodeKey(15197960992026787860), inline_size=110.359375, is_measurement=false
[2026-01-11T20:04:39Z ERROR css_core::box_tree::constraint_block_layout] layout_block ENTRY: node=NodeKey(15197960992026787865)
[2026-01-11T20:04:39Z ERROR css_core::box_tree::constraint_block_layout] Checking flex: node=NodeKey(15197960992026787865), display=Block
[2026-01-11T20:04:39Z ERROR css_core::box_tree::constraint_block_layout] layout_block ENTRY: node=NodeKey(15197960992026787866)
[2026-01-11T20:04:39Z ERROR css_core::box_tree::constraint_block_layout] layout_block ENTRY: node=NodeKey(15197960992026787867)
[2026-01-11T20:04:39Z ERROR css_core::box_tree::constraint_block_layout] Checking flex: node=NodeKey(15197960992026787867), display=Flex
[2026-01-11T20:04:39Z ERROR css_core::box_tree::constraint_block_layout] IS FLEX!
[2026-01-11T20:04:39Z ERROR css_core::box_tree::constraint_block_layout::flex_layout] layout_flex: node=NodeKey(15197960992026787867), children.len()=2
[2026-01-11T20:04:39Z ERROR css_core::box_tree::constraint_block_layout] layout_block ENTRY: node=NodeKey(15197960992026787868)
[2026-01-11T20:04:39Z ERROR css_core::box_tree::constraint_block_layout] Checking flex: node=NodeKey(15197960992026787868), display=Inline
[2026-01-11T20:04:39Z ERROR css_core::box_tree::constraint_block_layout::flex_layout] layout_flex: node=NodeKey(15197960992026787867), flex_items.len()=2
[2026-01-11T20:04:39Z ERROR css_core::box_tree::constraint_block_layout] layout_block ENTRY: node=NodeKey(15197960992026787868)
[2026-01-11T20:04:39Z ERROR css_core::box_tree::constraint_block_layout] Checking flex: node=NodeKey(15197960992026787868), display=Inline
[2026-01-11T20:04:39Z ERROR css_core::box_tree::constraint_block_layout] INSERTING FLEX CONTAINER in layout_block: node=NodeKey(15197960992026787867), inline_size=200, is_measurement=false
[2026-01-11T20:04:39Z ERROR css_core::box_tree::constraint_block_layout] layout_block ENTRY: node=NodeKey(15197960992026787870)
[2026-01-11T20:04:39Z ERROR css_core::box_tree::constraint_block_layout] layout_block ENTRY: node=NodeKey(15197960992026787871)
[2026-01-11T20:04:39Z ERROR css_core::box_tree::constraint_block_layout] Checking flex: node=NodeKey(15197960992026787871), display=Flex
[2026-01-11T20:04:39Z ERROR css_core::box_tree::constraint_block_layout] IS FLEX!
[2026-01-11T20:04:39Z ERROR css_core::box_tree::constraint_block_layout::flex_layout] layout_flex: node=NodeKey(15197960992026787871), children.len()=2
[2026-01-11T20:04:39Z ERROR css_core::box_tree::constraint_block_layout] layout_block ENTRY: node=NodeKey(15197960992026787872)
[2026-01-11T20:04:39Z ERROR css_core::box_tree::constraint_block_layout] Checking flex: node=NodeKey(15197960992026787872), display=Inline
[2026-01-11T20:04:39Z ERROR css_core::box_tree::constraint_block_layout::flex_layout] layout_flex: node=NodeKey(15197960992026787871), flex_items.len()=2
[2026-01-11T20:04:39Z ERROR css_core::box_tree::constraint_block_layout] layout_block ENTRY: node=NodeKey(15197960992026787872)
[2026-01-11T20:04:39Z ERROR css_core::box_tree::constraint_block_layout] Checking flex: node=NodeKey(15197960992026787872), display=Inline
[2026-01-11T20:04:39Z ERROR css_core::box_tree::constraint_block_layout] INSERTING FLEX CONTAINER in layout_block: node=NodeKey(15197960992026787871), inline_size=200, is_measurement=false
[2026-01-11T20:04:39Z ERROR css_core::box_tree::constraint_block_layout] layout_block ENTRY: node=NodeKey(15197960992026787874)
[2026-01-11T20:04:39Z ERROR css_core::box_tree::constraint_block_layout] layout_block ENTRY: node=NodeKey(15197960992026787875)
[2026-01-11T20:04:39Z ERROR css_core::box_tree::constraint_block_layout] Checking flex: node=NodeKey(15197960992026787875), display=Flex
[2026-01-11T20:04:39Z ERROR css_core::box_tree::constraint_block_layout] IS FLEX!
[2026-01-11T20:04:39Z ERROR css_core::box_tree::constraint_block_layout::flex_layout] layout_flex: node=NodeKey(15197960992026787875), children.len()=2
[2026-01-11T20:04:39Z ERROR css_core::box_tree::constraint_block_layout] layout_block ENTRY: node=NodeKey(15197960992026787876)
[2026-01-11T20:04:39Z ERROR css_core::box_tree::constraint_block_layout] Checking flex: node=NodeKey(15197960992026787876), display=Inline
[2026-01-11T20:04:39Z ERROR css_core::box_tree::constraint_block_layout::flex_layout] layout_flex: node=NodeKey(15197960992026787875), flex_items.len()=2
[2026-01-11T20:04:39Z ERROR css_core::box_tree::constraint_block_layout] layout_block ENTRY: node=NodeKey(15197960992026787876)
[2026-01-11T20:04:39Z ERROR css_core::box_tree::constraint_block_layout] Checking flex: node=NodeKey(15197960992026787876), display=Inline
[2026-01-11T20:04:39Z ERROR css_core::box_tree::constraint_block_layout] INSERTING FLEX CONTAINER in layout_block: node=NodeKey(15197960992026787875), inline_size=200, is_measurement=false
[2026-01-11T20:04:39Z ERROR css_core::box_tree::constraint_block_layout] layout_block ENTRY: node=NodeKey(15197960992026787878)
[2026-01-11T20:04:39Z ERROR css_core::box_tree::constraint_block_layout] layout_block ENTRY: node=NodeKey(15197960992026787879)
[2026-01-11T20:04:39Z ERROR css_core::box_tree::constraint_block_layout] Checking flex: node=NodeKey(15197960992026787879), display=Block
[2026-01-11T20:04:39Z ERROR css_core::box_tree::constraint_block_layout] layout_block ENTRY: node=NodeKey(15197960992026787880)
[2026-01-11T20:04:39Z ERROR css_core::box_tree::constraint_block_layout] layout_block ENTRY: node=NodeKey(15197960992026787881)
[2026-01-11T20:04:39Z ERROR css_core::box_tree::constraint_block_layout] Checking flex: node=NodeKey(15197960992026787881), display=Flex
[2026-01-11T20:04:39Z ERROR css_core::box_tree::constraint_block_layout] IS FLEX!
[2026-01-11T20:04:39Z ERROR css_core::box_tree::constraint_block_layout::flex_layout] layout_flex: node=NodeKey(15197960992026787881), children.len()=2
[2026-01-11T20:04:39Z ERROR css_core::box_tree::constraint_block_layout] layout_block ENTRY: node=NodeKey(15197960992026787882)
[2026-01-11T20:04:39Z ERROR css_core::box_tree::constraint_block_layout] Checking flex: node=NodeKey(15197960992026787882), display=Inline
[2026-01-11T20:04:39Z ERROR css_core::box_tree::constraint_block_layout::flex_layout] layout_flex: node=NodeKey(15197960992026787881), flex_items.len()=2
[2026-01-11T20:04:39Z ERROR css_core::box_tree::constraint_block_layout] layout_block ENTRY: node=NodeKey(15197960992026787882)
[2026-01-11T20:04:39Z ERROR css_core::box_tree::constraint_block_layout] Checking flex: node=NodeKey(15197960992026787882), display=Inline
[2026-01-11T20:04:39Z ERROR css_core::box_tree::constraint_block_layout] INSERTING FLEX CONTAINER in layout_block: node=NodeKey(15197960992026787881), inline_size=200, is_measurement=false
[2026-01-11T20:04:39Z ERROR css_core::box_tree::constraint_block_layout] layout_block ENTRY: node=NodeKey(15197960992026787884)
[2026-01-11T20:04:39Z ERROR css_core::box_tree::constraint_block_layout] layout_block ENTRY: node=NodeKey(15197960992026787887)
[2026-01-11T20:04:39Z ERROR css_core::box_tree::constraint_block_layout] Checking flex: node=NodeKey(15197960992026787887), display=Block
[2026-01-11T20:04:39Z ERROR css_core::box_tree::constraint_block_layout] layout_block ENTRY: node=NodeKey(15197960992026787889)
[2026-01-11T20:04:39Z ERROR css_core::box_tree::constraint_block_layout] Checking flex: node=NodeKey(15197960992026787889), display=InlineFlex
[2026-01-11T20:04:39Z ERROR css_core::box_tree::constraint_block_layout] IS FLEX!
[2026-01-11T20:04:39Z ERROR css_core::box_tree::constraint_block_layout::flex_layout] layout_flex: node=NodeKey(15197960992026787889), children.len()=3
[2026-01-11T20:04:39Z ERROR css_core::box_tree::constraint_block_layout] layout_block ENTRY: node=NodeKey(15197960992026787891)
[2026-01-11T20:04:39Z ERROR css_core::box_tree::constraint_block_layout] Checking flex: node=NodeKey(15197960992026787891), display=Inline
[2026-01-11T20:04:39Z ERROR css_core::box_tree::constraint_block_layout::flex_layout] layout_flex: node=NodeKey(15197960992026787889), flex_items.len()=2
[2026-01-11T20:04:39Z ERROR css_core::box_tree::constraint_block_layout] layout_block ENTRY: node=NodeKey(15197960992026787891)
[2026-01-11T20:04:39Z ERROR css_core::box_tree::constraint_block_layout] Checking flex: node=NodeKey(15197960992026787891), display=Inline
[2026-01-11T20:04:39Z ERROR css_core::box_tree::constraint_block_layout] INSERTING FLEX CONTAINER in layout_block: node=NodeKey(15197960992026787889), inline_size=103.21875, is_measurement=false
[2026-01-11T20:04:39Z ERROR css_core::box_tree::constraint_block_layout] layout_block ENTRY: node=NodeKey(15197960992026787894)
[2026-01-11T20:04:39Z ERROR css_core::box_tree::constraint_block_layout] Checking flex: node=NodeKey(15197960992026787894), display=Block
[2026-01-11T20:04:39Z ERROR css_core::box_tree::constraint_block_layout] layout_block ENTRY: node=NodeKey(15197960992026787895)
[2026-01-11T20:04:39Z ERROR css_core::box_tree::constraint_block_layout] layout_block ENTRY: node=NodeKey(15197960992026787896)
[2026-01-11T20:04:39Z ERROR css_core::box_tree::constraint_block_layout] Checking flex: node=NodeKey(15197960992026787896), display=Flex
[2026-01-11T20:04:39Z ERROR css_core::box_tree::constraint_block_layout] IS FLEX!
[2026-01-11T20:04:39Z ERROR css_core::box_tree::constraint_block_layout::flex_layout] layout_flex: node=NodeKey(15197960992026787896), children.len()=1
[2026-01-11T20:04:39Z ERROR css_core::box_tree::constraint_block_layout::flex_layout] layout_flex: node=NodeKey(15197960992026787896), flex_items.len()=1
[2026-01-11T20:04:39Z ERROR css_core::box_tree::constraint_block_layout] INSERTING FLEX CONTAINER in layout_block: node=NodeKey(15197960992026787896), inline_size=200, is_measurement=false
[2026-01-11T20:04:39Z ERROR css_core::box_tree::constraint_block_layout] layout_block ENTRY: node=NodeKey(15197960992026787898)
[2026-01-11T20:04:39Z ERROR css_core::box_tree::constraint_block_layout] layout_block ENTRY: node=NodeKey(15197960992026787899)
[2026-01-11T20:04:39Z ERROR css_core::box_tree::constraint_block_layout] Checking flex: node=NodeKey(15197960992026787899), display=Flex
[2026-01-11T20:04:39Z ERROR css_core::box_tree::constraint_block_layout] IS FLEX!
[2026-01-11T20:04:39Z ERROR css_core::box_tree::constraint_block_layout::flex_layout] layout_flex: node=NodeKey(15197960992026787899), children.len()=1
[2026-01-11T20:04:39Z ERROR css_core::box_tree::constraint_block_layout::flex_layout] layout_flex: node=NodeKey(15197960992026787899), flex_items.len()=1
[2026-01-11T20:04:39Z ERROR css_core::box_tree::constraint_block_layout] INSERTING FLEX CONTAINER in layout_block: node=NodeKey(15197960992026787899), inline_size=200, is_measurement=false
[2026-01-11T20:04:39Z ERROR css_core::box_tree::constraint_block_layout] layout_block ENTRY: node=NodeKey(15197960992026787901)
[2026-01-11T20:04:39Z ERROR css_core::box_tree::constraint_block_layout] layout_block ENTRY: node=NodeKey(15197960992026787902)
[2026-01-11T20:04:39Z ERROR css_core::box_tree::constraint_block_layout] Checking flex: node=NodeKey(15197960992026787902), display=Flex
[2026-01-11T20:04:39Z ERROR css_core::box_tree::constraint_block_layout] IS FLEX!
[2026-01-11T20:04:39Z ERROR css_core::box_tree::constraint_block_layout::flex_layout] layout_flex: node=NodeKey(15197960992026787902), children.len()=1
[2026-01-11T20:04:39Z ERROR css_core::box_tree::constraint_block_layout::flex_layout] layout_flex: node=NodeKey(15197960992026787902), flex_items.len()=1
[2026-01-11T20:04:39Z ERROR css_core::box_tree::constraint_block_layout] INSERTING FLEX CONTAINER in layout_block: node=NodeKey(15197960992026787902), inline_size=200, is_measurement=false
[2026-01-11T20:04:39Z ERROR css_core::box_tree::constraint_block_layout] layout_block ENTRY: node=NodeKey(15197960992026787904)
[2026-01-11T20:04:39Z ERROR css_core::box_tree::constraint_block_layout] layout_block ENTRY: node=NodeKey(15197960992026787905)
[2026-01-11T20:04:39Z ERROR css_core::box_tree::constraint_block_layout] Checking flex: node=NodeKey(15197960992026787905), display=Block
[2026-01-11T20:04:39Z ERROR css_core::box_tree::constraint_block_layout] layout_block ENTRY: node=NodeKey(15197960992026787906)
[2026-01-11T20:04:39Z ERROR css_core::box_tree::constraint_block_layout] layout_block ENTRY: node=NodeKey(15197960992026787907)
[2026-01-11T20:04:39Z ERROR css_core::box_tree::constraint_block_layout] Checking flex: node=NodeKey(15197960992026787907), display=Flex
[2026-01-11T20:04:39Z ERROR css_core::box_tree::constraint_block_layout] IS FLEX!
[2026-01-11T20:04:39Z ERROR css_core::box_tree::constraint_block_layout::flex_layout] layout_flex: node=NodeKey(15197960992026787907), children.len()=1
[2026-01-11T20:04:39Z ERROR css_core::box_tree::constraint_block_layout::flex_layout] layout_flex: node=NodeKey(15197960992026787907), flex_items.len()=1
[2026-01-11T20:04:39Z ERROR css_core::box_tree::constraint_block_layout] INSERTING FLEX CONTAINER in layout_block: node=NodeKey(15197960992026787907), inline_size=200, is_measurement=false
[2026-01-11T20:04:39Z ERROR css_core::box_tree::constraint_block_layout] layout_block ENTRY: node=NodeKey(15197960992026787909)
[2026-01-11T20:04:39Z ERROR css_core::box_tree::constraint_block_layout] INSERTING FLEX CONTAINER in layout_block: node=NodeKey(15197960992026787856), inline_size=800, is_measurement=false
[2026-01-11T20:04:39Z ERROR page_handler::core::incremental_layout] LAYOUT TREE COMPLETE - generation 1, total results: 56
[2026-01-11T20:04:39Z ERROR page_handler::core::incremental_layout] RUNNING LAYOUT TREE - generation 1
[2026-01-11T20:04:39Z ERROR css_core::box_tree::constraint_block_layout] layout_block ENTRY: node=NodeKey(11355546084949622786)
[2026-01-11T20:04:39Z ERROR css_core::box_tree::constraint_block_layout] Checking flex: node=NodeKey(11355546084949622786), display=Block
[2026-01-11T20:04:39Z ERROR css_core::box_tree::constraint_block_layout] layout_block ENTRY: node=NodeKey(11355546084949622798)
[2026-01-11T20:04:39Z ERROR css_core::box_tree::constraint_block_layout] Checking flex: node=NodeKey(11355546084949622798), display=Block
[2026-01-11T20:04:39Z ERROR css_core::box_tree::constraint_block_layout] layout_block ENTRY: node=NodeKey(11355546084949622800)
[2026-01-11T20:04:39Z ERROR css_core::box_tree::constraint_block_layout] Checking flex: node=NodeKey(11355546084949622800), display=Flex
[2026-01-11T20:04:39Z ERROR css_core::box_tree::constraint_block_layout] IS FLEX!
[2026-01-11T20:04:39Z ERROR css_core::box_tree::constraint_block_layout::flex_layout] layout_flex: node=NodeKey(11355546084949622800), children.len()=3
[2026-01-11T20:04:39Z ERROR css_core::box_tree::constraint_block_layout] layout_block ENTRY: node=NodeKey(11355546084949622802)
[2026-01-11T20:04:39Z ERROR css_core::box_tree::constraint_block_layout] Checking flex: node=NodeKey(11355546084949622802), display=Block
[2026-01-11T20:04:39Z ERROR css_core::box_tree::constraint_block_layout] layout_block ENTRY: node=NodeKey(11355546084949622804)
[2026-01-11T20:04:39Z ERROR css_core::box_tree::constraint_block_layout] Checking flex: node=NodeKey(11355546084949622804), display=Flex
[2026-01-11T20:04:39Z ERROR css_core::box_tree::constraint_block_layout] IS FLEX!
[2026-01-11T20:04:39Z ERROR css_core::box_tree::constraint_block_layout::flex_layout] layout_flex: node=NodeKey(11355546084949622804), children.len()=5
[2026-01-11T20:04:39Z ERROR css_core::box_tree::constraint_block_layout] layout_block ENTRY: node=NodeKey(11355546084949622806)
[2026-01-11T20:04:39Z ERROR css_core::box_tree::constraint_block_layout] Checking flex: node=NodeKey(11355546084949622806), display=Block
[2026-01-11T20:04:39Z ERROR css_core::box_tree::constraint_block_layout] layout_block ENTRY: node=NodeKey(11355546084949622809)
[2026-01-11T20:04:39Z ERROR css_core::box_tree::constraint_block_layout] Checking flex: node=NodeKey(11355546084949622809), display=Inline
[2026-01-11T20:04:39Z ERROR css_core::box_tree::constraint_block_layout::flex_layout] layout_flex: node=NodeKey(11355546084949622804), flex_items.len()=2
[2026-01-11T20:04:39Z ERROR css_core::box_tree::constraint_block_layout] layout_block ENTRY: node=NodeKey(11355546084949622806)
[2026-01-11T20:04:39Z ERROR css_core::box_tree::constraint_block_layout] Checking flex: node=NodeKey(11355546084949622806), display=Block
[2026-01-11T20:04:39Z ERROR css_core::box_tree::constraint_block_layout] layout_block ENTRY: node=NodeKey(11355546084949622809)
[2026-01-11T20:04:39Z ERROR css_core::box_tree::constraint_block_layout] Checking flex: node=NodeKey(11355546084949622809), display=Inline
[2026-01-11T20:04:39Z ERROR css_core::box_tree::constraint_block_layout] INSERTING FLEX CONTAINER in layout_block: node=NodeKey(11355546084949622804), inline_size=420, is_measurement=true
[2026-01-11T20:04:39Z ERROR css_core::box_tree::constraint_block_layout] layout_block ENTRY: node=NodeKey(11355546084949622812)
[2026-01-11T20:04:39Z ERROR css_core::box_tree::constraint_block_layout] Checking flex: node=NodeKey(11355546084949622812), display=Block
[2026-01-11T20:04:39Z ERROR css_core::box_tree::constraint_block_layout] layout_block ENTRY: node=NodeKey(11355546084949622814)
[2026-01-11T20:04:39Z ERROR css_core::box_tree::constraint_block_layout] Checking flex: node=NodeKey(11355546084949622814), display=Block
[2026-01-11T20:04:39Z ERROR css_core::box_tree::constraint_block_layout] layout_block ENTRY: node=NodeKey(11355546084949622818)
[2026-01-11T20:04:39Z ERROR css_core::box_tree::constraint_block_layout] Checking flex: node=NodeKey(11355546084949622818), display=Flex
[2026-01-11T20:04:39Z ERROR css_core::box_tree::constraint_block_layout] IS FLEX!
[2026-01-11T20:04:39Z ERROR css_core::box_tree::constraint_block_layout::flex_layout] layout_flex: node=NodeKey(11355546084949622818), children.len()=5
[2026-01-11T20:04:39Z ERROR css_core::box_tree::constraint_block_layout] layout_block ENTRY: node=NodeKey(11355546084949622820)
[2026-01-11T20:04:39Z ERROR css_core::box_tree::constraint_block_layout] Checking flex: node=NodeKey(11355546084949622820), display=Block
[2026-01-11T20:04:39Z ERROR css_core::box_tree::constraint_block_layout] layout_block ENTRY: node=NodeKey(11355546084949622823)
[2026-01-11T20:04:39Z ERROR css_core::box_tree::constraint_block_layout] Checking flex: node=NodeKey(11355546084949622823), display=Block
[2026-01-11T20:04:39Z ERROR css_core::box_tree::constraint_block_layout::flex_layout] layout_flex: node=NodeKey(11355546084949622818), flex_items.len()=2
[2026-01-11T20:04:39Z ERROR css_core::box_tree::constraint_block_layout] layout_block ENTRY: node=NodeKey(11355546084949622820)
[2026-01-11T20:04:39Z ERROR css_core::box_tree::constraint_block_layout] Checking flex: node=NodeKey(11355546084949622820), display=Block
[2026-01-11T20:04:39Z ERROR css_core::box_tree::constraint_block_layout] layout_block ENTRY: node=NodeKey(11355546084949622823)
[2026-01-11T20:04:39Z ERROR css_core::box_tree::constraint_block_layout] Checking flex: node=NodeKey(11355546084949622823), display=Block
[2026-01-11T20:04:39Z ERROR css_core::box_tree::constraint_block_layout] INSERTING FLEX CONTAINER in layout_block: node=NodeKey(11355546084949622818), inline_size=420, is_measurement=true
[2026-01-11T20:04:39Z ERROR css_core::box_tree::constraint_block_layout::flex_layout] layout_flex: node=NodeKey(11355546084949622800), flex_items.len()=1
[2026-01-11T20:04:39Z ERROR css_core::box_tree::constraint_block_layout] layout_block ENTRY: node=NodeKey(11355546084949622802)
[2026-01-11T20:04:39Z ERROR css_core::box_tree::constraint_block_layout] Checking flex: node=NodeKey(11355546084949622802), display=Block
[2026-01-11T20:04:39Z ERROR css_core::box_tree::constraint_block_layout] layout_block ENTRY: node=NodeKey(11355546084949622804)
[2026-01-11T20:04:39Z ERROR css_core::box_tree::constraint_block_layout] Checking flex: node=NodeKey(11355546084949622804), display=Flex
[2026-01-11T20:04:39Z ERROR css_core::box_tree::constraint_block_layout] IS FLEX!
[2026-01-11T20:04:39Z ERROR css_core::box_tree::constraint_block_layout::flex_layout] layout_flex: node=NodeKey(11355546084949622804), children.len()=5
[2026-01-11T20:04:39Z ERROR css_core::box_tree::constraint_block_layout] layout_block ENTRY: node=NodeKey(11355546084949622806)
[2026-01-11T20:04:39Z ERROR css_core::box_tree::constraint_block_layout] Checking flex: node=NodeKey(11355546084949622806), display=Block
[2026-01-11T20:04:39Z ERROR css_core::box_tree::constraint_block_layout] layout_block ENTRY: node=NodeKey(11355546084949622809)
[2026-01-11T20:04:39Z ERROR css_core::box_tree::constraint_block_layout] Checking flex: node=NodeKey(11355546084949622809), display=Inline
[2026-01-11T20:04:39Z ERROR css_core::box_tree::constraint_block_layout::flex_layout] layout_flex: node=NodeKey(11355546084949622804), flex_items.len()=2
[2026-01-11T20:04:39Z ERROR css_core::box_tree::constraint_block_layout] layout_block ENTRY: node=NodeKey(11355546084949622806)
[2026-01-11T20:04:39Z ERROR css_core::box_tree::constraint_block_layout] Checking flex: node=NodeKey(11355546084949622806), display=Block
[2026-01-11T20:04:39Z ERROR css_core::box_tree::constraint_block_layout] layout_block ENTRY: node=NodeKey(11355546084949622809)
[2026-01-11T20:04:39Z ERROR css_core::box_tree::constraint_block_layout] Checking flex: node=NodeKey(11355546084949622809), display=Inline
[2026-01-11T20:04:39Z ERROR css_core::box_tree::constraint_block_layout] INSERTING FLEX CONTAINER in layout_block: node=NodeKey(11355546084949622804), inline_size=420, is_measurement=false
[2026-01-11T20:04:39Z ERROR css_core::box_tree::constraint_block_layout] layout_block ENTRY: node=NodeKey(11355546084949622812)
[2026-01-11T20:04:39Z ERROR css_core::box_tree::constraint_block_layout] Checking flex: node=NodeKey(11355546084949622812), display=Block
[2026-01-11T20:04:39Z ERROR css_core::box_tree::constraint_block_layout] layout_block ENTRY: node=NodeKey(11355546084949622814)
[2026-01-11T20:04:39Z ERROR css_core::box_tree::constraint_block_layout] Checking flex: node=NodeKey(11355546084949622814), display=Block
[2026-01-11T20:04:39Z ERROR css_core::box_tree::constraint_block_layout] layout_block ENTRY: node=NodeKey(11355546084949622818)
[2026-01-11T20:04:39Z ERROR css_core::box_tree::constraint_block_layout] Checking flex: node=NodeKey(11355546084949622818), display=Flex
[2026-01-11T20:04:39Z ERROR css_core::box_tree::constraint_block_layout] IS FLEX!
[2026-01-11T20:04:39Z ERROR css_core::box_tree::constraint_block_layout::flex_layout] layout_flex: node=NodeKey(11355546084949622818), children.len()=5
[2026-01-11T20:04:39Z ERROR css_core::box_tree::constraint_block_layout] layout_block ENTRY: node=NodeKey(11355546084949622820)
[2026-01-11T20:04:39Z ERROR css_core::box_tree::constraint_block_layout] Checking flex: node=NodeKey(11355546084949622820), display=Block
[2026-01-11T20:04:39Z ERROR css_core::box_tree::constraint_block_layout] layout_block ENTRY: node=NodeKey(11355546084949622823)
[2026-01-11T20:04:39Z ERROR css_core::box_tree::constraint_block_layout] Checking flex: node=NodeKey(11355546084949622823), display=Block
[2026-01-11T20:04:39Z ERROR css_core::box_tree::constraint_block_layout::flex_layout] layout_flex: node=NodeKey(11355546084949622818), flex_items.len()=2
[2026-01-11T20:04:39Z ERROR css_core::box_tree::constraint_block_layout] layout_block ENTRY: node=NodeKey(11355546084949622820)
[2026-01-11T20:04:39Z ERROR css_core::box_tree::constraint_block_layout] Checking flex: node=NodeKey(11355546084949622820), display=Block
[2026-01-11T20:04:39Z ERROR css_core::box_tree::constraint_block_layout] layout_block ENTRY: node=NodeKey(11355546084949622823)
[2026-01-11T20:04:39Z ERROR css_core::box_tree::constraint_block_layout] Checking flex: node=NodeKey(11355546084949622823), display=Block
[2026-01-11T20:04:39Z ERROR css_core::box_tree::constraint_block_layout] INSERTING FLEX CONTAINER in layout_block: node=NodeKey(11355546084949622818), inline_size=420, is_measurement=false
[2026-01-11T20:04:39Z ERROR css_core::box_tree::constraint_block_layout] INSERTING FLEX CONTAINER in layout_block: node=NodeKey(11355546084949622800), inline_size=800, is_measurement=false
[2026-01-11T20:04:39Z ERROR page_handler::core::incremental_layout] LAYOUT TREE COMPLETE - generation 1, total results: 25
[2026-01-11T20:04:39Z ERROR page_handler::core::incremental_layout] RUNNING LAYOUT TREE - generation 1
[2026-01-11T20:04:39Z ERROR css_core::box_tree::constraint_block_layout] layout_block ENTRY: node=NodeKey(5523947517458251778)
[2026-01-11T20:04:39Z ERROR css_core::box_tree::constraint_block_layout] Checking flex: node=NodeKey(5523947517458251778), display=Block
[2026-01-11T20:04:39Z ERROR css_core::box_tree::constraint_block_layout] layout_block ENTRY: node=NodeKey(5523947517458251790)
[2026-01-11T20:04:39Z ERROR css_core::box_tree::constraint_block_layout] Checking flex: node=NodeKey(5523947517458251790), display=Block
[2026-01-11T20:04:39Z ERROR css_core::box_tree::constraint_block_layout] layout_block ENTRY: node=NodeKey(5523947517458251792)
[2026-01-11T20:04:39Z ERROR css_core::box_tree::constraint_block_layout] Checking flex: node=NodeKey(5523947517458251792), display=Flex
[2026-01-11T20:04:39Z ERROR css_core::box_tree::constraint_block_layout] IS FLEX!
[2026-01-11T20:04:39Z ERROR css_core::box_tree::constraint_block_layout::flex_layout] layout_flex: node=NodeKey(5523947517458251792), children.len()=7
[2026-01-11T20:04:39Z ERROR css_core::box_tree::constraint_block_layout] layout_block ENTRY: node=NodeKey(5523947517458251794)
[2026-01-11T20:04:39Z ERROR css_core::box_tree::constraint_block_layout] Checking flex: node=NodeKey(5523947517458251794), display=Flex
[2026-01-11T20:04:39Z ERROR css_core::box_tree::constraint_block_layout] IS FLEX!
[2026-01-11T20:04:39Z ERROR css_core::box_tree::constraint_block_layout::flex_layout] layout_flex: node=NodeKey(5523947517458251794), children.len()=11
[2026-01-11T20:04:39Z ERROR css_core::box_tree::constraint_block_layout] layout_block ENTRY: node=NodeKey(5523947517458251796)
[2026-01-11T20:04:39Z ERROR css_core::box_tree::constraint_block_layout] Checking flex: node=NodeKey(5523947517458251796), display=Inline
[2026-01-11T20:04:39Z ERROR css_core::box_tree::constraint_block_layout] layout_block ENTRY: node=NodeKey(5523947517458251799)
[2026-01-11T20:04:39Z ERROR css_core::box_tree::constraint_block_layout] Checking flex: node=NodeKey(5523947517458251799), display=Inline
[2026-01-11T20:04:39Z ERROR css_core::box_tree::constraint_block_layout] layout_block ENTRY: node=NodeKey(5523947517458251802)
[2026-01-11T20:04:39Z ERROR css_core::box_tree::constraint_block_layout] Checking flex: node=NodeKey(5523947517458251802), display=Inline
[2026-01-11T20:04:39Z ERROR css_core::box_tree::constraint_block_layout] layout_block ENTRY: node=NodeKey(5523947517458251805)
[2026-01-11T20:04:39Z ERROR css_core::box_tree::constraint_block_layout] Checking flex: node=NodeKey(5523947517458251805), display=Inline
[2026-01-11T20:04:39Z ERROR css_core::box_tree::constraint_block_layout] layout_block ENTRY: node=NodeKey(5523947517458251808)
[2026-01-11T20:04:39Z ERROR css_core::box_tree::constraint_block_layout] Checking flex: node=NodeKey(5523947517458251808), display=Inline
[2026-01-11T20:04:39Z ERROR css_core::box_tree::constraint_block_layout::flex_layout] layout_flex: node=NodeKey(5523947517458251794), flex_items.len()=5
[2026-01-11T20:04:39Z ERROR css_core::box_tree::constraint_block_layout] layout_block ENTRY: node=NodeKey(5523947517458251796)
[2026-01-11T20:04:39Z ERROR css_core::box_tree::constraint_block_layout] Checking flex: node=NodeKey(5523947517458251796), display=Inline
[2026-01-11T20:04:39Z ERROR css_core::box_tree::constraint_block_layout] layout_block ENTRY: node=NodeKey(5523947517458251799)
[2026-01-11T20:04:39Z ERROR css_core::box_tree::constraint_block_layout] Checking flex: node=NodeKey(5523947517458251799), display=Inline
[2026-01-11T20:04:39Z ERROR css_core::box_tree::constraint_block_layout] layout_block ENTRY: node=NodeKey(5523947517458251802)
[2026-01-11T20:04:39Z ERROR css_core::box_tree::constraint_block_layout] Checking flex: node=NodeKey(5523947517458251802), display=Inline
[2026-01-11T20:04:39Z ERROR css_core::box_tree::constraint_block_layout] layout_block ENTRY: node=NodeKey(5523947517458251805)
[2026-01-11T20:04:39Z ERROR css_core::box_tree::constraint_block_layout] Checking flex: node=NodeKey(5523947517458251805), display=Inline
[2026-01-11T20:04:39Z ERROR css_core::box_tree::constraint_block_layout] layout_block ENTRY: node=NodeKey(5523947517458251808)
[2026-01-11T20:04:39Z ERROR css_core::box_tree::constraint_block_layout] Checking flex: node=NodeKey(5523947517458251808), display=Inline
[2026-01-11T20:04:39Z ERROR css_core::box_tree::constraint_block_layout] INSERTING FLEX CONTAINER in layout_block: node=NodeKey(5523947517458251794), inline_size=768, is_measurement=true
[2026-01-11T20:04:39Z ERROR css_core::box_tree::constraint_block_layout] layout_block ENTRY: node=NodeKey(5523947517458251812)
[2026-01-11T20:04:39Z ERROR css_core::box_tree::constraint_block_layout] Checking flex: node=NodeKey(5523947517458251812), display=Flex
[2026-01-11T20:04:39Z ERROR css_core::box_tree::constraint_block_layout] IS FLEX!
[2026-01-11T20:04:39Z ERROR css_core::box_tree::constraint_block_layout::flex_layout] layout_flex: node=NodeKey(5523947517458251812), children.len()=11
[2026-01-11T20:04:39Z ERROR css_core::box_tree::constraint_block_layout] layout_block ENTRY: node=NodeKey(5523947517458251814)
[2026-01-11T20:04:39Z ERROR css_core::box_tree::constraint_block_layout] Checking flex: node=NodeKey(5523947517458251814), display=Flex
[2026-01-11T20:04:39Z ERROR css_core::box_tree::constraint_block_layout] IS FLEX!
[2026-01-11T20:04:39Z ERROR css_core::box_tree::constraint_block_layout::flex_layout] layout_flex: node=NodeKey(5523947517458251814), children.len()=2
[2026-01-11T20:04:39Z ERROR css_core::box_tree::constraint_block_layout] layout_block ENTRY: node=NodeKey(5523947517458251815)
[2026-01-11T20:04:39Z ERROR css_core::box_tree::constraint_block_layout] Checking flex: node=NodeKey(5523947517458251815), display=Inline
[2026-01-11T20:04:39Z ERROR css_core::box_tree::constraint_block_layout::flex_layout] layout_flex: node=NodeKey(5523947517458251814), flex_items.len()=2
[2026-01-11T20:04:39Z ERROR css_core::box_tree::constraint_block_layout] layout_block ENTRY: node=NodeKey(5523947517458251815)
[2026-01-11T20:04:39Z ERROR css_core::box_tree::constraint_block_layout] Checking flex: node=NodeKey(5523947517458251815), display=Inline
[2026-01-11T20:04:39Z ERROR css_core::box_tree::constraint_block_layout] INSERTING FLEX CONTAINER in layout_block: node=NodeKey(5523947517458251814), inline_size=57.344727, is_measurement=true
[2026-01-11T20:04:39Z ERROR css_core::box_tree::constraint_block_layout] layout_block ENTRY: node=NodeKey(5523947517458251818)
[2026-01-11T20:04:39Z ERROR css_core::box_tree::constraint_block_layout] Checking flex: node=NodeKey(5523947517458251818), display=Inline
[2026-01-11T20:04:39Z ERROR css_core::box_tree::constraint_block_layout] layout_block ENTRY: node=NodeKey(5523947517458251821)
[2026-01-11T20:04:39Z ERROR css_core::box_tree::constraint_block_layout] Checking flex: node=NodeKey(5523947517458251821), display=Flex
[2026-01-11T20:04:39Z ERROR css_core::box_tree::constraint_block_layout] IS FLEX!
[2026-01-11T20:04:39Z ERROR css_core::box_tree::constraint_block_layout::flex_layout] layout_flex: node=NodeKey(5523947517458251821), children.len()=2
[2026-01-11T20:04:39Z ERROR css_core::box_tree::constraint_block_layout] layout_block ENTRY: node=NodeKey(5523947517458251822)
[2026-01-11T20:04:39Z ERROR css_core::box_tree::constraint_block_layout] Checking flex: node=NodeKey(5523947517458251822), display=Inline
[2026-01-11T20:04:39Z ERROR css_core::box_tree::constraint_block_layout::flex_layout] layout_flex: node=NodeKey(5523947517458251821), flex_items.len()=2
[2026-01-11T20:04:39Z ERROR css_core::box_tree::constraint_block_layout] layout_block ENTRY: node=NodeKey(5523947517458251822)
[2026-01-11T20:04:39Z ERROR css_core::box_tree::constraint_block_layout] Checking flex: node=NodeKey(5523947517458251822), display=Inline
[2026-01-11T20:04:39Z ERROR css_core::box_tree::constraint_block_layout] INSERTING FLEX CONTAINER in layout_block: node=NodeKey(5523947517458251821), inline_size=70.58594, is_measurement=true
[2026-01-11T20:04:39Z ERROR css_core::box_tree::constraint_block_layout] layout_block ENTRY: node=NodeKey(5523947517458251825)
[2026-01-11T20:04:39Z ERROR css_core::box_tree::constraint_block_layout] Checking flex: node=NodeKey(5523947517458251825), display=Inline
[2026-01-11T20:04:39Z ERROR css_core::box_tree::constraint_block_layout] layout_block ENTRY: node=NodeKey(5523947517458251828)
[2026-01-11T20:04:39Z ERROR css_core::box_tree::constraint_block_layout] Checking flex: node=NodeKey(5523947517458251828), display=Flex
[2026-01-11T20:04:39Z ERROR css_core::box_tree::constraint_block_layout] IS FLEX!
[2026-01-11T20:04:39Z ERROR css_core::box_tree::constraint_block_layout::flex_layout] layout_flex: node=NodeKey(5523947517458251828), children.len()=2
[2026-01-11T20:04:39Z ERROR css_core::box_tree::constraint_block_layout] layout_block ENTRY: node=NodeKey(5523947517458251829)
[2026-01-11T20:04:39Z ERROR css_core::box_tree::constraint_block_layout] Checking flex: node=NodeKey(5523947517458251829), display=Inline
[2026-01-11T20:04:39Z ERROR css_core::box_tree::constraint_block_layout::flex_layout] layout_flex: node=NodeKey(5523947517458251828), flex_items.len()=2
[2026-01-11T20:04:39Z ERROR css_core::box_tree::constraint_block_layout] layout_block ENTRY: node=NodeKey(5523947517458251829)
[2026-01-11T20:04:39Z ERROR css_core::box_tree::constraint_block_layout] Checking flex: node=NodeKey(5523947517458251829), display=Inline
[2026-01-11T20:04:39Z ERROR css_core::box_tree::constraint_block_layout] INSERTING FLEX CONTAINER in layout_block: node=NodeKey(5523947517458251828), inline_size=59.682617, is_measurement=true
[2026-01-11T20:04:39Z ERROR css_core::box_tree::constraint_block_layout::flex_layout] layout_flex: node=NodeKey(5523947517458251812), flex_items.len()=5
[2026-01-11T20:04:39Z ERROR css_core::box_tree::constraint_block_layout] layout_block ENTRY: node=NodeKey(5523947517458251814)
[2026-01-11T20:04:39Z ERROR css_core::box_tree::constraint_block_layout] Checking flex: node=NodeKey(5523947517458251814), display=Flex
[2026-01-11T20:04:39Z ERROR css_core::box_tree::constraint_block_layout] IS FLEX!
[2026-01-11T20:04:39Z ERROR css_core::box_tree::constraint_block_layout::flex_layout] layout_flex: node=NodeKey(5523947517458251814), children.len()=2
[2026-01-11T20:04:39Z ERROR css_core::box_tree::constraint_block_layout] layout_block ENTRY: node=NodeKey(5523947517458251815)
[2026-01-11T20:04:39Z ERROR css_core::box_tree::constraint_block_layout] Checking flex: node=NodeKey(5523947517458251815), display=Inline
[2026-01-11T20:04:39Z ERROR css_core::box_tree::constraint_block_layout::flex_layout] layout_flex: node=NodeKey(5523947517458251814), flex_items.len()=2
[2026-01-11T20:04:39Z ERROR css_core::box_tree::constraint_block_layout] layout_block ENTRY: node=NodeKey(5523947517458251815)
[2026-01-11T20:04:39Z ERROR css_core::box_tree::constraint_block_layout] Checking flex: node=NodeKey(5523947517458251815), display=Inline
[2026-01-11T20:04:39Z ERROR css_core::box_tree::constraint_block_layout] INSERTING FLEX CONTAINER in layout_block: node=NodeKey(5523947517458251814), inline_size=57.34375, is_measurement=false
[2026-01-11T20:04:39Z ERROR css_core::box_tree::constraint_block_layout] layout_block ENTRY: node=NodeKey(5523947517458251818)
[2026-01-11T20:04:39Z ERROR css_core::box_tree::constraint_block_layout] Checking flex: node=NodeKey(5523947517458251818), display=Inline
[2026-01-11T20:04:39Z ERROR css_core::box_tree::constraint_block_layout] layout_block ENTRY: node=NodeKey(5523947517458251821)
[2026-01-11T20:04:39Z ERROR css_core::box_tree::constraint_block_layout] Checking flex: node=NodeKey(5523947517458251821), display=Flex
[2026-01-11T20:04:39Z ERROR css_core::box_tree::constraint_block_layout] IS FLEX!
[2026-01-11T20:04:39Z ERROR css_core::box_tree::constraint_block_layout::flex_layout] layout_flex: node=NodeKey(5523947517458251821), children.len()=2
[2026-01-11T20:04:39Z ERROR css_core::box_tree::constraint_block_layout] layout_block ENTRY: node=NodeKey(5523947517458251822)
[2026-01-11T20:04:39Z ERROR css_core::box_tree::constraint_block_layout] Checking flex: node=NodeKey(5523947517458251822), display=Inline
[2026-01-11T20:04:39Z ERROR css_core::box_tree::constraint_block_layout::flex_layout] layout_flex: node=NodeKey(5523947517458251821), flex_items.len()=2
[2026-01-11T20:04:39Z ERROR css_core::box_tree::constraint_block_layout] layout_block ENTRY: node=NodeKey(5523947517458251822)
[2026-01-11T20:04:39Z ERROR css_core::box_tree::constraint_block_layout] Checking flex: node=NodeKey(5523947517458251822), display=Inline
[2026-01-11T20:04:39Z ERROR css_core::box_tree::constraint_block_layout] INSERTING FLEX CONTAINER in layout_block: node=NodeKey(5523947517458251821), inline_size=70.59375, is_measurement=false
[2026-01-11T20:04:39Z ERROR css_core::box_tree::constraint_block_layout] layout_block ENTRY: node=NodeKey(5523947517458251825)
[2026-01-11T20:04:39Z ERROR css_core::box_tree::constraint_block_layout] Checking flex: node=NodeKey(5523947517458251825), display=Inline
[2026-01-11T20:04:39Z ERROR css_core::box_tree::constraint_block_layout] layout_block ENTRY: node=NodeKey(5523947517458251828)
[2026-01-11T20:04:39Z ERROR css_core::box_tree::constraint_block_layout] Checking flex: node=NodeKey(5523947517458251828), display=Flex
[2026-01-11T20:04:39Z ERROR css_core::box_tree::constraint_block_layout] IS FLEX!
[2026-01-11T20:04:39Z ERROR css_core::box_tree::constraint_block_layout::flex_layout] layout_flex: node=NodeKey(5523947517458251828), children.len()=2
[2026-01-11T20:04:39Z ERROR css_core::box_tree::constraint_block_layout] layout_block ENTRY: node=NodeKey(5523947517458251829)
[2026-01-11T20:04:39Z ERROR css_core::box_tree::constraint_block_layout] Checking flex: node=NodeKey(5523947517458251829), display=Inline
[2026-01-11T20:04:39Z ERROR css_core::box_tree::constraint_block_layout::flex_layout] layout_flex: node=NodeKey(5523947517458251828), flex_items.len()=2
[2026-01-11T20:04:39Z ERROR css_core::box_tree::constraint_block_layout] layout_block ENTRY: node=NodeKey(5523947517458251829)
[2026-01-11T20:04:39Z ERROR css_core::box_tree::constraint_block_layout] Checking flex: node=NodeKey(5523947517458251829), display=Inline
[2026-01-11T20:04:39Z ERROR css_core::box_tree::constraint_block_layout] INSERTING FLEX CONTAINER in layout_block: node=NodeKey(5523947517458251828), inline_size=59.6875, is_measurement=false
[2026-01-11T20:04:39Z ERROR css_core::box_tree::constraint_block_layout] INSERTING FLEX CONTAINER in layout_block: node=NodeKey(5523947517458251812), inline_size=768, is_measurement=true
[2026-01-11T20:04:39Z ERROR css_core::box_tree::constraint_block_layout] layout_block ENTRY: node=NodeKey(5523947517458251833)
[2026-01-11T20:04:39Z ERROR css_core::box_tree::constraint_block_layout] Checking flex: node=NodeKey(5523947517458251833), display=Flex
[2026-01-11T20:04:39Z ERROR css_core::box_tree::constraint_block_layout] IS FLEX!
[2026-01-11T20:04:39Z ERROR css_core::box_tree::constraint_block_layout::flex_layout] layout_flex: node=NodeKey(5523947517458251833), children.len()=11
[2026-01-11T20:04:39Z ERROR css_core::box_tree::constraint_block_layout] layout_block ENTRY: node=NodeKey(5523947517458251835)
[2026-01-11T20:04:39Z ERROR css_core::box_tree::constraint_block_layout] Checking flex: node=NodeKey(5523947517458251835), display=Inline
[2026-01-11T20:04:39Z ERROR css_core::box_tree::constraint_block_layout] layout_block ENTRY: node=NodeKey(5523947517458251838)
[2026-01-11T20:04:39Z ERROR css_core::box_tree::constraint_block_layout] Checking flex: node=NodeKey(5523947517458251838), display=Inline
[2026-01-11T20:04:39Z ERROR css_core::box_tree::constraint_block_layout] layout_block ENTRY: node=NodeKey(5523947517458251841)
[2026-01-11T20:04:39Z ERROR css_core::box_tree::constraint_block_layout] Checking flex: node=NodeKey(5523947517458251841), display=Inline
[2026-01-11T20:04:39Z ERROR css_core::box_tree::constraint_block_layout] layout_block ENTRY: node=NodeKey(5523947517458251844)
[2026-01-11T20:04:39Z ERROR css_core::box_tree::constraint_block_layout] Checking flex: node=NodeKey(5523947517458251844), display=Inline
[2026-01-11T20:04:39Z ERROR css_core::box_tree::constraint_block_layout] layout_block ENTRY: node=NodeKey(5523947517458251847)
[2026-01-11T20:04:39Z ERROR css_core::box_tree::constraint_block_layout] Checking flex: node=NodeKey(5523947517458251847), display=Inline
[2026-01-11T20:04:39Z ERROR css_core::box_tree::constraint_block_layout::flex_layout] layout_flex: node=NodeKey(5523947517458251833), flex_items.len()=5
[2026-01-11T20:04:39Z ERROR css_core::box_tree::constraint_block_layout] layout_block ENTRY: node=NodeKey(5523947517458251835)
[2026-01-11T20:04:39Z ERROR css_core::box_tree::constraint_block_layout] Checking flex: node=NodeKey(5523947517458251835), display=Inline
[2026-01-11T20:04:39Z ERROR css_core::box_tree::constraint_block_layout] layout_block ENTRY: node=NodeKey(5523947517458251838)
[2026-01-11T20:04:39Z ERROR css_core::box_tree::constraint_block_layout] Checking flex: node=NodeKey(5523947517458251838), display=Inline
[2026-01-11T20:04:39Z ERROR css_core::box_tree::constraint_block_layout] layout_block ENTRY: node=NodeKey(5523947517458251841)
[2026-01-11T20:04:39Z ERROR css_core::box_tree::constraint_block_layout] Checking flex: node=NodeKey(5523947517458251841), display=Inline
[2026-01-11T20:04:39Z ERROR css_core::box_tree::constraint_block_layout] layout_block ENTRY: node=NodeKey(5523947517458251844)
[2026-01-11T20:04:39Z ERROR css_core::box_tree::constraint_block_layout] Checking flex: node=NodeKey(5523947517458251844), display=Inline
[2026-01-11T20:04:39Z ERROR css_core::box_tree::constraint_block_layout] layout_block ENTRY: node=NodeKey(5523947517458251847)
[2026-01-11T20:04:39Z ERROR css_core::box_tree::constraint_block_layout] Checking flex: node=NodeKey(5523947517458251847), display=Inline
[2026-01-11T20:04:39Z ERROR css_core::box_tree::constraint_block_layout] INSERTING FLEX CONTAINER in layout_block: node=NodeKey(5523947517458251833), inline_size=768, is_measurement=true
[2026-01-11T20:04:39Z ERROR css_core::box_tree::constraint_block_layout::flex_layout] layout_flex: node=NodeKey(5523947517458251792), flex_items.len()=3
[2026-01-11T20:04:39Z ERROR css_core::box_tree::constraint_block_layout] layout_block ENTRY: node=NodeKey(5523947517458251794)
[2026-01-11T20:04:39Z ERROR css_core::box_tree::constraint_block_layout] Checking flex: node=NodeKey(5523947517458251794), display=Flex
[2026-01-11T20:04:39Z ERROR css_core::box_tree::constraint_block_layout] IS FLEX!
[2026-01-11T20:04:39Z ERROR css_core::box_tree::constraint_block_layout::flex_layout] layout_flex: node=NodeKey(5523947517458251794), children.len()=11
[2026-01-11T20:04:39Z ERROR css_core::box_tree::constraint_block_layout] layout_block ENTRY: node=NodeKey(5523947517458251796)
[2026-01-11T20:04:39Z ERROR css_core::box_tree::constraint_block_layout] Checking flex: node=NodeKey(5523947517458251796), display=Inline
[2026-01-11T20:04:39Z ERROR css_core::box_tree::constraint_block_layout] layout_block ENTRY: node=NodeKey(5523947517458251799)
[2026-01-11T20:04:39Z ERROR css_core::box_tree::constraint_block_layout] Checking flex: node=NodeKey(5523947517458251799), display=Inline
[2026-01-11T20:04:39Z ERROR css_core::box_tree::constraint_block_layout] layout_block ENTRY: node=NodeKey(5523947517458251802)
[2026-01-11T20:04:39Z ERROR css_core::box_tree::constraint_block_layout] Checking flex: node=NodeKey(5523947517458251802), display=Inline
[2026-01-11T20:04:39Z ERROR css_core::box_tree::constraint_block_layout] layout_block ENTRY: node=NodeKey(5523947517458251805)
[2026-01-11T20:04:39Z ERROR css_core::box_tree::constraint_block_layout] Checking flex: node=NodeKey(5523947517458251805), display=Inline
[2026-01-11T20:04:39Z ERROR css_core::box_tree::constraint_block_layout] layout_block ENTRY: node=NodeKey(5523947517458251808)
[2026-01-11T20:04:39Z ERROR css_core::box_tree::constraint_block_layout] Checking flex: node=NodeKey(5523947517458251808), display=Inline
[2026-01-11T20:04:39Z ERROR css_core::box_tree::constraint_block_layout::flex_layout] layout_flex: node=NodeKey(5523947517458251794), flex_items.len()=5
[2026-01-11T20:04:39Z ERROR css_core::box_tree::constraint_block_layout] layout_block ENTRY: node=NodeKey(5523947517458251796)
[2026-01-11T20:04:39Z ERROR css_core::box_tree::constraint_block_layout] Checking flex: node=NodeKey(5523947517458251796), display=Inline
[2026-01-11T20:04:39Z ERROR css_core::box_tree::constraint_block_layout] layout_block ENTRY: node=NodeKey(5523947517458251799)
[2026-01-11T20:04:39Z ERROR css_core::box_tree::constraint_block_layout] Checking flex: node=NodeKey(5523947517458251799), display=Inline
[2026-01-11T20:04:39Z ERROR css_core::box_tree::constraint_block_layout] layout_block ENTRY: node=NodeKey(5523947517458251802)
[2026-01-11T20:04:39Z ERROR css_core::box_tree::constraint_block_layout] Checking flex: node=NodeKey(5523947517458251802), display=Inline
[2026-01-11T20:04:39Z ERROR css_core::box_tree::constraint_block_layout] layout_block ENTRY: node=NodeKey(5523947517458251805)
[2026-01-11T20:04:39Z ERROR css_core::box_tree::constraint_block_layout] Checking flex: node=NodeKey(5523947517458251805), display=Inline
[2026-01-11T20:04:39Z ERROR css_core::box_tree::constraint_block_layout] layout_block ENTRY: node=NodeKey(5523947517458251808)
[2026-01-11T20:04:39Z ERROR css_core::box_tree::constraint_block_layout] Checking flex: node=NodeKey(5523947517458251808), display=Inline
[2026-01-11T20:04:39Z ERROR css_core::box_tree::constraint_block_layout] INSERTING FLEX CONTAINER in layout_block: node=NodeKey(5523947517458251794), inline_size=768, is_measurement=false
[2026-01-11T20:04:39Z ERROR css_core::box_tree::constraint_block_layout] layout_block ENTRY: node=NodeKey(5523947517458251812)
[2026-01-11T20:04:39Z ERROR css_core::box_tree::constraint_block_layout] Checking flex: node=NodeKey(5523947517458251812), display=Flex
[2026-01-11T20:04:39Z ERROR css_core::box_tree::constraint_block_layout] IS FLEX!
[2026-01-11T20:04:39Z ERROR css_core::box_tree::constraint_block_layout::flex_layout] layout_flex: node=NodeKey(5523947517458251812), children.len()=11
[2026-01-11T20:04:39Z ERROR css_core::box_tree::constraint_block_layout] layout_block ENTRY: node=NodeKey(5523947517458251814)
[2026-01-11T20:04:39Z ERROR css_core::box_tree::constraint_block_layout] Checking flex: node=NodeKey(5523947517458251814), display=Flex
[2026-01-11T20:04:39Z ERROR css_core::box_tree::constraint_block_layout] IS FLEX!
[2026-01-11T20:04:39Z ERROR css_core::box_tree::constraint_block_layout::flex_layout] layout_flex: node=NodeKey(5523947517458251814), children.len()=2
[2026-01-11T20:04:39Z ERROR css_core::box_tree::constraint_block_layout] layout_block ENTRY: node=NodeKey(5523947517458251815)
[2026-01-11T20:04:39Z ERROR css_core::box_tree::constraint_block_layout] Checking flex: node=NodeKey(5523947517458251815), display=Inline
[2026-01-11T20:04:39Z ERROR css_core::box_tree::constraint_block_layout::flex_layout] layout_flex: node=NodeKey(5523947517458251814), flex_items.len()=2
[2026-01-11T20:04:39Z ERROR css_core::box_tree::constraint_block_layout] layout_block ENTRY: node=NodeKey(5523947517458251815)
[2026-01-11T20:04:39Z ERROR css_core::box_tree::constraint_block_layout] Checking flex: node=NodeKey(5523947517458251815), display=Inline
[2026-01-11T20:04:39Z ERROR css_core::box_tree::constraint_block_layout] INSERTING FLEX CONTAINER in layout_block: node=NodeKey(5523947517458251814), inline_size=57.344727, is_measurement=true
[2026-01-11T20:04:39Z ERROR css_core::box_tree::constraint_block_layout] layout_block ENTRY: node=NodeKey(5523947517458251818)
[2026-01-11T20:04:39Z ERROR css_core::box_tree::constraint_block_layout] Checking flex: node=NodeKey(5523947517458251818), display=Inline
[2026-01-11T20:04:39Z ERROR css_core::box_tree::constraint_block_layout] layout_block ENTRY: node=NodeKey(5523947517458251821)
[2026-01-11T20:04:39Z ERROR css_core::box_tree::constraint_block_layout] Checking flex: node=NodeKey(5523947517458251821), display=Flex
[2026-01-11T20:04:39Z ERROR css_core::box_tree::constraint_block_layout] IS FLEX!
[2026-01-11T20:04:39Z ERROR css_core::box_tree::constraint_block_layout::flex_layout] layout_flex: node=NodeKey(5523947517458251821), children.len()=2
[2026-01-11T20:04:39Z ERROR css_core::box_tree::constraint_block_layout] layout_block ENTRY: node=NodeKey(5523947517458251822)
[2026-01-11T20:04:39Z ERROR css_core::box_tree::constraint_block_layout] Checking flex: node=NodeKey(5523947517458251822), display=Inline
[2026-01-11T20:04:39Z ERROR css_core::box_tree::constraint_block_layout::flex_layout] layout_flex: node=NodeKey(5523947517458251821), flex_items.len()=2
[2026-01-11T20:04:39Z ERROR css_core::box_tree::constraint_block_layout] layout_block ENTRY: node=NodeKey(5523947517458251822)
[2026-01-11T20:04:39Z ERROR css_core::box_tree::constraint_block_layout] Checking flex: node=NodeKey(5523947517458251822), display=Inline
[2026-01-11T20:04:39Z ERROR css_core::box_tree::constraint_block_layout] INSERTING FLEX CONTAINER in layout_block: node=NodeKey(5523947517458251821), inline_size=70.58594, is_measurement=true
[2026-01-11T20:04:39Z ERROR css_core::box_tree::constraint_block_layout] layout_block ENTRY: node=NodeKey(5523947517458251825)
[2026-01-11T20:04:39Z ERROR css_core::box_tree::constraint_block_layout] Checking flex: node=NodeKey(5523947517458251825), display=Inline
[2026-01-11T20:04:39Z ERROR css_core::box_tree::constraint_block_layout] layout_block ENTRY: node=NodeKey(5523947517458251828)
[2026-01-11T20:04:39Z ERROR css_core::box_tree::constraint_block_layout] Checking flex: node=NodeKey(5523947517458251828), display=Flex
[2026-01-11T20:04:39Z ERROR css_core::box_tree::constraint_block_layout] IS FLEX!
[2026-01-11T20:04:39Z ERROR css_core::box_tree::constraint_block_layout::flex_layout] layout_flex: node=NodeKey(5523947517458251828), children.len()=2
[2026-01-11T20:04:39Z ERROR css_core::box_tree::constraint_block_layout] layout_block ENTRY: node=NodeKey(5523947517458251829)
[2026-01-11T20:04:39Z ERROR css_core::box_tree::constraint_block_layout] Checking flex: node=NodeKey(5523947517458251829), display=Inline
[2026-01-11T20:04:39Z ERROR css_core::box_tree::constraint_block_layout::flex_layout] layout_flex: node=NodeKey(5523947517458251828), flex_items.len()=2
[2026-01-11T20:04:39Z ERROR css_core::box_tree::constraint_block_layout] layout_block ENTRY: node=NodeKey(5523947517458251829)
[2026-01-11T20:04:39Z ERROR css_core::box_tree::constraint_block_layout] Checking flex: node=NodeKey(5523947517458251829), display=Inline
[2026-01-11T20:04:39Z ERROR css_core::box_tree::constraint_block_layout] INSERTING FLEX CONTAINER in layout_block: node=NodeKey(5523947517458251828), inline_size=59.682617, is_measurement=true
[2026-01-11T20:04:39Z ERROR css_core::box_tree::constraint_block_layout::flex_layout] layout_flex: node=NodeKey(5523947517458251812), flex_items.len()=5
[2026-01-11T20:04:39Z ERROR css_core::box_tree::constraint_block_layout] layout_block ENTRY: node=NodeKey(5523947517458251814)
[2026-01-11T20:04:39Z ERROR css_core::box_tree::constraint_block_layout] Checking flex: node=NodeKey(5523947517458251814), display=Flex
[2026-01-11T20:04:39Z ERROR css_core::box_tree::constraint_block_layout] IS FLEX!
[2026-01-11T20:04:39Z ERROR css_core::box_tree::constraint_block_layout::flex_layout] layout_flex: node=NodeKey(5523947517458251814), children.len()=2
[2026-01-11T20:04:39Z ERROR css_core::box_tree::constraint_block_layout] layout_block ENTRY: node=NodeKey(5523947517458251815)
[2026-01-11T20:04:39Z ERROR css_core::box_tree::constraint_block_layout] Checking flex: node=NodeKey(5523947517458251815), display=Inline
[2026-01-11T20:04:39Z ERROR css_core::box_tree::constraint_block_layout::flex_layout] layout_flex: node=NodeKey(5523947517458251814), flex_items.len()=2
[2026-01-11T20:04:39Z ERROR css_core::box_tree::constraint_block_layout] layout_block ENTRY: node=NodeKey(5523947517458251815)
[2026-01-11T20:04:39Z ERROR css_core::box_tree::constraint_block_layout] Checking flex: node=NodeKey(5523947517458251815), display=Inline
[2026-01-11T20:04:39Z ERROR css_core::box_tree::constraint_block_layout] INSERTING FLEX CONTAINER in layout_block: node=NodeKey(5523947517458251814), inline_size=57.34375, is_measurement=false
[2026-01-11T20:04:39Z ERROR css_core::box_tree::constraint_block_layout] layout_block ENTRY: node=NodeKey(5523947517458251818)
[2026-01-11T20:04:39Z ERROR css_core::box_tree::constraint_block_layout] Checking flex: node=NodeKey(5523947517458251818), display=Inline
[2026-01-11T20:04:39Z ERROR css_core::box_tree::constraint_block_layout] layout_block ENTRY: node=NodeKey(5523947517458251821)
[2026-01-11T20:04:39Z ERROR css_core::box_tree::constraint_block_layout] Checking flex: node=NodeKey(5523947517458251821), display=Flex
[2026-01-11T20:04:39Z ERROR css_core::box_tree::constraint_block_layout] IS FLEX!
[2026-01-11T20:04:39Z ERROR css_core::box_tree::constraint_block_layout::flex_layout] layout_flex: node=NodeKey(5523947517458251821), children.len()=2
[2026-01-11T20:04:39Z ERROR css_core::box_tree::constraint_block_layout] layout_block ENTRY: node=NodeKey(5523947517458251822)
[2026-01-11T20:04:39Z ERROR css_core::box_tree::constraint_block_layout] Checking flex: node=NodeKey(5523947517458251822), display=Inline
[2026-01-11T20:04:39Z ERROR css_core::box_tree::constraint_block_layout::flex_layout] layout_flex: node=NodeKey(5523947517458251821), flex_items.len()=2
[2026-01-11T20:04:39Z ERROR css_core::box_tree::constraint_block_layout] layout_block ENTRY: node=NodeKey(5523947517458251822)
[2026-01-11T20:04:39Z ERROR css_core::box_tree::constraint_block_layout] Checking flex: node=NodeKey(5523947517458251822), display=Inline
[2026-01-11T20:04:39Z ERROR css_core::box_tree::constraint_block_layout] INSERTING FLEX CONTAINER in layout_block: node=NodeKey(5523947517458251821), inline_size=70.59375, is_measurement=false
[2026-01-11T20:04:39Z ERROR css_core::box_tree::constraint_block_layout] layout_block ENTRY: node=NodeKey(5523947517458251825)
[2026-01-11T20:04:39Z ERROR css_core::box_tree::constraint_block_layout] Checking flex: node=NodeKey(5523947517458251825), display=Inline
[2026-01-11T20:04:39Z ERROR css_core::box_tree::constraint_block_layout] layout_block ENTRY: node=NodeKey(5523947517458251828)
[2026-01-11T20:04:39Z ERROR css_core::box_tree::constraint_block_layout] Checking flex: node=NodeKey(5523947517458251828), display=Flex
[2026-01-11T20:04:39Z ERROR css_core::box_tree::constraint_block_layout] IS FLEX!
[2026-01-11T20:04:39Z ERROR css_core::box_tree::constraint_block_layout::flex_layout] layout_flex: node=NodeKey(5523947517458251828), children.len()=2
[2026-01-11T20:04:39Z ERROR css_core::box_tree::constraint_block_layout] layout_block ENTRY: node=NodeKey(5523947517458251829)
[2026-01-11T20:04:39Z ERROR css_core::box_tree::constraint_block_layout] Checking flex: node=NodeKey(5523947517458251829), display=Inline
[2026-01-11T20:04:39Z ERROR css_core::box_tree::constraint_block_layout::flex_layout] layout_flex: node=NodeKey(5523947517458251828), flex_items.len()=2
[2026-01-11T20:04:39Z ERROR css_core::box_tree::constraint_block_layout] layout_block ENTRY: node=NodeKey(5523947517458251829)
[2026-01-11T20:04:39Z ERROR css_core::box_tree::constraint_block_layout] Checking flex: node=NodeKey(5523947517458251829), display=Inline
[2026-01-11T20:04:39Z ERROR css_core::box_tree::constraint_block_layout] INSERTING FLEX CONTAINER in layout_block: node=NodeKey(5523947517458251828), inline_size=59.6875, is_measurement=false
[2026-01-11T20:04:39Z ERROR css_core::box_tree::constraint_block_layout] INSERTING FLEX CONTAINER in layout_block: node=NodeKey(5523947517458251812), inline_size=768, is_measurement=false
[2026-01-11T20:04:39Z ERROR css_core::box_tree::constraint_block_layout] layout_block ENTRY: node=NodeKey(5523947517458251833)
[2026-01-11T20:04:39Z ERROR css_core::box_tree::constraint_block_layout] Checking flex: node=NodeKey(5523947517458251833), display=Flex
[2026-01-11T20:04:39Z ERROR css_core::box_tree::constraint_block_layout] IS FLEX!
[2026-01-11T20:04:39Z ERROR css_core::box_tree::constraint_block_layout::flex_layout] layout_flex: node=NodeKey(5523947517458251833), children.len()=11
[2026-01-11T20:04:39Z ERROR css_core::box_tree::constraint_block_layout] layout_block ENTRY: node=NodeKey(5523947517458251835)
[2026-01-11T20:04:39Z ERROR css_core::box_tree::constraint_block_layout] Checking flex: node=NodeKey(5523947517458251835), display=Inline
[2026-01-11T20:04:39Z ERROR css_core::box_tree::constraint_block_layout] layout_block ENTRY: node=NodeKey(5523947517458251838)
[2026-01-11T20:04:39Z ERROR css_core::box_tree::constraint_block_layout] Checking flex: node=NodeKey(5523947517458251838), display=Inline
[2026-01-11T20:04:39Z ERROR css_core::box_tree::constraint_block_layout] layout_block ENTRY: node=NodeKey(5523947517458251841)
[2026-01-11T20:04:39Z ERROR css_core::box_tree::constraint_block_layout] Checking flex: node=NodeKey(5523947517458251841), display=Inline
[2026-01-11T20:04:39Z ERROR css_core::box_tree::constraint_block_layout] layout_block ENTRY: node=NodeKey(5523947517458251844)
[2026-01-11T20:04:39Z ERROR css_core::box_tree::constraint_block_layout] Checking flex: node=NodeKey(5523947517458251844), display=Inline
[2026-01-11T20:04:39Z ERROR css_core::box_tree::constraint_block_layout] layout_block ENTRY: node=NodeKey(5523947517458251847)
[2026-01-11T20:04:39Z ERROR css_core::box_tree::constraint_block_layout] Checking flex: node=NodeKey(5523947517458251847), display=Inline
[2026-01-11T20:04:39Z ERROR css_core::box_tree::constraint_block_layout::flex_layout] layout_flex: node=NodeKey(5523947517458251833), flex_items.len()=5
[2026-01-11T20:04:39Z ERROR css_core::box_tree::constraint_block_layout] layout_block ENTRY: node=NodeKey(5523947517458251835)
[2026-01-11T20:04:39Z ERROR css_core::box_tree::constraint_block_layout] Checking flex: node=NodeKey(5523947517458251835), display=Inline
[2026-01-11T20:04:39Z ERROR css_core::box_tree::constraint_block_layout] layout_block ENTRY: node=NodeKey(5523947517458251838)
[2026-01-11T20:04:39Z ERROR css_core::box_tree::constraint_block_layout] Checking flex: node=NodeKey(5523947517458251838), display=Inline
[2026-01-11T20:04:39Z ERROR css_core::box_tree::constraint_block_layout] layout_block ENTRY: node=NodeKey(5523947517458251841)
[2026-01-11T20:04:39Z ERROR css_core::box_tree::constraint_block_layout] Checking flex: node=NodeKey(5523947517458251841), display=Inline
[2026-01-11T20:04:39Z ERROR css_core::box_tree::constraint_block_layout] layout_block ENTRY: node=NodeKey(5523947517458251844)
[2026-01-11T20:04:39Z ERROR css_core::box_tree::constraint_block_layout] Checking flex: node=NodeKey(5523947517458251844), display=Inline
[2026-01-11T20:04:39Z ERROR css_core::box_tree::constraint_block_layout] layout_block ENTRY: node=NodeKey(5523947517458251847)
[2026-01-11T20:04:39Z ERROR css_core::box_tree::constraint_block_layout] Checking flex: node=NodeKey(5523947517458251847), display=Inline
[2026-01-11T20:04:39Z ERROR css_core::box_tree::constraint_block_layout] INSERTING FLEX CONTAINER in layout_block: node=NodeKey(5523947517458251833), inline_size=768, is_measurement=false
[2026-01-11T20:04:39Z ERROR css_core::box_tree::constraint_block_layout] INSERTING FLEX CONTAINER in layout_block: node=NodeKey(5523947517458251792), inline_size=800, is_measurement=false
[2026-01-11T20:04:39Z ERROR page_handler::core::incremental_layout] LAYOUT TREE COMPLETE - generation 1, total results: 42
[2026-01-11T20:04:39Z ERROR page_handler::core::incremental_layout] RUNNING LAYOUT TREE - generation 1
[2026-01-11T20:04:39Z ERROR css_core::box_tree::constraint_block_layout] layout_block ENTRY: node=NodeKey(11352731335182516226)
[2026-01-11T20:04:39Z ERROR css_core::box_tree::constraint_block_layout] Checking flex: node=NodeKey(11352731335182516226), display=Block
[2026-01-11T20:04:39Z ERROR css_core::box_tree::constraint_block_layout] layout_block ENTRY: node=NodeKey(11352731335182516238)
[2026-01-11T20:04:39Z ERROR css_core::box_tree::constraint_block_layout] Checking flex: node=NodeKey(11352731335182516238), display=Block
[2026-01-11T20:04:39Z ERROR css_core::box_tree::constraint_block_layout] layout_block ENTRY: node=NodeKey(11352731335182516240)
[2026-01-11T20:04:39Z ERROR css_core::box_tree::constraint_block_layout] Checking flex: node=NodeKey(11352731335182516240), display=Flex
[2026-01-11T20:04:39Z ERROR css_core::box_tree::constraint_block_layout] IS FLEX!
[2026-01-11T20:04:39Z ERROR css_core::box_tree::constraint_block_layout::flex_layout] layout_flex: node=NodeKey(11352731335182516240), children.len()=7
[2026-01-11T20:04:39Z ERROR css_core::box_tree::constraint_block_layout] layout_block ENTRY: node=NodeKey(11352731335182516242)
[2026-01-11T20:04:39Z ERROR css_core::box_tree::constraint_block_layout] Checking flex: node=NodeKey(11352731335182516242), display=Flex
[2026-01-11T20:04:39Z ERROR css_core::box_tree::constraint_block_layout] IS FLEX!
[2026-01-11T20:04:39Z ERROR css_core::box_tree::constraint_block_layout::flex_layout] layout_flex: node=NodeKey(11352731335182516242), children.len()=9
[2026-01-11T20:04:39Z ERROR css_core::box_tree::constraint_block_layout] layout_block ENTRY: node=NodeKey(11352731335182516244)
[2026-01-11T20:04:39Z ERROR css_core::box_tree::constraint_block_layout] Checking flex: node=NodeKey(11352731335182516244), display=Block
[2026-01-11T20:04:39Z ERROR css_core::box_tree::constraint_block_layout] layout_block ENTRY: node=NodeKey(11352731335182516247)
[2026-01-11T20:04:39Z ERROR css_core::box_tree::constraint_block_layout] Checking flex: node=NodeKey(11352731335182516247), display=Block
[2026-01-11T20:04:39Z ERROR css_core::box_tree::constraint_block_layout] layout_block ENTRY: node=NodeKey(11352731335182516250)
[2026-01-11T20:04:39Z ERROR css_core::box_tree::constraint_block_layout] Checking flex: node=NodeKey(11352731335182516250), display=Block
[2026-01-11T20:04:39Z ERROR css_core::box_tree::constraint_block_layout] layout_block ENTRY: node=NodeKey(11352731335182516253)
[2026-01-11T20:04:39Z ERROR css_core::box_tree::constraint_block_layout] Checking flex: node=NodeKey(11352731335182516253), display=Block
[2026-01-11T20:04:39Z ERROR css_core::box_tree::constraint_block_layout::flex_layout] layout_flex: node=NodeKey(11352731335182516242), flex_items.len()=4
[2026-01-11T20:04:39Z ERROR css_core::box_tree::constraint_block_layout] layout_block ENTRY: node=NodeKey(11352731335182516244)
[2026-01-11T20:04:39Z ERROR css_core::box_tree::constraint_block_layout] Checking flex: node=NodeKey(11352731335182516244), display=Block
[2026-01-11T20:04:39Z ERROR css_core::box_tree::constraint_block_layout] layout_block ENTRY: node=NodeKey(11352731335182516247)
[2026-01-11T20:04:39Z ERROR css_core::box_tree::constraint_block_layout] Checking flex: node=NodeKey(11352731335182516247), display=Block
[2026-01-11T20:04:39Z ERROR css_core::box_tree::constraint_block_layout] layout_block ENTRY: node=NodeKey(11352731335182516250)
[2026-01-11T20:04:39Z ERROR css_core::box_tree::constraint_block_layout] Checking flex: node=NodeKey(11352731335182516250), display=Block
[2026-01-11T20:04:39Z ERROR css_core::box_tree::constraint_block_layout] layout_block ENTRY: node=NodeKey(11352731335182516253)
[2026-01-11T20:04:39Z ERROR css_core::box_tree::constraint_block_layout] Checking flex: node=NodeKey(11352731335182516253), display=Block
[2026-01-11T20:04:39Z ERROR css_core::box_tree::constraint_block_layout] INSERTING FLEX CONTAINER in layout_block: node=NodeKey(11352731335182516242), inline_size=768, is_measurement=true
[2026-01-11T20:04:39Z ERROR css_core::box_tree::constraint_block_layout] layout_block ENTRY: node=NodeKey(11352731335182516257)
[2026-01-11T20:04:39Z ERROR css_core::box_tree::constraint_block_layout] Checking flex: node=NodeKey(11352731335182516257), display=Flex
[2026-01-11T20:04:39Z ERROR css_core::box_tree::constraint_block_layout] IS FLEX!
[2026-01-11T20:04:39Z ERROR css_core::box_tree::constraint_block_layout::flex_layout] layout_flex: node=NodeKey(11352731335182516257), children.len()=9
[2026-01-11T20:04:39Z ERROR css_core::box_tree::constraint_block_layout] layout_block ENTRY: node=NodeKey(11352731335182516259)
[2026-01-11T20:04:39Z ERROR css_core::box_tree::constraint_block_layout] Checking flex: node=NodeKey(11352731335182516259), display=Block
[2026-01-11T20:04:39Z ERROR css_core::box_tree::constraint_block_layout] layout_block ENTRY: node=NodeKey(11352731335182516262)
[2026-01-11T20:04:39Z ERROR css_core::box_tree::constraint_block_layout] Checking flex: node=NodeKey(11352731335182516262), display=Block
[2026-01-11T20:04:39Z ERROR css_core::box_tree::constraint_block_layout] layout_block ENTRY: node=NodeKey(11352731335182516265)
[2026-01-11T20:04:39Z ERROR css_core::box_tree::constraint_block_layout] Checking flex: node=NodeKey(11352731335182516265), display=Block
[2026-01-11T20:04:39Z ERROR css_core::box_tree::constraint_block_layout] layout_block ENTRY: node=NodeKey(11352731335182516268)
[2026-01-11T20:04:39Z ERROR css_core::box_tree::constraint_block_layout] Checking flex: node=NodeKey(11352731335182516268), display=Block
[2026-01-11T20:04:39Z ERROR css_core::box_tree::constraint_block_layout::flex_layout] layout_flex: node=NodeKey(11352731335182516257), flex_items.len()=4
[2026-01-11T20:04:39Z ERROR css_core::box_tree::constraint_block_layout] layout_block ENTRY: node=NodeKey(11352731335182516259)
[2026-01-11T20:04:39Z ERROR css_core::box_tree::constraint_block_layout] Checking flex: node=NodeKey(11352731335182516259), display=Block
[2026-01-11T20:04:39Z ERROR css_core::box_tree::constraint_block_layout] layout_block ENTRY: node=NodeKey(11352731335182516262)
[2026-01-11T20:04:39Z ERROR css_core::box_tree::constraint_block_layout] Checking flex: node=NodeKey(11352731335182516262), display=Block
[2026-01-11T20:04:39Z ERROR css_core::box_tree::constraint_block_layout] layout_block ENTRY: node=NodeKey(11352731335182516265)
[2026-01-11T20:04:39Z ERROR css_core::box_tree::constraint_block_layout] Checking flex: node=NodeKey(11352731335182516265), display=Block
[2026-01-11T20:04:39Z ERROR css_core::box_tree::constraint_block_layout] layout_block ENTRY: node=NodeKey(11352731335182516268)
[2026-01-11T20:04:39Z ERROR css_core::box_tree::constraint_block_layout] Checking flex: node=NodeKey(11352731335182516268), display=Block
[2026-01-11T20:04:39Z ERROR css_core::box_tree::constraint_block_layout] INSERTING FLEX CONTAINER in layout_block: node=NodeKey(11352731335182516257), inline_size=768, is_measurement=true
[2026-01-11T20:04:39Z ERROR css_core::box_tree::constraint_block_layout] layout_block ENTRY: node=NodeKey(11352731335182516272)
[2026-01-11T20:04:39Z ERROR css_core::box_tree::constraint_block_layout] Checking flex: node=NodeKey(11352731335182516272), display=Flex
[2026-01-11T20:04:39Z ERROR css_core::box_tree::constraint_block_layout] IS FLEX!
[2026-01-11T20:04:39Z ERROR css_core::box_tree::constraint_block_layout::flex_layout] layout_flex: node=NodeKey(11352731335182516272), children.len()=9
[2026-01-11T20:04:39Z ERROR css_core::box_tree::constraint_block_layout] layout_block ENTRY: node=NodeKey(11352731335182516274)
[2026-01-11T20:04:39Z ERROR css_core::box_tree::constraint_block_layout] Checking flex: node=NodeKey(11352731335182516274), display=Block
[2026-01-11T20:04:39Z ERROR css_core::box_tree::constraint_block_layout] layout_block ENTRY: node=NodeKey(11352731335182516277)
[2026-01-11T20:04:39Z ERROR css_core::box_tree::constraint_block_layout] Checking flex: node=NodeKey(11352731335182516277), display=Block
[2026-01-11T20:04:39Z ERROR css_core::box_tree::constraint_block_layout] layout_block ENTRY: node=NodeKey(11352731335182516280)
[2026-01-11T20:04:39Z ERROR css_core::box_tree::constraint_block_layout] Checking flex: node=NodeKey(11352731335182516280), display=Block
[2026-01-11T20:04:39Z ERROR css_core::box_tree::constraint_block_layout] layout_block ENTRY: node=NodeKey(11352731335182516283)
[2026-01-11T20:04:39Z ERROR css_core::box_tree::constraint_block_layout] Checking flex: node=NodeKey(11352731335182516283), display=Block
[2026-01-11T20:04:39Z ERROR css_core::box_tree::constraint_block_layout::flex_layout] layout_flex: node=NodeKey(11352731335182516272), flex_items.len()=4
[2026-01-11T20:04:39Z ERROR css_core::box_tree::constraint_block_layout] layout_block ENTRY: node=NodeKey(11352731335182516274)
[2026-01-11T20:04:39Z ERROR css_core::box_tree::constraint_block_layout] Checking flex: node=NodeKey(11352731335182516274), display=Block
[2026-01-11T20:04:39Z ERROR css_core::box_tree::constraint_block_layout] layout_block ENTRY: node=NodeKey(11352731335182516277)
[2026-01-11T20:04:39Z ERROR css_core::box_tree::constraint_block_layout] Checking flex: node=NodeKey(11352731335182516277), display=Block
[2026-01-11T20:04:39Z ERROR css_core::box_tree::constraint_block_layout] layout_block ENTRY: node=NodeKey(11352731335182516280)
[2026-01-11T20:04:39Z ERROR css_core::box_tree::constraint_block_layout] Checking flex: node=NodeKey(11352731335182516280), display=Block
[2026-01-11T20:04:39Z ERROR css_core::box_tree::constraint_block_layout] layout_block ENTRY: node=NodeKey(11352731335182516283)
[2026-01-11T20:04:39Z ERROR css_core::box_tree::constraint_block_layout] Checking flex: node=NodeKey(11352731335182516283), display=Block
[2026-01-11T20:04:39Z ERROR css_core::box_tree::constraint_block_layout] INSERTING FLEX CONTAINER in layout_block: node=NodeKey(11352731335182516272), inline_size=200, is_measurement=true
[2026-01-11T20:04:39Z ERROR css_core::box_tree::constraint_block_layout::flex_layout] layout_flex: node=NodeKey(11352731335182516240), flex_items.len()=3
[2026-01-11T20:04:39Z ERROR css_core::box_tree::constraint_block_layout] layout_block ENTRY: node=NodeKey(11352731335182516242)
[2026-01-11T20:04:39Z ERROR css_core::box_tree::constraint_block_layout] Checking flex: node=NodeKey(11352731335182516242), display=Flex
[2026-01-11T20:04:39Z ERROR css_core::box_tree::constraint_block_layout] IS FLEX!
[2026-01-11T20:04:39Z ERROR css_core::box_tree::constraint_block_layout::flex_layout] layout_flex: node=NodeKey(11352731335182516242), children.len()=9
[2026-01-11T20:04:39Z ERROR css_core::box_tree::constraint_block_layout] layout_block ENTRY: node=NodeKey(11352731335182516244)
[2026-01-11T20:04:39Z ERROR css_core::box_tree::constraint_block_layout] Checking flex: node=NodeKey(11352731335182516244), display=Block
[2026-01-11T20:04:39Z ERROR css_core::box_tree::constraint_block_layout] layout_block ENTRY: node=NodeKey(11352731335182516247)
[2026-01-11T20:04:39Z ERROR css_core::box_tree::constraint_block_layout] Checking flex: node=NodeKey(11352731335182516247), display=Block
[2026-01-11T20:04:39Z ERROR css_core::box_tree::constraint_block_layout] layout_block ENTRY: node=NodeKey(11352731335182516250)
[2026-01-11T20:04:39Z ERROR css_core::box_tree::constraint_block_layout] Checking flex: node=NodeKey(11352731335182516250), display=Block
[2026-01-11T20:04:39Z ERROR css_core::box_tree::constraint_block_layout] layout_block ENTRY: node=NodeKey(11352731335182516253)
[2026-01-11T20:04:39Z ERROR css_core::box_tree::constraint_block_layout] Checking flex: node=NodeKey(11352731335182516253), display=Block
[2026-01-11T20:04:39Z ERROR css_core::box_tree::constraint_block_layout::flex_layout] layout_flex: node=NodeKey(11352731335182516242), flex_items.len()=4
[2026-01-11T20:04:39Z ERROR css_core::box_tree::constraint_block_layout] layout_block ENTRY: node=NodeKey(11352731335182516244)
[2026-01-11T20:04:39Z ERROR css_core::box_tree::constraint_block_layout] Checking flex: node=NodeKey(11352731335182516244), display=Block
[2026-01-11T20:04:39Z ERROR css_core::box_tree::constraint_block_layout] layout_block ENTRY: node=NodeKey(11352731335182516247)
[2026-01-11T20:04:39Z ERROR css_core::box_tree::constraint_block_layout] Checking flex: node=NodeKey(11352731335182516247), display=Block
[2026-01-11T20:04:39Z ERROR css_core::box_tree::constraint_block_layout] layout_block ENTRY: node=NodeKey(11352731335182516250)
[2026-01-11T20:04:39Z ERROR css_core::box_tree::constraint_block_layout] Checking flex: node=NodeKey(11352731335182516250), display=Block
[2026-01-11T20:04:39Z ERROR css_core::box_tree::constraint_block_layout] layout_block ENTRY: node=NodeKey(11352731335182516253)
[2026-01-11T20:04:39Z ERROR css_core::box_tree::constraint_block_layout] Checking flex: node=NodeKey(11352731335182516253), display=Block
[2026-01-11T20:04:39Z ERROR css_core::box_tree::constraint_block_layout] INSERTING FLEX CONTAINER in layout_block: node=NodeKey(11352731335182516242), inline_size=768, is_measurement=false
[2026-01-11T20:04:39Z ERROR css_core::box_tree::constraint_block_layout] layout_block ENTRY: node=NodeKey(11352731335182516257)
[2026-01-11T20:04:39Z ERROR css_core::box_tree::constraint_block_layout] Checking flex: node=NodeKey(11352731335182516257), display=Flex
[2026-01-11T20:04:39Z ERROR css_core::box_tree::constraint_block_layout] IS FLEX!
[2026-01-11T20:04:39Z ERROR css_core::box_tree::constraint_block_layout::flex_layout] layout_flex: node=NodeKey(11352731335182516257), children.len()=9
[2026-01-11T20:04:39Z ERROR css_core::box_tree::constraint_block_layout] layout_block ENTRY: node=NodeKey(11352731335182516259)
[2026-01-11T20:04:39Z ERROR css_core::box_tree::constraint_block_layout] Checking flex: node=NodeKey(11352731335182516259), display=Block
[2026-01-11T20:04:39Z ERROR css_core::box_tree::constraint_block_layout] layout_block ENTRY: node=NodeKey(11352731335182516262)
[2026-01-11T20:04:39Z ERROR css_core::box_tree::constraint_block_layout] Checking flex: node=NodeKey(11352731335182516262), display=Block
[2026-01-11T20:04:39Z ERROR css_core::box_tree::constraint_block_layout] layout_block ENTRY: node=NodeKey(11352731335182516265)
[2026-01-11T20:04:39Z ERROR css_core::box_tree::constraint_block_layout] Checking flex: node=NodeKey(11352731335182516265), display=Block
[2026-01-11T20:04:39Z ERROR css_core::box_tree::constraint_block_layout] layout_block ENTRY: node=NodeKey(11352731335182516268)
[2026-01-11T20:04:39Z ERROR css_core::box_tree::constraint_block_layout] Checking flex: node=NodeKey(11352731335182516268), display=Block
[2026-01-11T20:04:39Z ERROR css_core::box_tree::constraint_block_layout::flex_layout] layout_flex: node=NodeKey(11352731335182516257), flex_items.len()=4
[2026-01-11T20:04:39Z ERROR css_core::box_tree::constraint_block_layout] layout_block ENTRY: node=NodeKey(11352731335182516259)
[2026-01-11T20:04:39Z ERROR css_core::box_tree::constraint_block_layout] Checking flex: node=NodeKey(11352731335182516259), display=Block
[2026-01-11T20:04:39Z ERROR css_core::box_tree::constraint_block_layout] layout_block ENTRY: node=NodeKey(11352731335182516262)
[2026-01-11T20:04:39Z ERROR css_core::box_tree::constraint_block_layout] Checking flex: node=NodeKey(11352731335182516262), display=Block
[2026-01-11T20:04:39Z ERROR css_core::box_tree::constraint_block_layout] layout_block ENTRY: node=NodeKey(11352731335182516265)
[2026-01-11T20:04:39Z ERROR css_core::box_tree::constraint_block_layout] Checking flex: node=NodeKey(11352731335182516265), display=Block
[2026-01-11T20:04:39Z ERROR css_core::box_tree::constraint_block_layout] layout_block ENTRY: node=NodeKey(11352731335182516268)
[2026-01-11T20:04:39Z ERROR css_core::box_tree::constraint_block_layout] Checking flex: node=NodeKey(11352731335182516268), display=Block
[2026-01-11T20:04:39Z ERROR css_core::box_tree::constraint_block_layout] INSERTING FLEX CONTAINER in layout_block: node=NodeKey(11352731335182516257), inline_size=768, is_measurement=false
[2026-01-11T20:04:39Z ERROR css_core::box_tree::constraint_block_layout] layout_block ENTRY: node=NodeKey(11352731335182516272)
[2026-01-11T20:04:39Z ERROR css_core::box_tree::constraint_block_layout] Checking flex: node=NodeKey(11352731335182516272), display=Flex
[2026-01-11T20:04:39Z ERROR css_core::box_tree::constraint_block_layout] IS FLEX!
[2026-01-11T20:04:39Z ERROR css_core::box_tree::constraint_block_layout::flex_layout] layout_flex: node=NodeKey(11352731335182516272), children.len()=9
[2026-01-11T20:04:39Z ERROR css_core::box_tree::constraint_block_layout] layout_block ENTRY: node=NodeKey(11352731335182516274)
[2026-01-11T20:04:39Z ERROR css_core::box_tree::constraint_block_layout] Checking flex: node=NodeKey(11352731335182516274), display=Block
[2026-01-11T20:04:39Z ERROR css_core::box_tree::constraint_block_layout] layout_block ENTRY: node=NodeKey(11352731335182516277)
[2026-01-11T20:04:39Z ERROR css_core::box_tree::constraint_block_layout] Checking flex: node=NodeKey(11352731335182516277), display=Block
[2026-01-11T20:04:39Z ERROR css_core::box_tree::constraint_block_layout] layout_block ENTRY: node=NodeKey(11352731335182516280)
[2026-01-11T20:04:39Z ERROR css_core::box_tree::constraint_block_layout] Checking flex: node=NodeKey(11352731335182516280), display=Block
[2026-01-11T20:04:39Z ERROR css_core::box_tree::constraint_block_layout] layout_block ENTRY: node=NodeKey(11352731335182516283)
[2026-01-11T20:04:39Z ERROR css_core::box_tree::constraint_block_layout] Checking flex: node=NodeKey(11352731335182516283), display=Block
[2026-01-11T20:04:39Z ERROR css_core::box_tree::constraint_block_layout::flex_layout] layout_flex: node=NodeKey(11352731335182516272), flex_items.len()=4
[2026-01-11T20:04:39Z ERROR css_core::box_tree::constraint_block_layout] layout_block ENTRY: node=NodeKey(11352731335182516274)
[2026-01-11T20:04:39Z ERROR css_core::box_tree::constraint_block_layout] Checking flex: node=NodeKey(11352731335182516274), display=Block
[2026-01-11T20:04:39Z ERROR css_core::box_tree::constraint_block_layout] layout_block ENTRY: node=NodeKey(11352731335182516277)
[2026-01-11T20:04:39Z ERROR css_core::box_tree::constraint_block_layout] Checking flex: node=NodeKey(11352731335182516277), display=Block
[2026-01-11T20:04:39Z ERROR css_core::box_tree::constraint_block_layout] layout_block ENTRY: node=NodeKey(11352731335182516280)
[2026-01-11T20:04:39Z ERROR css_core::box_tree::constraint_block_layout] Checking flex: node=NodeKey(11352731335182516280), display=Block
[2026-01-11T20:04:39Z ERROR css_core::box_tree::constraint_block_layout] layout_block ENTRY: node=NodeKey(11352731335182516283)
[2026-01-11T20:04:39Z ERROR css_core::box_tree::constraint_block_layout] Checking flex: node=NodeKey(11352731335182516283), display=Block
[2026-01-11T20:04:39Z ERROR css_core::box_tree::constraint_block_layout] INSERTING FLEX CONTAINER in layout_block: node=NodeKey(11352731335182516272), inline_size=200, is_measurement=false
[2026-01-11T20:04:39Z ERROR css_core::box_tree::constraint_block_layout] INSERTING FLEX CONTAINER in layout_block: node=NodeKey(11352731335182516240), inline_size=800, is_measurement=false
[2026-01-11T20:04:39Z ERROR page_handler::core::incremental_layout] LAYOUT TREE COMPLETE - generation 1, total results: 33
[2026-01-11T20:04:39Z ERROR page_handler::core::incremental_layout] RUNNING LAYOUT TREE - generation 1
[2026-01-11T20:04:39Z ERROR css_core::box_tree::constraint_block_layout] layout_block ENTRY: node=NodeKey(11829549945730367490)
[2026-01-11T20:04:39Z ERROR css_core::box_tree::constraint_block_layout] Checking flex: node=NodeKey(11829549945730367490), display=Block
[2026-01-11T20:04:39Z ERROR css_core::box_tree::constraint_block_layout] layout_block ENTRY: node=NodeKey(11829549945730367502)
[2026-01-11T20:04:39Z ERROR css_core::box_tree::constraint_block_layout] Checking flex: node=NodeKey(11829549945730367502), display=Block
[2026-01-11T20:04:39Z ERROR css_core::box_tree::constraint_block_layout] layout_block ENTRY: node=NodeKey(11829549945730367504)
[2026-01-11T20:04:39Z ERROR css_core::box_tree::constraint_block_layout] Checking flex: node=NodeKey(11829549945730367504), display=Flex
[2026-01-11T20:04:39Z ERROR css_core::box_tree::constraint_block_layout] IS FLEX!
[2026-01-11T20:04:39Z ERROR css_core::box_tree::constraint_block_layout::flex_layout] layout_flex: node=NodeKey(11829549945730367504), children.len()=5
[2026-01-11T20:04:39Z ERROR css_core::box_tree::constraint_block_layout] layout_block ENTRY: node=NodeKey(11829549945730367506)
[2026-01-11T20:04:39Z ERROR css_core::box_tree::constraint_block_layout] Checking flex: node=NodeKey(11829549945730367506), display=Flex
[2026-01-11T20:04:39Z ERROR css_core::box_tree::constraint_block_layout] IS FLEX!
[2026-01-11T20:04:39Z ERROR css_core::box_tree::constraint_block_layout::flex_layout] layout_flex: node=NodeKey(11829549945730367506), children.len()=7
[2026-01-11T20:04:39Z ERROR css_core::box_tree::constraint_block_layout] layout_block ENTRY: node=NodeKey(11829549945730367508)
[2026-01-11T20:04:39Z ERROR css_core::box_tree::constraint_block_layout] Checking flex: node=NodeKey(11829549945730367508), display=Block
[2026-01-11T20:04:39Z ERROR css_core::box_tree::constraint_block_layout] layout_block ENTRY: node=NodeKey(11829549945730367510)
[2026-01-11T20:04:39Z ERROR css_core::box_tree::constraint_block_layout] Checking flex: node=NodeKey(11829549945730367510), display=Block
[2026-01-11T20:04:39Z ERROR css_core::box_tree::constraint_block_layout] layout_block ENTRY: node=NodeKey(11829549945730367514)
[2026-01-11T20:04:39Z ERROR css_core::box_tree::constraint_block_layout] Checking flex: node=NodeKey(11829549945730367514), display=Block
[2026-01-11T20:04:39Z ERROR css_core::box_tree::constraint_block_layout] layout_block ENTRY: node=NodeKey(11829549945730367516)
[2026-01-11T20:04:39Z ERROR css_core::box_tree::constraint_block_layout] Checking flex: node=NodeKey(11829549945730367516), display=Block
[2026-01-11T20:04:39Z ERROR css_core::box_tree::constraint_block_layout] layout_block ENTRY: node=NodeKey(11829549945730367519)
[2026-01-11T20:04:39Z ERROR css_core::box_tree::constraint_block_layout] Checking flex: node=NodeKey(11829549945730367519), display=Flex
[2026-01-11T20:04:39Z ERROR css_core::box_tree::constraint_block_layout] IS FLEX!
[2026-01-11T20:04:39Z ERROR css_core::box_tree::constraint_block_layout::flex_layout] layout_flex: node=NodeKey(11829549945730367519), children.len()=2
[2026-01-11T20:04:39Z ERROR css_core::box_tree::constraint_block_layout] layout_block ENTRY: node=NodeKey(11829549945730367520)
[2026-01-11T20:04:39Z ERROR css_core::box_tree::constraint_block_layout] Checking flex: node=NodeKey(11829549945730367520), display=Inline
[2026-01-11T20:04:39Z ERROR css_core::box_tree::constraint_block_layout::flex_layout] layout_flex: node=NodeKey(11829549945730367519), flex_items.len()=2
[2026-01-11T20:04:39Z ERROR css_core::box_tree::constraint_block_layout] layout_block ENTRY: node=NodeKey(11829549945730367520)
[2026-01-11T20:04:39Z ERROR css_core::box_tree::constraint_block_layout] Checking flex: node=NodeKey(11829549945730367520), display=Inline
[2026-01-11T20:04:39Z ERROR css_core::box_tree::constraint_block_layout] INSERTING FLEX CONTAINER in layout_block: node=NodeKey(11829549945730367519), inline_size=240, is_measurement=true
[2026-01-11T20:04:39Z ERROR css_core::box_tree::constraint_block_layout] layout_block ENTRY: node=NodeKey(11829549945730367523)
[2026-01-11T20:04:39Z ERROR css_core::box_tree::constraint_block_layout] Checking flex: node=NodeKey(11829549945730367523), display=Flex
[2026-01-11T20:04:39Z ERROR css_core::box_tree::constraint_block_layout] IS FLEX!
[2026-01-11T20:04:39Z ERROR css_core::box_tree::constraint_block_layout::flex_layout] layout_flex: node=NodeKey(11829549945730367523), children.len()=2
[2026-01-11T20:04:39Z ERROR css_core::box_tree::constraint_block_layout] layout_block ENTRY: node=NodeKey(11829549945730367524)
[2026-01-11T20:04:39Z ERROR css_core::box_tree::constraint_block_layout] Checking flex: node=NodeKey(11829549945730367524), display=Inline
[2026-01-11T20:04:39Z ERROR css_core::box_tree::constraint_block_layout::flex_layout] layout_flex: node=NodeKey(11829549945730367523), flex_items.len()=2
[2026-01-11T20:04:39Z ERROR css_core::box_tree::constraint_block_layout] layout_block ENTRY: node=NodeKey(11829549945730367524)
[2026-01-11T20:04:39Z ERROR css_core::box_tree::constraint_block_layout] Checking flex: node=NodeKey(11829549945730367524), display=Inline
[2026-01-11T20:04:39Z ERROR css_core::box_tree::constraint_block_layout] INSERTING FLEX CONTAINER in layout_block: node=NodeKey(11829549945730367523), inline_size=240, is_measurement=true
[2026-01-11T20:04:39Z ERROR css_core::box_tree::constraint_block_layout] layout_block ENTRY: node=NodeKey(11829549945730367527)
[2026-01-11T20:04:39Z ERROR css_core::box_tree::constraint_block_layout] Checking flex: node=NodeKey(11829549945730367527), display=Flex
[2026-01-11T20:04:39Z ERROR css_core::box_tree::constraint_block_layout] IS FLEX!
[2026-01-11T20:04:39Z ERROR css_core::box_tree::constraint_block_layout::flex_layout] layout_flex: node=NodeKey(11829549945730367527), children.len()=2
[2026-01-11T20:04:39Z ERROR css_core::box_tree::constraint_block_layout] layout_block ENTRY: node=NodeKey(11829549945730367528)
[2026-01-11T20:04:39Z ERROR css_core::box_tree::constraint_block_layout] Checking flex: node=NodeKey(11829549945730367528), display=Inline
[2026-01-11T20:04:39Z ERROR css_core::box_tree::constraint_block_layout::flex_layout] layout_flex: node=NodeKey(11829549945730367527), flex_items.len()=2
[2026-01-11T20:04:39Z ERROR css_core::box_tree::constraint_block_layout] layout_block ENTRY: node=NodeKey(11829549945730367528)
[2026-01-11T20:04:39Z ERROR css_core::box_tree::constraint_block_layout] Checking flex: node=NodeKey(11829549945730367528), display=Inline
[2026-01-11T20:04:39Z ERROR css_core::box_tree::constraint_block_layout] INSERTING FLEX CONTAINER in layout_block: node=NodeKey(11829549945730367527), inline_size=240, is_measurement=true
[2026-01-11T20:04:39Z ERROR css_core::box_tree::constraint_block_layout] layout_block ENTRY: node=NodeKey(11829549945730367532)
[2026-01-11T20:04:39Z ERROR css_core::box_tree::constraint_block_layout] Checking flex: node=NodeKey(11829549945730367532), display=Block
[2026-01-11T20:04:39Z ERROR css_core::box_tree::constraint_block_layout] layout_block ENTRY: node=NodeKey(11829549945730367534)
[2026-01-11T20:04:39Z ERROR css_core::box_tree::constraint_block_layout] Checking flex: node=NodeKey(11829549945730367534), display=Block
[2026-01-11T20:04:39Z ERROR css_core::box_tree::constraint_block_layout] layout_block ENTRY: node=NodeKey(11829549945730367537)
[2026-01-11T20:04:39Z ERROR css_core::box_tree::constraint_block_layout] Checking flex: node=NodeKey(11829549945730367537), display=Flex
[2026-01-11T20:04:39Z ERROR css_core::box_tree::constraint_block_layout] IS FLEX!
[2026-01-11T20:04:39Z ERROR css_core::box_tree::constraint_block_layout::flex_layout] layout_flex: node=NodeKey(11829549945730367537), children.len()=2
[2026-01-11T20:04:39Z ERROR css_core::box_tree::constraint_block_layout] layout_block ENTRY: node=NodeKey(11829549945730367538)
[2026-01-11T20:04:39Z ERROR css_core::box_tree::constraint_block_layout] Checking flex: node=NodeKey(11829549945730367538), display=Inline
[2026-01-11T20:04:39Z ERROR css_core::box_tree::constraint_block_layout::flex_layout] layout_flex: node=NodeKey(11829549945730367537), flex_items.len()=2
[2026-01-11T20:04:39Z ERROR css_core::box_tree::constraint_block_layout] layout_block ENTRY: node=NodeKey(11829549945730367538)
[2026-01-11T20:04:39Z ERROR css_core::box_tree::constraint_block_layout] Checking flex: node=NodeKey(11829549945730367538), display=Inline
[2026-01-11T20:04:39Z ERROR css_core::box_tree::constraint_block_layout] INSERTING FLEX CONTAINER in layout_block: node=NodeKey(11829549945730367537), inline_size=240, is_measurement=true
[2026-01-11T20:04:39Z ERROR css_core::box_tree::constraint_block_layout] layout_block ENTRY: node=NodeKey(11829549945730367541)
[2026-01-11T20:04:39Z ERROR css_core::box_tree::constraint_block_layout] Checking flex: node=NodeKey(11829549945730367541), display=Flex
[2026-01-11T20:04:39Z ERROR css_core::box_tree::constraint_block_layout] IS FLEX!
[2026-01-11T20:04:39Z ERROR css_core::box_tree::constraint_block_layout::flex_layout] layout_flex: node=NodeKey(11829549945730367541), children.len()=2
[2026-01-11T20:04:39Z ERROR css_core::box_tree::constraint_block_layout] layout_block ENTRY: node=NodeKey(11829549945730367542)
[2026-01-11T20:04:39Z ERROR css_core::box_tree::constraint_block_layout] Checking flex: node=NodeKey(11829549945730367542), display=Inline
[2026-01-11T20:04:39Z ERROR css_core::box_tree::constraint_block_layout::flex_layout] layout_flex: node=NodeKey(11829549945730367541), flex_items.len()=2
[2026-01-11T20:04:39Z ERROR css_core::box_tree::constraint_block_layout] layout_block ENTRY: node=NodeKey(11829549945730367542)
[2026-01-11T20:04:39Z ERROR css_core::box_tree::constraint_block_layout] Checking flex: node=NodeKey(11829549945730367542), display=Inline
[2026-01-11T20:04:39Z ERROR css_core::box_tree::constraint_block_layout] INSERTING FLEX CONTAINER in layout_block: node=NodeKey(11829549945730367541), inline_size=240, is_measurement=true
[2026-01-11T20:04:39Z ERROR css_core::box_tree::constraint_block_layout::flex_layout] layout_flex: node=NodeKey(11829549945730367506), flex_items.len()=3
[2026-01-11T20:04:39Z ERROR css_core::box_tree::constraint_block_layout] layout_block ENTRY: node=NodeKey(11829549945730367508)
[2026-01-11T20:04:39Z ERROR css_core::box_tree::constraint_block_layout] Checking flex: node=NodeKey(11829549945730367508), display=Block
[2026-01-11T20:04:39Z ERROR css_core::box_tree::constraint_block_layout] layout_block ENTRY: node=NodeKey(11829549945730367510)
[2026-01-11T20:04:39Z ERROR css_core::box_tree::constraint_block_layout] Checking flex: node=NodeKey(11829549945730367510), display=Block
[2026-01-11T20:04:39Z ERROR css_core::box_tree::constraint_block_layout] layout_block ENTRY: node=NodeKey(11829549945730367514)
[2026-01-11T20:04:39Z ERROR css_core::box_tree::constraint_block_layout] Checking flex: node=NodeKey(11829549945730367514), display=Block
[2026-01-11T20:04:39Z ERROR css_core::box_tree::constraint_block_layout] layout_block ENTRY: node=NodeKey(11829549945730367516)
[2026-01-11T20:04:39Z ERROR css_core::box_tree::constraint_block_layout] Checking flex: node=NodeKey(11829549945730367516), display=Block
[2026-01-11T20:04:39Z ERROR css_core::box_tree::constraint_block_layout] layout_block ENTRY: node=NodeKey(11829549945730367519)
[2026-01-11T20:04:39Z ERROR css_core::box_tree::constraint_block_layout] Checking flex: node=NodeKey(11829549945730367519), display=Flex
[2026-01-11T20:04:39Z ERROR css_core::box_tree::constraint_block_layout] IS FLEX!
[2026-01-11T20:04:39Z ERROR css_core::box_tree::constraint_block_layout::flex_layout] layout_flex: node=NodeKey(11829549945730367519), children.len()=2
[2026-01-11T20:04:39Z ERROR css_core::box_tree::constraint_block_layout] layout_block ENTRY: node=NodeKey(11829549945730367520)
[2026-01-11T20:04:39Z ERROR css_core::box_tree::constraint_block_layout] Checking flex: node=NodeKey(11829549945730367520), display=Inline
[2026-01-11T20:04:39Z ERROR css_core::box_tree::constraint_block_layout::flex_layout] layout_flex: node=NodeKey(11829549945730367519), flex_items.len()=2
[2026-01-11T20:04:39Z ERROR css_core::box_tree::constraint_block_layout] layout_block ENTRY: node=NodeKey(11829549945730367520)
[2026-01-11T20:04:39Z ERROR css_core::box_tree::constraint_block_layout] Checking flex: node=NodeKey(11829549945730367520), display=Inline
[2026-01-11T20:04:39Z ERROR css_core::box_tree::constraint_block_layout] INSERTING FLEX CONTAINER in layout_block: node=NodeKey(11829549945730367519), inline_size=240, is_measurement=false
[2026-01-11T20:04:39Z ERROR css_core::box_tree::constraint_block_layout] layout_block ENTRY: node=NodeKey(11829549945730367523)
[2026-01-11T20:04:39Z ERROR css_core::box_tree::constraint_block_layout] Checking flex: node=NodeKey(11829549945730367523), display=Flex
[2026-01-11T20:04:39Z ERROR css_core::box_tree::constraint_block_layout] IS FLEX!
[2026-01-11T20:04:39Z ERROR css_core::box_tree::constraint_block_layout::flex_layout] layout_flex: node=NodeKey(11829549945730367523), children.len()=2
[2026-01-11T20:04:39Z ERROR css_core::box_tree::constraint_block_layout] layout_block ENTRY: node=NodeKey(11829549945730367524)
[2026-01-11T20:04:39Z ERROR css_core::box_tree::constraint_block_layout] Checking flex: node=NodeKey(11829549945730367524), display=Inline
[2026-01-11T20:04:39Z ERROR css_core::box_tree::constraint_block_layout::flex_layout] layout_flex: node=NodeKey(11829549945730367523), flex_items.len()=2
[2026-01-11T20:04:39Z ERROR css_core::box_tree::constraint_block_layout] layout_block ENTRY: node=NodeKey(11829549945730367524)
[2026-01-11T20:04:39Z ERROR css_core::box_tree::constraint_block_layout] Checking flex: node=NodeKey(11829549945730367524), display=Inline
[2026-01-11T20:04:39Z ERROR css_core::box_tree::constraint_block_layout] INSERTING FLEX CONTAINER in layout_block: node=NodeKey(11829549945730367523), inline_size=240, is_measurement=false
[2026-01-11T20:04:39Z ERROR css_core::box_tree::constraint_block_layout] layout_block ENTRY: node=NodeKey(11829549945730367527)
[2026-01-11T20:04:39Z ERROR css_core::box_tree::constraint_block_layout] Checking flex: node=NodeKey(11829549945730367527), display=Flex
[2026-01-11T20:04:39Z ERROR css_core::box_tree::constraint_block_layout] IS FLEX!
[2026-01-11T20:04:39Z ERROR css_core::box_tree::constraint_block_layout::flex_layout] layout_flex: node=NodeKey(11829549945730367527), children.len()=2
[2026-01-11T20:04:39Z ERROR css_core::box_tree::constraint_block_layout] layout_block ENTRY: node=NodeKey(11829549945730367528)
[2026-01-11T20:04:39Z ERROR css_core::box_tree::constraint_block_layout] Checking flex: node=NodeKey(11829549945730367528), display=Inline
[2026-01-11T20:04:39Z ERROR css_core::box_tree::constraint_block_layout::flex_layout] layout_flex: node=NodeKey(11829549945730367527), flex_items.len()=2
[2026-01-11T20:04:39Z ERROR css_core::box_tree::constraint_block_layout] layout_block ENTRY: node=NodeKey(11829549945730367528)
[2026-01-11T20:04:39Z ERROR css_core::box_tree::constraint_block_layout] Checking flex: node=NodeKey(11829549945730367528), display=Inline
[2026-01-11T20:04:39Z ERROR css_core::box_tree::constraint_block_layout] INSERTING FLEX CONTAINER in layout_block: node=NodeKey(11829549945730367527), inline_size=240, is_measurement=false
[2026-01-11T20:04:39Z ERROR css_core::box_tree::constraint_block_layout] layout_block ENTRY: node=NodeKey(11829549945730367532)
[2026-01-11T20:04:39Z ERROR css_core::box_tree::constraint_block_layout] Checking flex: node=NodeKey(11829549945730367532), display=Block
[2026-01-11T20:04:39Z ERROR css_core::box_tree::constraint_block_layout] layout_block ENTRY: node=NodeKey(11829549945730367534)
[2026-01-11T20:04:39Z ERROR css_core::box_tree::constraint_block_layout] Checking flex: node=NodeKey(11829549945730367534), display=Block
[2026-01-11T20:04:39Z ERROR css_core::box_tree::constraint_block_layout] layout_block ENTRY: node=NodeKey(11829549945730367537)
[2026-01-11T20:04:39Z ERROR css_core::box_tree::constraint_block_layout] Checking flex: node=NodeKey(11829549945730367537), display=Flex
[2026-01-11T20:04:39Z ERROR css_core::box_tree::constraint_block_layout] IS FLEX!
[2026-01-11T20:04:39Z ERROR css_core::box_tree::constraint_block_layout::flex_layout] layout_flex: node=NodeKey(11829549945730367537), children.len()=2
[2026-01-11T20:04:39Z ERROR css_core::box_tree::constraint_block_layout] layout_block ENTRY: node=NodeKey(11829549945730367538)
[2026-01-11T20:04:39Z ERROR css_core::box_tree::constraint_block_layout] Checking flex: node=NodeKey(11829549945730367538), display=Inline
[2026-01-11T20:04:39Z ERROR css_core::box_tree::constraint_block_layout::flex_layout] layout_flex: node=NodeKey(11829549945730367537), flex_items.len()=2
[2026-01-11T20:04:39Z ERROR css_core::box_tree::constraint_block_layout] layout_block ENTRY: node=NodeKey(11829549945730367538)
[2026-01-11T20:04:39Z ERROR css_core::box_tree::constraint_block_layout] Checking flex: node=NodeKey(11829549945730367538), display=Inline
[2026-01-11T20:04:39Z ERROR css_core::box_tree::constraint_block_layout] INSERTING FLEX CONTAINER in layout_block: node=NodeKey(11829549945730367537), inline_size=240, is_measurement=false
[2026-01-11T20:04:39Z ERROR css_core::box_tree::constraint_block_layout] layout_block ENTRY: node=NodeKey(11829549945730367541)
[2026-01-11T20:04:39Z ERROR css_core::box_tree::constraint_block_layout] Checking flex: node=NodeKey(11829549945730367541), display=Flex
[2026-01-11T20:04:39Z ERROR css_core::box_tree::constraint_block_layout] IS FLEX!
[2026-01-11T20:04:39Z ERROR css_core::box_tree::constraint_block_layout::flex_layout] layout_flex: node=NodeKey(11829549945730367541), children.len()=2
[2026-01-11T20:04:39Z ERROR css_core::box_tree::constraint_block_layout] layout_block ENTRY: node=NodeKey(11829549945730367542)
[2026-01-11T20:04:39Z ERROR css_core::box_tree::constraint_block_layout] Checking flex: node=NodeKey(11829549945730367542), display=Inline
[2026-01-11T20:04:39Z ERROR css_core::box_tree::constraint_block_layout::flex_layout] layout_flex: node=NodeKey(11829549945730367541), flex_items.len()=2
[2026-01-11T20:04:39Z ERROR css_core::box_tree::constraint_block_layout] layout_block ENTRY: node=NodeKey(11829549945730367542)
[2026-01-11T20:04:39Z ERROR css_core::box_tree::constraint_block_layout] Checking flex: node=NodeKey(11829549945730367542), display=Inline
[2026-01-11T20:04:39Z ERROR css_core::box_tree::constraint_block_layout] INSERTING FLEX CONTAINER in layout_block: node=NodeKey(11829549945730367541), inline_size=240, is_measurement=false
[2026-01-11T20:04:39Z ERROR css_core::box_tree::constraint_block_layout] INSERTING FLEX CONTAINER in layout_block: node=NodeKey(11829549945730367506), inline_size=240, is_measurement=true
[2026-01-11T20:04:39Z ERROR css_core::box_tree::constraint_block_layout] layout_block ENTRY: node=NodeKey(11829549945730367547)
[2026-01-11T20:04:39Z ERROR css_core::box_tree::constraint_block_layout] Checking flex: node=NodeKey(11829549945730367547), display=Block
[2026-01-11T20:04:39Z ERROR css_core::box_tree::constraint_block_layout] layout_block ENTRY: node=NodeKey(11829549945730367549)
[2026-01-11T20:04:39Z ERROR css_core::box_tree::constraint_block_layout] Checking flex: node=NodeKey(11829549945730367549), display=Block
[2026-01-11T20:04:39Z ERROR css_core::box_tree::constraint_block_layout::flex_layout] layout_flex: node=NodeKey(11829549945730367504), flex_items.len()=2
[2026-01-11T20:04:39Z ERROR css_core::box_tree::constraint_block_layout] layout_block ENTRY: node=NodeKey(11829549945730367506)
[2026-01-11T20:04:39Z ERROR css_core::box_tree::constraint_block_layout] Checking flex: node=NodeKey(11829549945730367506), display=Flex
[2026-01-11T20:04:39Z ERROR css_core::box_tree::constraint_block_layout] IS FLEX!
[2026-01-11T20:04:39Z ERROR css_core::box_tree::constraint_block_layout::flex_layout] layout_flex: node=NodeKey(11829549945730367506), children.len()=7
[2026-01-11T20:04:39Z ERROR css_core::box_tree::constraint_block_layout] layout_block ENTRY: node=NodeKey(11829549945730367508)
[2026-01-11T20:04:39Z ERROR css_core::box_tree::constraint_block_layout] Checking flex: node=NodeKey(11829549945730367508), display=Block
[2026-01-11T20:04:39Z ERROR css_core::box_tree::constraint_block_layout] layout_block ENTRY: node=NodeKey(11829549945730367510)
[2026-01-11T20:04:39Z ERROR css_core::box_tree::constraint_block_layout] Checking flex: node=NodeKey(11829549945730367510), display=Block
[2026-01-11T20:04:39Z ERROR css_core::box_tree::constraint_block_layout] layout_block ENTRY: node=NodeKey(11829549945730367514)
[2026-01-11T20:04:39Z ERROR css_core::box_tree::constraint_block_layout] Checking flex: node=NodeKey(11829549945730367514), display=Block
[2026-01-11T20:04:39Z ERROR css_core::box_tree::constraint_block_layout] layout_block ENTRY: node=NodeKey(11829549945730367516)
[2026-01-11T20:04:39Z ERROR css_core::box_tree::constraint_block_layout] Checking flex: node=NodeKey(11829549945730367516), display=Block
[2026-01-11T20:04:39Z ERROR css_core::box_tree::constraint_block_layout] layout_block ENTRY: node=NodeKey(11829549945730367519)
[2026-01-11T20:04:39Z ERROR css_core::box_tree::constraint_block_layout] Checking flex: node=NodeKey(11829549945730367519), display=Flex
[2026-01-11T20:04:39Z ERROR css_core::box_tree::constraint_block_layout] IS FLEX!
[2026-01-11T20:04:39Z ERROR css_core::box_tree::constraint_block_layout::flex_layout] layout_flex: node=NodeKey(11829549945730367519), children.len()=2
[2026-01-11T20:04:39Z ERROR css_core::box_tree::constraint_block_layout] layout_block ENTRY: node=NodeKey(11829549945730367520)
[2026-01-11T20:04:39Z ERROR css_core::box_tree::constraint_block_layout] Checking flex: node=NodeKey(11829549945730367520), display=Inline
[2026-01-11T20:04:39Z ERROR css_core::box_tree::constraint_block_layout::flex_layout] layout_flex: node=NodeKey(11829549945730367519), flex_items.len()=2
[2026-01-11T20:04:39Z ERROR css_core::box_tree::constraint_block_layout] layout_block ENTRY: node=NodeKey(11829549945730367520)
[2026-01-11T20:04:39Z ERROR css_core::box_tree::constraint_block_layout] Checking flex: node=NodeKey(11829549945730367520), display=Inline
[2026-01-11T20:04:39Z ERROR css_core::box_tree::constraint_block_layout] INSERTING FLEX CONTAINER in layout_block: node=NodeKey(11829549945730367519), inline_size=240, is_measurement=true
[2026-01-11T20:04:39Z ERROR css_core::box_tree::constraint_block_layout] layout_block ENTRY: node=NodeKey(11829549945730367523)
[2026-01-11T20:04:39Z ERROR css_core::box_tree::constraint_block_layout] Checking flex: node=NodeKey(11829549945730367523), display=Flex
[2026-01-11T20:04:39Z ERROR css_core::box_tree::constraint_block_layout] IS FLEX!
[2026-01-11T20:04:39Z ERROR css_core::box_tree::constraint_block_layout::flex_layout] layout_flex: node=NodeKey(11829549945730367523), children.len()=2
[2026-01-11T20:04:39Z ERROR css_core::box_tree::constraint_block_layout] layout_block ENTRY: node=NodeKey(11829549945730367524)
[2026-01-11T20:04:39Z ERROR css_core::box_tree::constraint_block_layout] Checking flex: node=NodeKey(11829549945730367524), display=Inline
[2026-01-11T20:04:39Z ERROR css_core::box_tree::constraint_block_layout::flex_layout] layout_flex: node=NodeKey(11829549945730367523), flex_items.len()=2
[2026-01-11T20:04:39Z ERROR css_core::box_tree::constraint_block_layout] layout_block ENTRY: node=NodeKey(11829549945730367524)
[2026-01-11T20:04:39Z ERROR css_core::box_tree::constraint_block_layout] Checking flex: node=NodeKey(11829549945730367524), display=Inline
[2026-01-11T20:04:39Z ERROR css_core::box_tree::constraint_block_layout] INSERTING FLEX CONTAINER in layout_block: node=NodeKey(11829549945730367523), inline_size=240, is_measurement=true
[2026-01-11T20:04:39Z ERROR css_core::box_tree::constraint_block_layout] layout_block ENTRY: node=NodeKey(11829549945730367527)
[2026-01-11T20:04:39Z ERROR css_core::box_tree::constraint_block_layout] Checking flex: node=NodeKey(11829549945730367527), display=Flex
[2026-01-11T20:04:39Z ERROR css_core::box_tree::constraint_block_layout] IS FLEX!
[2026-01-11T20:04:39Z ERROR css_core::box_tree::constraint_block_layout::flex_layout] layout_flex: node=NodeKey(11829549945730367527), children.len()=2
[2026-01-11T20:04:39Z ERROR css_core::box_tree::constraint_block_layout] layout_block ENTRY: node=NodeKey(11829549945730367528)
[2026-01-11T20:04:39Z ERROR css_core::box_tree::constraint_block_layout] Checking flex: node=NodeKey(11829549945730367528), display=Inline
[2026-01-11T20:04:39Z ERROR css_core::box_tree::constraint_block_layout::flex_layout] layout_flex: node=NodeKey(11829549945730367527), flex_items.len()=2
[2026-01-11T20:04:39Z ERROR css_core::box_tree::constraint_block_layout] layout_block ENTRY: node=NodeKey(11829549945730367528)
[2026-01-11T20:04:39Z ERROR css_core::box_tree::constraint_block_layout] Checking flex: node=NodeKey(11829549945730367528), display=Inline
[2026-01-11T20:04:39Z ERROR css_core::box_tree::constraint_block_layout] INSERTING FLEX CONTAINER in layout_block: node=NodeKey(11829549945730367527), inline_size=240, is_measurement=true
[2026-01-11T20:04:39Z ERROR css_core::box_tree::constraint_block_layout] layout_block ENTRY: node=NodeKey(11829549945730367532)
[2026-01-11T20:04:39Z ERROR css_core::box_tree::constraint_block_layout] Checking flex: node=NodeKey(11829549945730367532), display=Block
[2026-01-11T20:04:39Z ERROR css_core::box_tree::constraint_block_layout] layout_block ENTRY: node=NodeKey(11829549945730367534)
[2026-01-11T20:04:39Z ERROR css_core::box_tree::constraint_block_layout] Checking flex: node=NodeKey(11829549945730367534), display=Block
[2026-01-11T20:04:39Z ERROR css_core::box_tree::constraint_block_layout] layout_block ENTRY: node=NodeKey(11829549945730367537)
[2026-01-11T20:04:39Z ERROR css_core::box_tree::constraint_block_layout] Checking flex: node=NodeKey(11829549945730367537), display=Flex
[2026-01-11T20:04:39Z ERROR css_core::box_tree::constraint_block_layout] IS FLEX!
[2026-01-11T20:04:39Z ERROR css_core::box_tree::constraint_block_layout::flex_layout] layout_flex: node=NodeKey(11829549945730367537), children.len()=2
[2026-01-11T20:04:39Z ERROR css_core::box_tree::constraint_block_layout] layout_block ENTRY: node=NodeKey(11829549945730367538)
[2026-01-11T20:04:39Z ERROR css_core::box_tree::constraint_block_layout] Checking flex: node=NodeKey(11829549945730367538), display=Inline
[2026-01-11T20:04:39Z ERROR css_core::box_tree::constraint_block_layout::flex_layout] layout_flex: node=NodeKey(11829549945730367537), flex_items.len()=2
[2026-01-11T20:04:39Z ERROR css_core::box_tree::constraint_block_layout] layout_block ENTRY: node=NodeKey(11829549945730367538)
[2026-01-11T20:04:39Z ERROR css_core::box_tree::constraint_block_layout] Checking flex: node=NodeKey(11829549945730367538), display=Inline
[2026-01-11T20:04:39Z ERROR css_core::box_tree::constraint_block_layout] INSERTING FLEX CONTAINER in layout_block: node=NodeKey(11829549945730367537), inline_size=240, is_measurement=true
[2026-01-11T20:04:39Z ERROR css_core::box_tree::constraint_block_layout] layout_block ENTRY: node=NodeKey(11829549945730367541)
[2026-01-11T20:04:39Z ERROR css_core::box_tree::constraint_block_layout] Checking flex: node=NodeKey(11829549945730367541), display=Flex
[2026-01-11T20:04:39Z ERROR css_core::box_tree::constraint_block_layout] IS FLEX!
[2026-01-11T20:04:39Z ERROR css_core::box_tree::constraint_block_layout::flex_layout] layout_flex: node=NodeKey(11829549945730367541), children.len()=2
[2026-01-11T20:04:39Z ERROR css_core::box_tree::constraint_block_layout] layout_block ENTRY: node=NodeKey(11829549945730367542)
[2026-01-11T20:04:39Z ERROR css_core::box_tree::constraint_block_layout] Checking flex: node=NodeKey(11829549945730367542), display=Inline
[2026-01-11T20:04:39Z ERROR css_core::box_tree::constraint_block_layout::flex_layout] layout_flex: node=NodeKey(11829549945730367541), flex_items.len()=2
[2026-01-11T20:04:39Z ERROR css_core::box_tree::constraint_block_layout] layout_block ENTRY: node=NodeKey(11829549945730367542)
[2026-01-11T20:04:39Z ERROR css_core::box_tree::constraint_block_layout] Checking flex: node=NodeKey(11829549945730367542), display=Inline
[2026-01-11T20:04:39Z ERROR css_core::box_tree::constraint_block_layout] INSERTING FLEX CONTAINER in layout_block: node=NodeKey(11829549945730367541), inline_size=240, is_measurement=true
[2026-01-11T20:04:39Z ERROR css_core::box_tree::constraint_block_layout::flex_layout] layout_flex: node=NodeKey(11829549945730367506), flex_items.len()=3
[2026-01-11T20:04:39Z ERROR css_core::box_tree::constraint_block_layout] layout_block ENTRY: node=NodeKey(11829549945730367508)
[2026-01-11T20:04:39Z ERROR css_core::box_tree::constraint_block_layout] Checking flex: node=NodeKey(11829549945730367508), display=Block
[2026-01-11T20:04:39Z ERROR css_core::box_tree::constraint_block_layout] layout_block ENTRY: node=NodeKey(11829549945730367510)
[2026-01-11T20:04:39Z ERROR css_core::box_tree::constraint_block_layout] Checking flex: node=NodeKey(11829549945730367510), display=Block
[2026-01-11T20:04:39Z ERROR css_core::box_tree::constraint_block_layout] layout_block ENTRY: node=NodeKey(11829549945730367514)
[2026-01-11T20:04:39Z ERROR css_core::box_tree::constraint_block_layout] Checking flex: node=NodeKey(11829549945730367514), display=Block
[2026-01-11T20:04:39Z ERROR css_core::box_tree::constraint_block_layout] layout_block ENTRY: node=NodeKey(11829549945730367516)
[2026-01-11T20:04:39Z ERROR css_core::box_tree::constraint_block_layout] Checking flex: node=NodeKey(11829549945730367516), display=Block
[2026-01-11T20:04:39Z ERROR css_core::box_tree::constraint_block_layout] layout_block ENTRY: node=NodeKey(11829549945730367519)
[2026-01-11T20:04:39Z ERROR css_core::box_tree::constraint_block_layout] Checking flex: node=NodeKey(11829549945730367519), display=Flex
[2026-01-11T20:04:39Z ERROR css_core::box_tree::constraint_block_layout] IS FLEX!
[2026-01-11T20:04:39Z ERROR css_core::box_tree::constraint_block_layout::flex_layout] layout_flex: node=NodeKey(11829549945730367519), children.len()=2
[2026-01-11T20:04:39Z ERROR css_core::box_tree::constraint_block_layout] layout_block ENTRY: node=NodeKey(11829549945730367520)
[2026-01-11T20:04:39Z ERROR css_core::box_tree::constraint_block_layout] Checking flex: node=NodeKey(11829549945730367520), display=Inline
[2026-01-11T20:04:39Z ERROR css_core::box_tree::constraint_block_layout::flex_layout] layout_flex: node=NodeKey(11829549945730367519), flex_items.len()=2
[2026-01-11T20:04:39Z ERROR css_core::box_tree::constraint_block_layout] layout_block ENTRY: node=NodeKey(11829549945730367520)
[2026-01-11T20:04:39Z ERROR css_core::box_tree::constraint_block_layout] Checking flex: node=NodeKey(11829549945730367520), display=Inline
[2026-01-11T20:04:39Z ERROR css_core::box_tree::constraint_block_layout] INSERTING FLEX CONTAINER in layout_block: node=NodeKey(11829549945730367519), inline_size=240, is_measurement=false
[2026-01-11T20:04:39Z ERROR css_core::box_tree::constraint_block_layout] layout_block ENTRY: node=NodeKey(11829549945730367523)
[2026-01-11T20:04:39Z ERROR css_core::box_tree::constraint_block_layout] Checking flex: node=NodeKey(11829549945730367523), display=Flex
[2026-01-11T20:04:39Z ERROR css_core::box_tree::constraint_block_layout] IS FLEX!
[2026-01-11T20:04:39Z ERROR css_core::box_tree::constraint_block_layout::flex_layout] layout_flex: node=NodeKey(11829549945730367523), children.len()=2
[2026-01-11T20:04:39Z ERROR css_core::box_tree::constraint_block_layout] layout_block ENTRY: node=NodeKey(11829549945730367524)
[2026-01-11T20:04:39Z ERROR css_core::box_tree::constraint_block_layout] Checking flex: node=NodeKey(11829549945730367524), display=Inline
[2026-01-11T20:04:39Z ERROR css_core::box_tree::constraint_block_layout::flex_layout] layout_flex: node=NodeKey(11829549945730367523), flex_items.len()=2
[2026-01-11T20:04:39Z ERROR css_core::box_tree::constraint_block_layout] layout_block ENTRY: node=NodeKey(11829549945730367524)
[2026-01-11T20:04:39Z ERROR css_core::box_tree::constraint_block_layout] Checking flex: node=NodeKey(11829549945730367524), display=Inline
[2026-01-11T20:04:39Z ERROR css_core::box_tree::constraint_block_layout] INSERTING FLEX CONTAINER in layout_block: node=NodeKey(11829549945730367523), inline_size=240, is_measurement=false
[2026-01-11T20:04:39Z ERROR css_core::box_tree::constraint_block_layout] layout_block ENTRY: node=NodeKey(11829549945730367527)
[2026-01-11T20:04:39Z ERROR css_core::box_tree::constraint_block_layout] Checking flex: node=NodeKey(11829549945730367527), display=Flex
[2026-01-11T20:04:39Z ERROR css_core::box_tree::constraint_block_layout] IS FLEX!
[2026-01-11T20:04:39Z ERROR css_core::box_tree::constraint_block_layout::flex_layout] layout_flex: node=NodeKey(11829549945730367527), children.len()=2
[2026-01-11T20:04:39Z ERROR css_core::box_tree::constraint_block_layout] layout_block ENTRY: node=NodeKey(11829549945730367528)
[2026-01-11T20:04:39Z ERROR css_core::box_tree::constraint_block_layout] Checking flex: node=NodeKey(11829549945730367528), display=Inline
[2026-01-11T20:04:39Z ERROR css_core::box_tree::constraint_block_layout::flex_layout] layout_flex: node=NodeKey(11829549945730367527), flex_items.len()=2
[2026-01-11T20:04:39Z ERROR css_core::box_tree::constraint_block_layout] layout_block ENTRY: node=NodeKey(11829549945730367528)
[2026-01-11T20:04:39Z ERROR css_core::box_tree::constraint_block_layout] Checking flex: node=NodeKey(11829549945730367528), display=Inline
[2026-01-11T20:04:39Z ERROR css_core::box_tree::constraint_block_layout] INSERTING FLEX CONTAINER in layout_block: node=NodeKey(11829549945730367527), inline_size=240, is_measurement=false
[2026-01-11T20:04:39Z ERROR css_core::box_tree::constraint_block_layout] layout_block ENTRY: node=NodeKey(11829549945730367532)
[2026-01-11T20:04:39Z ERROR css_core::box_tree::constraint_block_layout] Checking flex: node=NodeKey(11829549945730367532), display=Block
[2026-01-11T20:04:39Z ERROR css_core::box_tree::constraint_block_layout] layout_block ENTRY: node=NodeKey(11829549945730367534)
[2026-01-11T20:04:39Z ERROR css_core::box_tree::constraint_block_layout] Checking flex: node=NodeKey(11829549945730367534), display=Block
[2026-01-11T20:04:39Z ERROR css_core::box_tree::constraint_block_layout] layout_block ENTRY: node=NodeKey(11829549945730367537)
[2026-01-11T20:04:39Z ERROR css_core::box_tree::constraint_block_layout] Checking flex: node=NodeKey(11829549945730367537), display=Flex
[2026-01-11T20:04:39Z ERROR css_core::box_tree::constraint_block_layout] IS FLEX!
[2026-01-11T20:04:39Z ERROR css_core::box_tree::constraint_block_layout::flex_layout] layout_flex: node=NodeKey(11829549945730367537), children.len()=2
[2026-01-11T20:04:39Z ERROR css_core::box_tree::constraint_block_layout] layout_block ENTRY: node=NodeKey(11829549945730367538)
[2026-01-11T20:04:39Z ERROR css_core::box_tree::constraint_block_layout] Checking flex: node=NodeKey(11829549945730367538), display=Inline
[2026-01-11T20:04:39Z ERROR css_core::box_tree::constraint_block_layout::flex_layout] layout_flex: node=NodeKey(11829549945730367537), flex_items.len()=2
[2026-01-11T20:04:39Z ERROR css_core::box_tree::constraint_block_layout] layout_block ENTRY: node=NodeKey(11829549945730367538)
[2026-01-11T20:04:39Z ERROR css_core::box_tree::constraint_block_layout] Checking flex: node=NodeKey(11829549945730367538), display=Inline
[2026-01-11T20:04:39Z ERROR css_core::box_tree::constraint_block_layout] INSERTING FLEX CONTAINER in layout_block: node=NodeKey(11829549945730367537), inline_size=240, is_measurement=false
[2026-01-11T20:04:39Z ERROR css_core::box_tree::constraint_block_layout] layout_block ENTRY: node=NodeKey(11829549945730367541)
[2026-01-11T20:04:39Z ERROR css_core::box_tree::constraint_block_layout] Checking flex: node=NodeKey(11829549945730367541), display=Flex
[2026-01-11T20:04:39Z ERROR css_core::box_tree::constraint_block_layout] IS FLEX!
[2026-01-11T20:04:39Z ERROR css_core::box_tree::constraint_block_layout::flex_layout] layout_flex: node=NodeKey(11829549945730367541), children.len()=2
[2026-01-11T20:04:39Z ERROR css_core::box_tree::constraint_block_layout] layout_block ENTRY: node=NodeKey(11829549945730367542)
[2026-01-11T20:04:39Z ERROR css_core::box_tree::constraint_block_layout] Checking flex: node=NodeKey(11829549945730367542), display=Inline
[2026-01-11T20:04:39Z ERROR css_core::box_tree::constraint_block_layout::flex_layout] layout_flex: node=NodeKey(11829549945730367541), flex_items.len()=2
[2026-01-11T20:04:39Z ERROR css_core::box_tree::constraint_block_layout] layout_block ENTRY: node=NodeKey(11829549945730367542)
[2026-01-11T20:04:39Z ERROR css_core::box_tree::constraint_block_layout] Checking flex: node=NodeKey(11829549945730367542), display=Inline
[2026-01-11T20:04:39Z ERROR css_core::box_tree::constraint_block_layout] INSERTING FLEX CONTAINER in layout_block: node=NodeKey(11829549945730367541), inline_size=240, is_measurement=false
[2026-01-11T20:04:39Z ERROR css_core::box_tree::constraint_block_layout] INSERTING FLEX CONTAINER in layout_block: node=NodeKey(11829549945730367506), inline_size=240, is_measurement=false
[2026-01-11T20:04:39Z ERROR css_core::box_tree::constraint_block_layout] layout_block ENTRY: node=NodeKey(11829549945730367547)
[2026-01-11T20:04:39Z ERROR css_core::box_tree::constraint_block_layout] Checking flex: node=NodeKey(11829549945730367547), display=Block
[2026-01-11T20:04:39Z ERROR css_core::box_tree::constraint_block_layout] layout_block ENTRY: node=NodeKey(11829549945730367549)
[2026-01-11T20:04:39Z ERROR css_core::box_tree::constraint_block_layout] Checking flex: node=NodeKey(11829549945730367549), display=Block
[2026-01-11T20:04:39Z ERROR css_core::box_tree::constraint_block_layout] INSERTING FLEX CONTAINER in layout_block: node=NodeKey(11829549945730367504), inline_size=800, is_measurement=false
[2026-01-11T20:04:39Z ERROR page_handler::core::incremental_layout] LAYOUT TREE COMPLETE - generation 1, total results: 47
[2026-01-11T20:04:39Z ERROR page_handler::core::incremental_layout] RUNNING LAYOUT TREE - generation 1
[2026-01-11T20:04:39Z ERROR css_core::box_tree::constraint_block_layout] layout_block ENTRY: node=NodeKey(8427924852182089730)
[2026-01-11T20:04:39Z ERROR css_core::box_tree::constraint_block_layout] Checking flex: node=NodeKey(8427924852182089730), display=Block
[2026-01-11T20:04:39Z ERROR css_core::box_tree::constraint_block_layout] layout_block ENTRY: node=NodeKey(8427924852182089742)
[2026-01-11T20:04:39Z ERROR css_core::box_tree::constraint_block_layout] Checking flex: node=NodeKey(8427924852182089742), display=Block
[2026-01-11T20:04:39Z ERROR css_core::box_tree::constraint_block_layout] layout_block ENTRY: node=NodeKey(8427924852182089744)
[2026-01-11T20:04:39Z ERROR css_core::box_tree::constraint_block_layout] Checking flex: node=NodeKey(8427924852182089744), display=Flex
[2026-01-11T20:04:39Z ERROR css_core::box_tree::constraint_block_layout] IS FLEX!
[2026-01-11T20:04:39Z ERROR css_core::box_tree::constraint_block_layout::flex_layout] layout_flex: node=NodeKey(8427924852182089744), children.len()=7
[2026-01-11T20:04:39Z ERROR css_core::box_tree::constraint_block_layout] layout_block ENTRY: node=NodeKey(8427924852182089746)
[2026-01-11T20:04:39Z ERROR css_core::box_tree::constraint_block_layout] Checking flex: node=NodeKey(8427924852182089746), display=Block
[2026-01-11T20:04:39Z ERROR css_core::box_tree::constraint_block_layout] layout_block ENTRY: node=NodeKey(8427924852182089749)
[2026-01-11T20:04:39Z ERROR css_core::box_tree::constraint_block_layout] Checking flex: node=NodeKey(8427924852182089749), display=Flex
[2026-01-11T20:04:39Z ERROR css_core::box_tree::constraint_block_layout] IS FLEX!
[2026-01-11T20:04:39Z ERROR css_core::box_tree::constraint_block_layout::flex_layout] layout_flex: node=NodeKey(8427924852182089749), children.len()=9
[2026-01-11T20:04:39Z ERROR css_core::box_tree::constraint_block_layout] layout_block ENTRY: node=NodeKey(8427924852182089751)
[2026-01-11T20:04:39Z ERROR css_core::box_tree::constraint_block_layout] Checking flex: node=NodeKey(8427924852182089751), display=Inline
[2026-01-11T20:04:39Z ERROR css_core::box_tree::constraint_block_layout] layout_block ENTRY: node=NodeKey(8427924852182089754)
[2026-01-11T20:04:39Z ERROR css_core::box_tree::constraint_block_layout] Checking flex: node=NodeKey(8427924852182089754), display=Inline
[2026-01-11T20:04:39Z ERROR css_core::box_tree::constraint_block_layout] layout_block ENTRY: node=NodeKey(8427924852182089757)
[2026-01-11T20:04:39Z ERROR css_core::box_tree::constraint_block_layout] Checking flex: node=NodeKey(8427924852182089757), display=Inline
[2026-01-11T20:04:39Z ERROR css_core::box_tree::constraint_block_layout] layout_block ENTRY: node=NodeKey(8427924852182089760)
[2026-01-11T20:04:39Z ERROR css_core::box_tree::constraint_block_layout] Checking flex: node=NodeKey(8427924852182089760), display=Inline
[2026-01-11T20:04:39Z ERROR css_core::box_tree::constraint_block_layout::flex_layout] layout_flex: node=NodeKey(8427924852182089749), flex_items.len()=4
[2026-01-11T20:04:39Z ERROR css_core::box_tree::constraint_block_layout] layout_block ENTRY: node=NodeKey(8427924852182089751)
[2026-01-11T20:04:39Z ERROR css_core::box_tree::constraint_block_layout] Checking flex: node=NodeKey(8427924852182089751), display=Inline
[2026-01-11T20:04:39Z ERROR css_core::box_tree::constraint_block_layout] layout_block ENTRY: node=NodeKey(8427924852182089754)
[2026-01-11T20:04:39Z ERROR css_core::box_tree::constraint_block_layout] Checking flex: node=NodeKey(8427924852182089754), display=Inline
[2026-01-11T20:04:39Z ERROR css_core::box_tree::constraint_block_layout] layout_block ENTRY: node=NodeKey(8427924852182089757)
[2026-01-11T20:04:39Z ERROR css_core::box_tree::constraint_block_layout] Checking flex: node=NodeKey(8427924852182089757), display=Inline
[2026-01-11T20:04:39Z ERROR css_core::box_tree::constraint_block_layout] layout_block ENTRY: node=NodeKey(8427924852182089760)
[2026-01-11T20:04:39Z ERROR css_core::box_tree::constraint_block_layout] Checking flex: node=NodeKey(8427924852182089760), display=Inline
[2026-01-11T20:04:39Z ERROR css_core::box_tree::constraint_block_layout] INSERTING FLEX CONTAINER in layout_block: node=NodeKey(8427924852182089749), inline_size=0, is_measurement=true
[2026-01-11T20:04:39Z ERROR css_core::box_tree::constraint_block_layout] layout_block ENTRY: node=NodeKey(8427924852182089764)
[2026-01-11T20:04:39Z ERROR css_core::box_tree::constraint_block_layout] Checking flex: node=NodeKey(8427924852182089764), display=Flex
[2026-01-11T20:04:39Z ERROR css_core::box_tree::constraint_block_layout] IS FLEX!
[2026-01-11T20:04:39Z ERROR css_core::box_tree::constraint_block_layout::flex_layout] layout_flex: node=NodeKey(8427924852182089764), children.len()=5
[2026-01-11T20:04:39Z ERROR css_core::box_tree::constraint_block_layout] layout_block ENTRY: node=NodeKey(8427924852182089766)
[2026-01-11T20:04:39Z ERROR css_core::box_tree::constraint_block_layout] Checking flex: node=NodeKey(8427924852182089766), display=Inline
[2026-01-11T20:04:39Z ERROR css_core::box_tree::constraint_block_layout] layout_block ENTRY: node=NodeKey(8427924852182089769)
[2026-01-11T20:04:39Z ERROR css_core::box_tree::constraint_block_layout] Checking flex: node=NodeKey(8427924852182089769), display=Block
[2026-01-11T20:04:39Z ERROR css_core::box_tree::constraint_block_layout::flex_layout] layout_flex: node=NodeKey(8427924852182089764), flex_items.len()=2
[2026-01-11T20:04:39Z ERROR css_core::box_tree::constraint_block_layout] layout_block ENTRY: node=NodeKey(8427924852182089766)
[2026-01-11T20:04:39Z ERROR css_core::box_tree::constraint_block_layout] Checking flex: node=NodeKey(8427924852182089766), display=Inline
[2026-01-11T20:04:39Z ERROR css_core::box_tree::constraint_block_layout] layout_block ENTRY: node=NodeKey(8427924852182089769)
[2026-01-11T20:04:39Z ERROR css_core::box_tree::constraint_block_layout] Checking flex: node=NodeKey(8427924852182089769), display=Block
[2026-01-11T20:04:39Z ERROR css_core::box_tree::constraint_block_layout] INSERTING FLEX CONTAINER in layout_block: node=NodeKey(8427924852182089764), inline_size=111.58594, is_measurement=true
[2026-01-11T20:04:39Z ERROR css_core::box_tree::constraint_block_layout::flex_layout] layout_flex: node=NodeKey(8427924852182089744), flex_items.len()=3
[2026-01-11T20:04:39Z ERROR css_core::box_tree::constraint_block_layout] layout_block ENTRY: node=NodeKey(8427924852182089746)
[2026-01-11T20:04:39Z ERROR css_core::box_tree::constraint_block_layout] Checking flex: node=NodeKey(8427924852182089746), display=Block
[2026-01-11T20:04:39Z ERROR css_core::box_tree::constraint_block_layout] layout_block ENTRY: node=NodeKey(8427924852182089749)
[2026-01-11T20:04:39Z ERROR css_core::box_tree::constraint_block_layout] Checking flex: node=NodeKey(8427924852182089749), display=Flex
[2026-01-11T20:04:39Z ERROR css_core::box_tree::constraint_block_layout] IS FLEX!
[2026-01-11T20:04:39Z ERROR css_core::box_tree::constraint_block_layout::flex_layout] layout_flex: node=NodeKey(8427924852182089749), children.len()=9
[2026-01-11T20:04:39Z ERROR css_core::box_tree::constraint_block_layout] layout_block ENTRY: node=NodeKey(8427924852182089751)
[2026-01-11T20:04:39Z ERROR css_core::box_tree::constraint_block_layout] Checking flex: node=NodeKey(8427924852182089751), display=Inline
[2026-01-11T20:04:39Z ERROR css_core::box_tree::constraint_block_layout] layout_block ENTRY: node=NodeKey(8427924852182089754)
[2026-01-11T20:04:39Z ERROR css_core::box_tree::constraint_block_layout] Checking flex: node=NodeKey(8427924852182089754), display=Inline
[2026-01-11T20:04:39Z ERROR css_core::box_tree::constraint_block_layout] layout_block ENTRY: node=NodeKey(8427924852182089757)
[2026-01-11T20:04:39Z ERROR css_core::box_tree::constraint_block_layout] Checking flex: node=NodeKey(8427924852182089757), display=Inline
[2026-01-11T20:04:39Z ERROR css_core::box_tree::constraint_block_layout] layout_block ENTRY: node=NodeKey(8427924852182089760)
[2026-01-11T20:04:39Z ERROR css_core::box_tree::constraint_block_layout] Checking flex: node=NodeKey(8427924852182089760), display=Inline
[2026-01-11T20:04:39Z ERROR css_core::box_tree::constraint_block_layout::flex_layout] layout_flex: node=NodeKey(8427924852182089749), flex_items.len()=4
[2026-01-11T20:04:39Z ERROR css_core::box_tree::constraint_block_layout] layout_block ENTRY: node=NodeKey(8427924852182089751)
[2026-01-11T20:04:39Z ERROR css_core::box_tree::constraint_block_layout] Checking flex: node=NodeKey(8427924852182089751), display=Inline
[2026-01-11T20:04:39Z ERROR css_core::box_tree::constraint_block_layout] layout_block ENTRY: node=NodeKey(8427924852182089754)
[2026-01-11T20:04:39Z ERROR css_core::box_tree::constraint_block_layout] Checking flex: node=NodeKey(8427924852182089754), display=Inline
[2026-01-11T20:04:39Z ERROR css_core::box_tree::constraint_block_layout] layout_block ENTRY: node=NodeKey(8427924852182089757)
[2026-01-11T20:04:39Z ERROR css_core::box_tree::constraint_block_layout] Checking flex: node=NodeKey(8427924852182089757), display=Inline
[2026-01-11T20:04:39Z ERROR css_core::box_tree::constraint_block_layout] layout_block ENTRY: node=NodeKey(8427924852182089760)
[2026-01-11T20:04:39Z ERROR css_core::box_tree::constraint_block_layout] Checking flex: node=NodeKey(8427924852182089760), display=Inline
[2026-01-11T20:04:39Z ERROR css_core::box_tree::constraint_block_layout] INSERTING FLEX CONTAINER in layout_block: node=NodeKey(8427924852182089749), inline_size=591.5469, is_measurement=false
[2026-01-11T20:04:39Z ERROR css_core::box_tree::constraint_block_layout] layout_block ENTRY: node=NodeKey(8427924852182089764)
[2026-01-11T20:04:39Z ERROR css_core::box_tree::constraint_block_layout] Checking flex: node=NodeKey(8427924852182089764), display=Flex
[2026-01-11T20:04:39Z ERROR css_core::box_tree::constraint_block_layout] IS FLEX!
[2026-01-11T20:04:39Z ERROR css_core::box_tree::constraint_block_layout::flex_layout] layout_flex: node=NodeKey(8427924852182089764), children.len()=5
[2026-01-11T20:04:39Z ERROR css_core::box_tree::constraint_block_layout] layout_block ENTRY: node=NodeKey(8427924852182089766)
[2026-01-11T20:04:39Z ERROR css_core::box_tree::constraint_block_layout] Checking flex: node=NodeKey(8427924852182089766), display=Inline
[2026-01-11T20:04:39Z ERROR css_core::box_tree::constraint_block_layout] layout_block ENTRY: node=NodeKey(8427924852182089769)
[2026-01-11T20:04:39Z ERROR css_core::box_tree::constraint_block_layout] Checking flex: node=NodeKey(8427924852182089769), display=Block
[2026-01-11T20:04:39Z ERROR css_core::box_tree::constraint_block_layout::flex_layout] layout_flex: node=NodeKey(8427924852182089764), flex_items.len()=2
[2026-01-11T20:04:39Z ERROR css_core::box_tree::constraint_block_layout] layout_block ENTRY: node=NodeKey(8427924852182089766)
[2026-01-11T20:04:39Z ERROR css_core::box_tree::constraint_block_layout] Checking flex: node=NodeKey(8427924852182089766), display=Inline
[2026-01-11T20:04:39Z ERROR css_core::box_tree::constraint_block_layout] layout_block ENTRY: node=NodeKey(8427924852182089769)
[2026-01-11T20:04:39Z ERROR css_core::box_tree::constraint_block_layout] Checking flex: node=NodeKey(8427924852182089769), display=Block
[2026-01-11T20:04:39Z ERROR css_core::box_tree::constraint_block_layout] INSERTING FLEX CONTAINER in layout_block: node=NodeKey(8427924852182089764), inline_size=111.59375, is_measurement=false
[2026-01-11T20:04:39Z ERROR css_core::box_tree::constraint_block_layout] INSERTING FLEX CONTAINER in layout_block: node=NodeKey(8427924852182089744), inline_size=800, is_measurement=false
[2026-01-11T20:04:39Z ERROR css_core::box_tree::constraint_block_layout] layout_block ENTRY: node=NodeKey(8427924852182089773)
[2026-01-11T20:04:39Z ERROR css_core::box_tree::constraint_block_layout] Checking flex: node=NodeKey(8427924852182089773), display=Flex
[2026-01-11T20:04:39Z ERROR css_core::box_tree::constraint_block_layout] IS FLEX!
[2026-01-11T20:04:39Z ERROR css_core::box_tree::constraint_block_layout::flex_layout] layout_flex: node=NodeKey(8427924852182089773), children.len()=7
[2026-01-11T20:04:39Z ERROR css_core::box_tree::constraint_block_layout] layout_block ENTRY: node=NodeKey(8427924852182089775)
[2026-01-11T20:04:39Z ERROR css_core::box_tree::constraint_block_layout] Checking flex: node=NodeKey(8427924852182089775), display=Block
[2026-01-11T20:04:39Z ERROR css_core::box_tree::constraint_block_layout] layout_block ENTRY: node=NodeKey(8427924852182089778)
[2026-01-11T20:04:39Z ERROR css_core::box_tree::constraint_block_layout] Checking flex: node=NodeKey(8427924852182089778), display=Flex
[2026-01-11T20:04:39Z ERROR css_core::box_tree::constraint_block_layout] IS FLEX!
[2026-01-11T20:04:39Z ERROR css_core::box_tree::constraint_block_layout::flex_layout] layout_flex: node=NodeKey(8427924852182089778), children.len()=7
[2026-01-11T20:04:39Z ERROR css_core::box_tree::constraint_block_layout] layout_block ENTRY: node=NodeKey(8427924852182089780)
[2026-01-11T20:04:39Z ERROR css_core::box_tree::constraint_block_layout] Checking flex: node=NodeKey(8427924852182089780), display=Inline
[2026-01-11T20:04:39Z ERROR css_core::box_tree::constraint_block_layout] layout_block ENTRY: node=NodeKey(8427924852182089783)
[2026-01-11T20:04:39Z ERROR css_core::box_tree::constraint_block_layout] Checking flex: node=NodeKey(8427924852182089783), display=Inline
[2026-01-11T20:04:39Z ERROR css_core::box_tree::constraint_block_layout] layout_block ENTRY: node=NodeKey(8427924852182089786)
[2026-01-11T20:04:39Z ERROR css_core::box_tree::constraint_block_layout] Checking flex: node=NodeKey(8427924852182089786), display=Inline
[2026-01-11T20:04:39Z ERROR css_core::box_tree::constraint_block_layout::flex_layout] layout_flex: node=NodeKey(8427924852182089778), flex_items.len()=3
[2026-01-11T20:04:39Z ERROR css_core::box_tree::constraint_block_layout] layout_block ENTRY: node=NodeKey(8427924852182089780)
[2026-01-11T20:04:39Z ERROR css_core::box_tree::constraint_block_layout] Checking flex: node=NodeKey(8427924852182089780), display=Inline
[2026-01-11T20:04:39Z ERROR css_core::box_tree::constraint_block_layout] layout_block ENTRY: node=NodeKey(8427924852182089783)
[2026-01-11T20:04:39Z ERROR css_core::box_tree::constraint_block_layout] Checking flex: node=NodeKey(8427924852182089783), display=Inline
[2026-01-11T20:04:39Z ERROR css_core::box_tree::constraint_block_layout] layout_block ENTRY: node=NodeKey(8427924852182089786)
[2026-01-11T20:04:39Z ERROR css_core::box_tree::constraint_block_layout] Checking flex: node=NodeKey(8427924852182089786), display=Inline
[2026-01-11T20:04:39Z ERROR css_core::box_tree::constraint_block_layout] INSERTING FLEX CONTAINER in layout_block: node=NodeKey(8427924852182089778), inline_size=0, is_measurement=true
[2026-01-11T20:04:39Z ERROR css_core::box_tree::constraint_block_layout] layout_block ENTRY: node=NodeKey(8427924852182089790)
[2026-01-11T20:04:39Z ERROR css_core::box_tree::constraint_block_layout] Checking flex: node=NodeKey(8427924852182089790), display=Flex
[2026-01-11T20:04:39Z ERROR css_core::box_tree::constraint_block_layout] IS FLEX!
[2026-01-11T20:04:39Z ERROR css_core::box_tree::constraint_block_layout::flex_layout] layout_flex: node=NodeKey(8427924852182089790), children.len()=3
[2026-01-11T20:04:39Z ERROR css_core::box_tree::constraint_block_layout] layout_block ENTRY: node=NodeKey(8427924852182089792)
[2026-01-11T20:04:39Z ERROR css_core::box_tree::constraint_block_layout] Checking flex: node=NodeKey(8427924852182089792), display=Inline
[2026-01-11T20:04:39Z ERROR css_core::box_tree::constraint_block_layout::flex_layout] layout_flex: node=NodeKey(8427924852182089790), flex_items.len()=1
[2026-01-11T20:04:39Z ERROR css_core::box_tree::constraint_block_layout] layout_block ENTRY: node=NodeKey(8427924852182089792)
[2026-01-11T20:04:39Z ERROR css_core::box_tree::constraint_block_layout] Checking flex: node=NodeKey(8427924852182089792), display=Inline
[2026-01-11T20:04:39Z ERROR css_core::box_tree::constraint_block_layout] INSERTING FLEX CONTAINER in layout_block: node=NodeKey(8427924852182089790), inline_size=67.58594, is_measurement=true
[2026-01-11T20:04:39Z ERROR css_core::box_tree::constraint_block_layout::flex_layout] layout_flex: node=NodeKey(8427924852182089773), flex_items.len()=3
[2026-01-11T20:04:39Z ERROR css_core::box_tree::constraint_block_layout] layout_block ENTRY: node=NodeKey(8427924852182089775)
[2026-01-11T20:04:39Z ERROR css_core::box_tree::constraint_block_layout] Checking flex: node=NodeKey(8427924852182089775), display=Block
[2026-01-11T20:04:39Z ERROR css_core::box_tree::constraint_block_layout] layout_block ENTRY: node=NodeKey(8427924852182089778)
[2026-01-11T20:04:39Z ERROR css_core::box_tree::constraint_block_layout] Checking flex: node=NodeKey(8427924852182089778), display=Flex
[2026-01-11T20:04:39Z ERROR css_core::box_tree::constraint_block_layout] IS FLEX!
[2026-01-11T20:04:39Z ERROR css_core::box_tree::constraint_block_layout::flex_layout] layout_flex: node=NodeKey(8427924852182089778), children.len()=7
[2026-01-11T20:04:39Z ERROR css_core::box_tree::constraint_block_layout] layout_block ENTRY: node=NodeKey(8427924852182089780)
[2026-01-11T20:04:39Z ERROR css_core::box_tree::constraint_block_layout] Checking flex: node=NodeKey(8427924852182089780), display=Inline
[2026-01-11T20:04:39Z ERROR css_core::box_tree::constraint_block_layout] layout_block ENTRY: node=NodeKey(8427924852182089783)
[2026-01-11T20:04:39Z ERROR css_core::box_tree::constraint_block_layout] Checking flex: node=NodeKey(8427924852182089783), display=Inline
[2026-01-11T20:04:39Z ERROR css_core::box_tree::constraint_block_layout] layout_block ENTRY: node=NodeKey(8427924852182089786)
[2026-01-11T20:04:39Z ERROR css_core::box_tree::constraint_block_layout] Checking flex: node=NodeKey(8427924852182089786), display=Inline
[2026-01-11T20:04:39Z ERROR css_core::box_tree::constraint_block_layout::flex_layout] layout_flex: node=NodeKey(8427924852182089778), flex_items.len()=3
[2026-01-11T20:04:39Z ERROR css_core::box_tree::constraint_block_layout] layout_block ENTRY: node=NodeKey(8427924852182089780)
[2026-01-11T20:04:39Z ERROR css_core::box_tree::constraint_block_layout] Checking flex: node=NodeKey(8427924852182089780), display=Inline
[2026-01-11T20:04:39Z ERROR css_core::box_tree::constraint_block_layout] layout_block ENTRY: node=NodeKey(8427924852182089783)
[2026-01-11T20:04:39Z ERROR css_core::box_tree::constraint_block_layout] Checking flex: node=NodeKey(8427924852182089783), display=Inline
[2026-01-11T20:04:39Z ERROR css_core::box_tree::constraint_block_layout] layout_block ENTRY: node=NodeKey(8427924852182089786)
[2026-01-11T20:04:39Z ERROR css_core::box_tree::constraint_block_layout] Checking flex: node=NodeKey(8427924852182089786), display=Inline
[2026-01-11T20:04:39Z ERROR css_core::box_tree::constraint_block_layout] INSERTING FLEX CONTAINER in layout_block: node=NodeKey(8427924852182089778), inline_size=635.5469, is_measurement=false
[2026-01-11T20:04:39Z ERROR css_core::box_tree::constraint_block_layout] layout_block ENTRY: node=NodeKey(8427924852182089790)
[2026-01-11T20:04:39Z ERROR css_core::box_tree::constraint_block_layout] Checking flex: node=NodeKey(8427924852182089790), display=Flex
[2026-01-11T20:04:39Z ERROR css_core::box_tree::constraint_block_layout] IS FLEX!
[2026-01-11T20:04:39Z ERROR css_core::box_tree::constraint_block_layout::flex_layout] layout_flex: node=NodeKey(8427924852182089790), children.len()=3
[2026-01-11T20:04:39Z ERROR css_core::box_tree::constraint_block_layout] layout_block ENTRY: node=NodeKey(8427924852182089792)
[2026-01-11T20:04:39Z ERROR css_core::box_tree::constraint_block_layout] Checking flex: node=NodeKey(8427924852182089792), display=Inline
[2026-01-11T20:04:39Z ERROR css_core::box_tree::constraint_block_layout::flex_layout] layout_flex: node=NodeKey(8427924852182089790), flex_items.len()=1
[2026-01-11T20:04:39Z ERROR css_core::box_tree::constraint_block_layout] layout_block ENTRY: node=NodeKey(8427924852182089792)
[2026-01-11T20:04:39Z ERROR css_core::box_tree::constraint_block_layout] Checking flex: node=NodeKey(8427924852182089792), display=Inline
[2026-01-11T20:04:39Z ERROR css_core::box_tree::constraint_block_layout] INSERTING FLEX CONTAINER in layout_block: node=NodeKey(8427924852182089790), inline_size=67.59375, is_measurement=false
[2026-01-11T20:04:39Z ERROR css_core::box_tree::constraint_block_layout] INSERTING FLEX CONTAINER in layout_block: node=NodeKey(8427924852182089773), inline_size=800, is_measurement=false
[2026-01-11T20:04:39Z ERROR page_handler::core::incremental_layout] LAYOUT TREE COMPLETE - generation 1, total results: 35
[2026-01-11T20:04:39Z ERROR page_handler::core::incremental_layout] RUNNING LAYOUT TREE - generation 1
[2026-01-11T20:04:39Z ERROR css_core::box_tree::constraint_block_layout] layout_block ENTRY: node=NodeKey(17510559400681537538)
[2026-01-11T20:04:39Z ERROR css_core::box_tree::constraint_block_layout] Checking flex: node=NodeKey(17510559400681537538), display=Block
[2026-01-11T20:04:39Z ERROR css_core::box_tree::constraint_block_layout] layout_block ENTRY: node=NodeKey(17510559400681537550)
[2026-01-11T20:04:39Z ERROR css_core::box_tree::constraint_block_layout] Checking flex: node=NodeKey(17510559400681537550), display=Block
[2026-01-11T20:04:39Z ERROR css_core::box_tree::constraint_block_layout] layout_block ENTRY: node=NodeKey(17510559400681537552)
[2026-01-11T20:04:39Z ERROR css_core::box_tree::constraint_block_layout] Checking flex: node=NodeKey(17510559400681537552), display=Flex
[2026-01-11T20:04:39Z ERROR css_core::box_tree::constraint_block_layout] IS FLEX!
[2026-01-11T20:04:39Z ERROR css_core::box_tree::constraint_block_layout::flex_layout] layout_flex: node=NodeKey(17510559400681537552), children.len()=9
[2026-01-11T20:04:39Z ERROR css_core::box_tree::constraint_block_layout] layout_block ENTRY: node=NodeKey(17510559400681537554)
[2026-01-11T20:04:39Z ERROR css_core::box_tree::constraint_block_layout] Checking flex: node=NodeKey(17510559400681537554), display=Flex
[2026-01-11T20:04:39Z ERROR css_core::box_tree::constraint_block_layout] IS FLEX!
[2026-01-11T20:04:39Z ERROR css_core::box_tree::constraint_block_layout::flex_layout] layout_flex: node=NodeKey(17510559400681537554), children.len()=7
[2026-01-11T20:04:39Z ERROR css_core::box_tree::constraint_block_layout] layout_block ENTRY: node=NodeKey(17510559400681537556)
[2026-01-11T20:04:39Z ERROR css_core::box_tree::constraint_block_layout] Checking flex: node=NodeKey(17510559400681537556), display=Inline
[2026-01-11T20:04:39Z ERROR css_core::box_tree::constraint_block_layout] layout_block ENTRY: node=NodeKey(17510559400681537558)
[2026-01-11T20:04:39Z ERROR css_core::box_tree::constraint_block_layout] Checking flex: node=NodeKey(17510559400681537558), display=Block
[2026-01-11T20:04:39Z ERROR css_core::box_tree::constraint_block_layout] layout_block ENTRY: node=NodeKey(17510559400681537560)
[2026-01-11T20:04:39Z ERROR css_core::box_tree::constraint_block_layout] Checking flex: node=NodeKey(17510559400681537560), display=Block
[2026-01-11T20:04:39Z ERROR css_core::box_tree::constraint_block_layout] layout_block ENTRY: node=NodeKey(17510559400681537563)
[2026-01-11T20:04:39Z ERROR css_core::box_tree::constraint_block_layout] Checking flex: node=NodeKey(17510559400681537563), display=Block
[2026-01-11T20:04:39Z ERROR css_core::box_tree::constraint_block_layout] layout_block ENTRY: node=NodeKey(17510559400681537567)
[2026-01-11T20:04:39Z ERROR css_core::box_tree::constraint_block_layout] Checking flex: node=NodeKey(17510559400681537567), display=Inline
[2026-01-11T20:04:39Z ERROR css_core::box_tree::constraint_block_layout::flex_layout] layout_flex: node=NodeKey(17510559400681537554), flex_items.len()=3
[2026-01-11T20:04:39Z ERROR css_core::box_tree::constraint_block_layout] layout_block ENTRY: node=NodeKey(17510559400681537556)
[2026-01-11T20:04:39Z ERROR css_core::box_tree::constraint_block_layout] Checking flex: node=NodeKey(17510559400681537556), display=Inline
[2026-01-11T20:04:39Z ERROR css_core::box_tree::constraint_block_layout] layout_block ENTRY: node=NodeKey(17510559400681537558)
[2026-01-11T20:04:39Z ERROR css_core::box_tree::constraint_block_layout] Checking flex: node=NodeKey(17510559400681537558), display=Block
[2026-01-11T20:04:39Z ERROR css_core::box_tree::constraint_block_layout] layout_block ENTRY: node=NodeKey(17510559400681537560)
[2026-01-11T20:04:39Z ERROR css_core::box_tree::constraint_block_layout] Checking flex: node=NodeKey(17510559400681537560), display=Block
[2026-01-11T20:04:39Z ERROR css_core::box_tree::constraint_block_layout] layout_block ENTRY: node=NodeKey(17510559400681537563)
[2026-01-11T20:04:39Z ERROR css_core::box_tree::constraint_block_layout] Checking flex: node=NodeKey(17510559400681537563), display=Block
[2026-01-11T20:04:39Z ERROR css_core::box_tree::constraint_block_layout] layout_block ENTRY: node=NodeKey(17510559400681537567)
[2026-01-11T20:04:39Z ERROR css_core::box_tree::constraint_block_layout] Checking flex: node=NodeKey(17510559400681537567), display=Inline
[2026-01-11T20:04:39Z ERROR css_core::box_tree::constraint_block_layout] INSERTING FLEX CONTAINER in layout_block: node=NodeKey(17510559400681537554), inline_size=448, is_measurement=true
[2026-01-11T20:04:39Z ERROR css_core::box_tree::constraint_block_layout] layout_block ENTRY: node=NodeKey(17510559400681537570)
[2026-01-11T20:04:39Z ERROR css_core::box_tree::constraint_block_layout] Checking flex: node=NodeKey(17510559400681537570), display=Flex
[2026-01-11T20:04:39Z ERROR css_core::box_tree::constraint_block_layout] IS FLEX!
[2026-01-11T20:04:39Z ERROR css_core::box_tree::constraint_block_layout::flex_layout] layout_flex: node=NodeKey(17510559400681537570), children.len()=5
[2026-01-11T20:04:39Z ERROR css_core::box_tree::constraint_block_layout] layout_block ENTRY: node=NodeKey(17510559400681537572)
[2026-01-11T20:04:39Z ERROR css_core::box_tree::constraint_block_layout] Checking flex: node=NodeKey(17510559400681537572), display=Inline
[2026-01-11T20:04:39Z ERROR css_core::box_tree::constraint_block_layout] layout_block ENTRY: node=NodeKey(17510559400681537574)
[2026-01-11T20:04:39Z ERROR css_core::box_tree::constraint_block_layout] Checking flex: node=NodeKey(17510559400681537574), display=Block
[2026-01-11T20:04:39Z ERROR css_core::box_tree::constraint_block_layout] layout_block ENTRY: node=NodeKey(17510559400681537576)
[2026-01-11T20:04:39Z ERROR css_core::box_tree::constraint_block_layout] Checking flex: node=NodeKey(17510559400681537576), display=Block
[2026-01-11T20:04:39Z ERROR css_core::box_tree::constraint_block_layout] layout_block ENTRY: node=NodeKey(17510559400681537579)
[2026-01-11T20:04:39Z ERROR css_core::box_tree::constraint_block_layout] Checking flex: node=NodeKey(17510559400681537579), display=Block
[2026-01-11T20:04:39Z ERROR css_core::box_tree::constraint_block_layout::flex_layout] layout_flex: node=NodeKey(17510559400681537570), flex_items.len()=2
[2026-01-11T20:04:39Z ERROR css_core::box_tree::constraint_block_layout] layout_block ENTRY: node=NodeKey(17510559400681537572)
[2026-01-11T20:04:39Z ERROR css_core::box_tree::constraint_block_layout] Checking flex: node=NodeKey(17510559400681537572), display=Inline
[2026-01-11T20:04:39Z ERROR css_core::box_tree::constraint_block_layout] layout_block ENTRY: node=NodeKey(17510559400681537574)
[2026-01-11T20:04:39Z ERROR css_core::box_tree::constraint_block_layout] Checking flex: node=NodeKey(17510559400681537574), display=Block
[2026-01-11T20:04:39Z ERROR css_core::box_tree::constraint_block_layout] layout_block ENTRY: node=NodeKey(17510559400681537576)
[2026-01-11T20:04:39Z ERROR css_core::box_tree::constraint_block_layout] Checking flex: node=NodeKey(17510559400681537576), display=Block
[2026-01-11T20:04:39Z ERROR css_core::box_tree::constraint_block_layout] layout_block ENTRY: node=NodeKey(17510559400681537579)
[2026-01-11T20:04:39Z ERROR css_core::box_tree::constraint_block_layout] Checking flex: node=NodeKey(17510559400681537579), display=Block
[2026-01-11T20:04:39Z ERROR css_core::box_tree::constraint_block_layout] INSERTING FLEX CONTAINER in layout_block: node=NodeKey(17510559400681537570), inline_size=448, is_measurement=true
[2026-01-11T20:04:39Z ERROR css_core::box_tree::constraint_block_layout] layout_block ENTRY: node=NodeKey(17510559400681537584)
[2026-01-11T20:04:39Z ERROR css_core::box_tree::constraint_block_layout] Checking flex: node=NodeKey(17510559400681537584), display=Flex
[2026-01-11T20:04:39Z ERROR css_core::box_tree::constraint_block_layout] IS FLEX!
[2026-01-11T20:04:39Z ERROR css_core::box_tree::constraint_block_layout::flex_layout] layout_flex: node=NodeKey(17510559400681537584), children.len()=5
[2026-01-11T20:04:39Z ERROR css_core::box_tree::constraint_block_layout] layout_block ENTRY: node=NodeKey(17510559400681537586)
[2026-01-11T20:04:39Z ERROR css_core::box_tree::constraint_block_layout] Checking flex: node=NodeKey(17510559400681537586), display=Inline
[2026-01-11T20:04:39Z ERROR css_core::box_tree::constraint_block_layout] layout_block ENTRY: node=NodeKey(17510559400681537588)
[2026-01-11T20:04:39Z ERROR css_core::box_tree::constraint_block_layout] Checking flex: node=NodeKey(17510559400681537588), display=Block
[2026-01-11T20:04:39Z ERROR css_core::box_tree::constraint_block_layout] layout_block ENTRY: node=NodeKey(17510559400681537590)
[2026-01-11T20:04:39Z ERROR css_core::box_tree::constraint_block_layout] Checking flex: node=NodeKey(17510559400681537590), display=Block
[2026-01-11T20:04:39Z ERROR css_core::box_tree::constraint_block_layout] layout_block ENTRY: node=NodeKey(17510559400681537593)
[2026-01-11T20:04:39Z ERROR css_core::box_tree::constraint_block_layout] Checking flex: node=NodeKey(17510559400681537593), display=Block
[2026-01-11T20:04:39Z ERROR css_core::box_tree::constraint_block_layout::flex_layout] layout_flex: node=NodeKey(17510559400681537584), flex_items.len()=2
[2026-01-11T20:04:39Z ERROR css_core::box_tree::constraint_block_layout] layout_block ENTRY: node=NodeKey(17510559400681537586)
[2026-01-11T20:04:39Z ERROR css_core::box_tree::constraint_block_layout] Checking flex: node=NodeKey(17510559400681537586), display=Inline
[2026-01-11T20:04:39Z ERROR css_core::box_tree::constraint_block_layout] layout_block ENTRY: node=NodeKey(17510559400681537588)
[2026-01-11T20:04:39Z ERROR css_core::box_tree::constraint_block_layout] Checking flex: node=NodeKey(17510559400681537588), display=Block
[2026-01-11T20:04:39Z ERROR css_core::box_tree::constraint_block_layout] layout_block ENTRY: node=NodeKey(17510559400681537590)
[2026-01-11T20:04:39Z ERROR css_core::box_tree::constraint_block_layout] Checking flex: node=NodeKey(17510559400681537590), display=Block
[2026-01-11T20:04:39Z ERROR css_core::box_tree::constraint_block_layout] layout_block ENTRY: node=NodeKey(17510559400681537593)
[2026-01-11T20:04:39Z ERROR css_core::box_tree::constraint_block_layout] Checking flex: node=NodeKey(17510559400681537593), display=Block
[2026-01-11T20:04:39Z ERROR css_core::box_tree::constraint_block_layout] INSERTING FLEX CONTAINER in layout_block: node=NodeKey(17510559400681537584), inline_size=448, is_measurement=true
[2026-01-11T20:04:39Z ERROR css_core::box_tree::constraint_block_layout] layout_block ENTRY: node=NodeKey(17510559400681537598)
[2026-01-11T20:04:39Z ERROR css_core::box_tree::constraint_block_layout] Checking flex: node=NodeKey(17510559400681537598), display=Flex
[2026-01-11T20:04:39Z ERROR css_core::box_tree::constraint_block_layout] IS FLEX!
[2026-01-11T20:04:39Z ERROR css_core::box_tree::constraint_block_layout::flex_layout] layout_flex: node=NodeKey(17510559400681537598), children.len()=5
[2026-01-11T20:04:39Z ERROR css_core::box_tree::constraint_block_layout] layout_block ENTRY: node=NodeKey(17510559400681537600)
[2026-01-11T20:04:39Z ERROR css_core::box_tree::constraint_block_layout] Checking flex: node=NodeKey(17510559400681537600), display=Inline
[2026-01-11T20:04:39Z ERROR css_core::box_tree::constraint_block_layout] layout_block ENTRY: node=NodeKey(17510559400681537602)
[2026-01-11T20:04:39Z ERROR css_core::box_tree::constraint_block_layout] Checking flex: node=NodeKey(17510559400681537602), display=Block
[2026-01-11T20:04:39Z ERROR css_core::box_tree::constraint_block_layout] layout_block ENTRY: node=NodeKey(17510559400681537604)
[2026-01-11T20:04:39Z ERROR css_core::box_tree::constraint_block_layout] Checking flex: node=NodeKey(17510559400681537604), display=Block
[2026-01-11T20:04:39Z ERROR css_core::box_tree::constraint_block_layout] layout_block ENTRY: node=NodeKey(17510559400681537607)
[2026-01-11T20:04:39Z ERROR css_core::box_tree::constraint_block_layout] Checking flex: node=NodeKey(17510559400681537607), display=Block
[2026-01-11T20:04:39Z ERROR css_core::box_tree::constraint_block_layout::flex_layout] layout_flex: node=NodeKey(17510559400681537598), flex_items.len()=2
[2026-01-11T20:04:39Z ERROR css_core::box_tree::constraint_block_layout] layout_block ENTRY: node=NodeKey(17510559400681537600)
[2026-01-11T20:04:39Z ERROR css_core::box_tree::constraint_block_layout] Checking flex: node=NodeKey(17510559400681537600), display=Inline
[2026-01-11T20:04:39Z ERROR css_core::box_tree::constraint_block_layout] layout_block ENTRY: node=NodeKey(17510559400681537602)
[2026-01-11T20:04:39Z ERROR css_core::box_tree::constraint_block_layout] Checking flex: node=NodeKey(17510559400681537602), display=Block
[2026-01-11T20:04:39Z ERROR css_core::box_tree::constraint_block_layout] layout_block ENTRY: node=NodeKey(17510559400681537604)
[2026-01-11T20:04:39Z ERROR css_core::box_tree::constraint_block_layout] Checking flex: node=NodeKey(17510559400681537604), display=Block
[2026-01-11T20:04:39Z ERROR css_core::box_tree::constraint_block_layout] layout_block ENTRY: node=NodeKey(17510559400681537607)
[2026-01-11T20:04:39Z ERROR css_core::box_tree::constraint_block_layout] Checking flex: node=NodeKey(17510559400681537607), display=Block
[2026-01-11T20:04:39Z ERROR css_core::box_tree::constraint_block_layout] INSERTING FLEX CONTAINER in layout_block: node=NodeKey(17510559400681537598), inline_size=448, is_measurement=true
[2026-01-11T20:04:39Z ERROR css_core::box_tree::constraint_block_layout::flex_layout] layout_flex: node=NodeKey(17510559400681537552), flex_items.len()=4
[2026-01-11T20:04:39Z ERROR css_core::box_tree::constraint_block_layout] layout_block ENTRY: node=NodeKey(17510559400681537554)
[2026-01-11T20:04:39Z ERROR css_core::box_tree::constraint_block_layout] Checking flex: node=NodeKey(17510559400681537554), display=Flex
[2026-01-11T20:04:39Z ERROR css_core::box_tree::constraint_block_layout] IS FLEX!
[2026-01-11T20:04:39Z ERROR css_core::box_tree::constraint_block_layout::flex_layout] layout_flex: node=NodeKey(17510559400681537554), children.len()=7
[2026-01-11T20:04:39Z ERROR css_core::box_tree::constraint_block_layout] layout_block ENTRY: node=NodeKey(17510559400681537556)
[2026-01-11T20:04:39Z ERROR css_core::box_tree::constraint_block_layout] Checking flex: node=NodeKey(17510559400681537556), display=Inline
[2026-01-11T20:04:39Z ERROR css_core::box_tree::constraint_block_layout] layout_block ENTRY: node=NodeKey(17510559400681537558)
[2026-01-11T20:04:39Z ERROR css_core::box_tree::constraint_block_layout] Checking flex: node=NodeKey(17510559400681537558), display=Block
[2026-01-11T20:04:39Z ERROR css_core::box_tree::constraint_block_layout] layout_block ENTRY: node=NodeKey(17510559400681537560)
[2026-01-11T20:04:39Z ERROR css_core::box_tree::constraint_block_layout] Checking flex: node=NodeKey(17510559400681537560), display=Block
[2026-01-11T20:04:39Z ERROR css_core::box_tree::constraint_block_layout] layout_block ENTRY: node=NodeKey(17510559400681537563)
[2026-01-11T20:04:39Z ERROR css_core::box_tree::constraint_block_layout] Checking flex: node=NodeKey(17510559400681537563), display=Block
[2026-01-11T20:04:39Z ERROR css_core::box_tree::constraint_block_layout] layout_block ENTRY: node=NodeKey(17510559400681537567)
[2026-01-11T20:04:39Z ERROR css_core::box_tree::constraint_block_layout] Checking flex: node=NodeKey(17510559400681537567), display=Inline
[2026-01-11T20:04:39Z ERROR css_core::box_tree::constraint_block_layout::flex_layout] layout_flex: node=NodeKey(17510559400681537554), flex_items.len()=3
[2026-01-11T20:04:39Z ERROR css_core::box_tree::constraint_block_layout] layout_block ENTRY: node=NodeKey(17510559400681537556)
[2026-01-11T20:04:39Z ERROR css_core::box_tree::constraint_block_layout] Checking flex: node=NodeKey(17510559400681537556), display=Inline
[2026-01-11T20:04:39Z ERROR css_core::box_tree::constraint_block_layout] layout_block ENTRY: node=NodeKey(17510559400681537558)
[2026-01-11T20:04:39Z ERROR css_core::box_tree::constraint_block_layout] Checking flex: node=NodeKey(17510559400681537558), display=Block
[2026-01-11T20:04:39Z ERROR css_core::box_tree::constraint_block_layout] layout_block ENTRY: node=NodeKey(17510559400681537560)
[2026-01-11T20:04:39Z ERROR css_core::box_tree::constraint_block_layout] Checking flex: node=NodeKey(17510559400681537560), display=Block
[2026-01-11T20:04:39Z ERROR css_core::box_tree::constraint_block_layout] layout_block ENTRY: node=NodeKey(17510559400681537563)
[2026-01-11T20:04:39Z ERROR css_core::box_tree::constraint_block_layout] Checking flex: node=NodeKey(17510559400681537563), display=Block
[2026-01-11T20:04:39Z ERROR css_core::box_tree::constraint_block_layout] layout_block ENTRY: node=NodeKey(17510559400681537567)
[2026-01-11T20:04:39Z ERROR css_core::box_tree::constraint_block_layout] Checking flex: node=NodeKey(17510559400681537567), display=Inline
[2026-01-11T20:04:39Z ERROR css_core::box_tree::constraint_block_layout] INSERTING FLEX CONTAINER in layout_block: node=NodeKey(17510559400681537554), inline_size=448, is_measurement=false
[2026-01-11T20:04:39Z ERROR css_core::box_tree::constraint_block_layout] layout_block ENTRY: node=NodeKey(17510559400681537570)
[2026-01-11T20:04:39Z ERROR css_core::box_tree::constraint_block_layout] Checking flex: node=NodeKey(17510559400681537570), display=Flex
[2026-01-11T20:04:39Z ERROR css_core::box_tree::constraint_block_layout] IS FLEX!
[2026-01-11T20:04:39Z ERROR css_core::box_tree::constraint_block_layout::flex_layout] layout_flex: node=NodeKey(17510559400681537570), children.len()=5
[2026-01-11T20:04:39Z ERROR css_core::box_tree::constraint_block_layout] layout_block ENTRY: node=NodeKey(17510559400681537572)
[2026-01-11T20:04:39Z ERROR css_core::box_tree::constraint_block_layout] Checking flex: node=NodeKey(17510559400681537572), display=Inline
[2026-01-11T20:04:39Z ERROR css_core::box_tree::constraint_block_layout] layout_block ENTRY: node=NodeKey(17510559400681537574)
[2026-01-11T20:04:39Z ERROR css_core::box_tree::constraint_block_layout] Checking flex: node=NodeKey(17510559400681537574), display=Block
[2026-01-11T20:04:39Z ERROR css_core::box_tree::constraint_block_layout] layout_block ENTRY: node=NodeKey(17510559400681537576)
[2026-01-11T20:04:39Z ERROR css_core::box_tree::constraint_block_layout] Checking flex: node=NodeKey(17510559400681537576), display=Block
[2026-01-11T20:04:39Z ERROR css_core::box_tree::constraint_block_layout] layout_block ENTRY: node=NodeKey(17510559400681537579)
[2026-01-11T20:04:39Z ERROR css_core::box_tree::constraint_block_layout] Checking flex: node=NodeKey(17510559400681537579), display=Block
[2026-01-11T20:04:39Z ERROR css_core::box_tree::constraint_block_layout::flex_layout] layout_flex: node=NodeKey(17510559400681537570), flex_items.len()=2
[2026-01-11T20:04:39Z ERROR css_core::box_tree::constraint_block_layout] layout_block ENTRY: node=NodeKey(17510559400681537572)
[2026-01-11T20:04:39Z ERROR css_core::box_tree::constraint_block_layout] Checking flex: node=NodeKey(17510559400681537572), display=Inline
[2026-01-11T20:04:39Z ERROR css_core::box_tree::constraint_block_layout] layout_block ENTRY: node=NodeKey(17510559400681537574)
[2026-01-11T20:04:39Z ERROR css_core::box_tree::constraint_block_layout] Checking flex: node=NodeKey(17510559400681537574), display=Block
[2026-01-11T20:04:39Z ERROR css_core::box_tree::constraint_block_layout] layout_block ENTRY: node=NodeKey(17510559400681537576)
[2026-01-11T20:04:39Z ERROR css_core::box_tree::constraint_block_layout] Checking flex: node=NodeKey(17510559400681537576), display=Block
[2026-01-11T20:04:39Z ERROR css_core::box_tree::constraint_block_layout] layout_block ENTRY: node=NodeKey(17510559400681537579)
[2026-01-11T20:04:39Z ERROR css_core::box_tree::constraint_block_layout] Checking flex: node=NodeKey(17510559400681537579), display=Block
[2026-01-11T20:04:39Z ERROR css_core::box_tree::constraint_block_layout] INSERTING FLEX CONTAINER in layout_block: node=NodeKey(17510559400681537570), inline_size=448, is_measurement=false
[2026-01-11T20:04:39Z ERROR css_core::box_tree::constraint_block_layout] layout_block ENTRY: node=NodeKey(17510559400681537584)
[2026-01-11T20:04:39Z ERROR css_core::box_tree::constraint_block_layout] Checking flex: node=NodeKey(17510559400681537584), display=Flex
[2026-01-11T20:04:39Z ERROR css_core::box_tree::constraint_block_layout] IS FLEX!
[2026-01-11T20:04:39Z ERROR css_core::box_tree::constraint_block_layout::flex_layout] layout_flex: node=NodeKey(17510559400681537584), children.len()=5
[2026-01-11T20:04:39Z ERROR css_core::box_tree::constraint_block_layout] layout_block ENTRY: node=NodeKey(17510559400681537586)
[2026-01-11T20:04:39Z ERROR css_core::box_tree::constraint_block_layout] Checking flex: node=NodeKey(17510559400681537586), display=Inline
[2026-01-11T20:04:39Z ERROR css_core::box_tree::constraint_block_layout] layout_block ENTRY: node=NodeKey(17510559400681537588)
[2026-01-11T20:04:39Z ERROR css_core::box_tree::constraint_block_layout] Checking flex: node=NodeKey(17510559400681537588), display=Block
[2026-01-11T20:04:39Z ERROR css_core::box_tree::constraint_block_layout] layout_block ENTRY: node=NodeKey(17510559400681537590)
[2026-01-11T20:04:39Z ERROR css_core::box_tree::constraint_block_layout] Checking flex: node=NodeKey(17510559400681537590), display=Block
[2026-01-11T20:04:39Z ERROR css_core::box_tree::constraint_block_layout] layout_block ENTRY: node=NodeKey(17510559400681537593)
[2026-01-11T20:04:39Z ERROR css_core::box_tree::constraint_block_layout] Checking flex: node=NodeKey(17510559400681537593), display=Block
[2026-01-11T20:04:39Z ERROR css_core::box_tree::constraint_block_layout::flex_layout] layout_flex: node=NodeKey(17510559400681537584), flex_items.len()=2
[2026-01-11T20:04:39Z ERROR css_core::box_tree::constraint_block_layout] layout_block ENTRY: node=NodeKey(17510559400681537586)
[2026-01-11T20:04:39Z ERROR css_core::box_tree::constraint_block_layout] Checking flex: node=NodeKey(17510559400681537586), display=Inline
[2026-01-11T20:04:39Z ERROR css_core::box_tree::constraint_block_layout] layout_block ENTRY: node=NodeKey(17510559400681537588)
[2026-01-11T20:04:39Z ERROR css_core::box_tree::constraint_block_layout] Checking flex: node=NodeKey(17510559400681537588), display=Block
[2026-01-11T20:04:39Z ERROR css_core::box_tree::constraint_block_layout] layout_block ENTRY: node=NodeKey(17510559400681537590)
[2026-01-11T20:04:39Z ERROR css_core::box_tree::constraint_block_layout] Checking flex: node=NodeKey(17510559400681537590), display=Block
[2026-01-11T20:04:39Z ERROR css_core::box_tree::constraint_block_layout] layout_block ENTRY: node=NodeKey(17510559400681537593)
[2026-01-11T20:04:39Z ERROR css_core::box_tree::constraint_block_layout] Checking flex: node=NodeKey(17510559400681537593), display=Block
[2026-01-11T20:04:39Z ERROR css_core::box_tree::constraint_block_layout] INSERTING FLEX CONTAINER in layout_block: node=NodeKey(17510559400681537584), inline_size=448, is_measurement=false
[2026-01-11T20:04:39Z ERROR css_core::box_tree::constraint_block_layout] layout_block ENTRY: node=NodeKey(17510559400681537598)
[2026-01-11T20:04:39Z ERROR css_core::box_tree::constraint_block_layout] Checking flex: node=NodeKey(17510559400681537598), display=Flex
[2026-01-11T20:04:39Z ERROR css_core::box_tree::constraint_block_layout] IS FLEX!
[2026-01-11T20:04:39Z ERROR css_core::box_tree::constraint_block_layout::flex_layout] layout_flex: node=NodeKey(17510559400681537598), children.len()=5
[2026-01-11T20:04:39Z ERROR css_core::box_tree::constraint_block_layout] layout_block ENTRY: node=NodeKey(17510559400681537600)
[2026-01-11T20:04:39Z ERROR css_core::box_tree::constraint_block_layout] Checking flex: node=NodeKey(17510559400681537600), display=Inline
[2026-01-11T20:04:39Z ERROR css_core::box_tree::constraint_block_layout] layout_block ENTRY: node=NodeKey(17510559400681537602)
[2026-01-11T20:04:39Z ERROR css_core::box_tree::constraint_block_layout] Checking flex: node=NodeKey(17510559400681537602), display=Block
[2026-01-11T20:04:39Z ERROR css_core::box_tree::constraint_block_layout] layout_block ENTRY: node=NodeKey(17510559400681537604)
[2026-01-11T20:04:39Z ERROR css_core::box_tree::constraint_block_layout] Checking flex: node=NodeKey(17510559400681537604), display=Block
[2026-01-11T20:04:39Z ERROR css_core::box_tree::constraint_block_layout] layout_block ENTRY: node=NodeKey(17510559400681537607)
[2026-01-11T20:04:39Z ERROR css_core::box_tree::constraint_block_layout] Checking flex: node=NodeKey(17510559400681537607), display=Block
[2026-01-11T20:04:39Z ERROR css_core::box_tree::constraint_block_layout::flex_layout] layout_flex: node=NodeKey(17510559400681537598), flex_items.len()=2
[2026-01-11T20:04:39Z ERROR css_core::box_tree::constraint_block_layout] layout_block ENTRY: node=NodeKey(17510559400681537600)
[2026-01-11T20:04:39Z ERROR css_core::box_tree::constraint_block_layout] Checking flex: node=NodeKey(17510559400681537600), display=Inline
[2026-01-11T20:04:39Z ERROR css_core::box_tree::constraint_block_layout] layout_block ENTRY: node=NodeKey(17510559400681537602)
[2026-01-11T20:04:39Z ERROR css_core::box_tree::constraint_block_layout] Checking flex: node=NodeKey(17510559400681537602), display=Block
[2026-01-11T20:04:39Z ERROR css_core::box_tree::constraint_block_layout] layout_block ENTRY: node=NodeKey(17510559400681537604)
[2026-01-11T20:04:39Z ERROR css_core::box_tree::constraint_block_layout] Checking flex: node=NodeKey(17510559400681537604), display=Block
[2026-01-11T20:04:39Z ERROR css_core::box_tree::constraint_block_layout] layout_block ENTRY: node=NodeKey(17510559400681537607)
[2026-01-11T20:04:39Z ERROR css_core::box_tree::constraint_block_layout] Checking flex: node=NodeKey(17510559400681537607), display=Block
[2026-01-11T20:04:39Z ERROR css_core::box_tree::constraint_block_layout] INSERTING FLEX CONTAINER in layout_block: node=NodeKey(17510559400681537598), inline_size=448, is_measurement=false
[2026-01-11T20:04:39Z ERROR css_core::box_tree::constraint_block_layout] INSERTING FLEX CONTAINER in layout_block: node=NodeKey(17510559400681537552), inline_size=480, is_measurement=false
[2026-01-11T20:04:39Z ERROR page_handler::core::incremental_layout] LAYOUT TREE COMPLETE - generation 1, total results: 47
[2026-01-11T20:04:39Z ERROR page_handler::core::incremental_layout] RUNNING LAYOUT TREE - generation 1
[2026-01-11T20:04:39Z ERROR css_core::box_tree::constraint_block_layout] layout_block ENTRY: node=NodeKey(6087178945856274434)
[2026-01-11T20:04:39Z ERROR css_core::box_tree::constraint_block_layout] Checking flex: node=NodeKey(6087178945856274434), display=Block
[2026-01-11T20:04:39Z ERROR css_core::box_tree::constraint_block_layout] layout_block ENTRY: node=NodeKey(6087178945856274446)
[2026-01-11T20:04:39Z ERROR css_core::box_tree::constraint_block_layout] Checking flex: node=NodeKey(6087178945856274446), display=Block
[2026-01-11T20:04:39Z ERROR css_core::box_tree::constraint_block_layout] layout_block ENTRY: node=NodeKey(6087178945856274448)
[2026-01-11T20:04:39Z ERROR css_core::box_tree::constraint_block_layout] Checking flex: node=NodeKey(6087178945856274448), display=Flex
[2026-01-11T20:04:39Z ERROR css_core::box_tree::constraint_block_layout] IS FLEX!
[2026-01-11T20:04:39Z ERROR css_core::box_tree::constraint_block_layout::flex_layout] layout_flex: node=NodeKey(6087178945856274448), children.len()=5
[2026-01-11T20:04:39Z ERROR css_core::box_tree::constraint_block_layout] layout_block ENTRY: node=NodeKey(6087178945856274450)
[2026-01-11T20:04:39Z ERROR css_core::box_tree::constraint_block_layout] Checking flex: node=NodeKey(6087178945856274450), display=Block
[2026-01-11T20:04:39Z ERROR css_core::box_tree::constraint_block_layout] layout_block ENTRY: node=NodeKey(6087178945856274452)
[2026-01-11T20:04:39Z ERROR css_core::box_tree::constraint_block_layout] Checking flex: node=NodeKey(6087178945856274452), display=Block
[2026-01-11T20:04:39Z ERROR css_core::box_tree::constraint_block_layout] layout_block ENTRY: node=NodeKey(6087178945856274454)
[2026-01-11T20:04:39Z ERROR css_core::box_tree::constraint_block_layout] Checking flex: node=NodeKey(6087178945856274454), display=Block
[2026-01-11T20:04:39Z ERROR css_core::box_tree::constraint_block_layout] layout_block ENTRY: node=NodeKey(6087178945856274456)
[2026-01-11T20:04:39Z ERROR css_core::box_tree::constraint_block_layout] Checking flex: node=NodeKey(6087178945856274456), display=Block
[2026-01-11T20:04:39Z ERROR css_core::box_tree::constraint_block_layout] layout_block ENTRY: node=NodeKey(6087178945856274459)
[2026-01-11T20:04:39Z ERROR css_core::box_tree::constraint_block_layout] Checking flex: node=NodeKey(6087178945856274459), display=Block
[2026-01-11T20:04:39Z ERROR css_core::box_tree::constraint_block_layout] layout_block ENTRY: node=NodeKey(6087178945856274462)
[2026-01-11T20:04:39Z ERROR css_core::box_tree::constraint_block_layout] Checking flex: node=NodeKey(6087178945856274462), display=InlineBlock
[2026-01-11T20:04:39Z ERROR css_core::box_tree::constraint_block_layout] layout_block ENTRY: node=NodeKey(6087178945856274467)
[2026-01-11T20:04:39Z ERROR css_core::box_tree::constraint_block_layout] Checking flex: node=NodeKey(6087178945856274467), display=Flex
[2026-01-11T20:04:39Z ERROR css_core::box_tree::constraint_block_layout] IS FLEX!
[2026-01-11T20:04:39Z ERROR css_core::box_tree::constraint_block_layout::flex_layout] layout_flex: node=NodeKey(6087178945856274467), children.len()=5
[2026-01-11T20:04:39Z ERROR css_core::box_tree::constraint_block_layout] layout_block ENTRY: node=NodeKey(6087178945856274469)
[2026-01-11T20:04:39Z ERROR css_core::box_tree::constraint_block_layout] Checking flex: node=NodeKey(6087178945856274469), display=Block
[2026-01-11T20:04:39Z ERROR css_core::box_tree::constraint_block_layout] layout_block ENTRY: node=NodeKey(6087178945856274471)
[2026-01-11T20:04:39Z ERROR css_core::box_tree::constraint_block_layout] Checking flex: node=NodeKey(6087178945856274471), display=Block
[2026-01-11T20:04:39Z ERROR css_core::box_tree::constraint_block_layout] layout_block ENTRY: node=NodeKey(6087178945856274473)
[2026-01-11T20:04:39Z ERROR css_core::box_tree::constraint_block_layout] Checking flex: node=NodeKey(6087178945856274473), display=Block
[2026-01-11T20:04:39Z ERROR css_core::box_tree::constraint_block_layout] layout_block ENTRY: node=NodeKey(6087178945856274476)
[2026-01-11T20:04:39Z ERROR css_core::box_tree::constraint_block_layout] Checking flex: node=NodeKey(6087178945856274476), display=Block
[2026-01-11T20:04:39Z ERROR css_core::box_tree::constraint_block_layout::flex_layout] layout_flex: node=NodeKey(6087178945856274467), flex_items.len()=2
[2026-01-11T20:04:39Z ERROR css_core::box_tree::constraint_block_layout] layout_block ENTRY: node=NodeKey(6087178945856274469)
[2026-01-11T20:04:39Z ERROR css_core::box_tree::constraint_block_layout] Checking flex: node=NodeKey(6087178945856274469), display=Block
[2026-01-11T20:04:39Z ERROR css_core::box_tree::constraint_block_layout] layout_block ENTRY: node=NodeKey(6087178945856274471)
[2026-01-11T20:04:39Z ERROR css_core::box_tree::constraint_block_layout] Checking flex: node=NodeKey(6087178945856274471), display=Block
[2026-01-11T20:04:39Z ERROR css_core::box_tree::constraint_block_layout] layout_block ENTRY: node=NodeKey(6087178945856274473)
[2026-01-11T20:04:39Z ERROR css_core::box_tree::constraint_block_layout] Checking flex: node=NodeKey(6087178945856274473), display=Block
[2026-01-11T20:04:39Z ERROR css_core::box_tree::constraint_block_layout] layout_block ENTRY: node=NodeKey(6087178945856274476)
[2026-01-11T20:04:39Z ERROR css_core::box_tree::constraint_block_layout] Checking flex: node=NodeKey(6087178945856274476), display=Block
[2026-01-11T20:04:39Z ERROR css_core::box_tree::constraint_block_layout] INSERTING FLEX CONTAINER in layout_block: node=NodeKey(6087178945856274467), inline_size=400, is_measurement=true
[2026-01-11T20:04:39Z ERROR css_core::box_tree::constraint_block_layout::flex_layout] layout_flex: node=NodeKey(6087178945856274448), flex_items.len()=2
[2026-01-11T20:04:39Z ERROR css_core::box_tree::constraint_block_layout] layout_block ENTRY: node=NodeKey(6087178945856274450)
[2026-01-11T20:04:39Z ERROR css_core::box_tree::constraint_block_layout] Checking flex: node=NodeKey(6087178945856274450), display=Block
[2026-01-11T20:04:39Z ERROR css_core::box_tree::constraint_block_layout] layout_block ENTRY: node=NodeKey(6087178945856274452)
[2026-01-11T20:04:39Z ERROR css_core::box_tree::constraint_block_layout] Checking flex: node=NodeKey(6087178945856274452), display=Block
[2026-01-11T20:04:39Z ERROR css_core::box_tree::constraint_block_layout] layout_block ENTRY: node=NodeKey(6087178945856274454)
[2026-01-11T20:04:39Z ERROR css_core::box_tree::constraint_block_layout] Checking flex: node=NodeKey(6087178945856274454), display=Block
[2026-01-11T20:04:39Z ERROR css_core::box_tree::constraint_block_layout] layout_block ENTRY: node=NodeKey(6087178945856274456)
[2026-01-11T20:04:39Z ERROR css_core::box_tree::constraint_block_layout] Checking flex: node=NodeKey(6087178945856274456), display=Block
[2026-01-11T20:04:39Z ERROR css_core::box_tree::constraint_block_layout] layout_block ENTRY: node=NodeKey(6087178945856274459)
[2026-01-11T20:04:39Z ERROR css_core::box_tree::constraint_block_layout] Checking flex: node=NodeKey(6087178945856274459), display=Block
[2026-01-11T20:04:39Z ERROR css_core::box_tree::constraint_block_layout] layout_block ENTRY: node=NodeKey(6087178945856274462)
[2026-01-11T20:04:39Z ERROR css_core::box_tree::constraint_block_layout] Checking flex: node=NodeKey(6087178945856274462), display=InlineBlock
[2026-01-11T20:04:39Z ERROR css_core::box_tree::constraint_block_layout] layout_block ENTRY: node=NodeKey(6087178945856274467)
[2026-01-11T20:04:39Z ERROR css_core::box_tree::constraint_block_layout] Checking flex: node=NodeKey(6087178945856274467), display=Flex
[2026-01-11T20:04:39Z ERROR css_core::box_tree::constraint_block_layout] IS FLEX!
[2026-01-11T20:04:39Z ERROR css_core::box_tree::constraint_block_layout::flex_layout] layout_flex: node=NodeKey(6087178945856274467), children.len()=5
[2026-01-11T20:04:39Z ERROR css_core::box_tree::constraint_block_layout] layout_block ENTRY: node=NodeKey(6087178945856274469)
[2026-01-11T20:04:39Z ERROR css_core::box_tree::constraint_block_layout] Checking flex: node=NodeKey(6087178945856274469), display=Block
[2026-01-11T20:04:39Z ERROR css_core::box_tree::constraint_block_layout] layout_block ENTRY: node=NodeKey(6087178945856274471)
[2026-01-11T20:04:39Z ERROR css_core::box_tree::constraint_block_layout] Checking flex: node=NodeKey(6087178945856274471), display=Block
[2026-01-11T20:04:39Z ERROR css_core::box_tree::constraint_block_layout] layout_block ENTRY: node=NodeKey(6087178945856274473)
[2026-01-11T20:04:39Z ERROR css_core::box_tree::constraint_block_layout] Checking flex: node=NodeKey(6087178945856274473), display=Block
[2026-01-11T20:04:39Z ERROR css_core::box_tree::constraint_block_layout] layout_block ENTRY: node=NodeKey(6087178945856274476)
[2026-01-11T20:04:39Z ERROR css_core::box_tree::constraint_block_layout] Checking flex: node=NodeKey(6087178945856274476), display=Block
[2026-01-11T20:04:39Z ERROR css_core::box_tree::constraint_block_layout::flex_layout] layout_flex: node=NodeKey(6087178945856274467), flex_items.len()=2
[2026-01-11T20:04:39Z ERROR css_core::box_tree::constraint_block_layout] layout_block ENTRY: node=NodeKey(6087178945856274469)
[2026-01-11T20:04:39Z ERROR css_core::box_tree::constraint_block_layout] Checking flex: node=NodeKey(6087178945856274469), display=Block
[2026-01-11T20:04:39Z ERROR css_core::box_tree::constraint_block_layout] layout_block ENTRY: node=NodeKey(6087178945856274471)
[2026-01-11T20:04:39Z ERROR css_core::box_tree::constraint_block_layout] Checking flex: node=NodeKey(6087178945856274471), display=Block
[2026-01-11T20:04:39Z ERROR css_core::box_tree::constraint_block_layout] layout_block ENTRY: node=NodeKey(6087178945856274473)
[2026-01-11T20:04:39Z ERROR css_core::box_tree::constraint_block_layout] Checking flex: node=NodeKey(6087178945856274473), display=Block
[2026-01-11T20:04:39Z ERROR css_core::box_tree::constraint_block_layout] layout_block ENTRY: node=NodeKey(6087178945856274476)
[2026-01-11T20:04:39Z ERROR css_core::box_tree::constraint_block_layout] Checking flex: node=NodeKey(6087178945856274476), display=Block
[2026-01-11T20:04:39Z ERROR css_core::box_tree::constraint_block_layout] INSERTING FLEX CONTAINER in layout_block: node=NodeKey(6087178945856274467), inline_size=400, is_measurement=false
[2026-01-11T20:04:39Z ERROR css_core::box_tree::constraint_block_layout] INSERTING FLEX CONTAINER in layout_block: node=NodeKey(6087178945856274448), inline_size=800, is_measurement=false
[2026-01-11T20:04:39Z ERROR page_handler::core::incremental_layout] LAYOUT TREE COMPLETE - generation 1, total results: 32
[2026-01-11T20:04:39Z ERROR page_handler::core::incremental_layout] RUNNING LAYOUT TREE - generation 1
[2026-01-11T20:04:39Z ERROR css_core::box_tree::constraint_block_layout] layout_block ENTRY: node=NodeKey(8476057073199611906)
[2026-01-11T20:04:39Z ERROR css_core::box_tree::constraint_block_layout] Checking flex: node=NodeKey(8476057073199611906), display=Block
[2026-01-11T20:04:39Z ERROR css_core::box_tree::constraint_block_layout] layout_block ENTRY: node=NodeKey(8476057073199611918)
[2026-01-11T20:04:39Z ERROR css_core::box_tree::constraint_block_layout] Checking flex: node=NodeKey(8476057073199611918), display=Block
[2026-01-11T20:04:39Z ERROR css_core::box_tree::constraint_block_layout] layout_block ENTRY: node=NodeKey(8476057073199611920)
[2026-01-11T20:04:39Z ERROR css_core::box_tree::constraint_block_layout] Checking flex: node=NodeKey(8476057073199611920), display=Flex
[2026-01-11T20:04:39Z ERROR css_core::box_tree::constraint_block_layout] IS FLEX!
[2026-01-11T20:04:39Z ERROR css_core::box_tree::constraint_block_layout::flex_layout] layout_flex: node=NodeKey(8476057073199611920), children.len()=7
[2026-01-11T20:04:39Z ERROR css_core::box_tree::constraint_block_layout] layout_block ENTRY: node=NodeKey(8476057073199611922)
[2026-01-11T20:04:39Z ERROR css_core::box_tree::constraint_block_layout] Checking flex: node=NodeKey(8476057073199611922), display=Block
[2026-01-11T20:04:39Z ERROR css_core::box_tree::constraint_block_layout] layout_block ENTRY: node=NodeKey(8476057073199611924)
[2026-01-11T20:04:39Z ERROR css_core::box_tree::constraint_block_layout] Checking flex: node=NodeKey(8476057073199611924), display=Block
[2026-01-11T20:04:39Z ERROR css_core::box_tree::constraint_block_layout] layout_block ENTRY: node=NodeKey(8476057073199611926)
[2026-01-11T20:04:39Z ERROR css_core::box_tree::constraint_block_layout] Checking flex: node=NodeKey(8476057073199611926), display=Block
[2026-01-11T20:04:39Z ERROR css_core::box_tree::constraint_block_layout] layout_block ENTRY: node=NodeKey(8476057073199611929)
[2026-01-11T20:04:39Z ERROR css_core::box_tree::constraint_block_layout] Checking flex: node=NodeKey(8476057073199611929), display=Block
[2026-01-11T20:04:39Z ERROR css_core::box_tree::constraint_block_layout] layout_block ENTRY: node=NodeKey(8476057073199611934)
[2026-01-11T20:04:39Z ERROR css_core::box_tree::constraint_block_layout] Checking flex: node=NodeKey(8476057073199611934), display=Block
[2026-01-11T20:04:39Z ERROR css_core::box_tree::constraint_block_layout] layout_block ENTRY: node=NodeKey(8476057073199611936)
[2026-01-11T20:04:39Z ERROR css_core::box_tree::constraint_block_layout] Checking flex: node=NodeKey(8476057073199611936), display=Block
[2026-01-11T20:04:39Z ERROR css_core::box_tree::constraint_block_layout] layout_block ENTRY: node=NodeKey(8476057073199611939)
[2026-01-11T20:04:39Z ERROR css_core::box_tree::constraint_block_layout] Checking flex: node=NodeKey(8476057073199611939), display=Block
[2026-01-11T20:04:39Z ERROR css_core::box_tree::constraint_block_layout] layout_block ENTRY: node=NodeKey(8476057073199611941)
[2026-01-11T20:04:39Z ERROR css_core::box_tree::constraint_block_layout] Checking flex: node=NodeKey(8476057073199611941), display=Block
[2026-01-11T20:04:39Z ERROR css_core::box_tree::constraint_block_layout] layout_block ENTRY: node=NodeKey(8476057073199611946)
[2026-01-11T20:04:39Z ERROR css_core::box_tree::constraint_block_layout] Checking flex: node=NodeKey(8476057073199611946), display=Block
[2026-01-11T20:04:39Z ERROR css_core::box_tree::constraint_block_layout] layout_block ENTRY: node=NodeKey(8476057073199611948)
[2026-01-11T20:04:39Z ERROR css_core::box_tree::constraint_block_layout] Checking flex: node=NodeKey(8476057073199611948), display=Block
[2026-01-11T20:04:39Z ERROR css_core::box_tree::constraint_block_layout] layout_block ENTRY: node=NodeKey(8476057073199611950)
[2026-01-11T20:04:39Z ERROR css_core::box_tree::constraint_block_layout] Checking flex: node=NodeKey(8476057073199611950), display=Block
[2026-01-11T20:04:39Z ERROR css_core::box_tree::constraint_block_layout] layout_block ENTRY: node=NodeKey(8476057073199611953)
[2026-01-11T20:04:39Z ERROR css_core::box_tree::constraint_block_layout] Checking flex: node=NodeKey(8476057073199611953), display=Block
[2026-01-11T20:04:39Z ERROR css_core::box_tree::constraint_block_layout] layout_block ENTRY: node=NodeKey(8476057073199611957)
[2026-01-11T20:04:39Z ERROR css_core::box_tree::constraint_block_layout] Checking flex: node=NodeKey(8476057073199611957), display=Block
[2026-01-11T20:04:39Z ERROR css_core::box_tree::constraint_block_layout::flex_layout] layout_flex: node=NodeKey(8476057073199611920), flex_items.len()=3
[2026-01-11T20:04:39Z ERROR css_core::box_tree::constraint_block_layout] layout_block ENTRY: node=NodeKey(8476057073199611922)
[2026-01-11T20:04:39Z ERROR css_core::box_tree::constraint_block_layout] Checking flex: node=NodeKey(8476057073199611922), display=Block
[2026-01-11T20:04:39Z ERROR css_core::box_tree::constraint_block_layout] layout_block ENTRY: node=NodeKey(8476057073199611924)
[2026-01-11T20:04:39Z ERROR css_core::box_tree::constraint_block_layout] Checking flex: node=NodeKey(8476057073199611924), display=Block
[2026-01-11T20:04:39Z ERROR css_core::box_tree::constraint_block_layout] layout_block ENTRY: node=NodeKey(8476057073199611926)
[2026-01-11T20:04:39Z ERROR css_core::box_tree::constraint_block_layout] Checking flex: node=NodeKey(8476057073199611926), display=Block
[2026-01-11T20:04:39Z ERROR css_core::box_tree::constraint_block_layout] layout_block ENTRY: node=NodeKey(8476057073199611929)
[2026-01-11T20:04:39Z ERROR css_core::box_tree::constraint_block_layout] Checking flex: node=NodeKey(8476057073199611929), display=Block
[2026-01-11T20:04:39Z ERROR css_core::box_tree::constraint_block_layout] layout_block ENTRY: node=NodeKey(8476057073199611934)
[2026-01-11T20:04:39Z ERROR css_core::box_tree::constraint_block_layout] Checking flex: node=NodeKey(8476057073199611934), display=Block
[2026-01-11T20:04:39Z ERROR css_core::box_tree::constraint_block_layout] layout_block ENTRY: node=NodeKey(8476057073199611936)
[2026-01-11T20:04:39Z ERROR css_core::box_tree::constraint_block_layout] Checking flex: node=NodeKey(8476057073199611936), display=Block
[2026-01-11T20:04:39Z ERROR css_core::box_tree::constraint_block_layout] layout_block ENTRY: node=NodeKey(8476057073199611939)
[2026-01-11T20:04:39Z ERROR css_core::box_tree::constraint_block_layout] Checking flex: node=NodeKey(8476057073199611939), display=Block
[2026-01-11T20:04:39Z ERROR css_core::box_tree::constraint_block_layout] layout_block ENTRY: node=NodeKey(8476057073199611941)
[2026-01-11T20:04:39Z ERROR css_core::box_tree::constraint_block_layout] Checking flex: node=NodeKey(8476057073199611941), display=Block
[2026-01-11T20:04:39Z ERROR css_core::box_tree::constraint_block_layout] layout_block ENTRY: node=NodeKey(8476057073199611946)
[2026-01-11T20:04:39Z ERROR css_core::box_tree::constraint_block_layout] Checking flex: node=NodeKey(8476057073199611946), display=Block
[2026-01-11T20:04:39Z ERROR css_core::box_tree::constraint_block_layout] layout_block ENTRY: node=NodeKey(8476057073199611948)
[2026-01-11T20:04:39Z ERROR css_core::box_tree::constraint_block_layout] Checking flex: node=NodeKey(8476057073199611948), display=Block
[2026-01-11T20:04:39Z ERROR css_core::box_tree::constraint_block_layout] layout_block ENTRY: node=NodeKey(8476057073199611950)
[2026-01-11T20:04:39Z ERROR css_core::box_tree::constraint_block_layout] Checking flex: node=NodeKey(8476057073199611950), display=Block
[2026-01-11T20:04:39Z ERROR css_core::box_tree::constraint_block_layout] layout_block ENTRY: node=NodeKey(8476057073199611953)
[2026-01-11T20:04:39Z ERROR css_core::box_tree::constraint_block_layout] Checking flex: node=NodeKey(8476057073199611953), display=Block
[2026-01-11T20:04:39Z ERROR css_core::box_tree::constraint_block_layout] layout_block ENTRY: node=NodeKey(8476057073199611957)
[2026-01-11T20:04:39Z ERROR css_core::box_tree::constraint_block_layout] Checking flex: node=NodeKey(8476057073199611957), display=Block
[2026-01-11T20:04:39Z ERROR css_core::box_tree::constraint_block_layout] INSERTING FLEX CONTAINER in layout_block: node=NodeKey(8476057073199611920), inline_size=800, is_measurement=false
[2026-01-11T20:04:39Z ERROR page_handler::core::incremental_layout] LAYOUT TREE COMPLETE - generation 1, total results: 42
[2026-01-11T20:04:39Z ERROR page_handler::core::incremental_layout] RUNNING LAYOUT TREE - generation 1
[2026-01-11T20:04:39Z ERROR css_core::box_tree::constraint_block_layout] layout_block ENTRY: node=NodeKey(2549319963580039170)
[2026-01-11T20:04:39Z ERROR css_core::box_tree::constraint_block_layout] Checking flex: node=NodeKey(2549319963580039170), display=Block
[2026-01-11T20:04:39Z ERROR css_core::box_tree::constraint_block_layout] layout_block ENTRY: node=NodeKey(2549319963580039182)
[2026-01-11T20:04:39Z ERROR css_core::box_tree::constraint_block_layout] Checking flex: node=NodeKey(2549319963580039182), display=Block
[2026-01-11T20:04:39Z ERROR css_core::box_tree::constraint_block_layout] layout_block ENTRY: node=NodeKey(2549319963580039184)
[2026-01-11T20:04:39Z ERROR css_core::box_tree::constraint_block_layout] Checking flex: node=NodeKey(2549319963580039184), display=Flex
[2026-01-11T20:04:39Z ERROR css_core::box_tree::constraint_block_layout] IS FLEX!
[2026-01-11T20:04:39Z ERROR css_core::box_tree::constraint_block_layout::flex_layout] layout_flex: node=NodeKey(2549319963580039184), children.len()=7
[2026-01-11T20:04:39Z ERROR css_core::box_tree::constraint_block_layout] layout_block ENTRY: node=NodeKey(2549319963580039186)
[2026-01-11T20:04:39Z ERROR css_core::box_tree::constraint_block_layout] Checking flex: node=NodeKey(2549319963580039186), display=Block
[2026-01-11T20:04:39Z ERROR css_core::box_tree::constraint_block_layout] layout_block ENTRY: node=NodeKey(2549319963580039188)
[2026-01-11T20:04:39Z ERROR css_core::box_tree::constraint_block_layout] Checking flex: node=NodeKey(2549319963580039188), display=Block
[2026-01-11T20:04:39Z ERROR css_core::box_tree::constraint_block_layout] layout_block ENTRY: node=NodeKey(2549319963580039191)
[2026-01-11T20:04:39Z ERROR css_core::box_tree::constraint_block_layout] Checking flex: node=NodeKey(2549319963580039191), display=InlineBlock
[2026-01-11T20:04:39Z ERROR css_core::box_tree::constraint_block_layout] layout_block ENTRY: node=NodeKey(2549319963580039194)
[2026-01-11T20:04:39Z ERROR css_core::box_tree::constraint_block_layout] Checking flex: node=NodeKey(2549319963580039194), display=Block
[2026-01-11T20:04:39Z ERROR css_core::box_tree::constraint_block_layout] layout_block ENTRY: node=NodeKey(2549319963580039196)
[2026-01-11T20:04:39Z ERROR css_core::box_tree::constraint_block_layout] Checking flex: node=NodeKey(2549319963580039196), display=Block
[2026-01-11T20:04:39Z ERROR css_core::box_tree::constraint_block_layout] layout_block ENTRY: node=NodeKey(2549319963580039199)
[2026-01-11T20:04:39Z ERROR css_core::box_tree::constraint_block_layout] Checking flex: node=NodeKey(2549319963580039199), display=InlineBlock
[2026-01-11T20:04:39Z ERROR css_core::box_tree::constraint_block_layout] layout_block ENTRY: node=NodeKey(2549319963580039201)
[2026-01-11T20:04:39Z ERROR css_core::box_tree::constraint_block_layout] Checking flex: node=NodeKey(2549319963580039201), display=Block
[2026-01-11T20:04:39Z ERROR css_core::box_tree::constraint_block_layout] layout_block ENTRY: node=NodeKey(2549319963580039205)
[2026-01-11T20:04:39Z ERROR css_core::box_tree::constraint_block_layout] Checking flex: node=NodeKey(2549319963580039205), display=Block
[2026-01-11T20:04:39Z ERROR css_core::box_tree::constraint_block_layout] layout_block ENTRY: node=NodeKey(2549319963580039207)
[2026-01-11T20:04:39Z ERROR css_core::box_tree::constraint_block_layout] Checking flex: node=NodeKey(2549319963580039207), display=Block
[2026-01-11T20:04:39Z ERROR css_core::box_tree::constraint_block_layout] layout_block ENTRY: node=NodeKey(2549319963580039210)
[2026-01-11T20:04:39Z ERROR css_core::box_tree::constraint_block_layout] Checking flex: node=NodeKey(2549319963580039210), display=InlineBlock
[2026-01-11T20:04:39Z ERROR css_core::box_tree::constraint_block_layout::flex_layout] layout_flex: node=NodeKey(2549319963580039184), flex_items.len()=3
[2026-01-11T20:04:39Z ERROR css_core::box_tree::constraint_block_layout] layout_block ENTRY: node=NodeKey(2549319963580039186)
[2026-01-11T20:04:39Z ERROR css_core::box_tree::constraint_block_layout] Checking flex: node=NodeKey(2549319963580039186), display=Block
[2026-01-11T20:04:39Z ERROR css_core::box_tree::constraint_block_layout] layout_block ENTRY: node=NodeKey(2549319963580039188)
[2026-01-11T20:04:39Z ERROR css_core::box_tree::constraint_block_layout] Checking flex: node=NodeKey(2549319963580039188), display=Block
[2026-01-11T20:04:39Z ERROR css_core::box_tree::constraint_block_layout] layout_block ENTRY: node=NodeKey(2549319963580039191)
[2026-01-11T20:04:39Z ERROR css_core::box_tree::constraint_block_layout] Checking flex: node=NodeKey(2549319963580039191), display=InlineBlock
[2026-01-11T20:04:39Z ERROR css_core::box_tree::constraint_block_layout] layout_block ENTRY: node=NodeKey(2549319963580039194)
[2026-01-11T20:04:39Z ERROR css_core::box_tree::constraint_block_layout] Checking flex: node=NodeKey(2549319963580039194), display=Block
[2026-01-11T20:04:39Z ERROR css_core::box_tree::constraint_block_layout] layout_block ENTRY: node=NodeKey(2549319963580039196)
[2026-01-11T20:04:39Z ERROR css_core::box_tree::constraint_block_layout] Checking flex: node=NodeKey(2549319963580039196), display=Block
[2026-01-11T20:04:39Z ERROR css_core::box_tree::constraint_block_layout] layout_block ENTRY: node=NodeKey(2549319963580039199)
[2026-01-11T20:04:39Z ERROR css_core::box_tree::constraint_block_layout] Checking flex: node=NodeKey(2549319963580039199), display=InlineBlock
[2026-01-11T20:04:39Z ERROR css_core::box_tree::constraint_block_layout] layout_block ENTRY: node=NodeKey(2549319963580039201)
[2026-01-11T20:04:39Z ERROR css_core::box_tree::constraint_block_layout] Checking flex: node=NodeKey(2549319963580039201), display=Block
[2026-01-11T20:04:39Z ERROR css_core::box_tree::constraint_block_layout] layout_block ENTRY: node=NodeKey(2549319963580039205)
[2026-01-11T20:04:39Z ERROR css_core::box_tree::constraint_block_layout] Checking flex: node=NodeKey(2549319963580039205), display=Block
[2026-01-11T20:04:39Z ERROR css_core::box_tree::constraint_block_layout] layout_block ENTRY: node=NodeKey(2549319963580039207)
[2026-01-11T20:04:39Z ERROR css_core::box_tree::constraint_block_layout] Checking flex: node=NodeKey(2549319963580039207), display=Block
[2026-01-11T20:04:39Z ERROR css_core::box_tree::constraint_block_layout] layout_block ENTRY: node=NodeKey(2549319963580039210)
[2026-01-11T20:04:39Z ERROR css_core::box_tree::constraint_block_layout] Checking flex: node=NodeKey(2549319963580039210), display=InlineBlock
[2026-01-11T20:04:39Z ERROR css_core::box_tree::constraint_block_layout] INSERTING FLEX CONTAINER in layout_block: node=NodeKey(2549319963580039184), inline_size=320, is_measurement=false
[2026-01-11T20:04:39Z ERROR page_handler::core::incremental_layout] LAYOUT TREE COMPLETE - generation 1, total results: 30
[2026-01-11T20:04:39Z ERROR page_handler::core::incremental_layout] RUNNING LAYOUT TREE - generation 1
[2026-01-11T20:04:39Z ERROR css_core::box_tree::constraint_block_layout] layout_block ENTRY: node=NodeKey(1588927343043280898)
[2026-01-11T20:04:39Z ERROR css_core::box_tree::constraint_block_layout] Checking flex: node=NodeKey(1588927343043280898), display=Block
[2026-01-11T20:04:39Z ERROR css_core::box_tree::constraint_block_layout] layout_block ENTRY: node=NodeKey(1588927343043280910)
[2026-01-11T20:04:39Z ERROR css_core::box_tree::constraint_block_layout] Checking flex: node=NodeKey(1588927343043280910), display=Block
[2026-01-11T20:04:39Z ERROR css_core::box_tree::constraint_block_layout] layout_block ENTRY: node=NodeKey(1588927343043280912)
[2026-01-11T20:04:39Z ERROR css_core::box_tree::constraint_block_layout] Checking flex: node=NodeKey(1588927343043280912), display=Flex
[2026-01-11T20:04:39Z ERROR css_core::box_tree::constraint_block_layout] IS FLEX!
[2026-01-11T20:04:39Z ERROR css_core::box_tree::constraint_block_layout::flex_layout] layout_flex: node=NodeKey(1588927343043280912), children.len()=7
[2026-01-11T20:04:39Z ERROR css_core::box_tree::constraint_block_layout] layout_block ENTRY: node=NodeKey(1588927343043280914)
[2026-01-11T20:04:39Z ERROR css_core::box_tree::constraint_block_layout] Checking flex: node=NodeKey(1588927343043280914), display=Block
[2026-01-11T20:04:39Z ERROR css_core::box_tree::constraint_block_layout] layout_block ENTRY: node=NodeKey(1588927343043280916)
[2026-01-11T20:04:39Z ERROR css_core::box_tree::constraint_block_layout] Checking flex: node=NodeKey(1588927343043280916), display=Block
[2026-01-11T20:04:39Z ERROR css_core::box_tree::constraint_block_layout] layout_block ENTRY: node=NodeKey(1588927343043280919)
[2026-01-11T20:04:39Z ERROR css_core::box_tree::constraint_block_layout] Checking flex: node=NodeKey(1588927343043280919), display=Block
[2026-01-11T20:04:39Z ERROR css_core::box_tree::constraint_block_layout] layout_block ENTRY: node=NodeKey(1588927343043280921)
[2026-01-11T20:04:39Z ERROR css_core::box_tree::constraint_block_layout] Checking flex: node=NodeKey(1588927343043280921), display=InlineBlock
[2026-01-11T20:04:39Z ERROR css_core::box_tree::constraint_block_layout] layout_block ENTRY: node=NodeKey(1588927343043280923)
[2026-01-11T20:04:39Z ERROR css_core::box_tree::constraint_block_layout] Checking flex: node=NodeKey(1588927343043280923), display=Inline
[2026-01-11T20:04:39Z ERROR css_core::box_tree::constraint_block_layout] layout_block ENTRY: node=NodeKey(1588927343043280926)
[2026-01-11T20:04:39Z ERROR css_core::box_tree::constraint_block_layout] Checking flex: node=NodeKey(1588927343043280926), display=Inline
[2026-01-11T20:04:39Z ERROR css_core::box_tree::constraint_block_layout] layout_block ENTRY: node=NodeKey(1588927343043280929)
[2026-01-11T20:04:39Z ERROR css_core::box_tree::constraint_block_layout] Checking flex: node=NodeKey(1588927343043280929), display=Inline
[2026-01-11T20:04:39Z ERROR css_core::box_tree::constraint_block_layout] layout_block ENTRY: node=NodeKey(1588927343043280933)
[2026-01-11T20:04:39Z ERROR css_core::box_tree::constraint_block_layout] Checking flex: node=NodeKey(1588927343043280933), display=Inline
[2026-01-11T20:04:39Z ERROR css_core::box_tree::constraint_block_layout] layout_block ENTRY: node=NodeKey(1588927343043280937)
[2026-01-11T20:04:39Z ERROR css_core::box_tree::constraint_block_layout] Checking flex: node=NodeKey(1588927343043280937), display=Block
[2026-01-11T20:04:39Z ERROR css_core::box_tree::constraint_block_layout] layout_block ENTRY: node=NodeKey(1588927343043280939)
[2026-01-11T20:04:39Z ERROR css_core::box_tree::constraint_block_layout] Checking flex: node=NodeKey(1588927343043280939), display=Block
[2026-01-11T20:04:39Z ERROR css_core::box_tree::constraint_block_layout] layout_block ENTRY: node=NodeKey(1588927343043280942)
[2026-01-11T20:04:39Z ERROR css_core::box_tree::constraint_block_layout] Checking flex: node=NodeKey(1588927343043280942), display=Block
[2026-01-11T20:04:39Z ERROR css_core::box_tree::constraint_block_layout] layout_block ENTRY: node=NodeKey(1588927343043280944)
[2026-01-11T20:04:39Z ERROR css_core::box_tree::constraint_block_layout] Checking flex: node=NodeKey(1588927343043280944), display=InlineBlock
[2026-01-11T20:04:39Z ERROR css_core::box_tree::constraint_block_layout] layout_block ENTRY: node=NodeKey(1588927343043280946)
[2026-01-11T20:04:39Z ERROR css_core::box_tree::constraint_block_layout] Checking flex: node=NodeKey(1588927343043280946), display=Inline
[2026-01-11T20:04:39Z ERROR css_core::box_tree::constraint_block_layout] layout_block ENTRY: node=NodeKey(1588927343043280950)
[2026-01-11T20:04:39Z ERROR css_core::box_tree::constraint_block_layout] Checking flex: node=NodeKey(1588927343043280950), display=Inline
[2026-01-11T20:04:39Z ERROR css_core::box_tree::constraint_block_layout] layout_block ENTRY: node=NodeKey(1588927343043280954)
[2026-01-11T20:04:39Z ERROR css_core::box_tree::constraint_block_layout] Checking flex: node=NodeKey(1588927343043280954), display=Block
[2026-01-11T20:04:39Z ERROR css_core::box_tree::constraint_block_layout] layout_block ENTRY: node=NodeKey(1588927343043280956)
[2026-01-11T20:04:39Z ERROR css_core::box_tree::constraint_block_layout] Checking flex: node=NodeKey(1588927343043280956), display=Block
[2026-01-11T20:04:39Z ERROR css_core::box_tree::constraint_block_layout] layout_block ENTRY: node=NodeKey(1588927343043280959)
[2026-01-11T20:04:39Z ERROR css_core::box_tree::constraint_block_layout] Checking flex: node=NodeKey(1588927343043280959), display=Block
[2026-01-11T20:04:39Z ERROR css_core::box_tree::constraint_block_layout] layout_block ENTRY: node=NodeKey(1588927343043280961)
[2026-01-11T20:04:39Z ERROR css_core::box_tree::constraint_block_layout] Checking flex: node=NodeKey(1588927343043280961), display=InlineBlock
[2026-01-11T20:04:39Z ERROR css_core::box_tree::constraint_block_layout] layout_block ENTRY: node=NodeKey(1588927343043280963)
[2026-01-11T20:04:39Z ERROR css_core::box_tree::constraint_block_layout] Checking flex: node=NodeKey(1588927343043280963), display=Inline
[2026-01-11T20:04:39Z ERROR css_core::box_tree::constraint_block_layout] layout_block ENTRY: node=NodeKey(1588927343043280967)
[2026-01-11T20:04:39Z ERROR css_core::box_tree::constraint_block_layout] Checking flex: node=NodeKey(1588927343043280967), display=Inline
[2026-01-11T20:04:39Z ERROR css_core::box_tree::constraint_block_layout::flex_layout] layout_flex: node=NodeKey(1588927343043280912), flex_items.len()=3
[2026-01-11T20:04:39Z ERROR css_core::box_tree::constraint_block_layout] layout_block ENTRY: node=NodeKey(1588927343043280914)
[2026-01-11T20:04:39Z ERROR css_core::box_tree::constraint_block_layout] Checking flex: node=NodeKey(1588927343043280914), display=Block
[2026-01-11T20:04:39Z ERROR css_core::box_tree::constraint_block_layout] layout_block ENTRY: node=NodeKey(1588927343043280916)
[2026-01-11T20:04:39Z ERROR css_core::box_tree::constraint_block_layout] Checking flex: node=NodeKey(1588927343043280916), display=Block
[2026-01-11T20:04:39Z ERROR css_core::box_tree::constraint_block_layout] layout_block ENTRY: node=NodeKey(1588927343043280919)
[2026-01-11T20:04:39Z ERROR css_core::box_tree::constraint_block_layout] Checking flex: node=NodeKey(1588927343043280919), display=Block
[2026-01-11T20:04:39Z ERROR css_core::box_tree::constraint_block_layout] layout_block ENTRY: node=NodeKey(1588927343043280921)
[2026-01-11T20:04:39Z ERROR css_core::box_tree::constraint_block_layout] Checking flex: node=NodeKey(1588927343043280921), display=InlineBlock
[2026-01-11T20:04:39Z ERROR css_core::box_tree::constraint_block_layout] layout_block ENTRY: node=NodeKey(1588927343043280923)
[2026-01-11T20:04:39Z ERROR css_core::box_tree::constraint_block_layout] Checking flex: node=NodeKey(1588927343043280923), display=Inline
[2026-01-11T20:04:39Z ERROR css_core::box_tree::constraint_block_layout] layout_block ENTRY: node=NodeKey(1588927343043280926)
[2026-01-11T20:04:39Z ERROR css_core::box_tree::constraint_block_layout] Checking flex: node=NodeKey(1588927343043280926), display=Inline
[2026-01-11T20:04:39Z ERROR css_core::box_tree::constraint_block_layout] layout_block ENTRY: node=NodeKey(1588927343043280929)
[2026-01-11T20:04:39Z ERROR css_core::box_tree::constraint_block_layout] Checking flex: node=NodeKey(1588927343043280929), display=Inline
[2026-01-11T20:04:39Z ERROR css_core::box_tree::constraint_block_layout] layout_block ENTRY: node=NodeKey(1588927343043280933)
[2026-01-11T20:04:39Z ERROR css_core::box_tree::constraint_block_layout] Checking flex: node=NodeKey(1588927343043280933), display=Inline
[2026-01-11T20:04:39Z ERROR css_core::box_tree::constraint_block_layout] layout_block ENTRY: node=NodeKey(1588927343043280937)
[2026-01-11T20:04:39Z ERROR css_core::box_tree::constraint_block_layout] Checking flex: node=NodeKey(1588927343043280937), display=Block
[2026-01-11T20:04:39Z ERROR css_core::box_tree::constraint_block_layout] layout_block ENTRY: node=NodeKey(1588927343043280939)
[2026-01-11T20:04:39Z ERROR css_core::box_tree::constraint_block_layout] Checking flex: node=NodeKey(1588927343043280939), display=Block
[2026-01-11T20:04:39Z ERROR css_core::box_tree::constraint_block_layout] layout_block ENTRY: node=NodeKey(1588927343043280942)
[2026-01-11T20:04:39Z ERROR css_core::box_tree::constraint_block_layout] Checking flex: node=NodeKey(1588927343043280942), display=Block
[2026-01-11T20:04:39Z ERROR css_core::box_tree::constraint_block_layout] layout_block ENTRY: node=NodeKey(1588927343043280944)
[2026-01-11T20:04:39Z ERROR css_core::box_tree::constraint_block_layout] Checking flex: node=NodeKey(1588927343043280944), display=InlineBlock
[2026-01-11T20:04:39Z ERROR css_core::box_tree::constraint_block_layout] layout_block ENTRY: node=NodeKey(1588927343043280946)
[2026-01-11T20:04:39Z ERROR css_core::box_tree::constraint_block_layout] Checking flex: node=NodeKey(1588927343043280946), display=Inline
[2026-01-11T20:04:39Z ERROR css_core::box_tree::constraint_block_layout] layout_block ENTRY: node=NodeKey(1588927343043280950)
[2026-01-11T20:04:39Z ERROR css_core::box_tree::constraint_block_layout] Checking flex: node=NodeKey(1588927343043280950), display=Inline
[2026-01-11T20:04:39Z ERROR css_core::box_tree::constraint_block_layout] layout_block ENTRY: node=NodeKey(1588927343043280954)
[2026-01-11T20:04:39Z ERROR css_core::box_tree::constraint_block_layout] Checking flex: node=NodeKey(1588927343043280954), display=Block
[2026-01-11T20:04:39Z ERROR css_core::box_tree::constraint_block_layout] layout_block ENTRY: node=NodeKey(1588927343043280956)
[2026-01-11T20:04:39Z ERROR css_core::box_tree::constraint_block_layout] Checking flex: node=NodeKey(1588927343043280956), display=Block
[2026-01-11T20:04:39Z ERROR css_core::box_tree::constraint_block_layout] layout_block ENTRY: node=NodeKey(1588927343043280959)
[2026-01-11T20:04:39Z ERROR css_core::box_tree::constraint_block_layout] Checking flex: node=NodeKey(1588927343043280959), display=Block
[2026-01-11T20:04:39Z ERROR css_core::box_tree::constraint_block_layout] layout_block ENTRY: node=NodeKey(1588927343043280961)
[2026-01-11T20:04:39Z ERROR css_core::box_tree::constraint_block_layout] Checking flex: node=NodeKey(1588927343043280961), display=InlineBlock
[2026-01-11T20:04:39Z ERROR css_core::box_tree::constraint_block_layout] layout_block ENTRY: node=NodeKey(1588927343043280963)
[2026-01-11T20:04:39Z ERROR css_core::box_tree::constraint_block_layout] Checking flex: node=NodeKey(1588927343043280963), display=Inline
[2026-01-11T20:04:39Z ERROR css_core::box_tree::constraint_block_layout] layout_block ENTRY: node=NodeKey(1588927343043280967)
[2026-01-11T20:04:39Z ERROR css_core::box_tree::constraint_block_layout] Checking flex: node=NodeKey(1588927343043280967), display=Inline
[2026-01-11T20:04:39Z ERROR css_core::box_tree::constraint_block_layout] INSERTING FLEX CONTAINER in layout_block: node=NodeKey(1588927343043280912), inline_size=280, is_measurement=false
[2026-01-11T20:04:39Z ERROR page_handler::core::incremental_layout] LAYOUT TREE COMPLETE - generation 1, total results: 60
[2026-01-11T20:04:39Z ERROR page_handler::core::incremental_layout] RUNNING LAYOUT TREE - generation 1
[2026-01-11T20:04:39Z ERROR css_core::box_tree::constraint_block_layout] layout_block ENTRY: node=NodeKey(12117217371928657922)
[2026-01-11T20:04:39Z ERROR css_core::box_tree::constraint_block_layout] Checking flex: node=NodeKey(12117217371928657922), display=Block
[2026-01-11T20:04:39Z ERROR css_core::box_tree::constraint_block_layout] layout_block ENTRY: node=NodeKey(12117217371928657934)
[2026-01-11T20:04:39Z ERROR css_core::box_tree::constraint_block_layout] Checking flex: node=NodeKey(12117217371928657934), display=Block
[2026-01-11T20:04:39Z ERROR css_core::box_tree::constraint_block_layout] layout_block ENTRY: node=NodeKey(12117217371928657936)
[2026-01-11T20:04:39Z ERROR css_core::box_tree::constraint_block_layout] Checking flex: node=NodeKey(12117217371928657936), display=Flex
[2026-01-11T20:04:39Z ERROR css_core::box_tree::constraint_block_layout] IS FLEX!
[2026-01-11T20:04:39Z ERROR css_core::box_tree::constraint_block_layout::flex_layout] layout_flex: node=NodeKey(12117217371928657936), children.len()=5
[2026-01-11T20:04:39Z ERROR css_core::box_tree::constraint_block_layout] layout_block ENTRY: node=NodeKey(12117217371928657938)
[2026-01-11T20:04:39Z ERROR css_core::box_tree::constraint_block_layout] Checking flex: node=NodeKey(12117217371928657938), display=Block
[2026-01-11T20:04:39Z ERROR css_core::box_tree::constraint_block_layout] layout_block ENTRY: node=NodeKey(12117217371928657940)
[2026-01-11T20:04:39Z ERROR css_core::box_tree::constraint_block_layout] Checking flex: node=NodeKey(12117217371928657940), display=Block
[2026-01-11T20:04:39Z ERROR css_core::box_tree::constraint_block_layout] layout_block ENTRY: node=NodeKey(12117217371928657943)
[2026-01-11T20:04:39Z ERROR css_core::box_tree::constraint_block_layout] Checking flex: node=NodeKey(12117217371928657943), display=Flex
[2026-01-11T20:04:39Z ERROR css_core::box_tree::constraint_block_layout] IS FLEX!
[2026-01-11T20:04:39Z ERROR css_core::box_tree::constraint_block_layout::flex_layout] layout_flex: node=NodeKey(12117217371928657943), children.len()=7
[2026-01-11T20:04:39Z ERROR css_core::box_tree::constraint_block_layout] layout_block ENTRY: node=NodeKey(12117217371928657945)
[2026-01-11T20:04:39Z ERROR css_core::box_tree::constraint_block_layout] Checking flex: node=NodeKey(12117217371928657945), display=Flex
[2026-01-11T20:04:39Z ERROR css_core::box_tree::constraint_block_layout] IS FLEX!
[2026-01-11T20:04:39Z ERROR css_core::box_tree::constraint_block_layout::flex_layout] layout_flex: node=NodeKey(12117217371928657945), children.len()=2
[2026-01-11T20:04:39Z ERROR css_core::box_tree::constraint_block_layout] layout_block ENTRY: node=NodeKey(12117217371928657946)
[2026-01-11T20:04:39Z ERROR css_core::box_tree::constraint_block_layout] Checking flex: node=NodeKey(12117217371928657946), display=Inline
[2026-01-11T20:04:39Z ERROR css_core::box_tree::constraint_block_layout] layout_block ENTRY: node=NodeKey(12117217371928657947)
[2026-01-11T20:04:39Z ERROR css_core::box_tree::constraint_block_layout] Checking flex: node=NodeKey(12117217371928657947), display=Inline
[2026-01-11T20:04:39Z ERROR css_core::box_tree::constraint_block_layout::flex_layout] layout_flex: node=NodeKey(12117217371928657945), flex_items.len()=2
[2026-01-11T20:04:39Z ERROR css_core::box_tree::constraint_block_layout] layout_block ENTRY: node=NodeKey(12117217371928657946)
[2026-01-11T20:04:39Z ERROR css_core::box_tree::constraint_block_layout] Checking flex: node=NodeKey(12117217371928657946), display=Inline
[2026-01-11T20:04:39Z ERROR css_core::box_tree::constraint_block_layout] layout_block ENTRY: node=NodeKey(12117217371928657947)
[2026-01-11T20:04:39Z ERROR css_core::box_tree::constraint_block_layout] Checking flex: node=NodeKey(12117217371928657947), display=Inline
[2026-01-11T20:04:39Z ERROR css_core::box_tree::constraint_block_layout] INSERTING FLEX CONTAINER in layout_block: node=NodeKey(12117217371928657945), inline_size=768, is_measurement=true
[2026-01-11T20:04:39Z ERROR css_core::box_tree::constraint_block_layout] layout_block ENTRY: node=NodeKey(12117217371928657950)
[2026-01-11T20:04:39Z ERROR css_core::box_tree::constraint_block_layout] Checking flex: node=NodeKey(12117217371928657950), display=Flex
[2026-01-11T20:04:39Z ERROR css_core::box_tree::constraint_block_layout] IS FLEX!
[2026-01-11T20:04:39Z ERROR css_core::box_tree::constraint_block_layout::flex_layout] layout_flex: node=NodeKey(12117217371928657950), children.len()=2
[2026-01-11T20:04:39Z ERROR css_core::box_tree::constraint_block_layout] layout_block ENTRY: node=NodeKey(12117217371928657951)
[2026-01-11T20:04:39Z ERROR css_core::box_tree::constraint_block_layout] Checking flex: node=NodeKey(12117217371928657951), display=Inline
[2026-01-11T20:04:39Z ERROR css_core::box_tree::constraint_block_layout] layout_block ENTRY: node=NodeKey(12117217371928657952)
[2026-01-11T20:04:39Z ERROR css_core::box_tree::constraint_block_layout] Checking flex: node=NodeKey(12117217371928657952), display=Inline
[2026-01-11T20:04:39Z ERROR css_core::box_tree::constraint_block_layout::flex_layout] layout_flex: node=NodeKey(12117217371928657950), flex_items.len()=2
[2026-01-11T20:04:39Z ERROR css_core::box_tree::constraint_block_layout] layout_block ENTRY: node=NodeKey(12117217371928657951)
[2026-01-11T20:04:39Z ERROR css_core::box_tree::constraint_block_layout] Checking flex: node=NodeKey(12117217371928657951), display=Inline
[2026-01-11T20:04:39Z ERROR css_core::box_tree::constraint_block_layout] layout_block ENTRY: node=NodeKey(12117217371928657952)
[2026-01-11T20:04:39Z ERROR css_core::box_tree::constraint_block_layout] Checking flex: node=NodeKey(12117217371928657952), display=Inline
[2026-01-11T20:04:39Z ERROR css_core::box_tree::constraint_block_layout] INSERTING FLEX CONTAINER in layout_block: node=NodeKey(12117217371928657950), inline_size=768, is_measurement=true
[2026-01-11T20:04:39Z ERROR css_core::box_tree::constraint_block_layout] layout_block ENTRY: node=NodeKey(12117217371928657955)
[2026-01-11T20:04:39Z ERROR css_core::box_tree::constraint_block_layout] Checking flex: node=NodeKey(12117217371928657955), display=Flex
[2026-01-11T20:04:39Z ERROR css_core::box_tree::constraint_block_layout] IS FLEX!
[2026-01-11T20:04:39Z ERROR css_core::box_tree::constraint_block_layout::flex_layout] layout_flex: node=NodeKey(12117217371928657955), children.len()=2
[2026-01-11T20:04:39Z ERROR css_core::box_tree::constraint_block_layout] layout_block ENTRY: node=NodeKey(12117217371928657956)
[2026-01-11T20:04:39Z ERROR css_core::box_tree::constraint_block_layout] Checking flex: node=NodeKey(12117217371928657956), display=Inline
[2026-01-11T20:04:39Z ERROR css_core::box_tree::constraint_block_layout] layout_block ENTRY: node=NodeKey(12117217371928657957)
[2026-01-11T20:04:39Z ERROR css_core::box_tree::constraint_block_layout] Checking flex: node=NodeKey(12117217371928657957), display=Inline
[2026-01-11T20:04:39Z ERROR css_core::box_tree::constraint_block_layout::flex_layout] layout_flex: node=NodeKey(12117217371928657955), flex_items.len()=2
[2026-01-11T20:04:39Z ERROR css_core::box_tree::constraint_block_layout] layout_block ENTRY: node=NodeKey(12117217371928657956)
[2026-01-11T20:04:39Z ERROR css_core::box_tree::constraint_block_layout] Checking flex: node=NodeKey(12117217371928657956), display=Inline
[2026-01-11T20:04:39Z ERROR css_core::box_tree::constraint_block_layout] layout_block ENTRY: node=NodeKey(12117217371928657957)
[2026-01-11T20:04:39Z ERROR css_core::box_tree::constraint_block_layout] Checking flex: node=NodeKey(12117217371928657957), display=Inline
[2026-01-11T20:04:39Z ERROR css_core::box_tree::constraint_block_layout] INSERTING FLEX CONTAINER in layout_block: node=NodeKey(12117217371928657955), inline_size=768, is_measurement=true
[2026-01-11T20:04:39Z ERROR css_core::box_tree::constraint_block_layout::flex_layout] layout_flex: node=NodeKey(12117217371928657943), flex_items.len()=3
[2026-01-11T20:04:39Z ERROR css_core::box_tree::constraint_block_layout] layout_block ENTRY: node=NodeKey(12117217371928657945)
[2026-01-11T20:04:39Z ERROR css_core::box_tree::constraint_block_layout] Checking flex: node=NodeKey(12117217371928657945), display=Flex
[2026-01-11T20:04:39Z ERROR css_core::box_tree::constraint_block_layout] IS FLEX!
[2026-01-11T20:04:39Z ERROR css_core::box_tree::constraint_block_layout::flex_layout] layout_flex: node=NodeKey(12117217371928657945), children.len()=2
[2026-01-11T20:04:39Z ERROR css_core::box_tree::constraint_block_layout] layout_block ENTRY: node=NodeKey(12117217371928657946)
[2026-01-11T20:04:39Z ERROR css_core::box_tree::constraint_block_layout] Checking flex: node=NodeKey(12117217371928657946), display=Inline
[2026-01-11T20:04:39Z ERROR css_core::box_tree::constraint_block_layout] layout_block ENTRY: node=NodeKey(12117217371928657947)
[2026-01-11T20:04:39Z ERROR css_core::box_tree::constraint_block_layout] Checking flex: node=NodeKey(12117217371928657947), display=Inline
[2026-01-11T20:04:39Z ERROR css_core::box_tree::constraint_block_layout::flex_layout] layout_flex: node=NodeKey(12117217371928657945), flex_items.len()=2
[2026-01-11T20:04:39Z ERROR css_core::box_tree::constraint_block_layout] layout_block ENTRY: node=NodeKey(12117217371928657946)
[2026-01-11T20:04:39Z ERROR css_core::box_tree::constraint_block_layout] Checking flex: node=NodeKey(12117217371928657946), display=Inline
[2026-01-11T20:04:39Z ERROR css_core::box_tree::constraint_block_layout] layout_block ENTRY: node=NodeKey(12117217371928657947)
[2026-01-11T20:04:39Z ERROR css_core::box_tree::constraint_block_layout] Checking flex: node=NodeKey(12117217371928657947), display=Inline
[2026-01-11T20:04:39Z ERROR css_core::box_tree::constraint_block_layout] INSERTING FLEX CONTAINER in layout_block: node=NodeKey(12117217371928657945), inline_size=768, is_measurement=false
[2026-01-11T20:04:39Z ERROR css_core::box_tree::constraint_block_layout] layout_block ENTRY: node=NodeKey(12117217371928657950)
[2026-01-11T20:04:39Z ERROR css_core::box_tree::constraint_block_layout] Checking flex: node=NodeKey(12117217371928657950), display=Flex
[2026-01-11T20:04:39Z ERROR css_core::box_tree::constraint_block_layout] IS FLEX!
[2026-01-11T20:04:39Z ERROR css_core::box_tree::constraint_block_layout::flex_layout] layout_flex: node=NodeKey(12117217371928657950), children.len()=2
[2026-01-11T20:04:39Z ERROR css_core::box_tree::constraint_block_layout] layout_block ENTRY: node=NodeKey(12117217371928657951)
[2026-01-11T20:04:39Z ERROR css_core::box_tree::constraint_block_layout] Checking flex: node=NodeKey(12117217371928657951), display=Inline
[2026-01-11T20:04:39Z ERROR css_core::box_tree::constraint_block_layout] layout_block ENTRY: node=NodeKey(12117217371928657952)
[2026-01-11T20:04:39Z ERROR css_core::box_tree::constraint_block_layout] Checking flex: node=NodeKey(12117217371928657952), display=Inline
[2026-01-11T20:04:39Z ERROR css_core::box_tree::constraint_block_layout::flex_layout] layout_flex: node=NodeKey(12117217371928657950), flex_items.len()=2
[2026-01-11T20:04:39Z ERROR css_core::box_tree::constraint_block_layout] layout_block ENTRY: node=NodeKey(12117217371928657951)
[2026-01-11T20:04:39Z ERROR css_core::box_tree::constraint_block_layout] Checking flex: node=NodeKey(12117217371928657951), display=Inline
[2026-01-11T20:04:39Z ERROR css_core::box_tree::constraint_block_layout] layout_block ENTRY: node=NodeKey(12117217371928657952)
[2026-01-11T20:04:39Z ERROR css_core::box_tree::constraint_block_layout] Checking flex: node=NodeKey(12117217371928657952), display=Inline
[2026-01-11T20:04:39Z ERROR css_core::box_tree::constraint_block_layout] INSERTING FLEX CONTAINER in layout_block: node=NodeKey(12117217371928657950), inline_size=768, is_measurement=false
[2026-01-11T20:04:39Z ERROR css_core::box_tree::constraint_block_layout] layout_block ENTRY: node=NodeKey(12117217371928657955)
[2026-01-11T20:04:39Z ERROR css_core::box_tree::constraint_block_layout] Checking flex: node=NodeKey(12117217371928657955), display=Flex
[2026-01-11T20:04:39Z ERROR css_core::box_tree::constraint_block_layout] IS FLEX!
[2026-01-11T20:04:39Z ERROR css_core::box_tree::constraint_block_layout::flex_layout] layout_flex: node=NodeKey(12117217371928657955), children.len()=2
[2026-01-11T20:04:39Z ERROR css_core::box_tree::constraint_block_layout] layout_block ENTRY: node=NodeKey(12117217371928657956)
[2026-01-11T20:04:39Z ERROR css_core::box_tree::constraint_block_layout] Checking flex: node=NodeKey(12117217371928657956), display=Inline
[2026-01-11T20:04:39Z ERROR css_core::box_tree::constraint_block_layout] layout_block ENTRY: node=NodeKey(12117217371928657957)
[2026-01-11T20:04:39Z ERROR css_core::box_tree::constraint_block_layout] Checking flex: node=NodeKey(12117217371928657957), display=Inline
[2026-01-11T20:04:39Z ERROR css_core::box_tree::constraint_block_layout::flex_layout] layout_flex: node=NodeKey(12117217371928657955), flex_items.len()=2
[2026-01-11T20:04:39Z ERROR css_core::box_tree::constraint_block_layout] layout_block ENTRY: node=NodeKey(12117217371928657956)
[2026-01-11T20:04:39Z ERROR css_core::box_tree::constraint_block_layout] Checking flex: node=NodeKey(12117217371928657956), display=Inline
[2026-01-11T20:04:39Z ERROR css_core::box_tree::constraint_block_layout] layout_block ENTRY: node=NodeKey(12117217371928657957)
[2026-01-11T20:04:39Z ERROR css_core::box_tree::constraint_block_layout] Checking flex: node=NodeKey(12117217371928657957), display=Inline
[2026-01-11T20:04:39Z ERROR css_core::box_tree::constraint_block_layout] INSERTING FLEX CONTAINER in layout_block: node=NodeKey(12117217371928657955), inline_size=768, is_measurement=false
[2026-01-11T20:04:39Z ERROR css_core::box_tree::constraint_block_layout] INSERTING FLEX CONTAINER in layout_block: node=NodeKey(12117217371928657943), inline_size=768, is_measurement=true
[2026-01-11T20:04:39Z ERROR css_core::box_tree::constraint_block_layout] layout_block ENTRY: node=NodeKey(12117217371928657962)
[2026-01-11T20:04:39Z ERROR css_core::box_tree::constraint_block_layout] Checking flex: node=NodeKey(12117217371928657962), display=Block
[2026-01-11T20:04:39Z ERROR css_core::box_tree::constraint_block_layout] layout_block ENTRY: node=NodeKey(12117217371928657964)
[2026-01-11T20:04:39Z ERROR css_core::box_tree::constraint_block_layout] Checking flex: node=NodeKey(12117217371928657964), display=Block
[2026-01-11T20:04:39Z ERROR css_core::box_tree::constraint_block_layout] layout_block ENTRY: node=NodeKey(12117217371928657967)
[2026-01-11T20:04:39Z ERROR css_core::box_tree::constraint_block_layout] Checking flex: node=NodeKey(12117217371928657967), display=Flex
[2026-01-11T20:04:39Z ERROR css_core::box_tree::constraint_block_layout] IS FLEX!
[2026-01-11T20:04:39Z ERROR css_core::box_tree::constraint_block_layout::flex_layout] layout_flex: node=NodeKey(12117217371928657967), children.len()=7
[2026-01-11T20:04:39Z ERROR css_core::box_tree::constraint_block_layout] layout_block ENTRY: node=NodeKey(12117217371928657969)
[2026-01-11T20:04:39Z ERROR css_core::box_tree::constraint_block_layout] Checking flex: node=NodeKey(12117217371928657969), display=Flex
[2026-01-11T20:04:39Z ERROR css_core::box_tree::constraint_block_layout] IS FLEX!
[2026-01-11T20:04:39Z ERROR css_core::box_tree::constraint_block_layout::flex_layout] layout_flex: node=NodeKey(12117217371928657969), children.len()=2
[2026-01-11T20:04:39Z ERROR css_core::box_tree::constraint_block_layout] layout_block ENTRY: node=NodeKey(12117217371928657971)
[2026-01-11T20:04:39Z ERROR css_core::box_tree::constraint_block_layout] Checking flex: node=NodeKey(12117217371928657971), display=Inline
[2026-01-11T20:04:39Z ERROR css_core::box_tree::constraint_block_layout::flex_layout] layout_flex: node=NodeKey(12117217371928657969), flex_items.len()=1
[2026-01-11T20:04:39Z ERROR css_core::box_tree::constraint_block_layout] layout_block ENTRY: node=NodeKey(12117217371928657971)
[2026-01-11T20:04:39Z ERROR css_core::box_tree::constraint_block_layout] Checking flex: node=NodeKey(12117217371928657971), display=Inline
[2026-01-11T20:04:39Z ERROR css_core::box_tree::constraint_block_layout] INSERTING FLEX CONTAINER in layout_block: node=NodeKey(12117217371928657969), inline_size=768, is_measurement=true
[2026-01-11T20:04:39Z ERROR css_core::box_tree::constraint_block_layout] layout_block ENTRY: node=NodeKey(12117217371928657974)
[2026-01-11T20:04:39Z ERROR css_core::box_tree::constraint_block_layout] Checking flex: node=NodeKey(12117217371928657974), display=Flex
[2026-01-11T20:04:39Z ERROR css_core::box_tree::constraint_block_layout] IS FLEX!
[2026-01-11T20:04:39Z ERROR css_core::box_tree::constraint_block_layout::flex_layout] layout_flex: node=NodeKey(12117217371928657974), children.len()=2
[2026-01-11T20:04:39Z ERROR css_core::box_tree::constraint_block_layout] layout_block ENTRY: node=NodeKey(12117217371928657975)
[2026-01-11T20:04:39Z ERROR css_core::box_tree::constraint_block_layout] Checking flex: node=NodeKey(12117217371928657975), display=Inline
[2026-01-11T20:04:39Z ERROR css_core::box_tree::constraint_block_layout] layout_block ENTRY: node=NodeKey(12117217371928657976)
[2026-01-11T20:04:39Z ERROR css_core::box_tree::constraint_block_layout] Checking flex: node=NodeKey(12117217371928657976), display=Inline
[2026-01-11T20:04:39Z ERROR css_core::box_tree::constraint_block_layout::flex_layout] layout_flex: node=NodeKey(12117217371928657974), flex_items.len()=2
[2026-01-11T20:04:39Z ERROR css_core::box_tree::constraint_block_layout] layout_block ENTRY: node=NodeKey(12117217371928657975)
[2026-01-11T20:04:39Z ERROR css_core::box_tree::constraint_block_layout] Checking flex: node=NodeKey(12117217371928657975), display=Inline
[2026-01-11T20:04:39Z ERROR css_core::box_tree::constraint_block_layout] layout_block ENTRY: node=NodeKey(12117217371928657976)
[2026-01-11T20:04:39Z ERROR css_core::box_tree::constraint_block_layout] Checking flex: node=NodeKey(12117217371928657976), display=Inline
[2026-01-11T20:04:39Z ERROR css_core::box_tree::constraint_block_layout] INSERTING FLEX CONTAINER in layout_block: node=NodeKey(12117217371928657974), inline_size=768, is_measurement=true
[2026-01-11T20:04:39Z ERROR css_core::box_tree::constraint_block_layout] layout_block ENTRY: node=NodeKey(12117217371928657979)
[2026-01-11T20:04:39Z ERROR css_core::box_tree::constraint_block_layout] Checking flex: node=NodeKey(12117217371928657979), display=Flex
[2026-01-11T20:04:39Z ERROR css_core::box_tree::constraint_block_layout] IS FLEX!
[2026-01-11T20:04:39Z ERROR css_core::box_tree::constraint_block_layout::flex_layout] layout_flex: node=NodeKey(12117217371928657979), children.len()=2
[2026-01-11T20:04:39Z ERROR css_core::box_tree::constraint_block_layout] layout_block ENTRY: node=NodeKey(12117217371928657980)
[2026-01-11T20:04:39Z ERROR css_core::box_tree::constraint_block_layout] Checking flex: node=NodeKey(12117217371928657980), display=Inline
[2026-01-11T20:04:39Z ERROR css_core::box_tree::constraint_block_layout] layout_block ENTRY: node=NodeKey(12117217371928657981)
[2026-01-11T20:04:39Z ERROR css_core::box_tree::constraint_block_layout] Checking flex: node=NodeKey(12117217371928657981), display=Inline
[2026-01-11T20:04:39Z ERROR css_core::box_tree::constraint_block_layout::flex_layout] layout_flex: node=NodeKey(12117217371928657979), flex_items.len()=2
[2026-01-11T20:04:39Z ERROR css_core::box_tree::constraint_block_layout] layout_block ENTRY: node=NodeKey(12117217371928657980)
[2026-01-11T20:04:39Z ERROR css_core::box_tree::constraint_block_layout] Checking flex: node=NodeKey(12117217371928657980), display=Inline
[2026-01-11T20:04:39Z ERROR css_core::box_tree::constraint_block_layout] layout_block ENTRY: node=NodeKey(12117217371928657981)
[2026-01-11T20:04:39Z ERROR css_core::box_tree::constraint_block_layout] Checking flex: node=NodeKey(12117217371928657981), display=Inline
[2026-01-11T20:04:39Z ERROR css_core::box_tree::constraint_block_layout] INSERTING FLEX CONTAINER in layout_block: node=NodeKey(12117217371928657979), inline_size=768, is_measurement=true
[2026-01-11T20:04:39Z ERROR css_core::box_tree::constraint_block_layout::flex_layout] layout_flex: node=NodeKey(12117217371928657967), flex_items.len()=3
[2026-01-11T20:04:39Z ERROR css_core::box_tree::constraint_block_layout] layout_block ENTRY: node=NodeKey(12117217371928657969)
[2026-01-11T20:04:39Z ERROR css_core::box_tree::constraint_block_layout] Checking flex: node=NodeKey(12117217371928657969), display=Flex
[2026-01-11T20:04:39Z ERROR css_core::box_tree::constraint_block_layout] IS FLEX!
[2026-01-11T20:04:39Z ERROR css_core::box_tree::constraint_block_layout::flex_layout] layout_flex: node=NodeKey(12117217371928657969), children.len()=2
[2026-01-11T20:04:39Z ERROR css_core::box_tree::constraint_block_layout] layout_block ENTRY: node=NodeKey(12117217371928657971)
[2026-01-11T20:04:39Z ERROR css_core::box_tree::constraint_block_layout] Checking flex: node=NodeKey(12117217371928657971), display=Inline
[2026-01-11T20:04:39Z ERROR css_core::box_tree::constraint_block_layout::flex_layout] layout_flex: node=NodeKey(12117217371928657969), flex_items.len()=1
[2026-01-11T20:04:39Z ERROR css_core::box_tree::constraint_block_layout] layout_block ENTRY: node=NodeKey(12117217371928657971)
[2026-01-11T20:04:39Z ERROR css_core::box_tree::constraint_block_layout] Checking flex: node=NodeKey(12117217371928657971), display=Inline
[2026-01-11T20:04:39Z ERROR css_core::box_tree::constraint_block_layout] INSERTING FLEX CONTAINER in layout_block: node=NodeKey(12117217371928657969), inline_size=768, is_measurement=false
[2026-01-11T20:04:39Z ERROR css_core::box_tree::constraint_block_layout] layout_block ENTRY: node=NodeKey(12117217371928657974)
[2026-01-11T20:04:39Z ERROR css_core::box_tree::constraint_block_layout] Checking flex: node=NodeKey(12117217371928657974), display=Flex
[2026-01-11T20:04:39Z ERROR css_core::box_tree::constraint_block_layout] IS FLEX!
[2026-01-11T20:04:39Z ERROR css_core::box_tree::constraint_block_layout::flex_layout] layout_flex: node=NodeKey(12117217371928657974), children.len()=2
[2026-01-11T20:04:39Z ERROR css_core::box_tree::constraint_block_layout] layout_block ENTRY: node=NodeKey(12117217371928657975)
[2026-01-11T20:04:39Z ERROR css_core::box_tree::constraint_block_layout] Checking flex: node=NodeKey(12117217371928657975), display=Inline
[2026-01-11T20:04:39Z ERROR css_core::box_tree::constraint_block_layout] layout_block ENTRY: node=NodeKey(12117217371928657976)
[2026-01-11T20:04:39Z ERROR css_core::box_tree::constraint_block_layout] Checking flex: node=NodeKey(12117217371928657976), display=Inline
[2026-01-11T20:04:39Z ERROR css_core::box_tree::constraint_block_layout::flex_layout] layout_flex: node=NodeKey(12117217371928657974), flex_items.len()=2
[2026-01-11T20:04:39Z ERROR css_core::box_tree::constraint_block_layout] layout_block ENTRY: node=NodeKey(12117217371928657975)
[2026-01-11T20:04:39Z ERROR css_core::box_tree::constraint_block_layout] Checking flex: node=NodeKey(12117217371928657975), display=Inline
[2026-01-11T20:04:39Z ERROR css_core::box_tree::constraint_block_layout] layout_block ENTRY: node=NodeKey(12117217371928657976)
[2026-01-11T20:04:39Z ERROR css_core::box_tree::constraint_block_layout] Checking flex: node=NodeKey(12117217371928657976), display=Inline
[2026-01-11T20:04:39Z ERROR css_core::box_tree::constraint_block_layout] INSERTING FLEX CONTAINER in layout_block: node=NodeKey(12117217371928657974), inline_size=768, is_measurement=false
[2026-01-11T20:04:39Z ERROR css_core::box_tree::constraint_block_layout] layout_block ENTRY: node=NodeKey(12117217371928657979)
[2026-01-11T20:04:39Z ERROR css_core::box_tree::constraint_block_layout] Checking flex: node=NodeKey(12117217371928657979), display=Flex
[2026-01-11T20:04:39Z ERROR css_core::box_tree::constraint_block_layout] IS FLEX!
[2026-01-11T20:04:39Z ERROR css_core::box_tree::constraint_block_layout::flex_layout] layout_flex: node=NodeKey(12117217371928657979), children.len()=2
[2026-01-11T20:04:39Z ERROR css_core::box_tree::constraint_block_layout] layout_block ENTRY: node=NodeKey(12117217371928657980)
[2026-01-11T20:04:39Z ERROR css_core::box_tree::constraint_block_layout] Checking flex: node=NodeKey(12117217371928657980), display=Inline
[2026-01-11T20:04:39Z ERROR css_core::box_tree::constraint_block_layout] layout_block ENTRY: node=NodeKey(12117217371928657981)
[2026-01-11T20:04:39Z ERROR css_core::box_tree::constraint_block_layout] Checking flex: node=NodeKey(12117217371928657981), display=Inline
[2026-01-11T20:04:39Z ERROR css_core::box_tree::constraint_block_layout::flex_layout] layout_flex: node=NodeKey(12117217371928657979), flex_items.len()=2
[2026-01-11T20:04:39Z ERROR css_core::box_tree::constraint_block_layout] layout_block ENTRY: node=NodeKey(12117217371928657980)
[2026-01-11T20:04:39Z ERROR css_core::box_tree::constraint_block_layout] Checking flex: node=NodeKey(12117217371928657980), display=Inline
[2026-01-11T20:04:39Z ERROR css_core::box_tree::constraint_block_layout] layout_block ENTRY: node=NodeKey(12117217371928657981)
[2026-01-11T20:04:39Z ERROR css_core::box_tree::constraint_block_layout] Checking flex: node=NodeKey(12117217371928657981), display=Inline
[2026-01-11T20:04:39Z ERROR css_core::box_tree::constraint_block_layout] INSERTING FLEX CONTAINER in layout_block: node=NodeKey(12117217371928657979), inline_size=768, is_measurement=false
[2026-01-11T20:04:39Z ERROR css_core::box_tree::constraint_block_layout] INSERTING FLEX CONTAINER in layout_block: node=NodeKey(12117217371928657967), inline_size=768, is_measurement=true
[2026-01-11T20:04:39Z ERROR css_core::box_tree::constraint_block_layout::flex_layout] layout_flex: node=NodeKey(12117217371928657936), flex_items.len()=2
[2026-01-11T20:04:39Z ERROR css_core::box_tree::constraint_block_layout] layout_block ENTRY: node=NodeKey(12117217371928657938)
[2026-01-11T20:04:39Z ERROR css_core::box_tree::constraint_block_layout] Checking flex: node=NodeKey(12117217371928657938), display=Block
[2026-01-11T20:04:39Z ERROR css_core::box_tree::constraint_block_layout] layout_block ENTRY: node=NodeKey(12117217371928657940)
[2026-01-11T20:04:39Z ERROR css_core::box_tree::constraint_block_layout] Checking flex: node=NodeKey(12117217371928657940), display=Block
[2026-01-11T20:04:39Z ERROR css_core::box_tree::constraint_block_layout] layout_block ENTRY: node=NodeKey(12117217371928657943)
[2026-01-11T20:04:39Z ERROR css_core::box_tree::constraint_block_layout] Checking flex: node=NodeKey(12117217371928657943), display=Flex
[2026-01-11T20:04:39Z ERROR css_core::box_tree::constraint_block_layout] IS FLEX!
[2026-01-11T20:04:39Z ERROR css_core::box_tree::constraint_block_layout::flex_layout] layout_flex: node=NodeKey(12117217371928657943), children.len()=7
[2026-01-11T20:04:39Z ERROR css_core::box_tree::constraint_block_layout] layout_block ENTRY: node=NodeKey(12117217371928657945)
[2026-01-11T20:04:39Z ERROR css_core::box_tree::constraint_block_layout] Checking flex: node=NodeKey(12117217371928657945), display=Flex
[2026-01-11T20:04:39Z ERROR css_core::box_tree::constraint_block_layout] IS FLEX!
[2026-01-11T20:04:39Z ERROR css_core::box_tree::constraint_block_layout::flex_layout] layout_flex: node=NodeKey(12117217371928657945), children.len()=2
[2026-01-11T20:04:39Z ERROR css_core::box_tree::constraint_block_layout] layout_block ENTRY: node=NodeKey(12117217371928657946)
[2026-01-11T20:04:39Z ERROR css_core::box_tree::constraint_block_layout] Checking flex: node=NodeKey(12117217371928657946), display=Inline
[2026-01-11T20:04:39Z ERROR css_core::box_tree::constraint_block_layout] layout_block ENTRY: node=NodeKey(12117217371928657947)
[2026-01-11T20:04:39Z ERROR css_core::box_tree::constraint_block_layout] Checking flex: node=NodeKey(12117217371928657947), display=Inline
[2026-01-11T20:04:39Z ERROR css_core::box_tree::constraint_block_layout::flex_layout] layout_flex: node=NodeKey(12117217371928657945), flex_items.len()=2
[2026-01-11T20:04:39Z ERROR css_core::box_tree::constraint_block_layout] layout_block ENTRY: node=NodeKey(12117217371928657946)
[2026-01-11T20:04:39Z ERROR css_core::box_tree::constraint_block_layout] Checking flex: node=NodeKey(12117217371928657946), display=Inline
[2026-01-11T20:04:39Z ERROR css_core::box_tree::constraint_block_layout] layout_block ENTRY: node=NodeKey(12117217371928657947)
[2026-01-11T20:04:39Z ERROR css_core::box_tree::constraint_block_layout] Checking flex: node=NodeKey(12117217371928657947), display=Inline
[2026-01-11T20:04:39Z ERROR css_core::box_tree::constraint_block_layout] INSERTING FLEX CONTAINER in layout_block: node=NodeKey(12117217371928657945), inline_size=768, is_measurement=true
[2026-01-11T20:04:39Z ERROR css_core::box_tree::constraint_block_layout] layout_block ENTRY: node=NodeKey(12117217371928657950)
[2026-01-11T20:04:39Z ERROR css_core::box_tree::constraint_block_layout] Checking flex: node=NodeKey(12117217371928657950), display=Flex
[2026-01-11T20:04:39Z ERROR css_core::box_tree::constraint_block_layout] IS FLEX!
[2026-01-11T20:04:39Z ERROR css_core::box_tree::constraint_block_layout::flex_layout] layout_flex: node=NodeKey(12117217371928657950), children.len()=2
[2026-01-11T20:04:39Z ERROR css_core::box_tree::constraint_block_layout] layout_block ENTRY: node=NodeKey(12117217371928657951)
[2026-01-11T20:04:39Z ERROR css_core::box_tree::constraint_block_layout] Checking flex: node=NodeKey(12117217371928657951), display=Inline
[2026-01-11T20:04:39Z ERROR css_core::box_tree::constraint_block_layout] layout_block ENTRY: node=NodeKey(12117217371928657952)
[2026-01-11T20:04:39Z ERROR css_core::box_tree::constraint_block_layout] Checking flex: node=NodeKey(12117217371928657952), display=Inline
[2026-01-11T20:04:39Z ERROR css_core::box_tree::constraint_block_layout::flex_layout] layout_flex: node=NodeKey(12117217371928657950), flex_items.len()=2
[2026-01-11T20:04:39Z ERROR css_core::box_tree::constraint_block_layout] layout_block ENTRY: node=NodeKey(12117217371928657951)
[2026-01-11T20:04:39Z ERROR css_core::box_tree::constraint_block_layout] Checking flex: node=NodeKey(12117217371928657951), display=Inline
[2026-01-11T20:04:39Z ERROR css_core::box_tree::constraint_block_layout] layout_block ENTRY: node=NodeKey(12117217371928657952)
[2026-01-11T20:04:39Z ERROR css_core::box_tree::constraint_block_layout] Checking flex: node=NodeKey(12117217371928657952), display=Inline
[2026-01-11T20:04:39Z ERROR css_core::box_tree::constraint_block_layout] INSERTING FLEX CONTAINER in layout_block: node=NodeKey(12117217371928657950), inline_size=768, is_measurement=true
[2026-01-11T20:04:39Z ERROR css_core::box_tree::constraint_block_layout] layout_block ENTRY: node=NodeKey(12117217371928657955)
[2026-01-11T20:04:39Z ERROR css_core::box_tree::constraint_block_layout] Checking flex: node=NodeKey(12117217371928657955), display=Flex
[2026-01-11T20:04:39Z ERROR css_core::box_tree::constraint_block_layout] IS FLEX!
[2026-01-11T20:04:39Z ERROR css_core::box_tree::constraint_block_layout::flex_layout] layout_flex: node=NodeKey(12117217371928657955), children.len()=2
[2026-01-11T20:04:39Z ERROR css_core::box_tree::constraint_block_layout] layout_block ENTRY: node=NodeKey(12117217371928657956)
[2026-01-11T20:04:39Z ERROR css_core::box_tree::constraint_block_layout] Checking flex: node=NodeKey(12117217371928657956), display=Inline
[2026-01-11T20:04:39Z ERROR css_core::box_tree::constraint_block_layout] layout_block ENTRY: node=NodeKey(12117217371928657957)
[2026-01-11T20:04:39Z ERROR css_core::box_tree::constraint_block_layout] Checking flex: node=NodeKey(12117217371928657957), display=Inline
[2026-01-11T20:04:39Z ERROR css_core::box_tree::constraint_block_layout::flex_layout] layout_flex: node=NodeKey(12117217371928657955), flex_items.len()=2
[2026-01-11T20:04:39Z ERROR css_core::box_tree::constraint_block_layout] layout_block ENTRY: node=NodeKey(12117217371928657956)
[2026-01-11T20:04:39Z ERROR css_core::box_tree::constraint_block_layout] Checking flex: node=NodeKey(12117217371928657956), display=Inline
[2026-01-11T20:04:39Z ERROR css_core::box_tree::constraint_block_layout] layout_block ENTRY: node=NodeKey(12117217371928657957)
[2026-01-11T20:04:39Z ERROR css_core::box_tree::constraint_block_layout] Checking flex: node=NodeKey(12117217371928657957), display=Inline
[2026-01-11T20:04:39Z ERROR css_core::box_tree::constraint_block_layout] INSERTING FLEX CONTAINER in layout_block: node=NodeKey(12117217371928657955), inline_size=768, is_measurement=true
[2026-01-11T20:04:39Z ERROR css_core::box_tree::constraint_block_layout::flex_layout] layout_flex: node=NodeKey(12117217371928657943), flex_items.len()=3
[2026-01-11T20:04:39Z ERROR css_core::box_tree::constraint_block_layout] layout_block ENTRY: node=NodeKey(12117217371928657945)
[2026-01-11T20:04:39Z ERROR css_core::box_tree::constraint_block_layout] Checking flex: node=NodeKey(12117217371928657945), display=Flex
[2026-01-11T20:04:39Z ERROR css_core::box_tree::constraint_block_layout] IS FLEX!
[2026-01-11T20:04:39Z ERROR css_core::box_tree::constraint_block_layout::flex_layout] layout_flex: node=NodeKey(12117217371928657945), children.len()=2
[2026-01-11T20:04:39Z ERROR css_core::box_tree::constraint_block_layout] layout_block ENTRY: node=NodeKey(12117217371928657946)
[2026-01-11T20:04:39Z ERROR css_core::box_tree::constraint_block_layout] Checking flex: node=NodeKey(12117217371928657946), display=Inline
[2026-01-11T20:04:39Z ERROR css_core::box_tree::constraint_block_layout] layout_block ENTRY: node=NodeKey(12117217371928657947)
[2026-01-11T20:04:39Z ERROR css_core::box_tree::constraint_block_layout] Checking flex: node=NodeKey(12117217371928657947), display=Inline
[2026-01-11T20:04:39Z ERROR css_core::box_tree::constraint_block_layout::flex_layout] layout_flex: node=NodeKey(12117217371928657945), flex_items.len()=2
[2026-01-11T20:04:39Z ERROR css_core::box_tree::constraint_block_layout] layout_block ENTRY: node=NodeKey(12117217371928657946)
[2026-01-11T20:04:39Z ERROR css_core::box_tree::constraint_block_layout] Checking flex: node=NodeKey(12117217371928657946), display=Inline
[2026-01-11T20:04:39Z ERROR css_core::box_tree::constraint_block_layout] layout_block ENTRY: node=NodeKey(12117217371928657947)
[2026-01-11T20:04:39Z ERROR css_core::box_tree::constraint_block_layout] Checking flex: node=NodeKey(12117217371928657947), display=Inline
[2026-01-11T20:04:39Z ERROR css_core::box_tree::constraint_block_layout] INSERTING FLEX CONTAINER in layout_block: node=NodeKey(12117217371928657945), inline_size=768, is_measurement=false
[2026-01-11T20:04:39Z ERROR css_core::box_tree::constraint_block_layout] layout_block ENTRY: node=NodeKey(12117217371928657950)
[2026-01-11T20:04:39Z ERROR css_core::box_tree::constraint_block_layout] Checking flex: node=NodeKey(12117217371928657950), display=Flex
[2026-01-11T20:04:39Z ERROR css_core::box_tree::constraint_block_layout] IS FLEX!
[2026-01-11T20:04:39Z ERROR css_core::box_tree::constraint_block_layout::flex_layout] layout_flex: node=NodeKey(12117217371928657950), children.len()=2
[2026-01-11T20:04:39Z ERROR css_core::box_tree::constraint_block_layout] layout_block ENTRY: node=NodeKey(12117217371928657951)
[2026-01-11T20:04:39Z ERROR css_core::box_tree::constraint_block_layout] Checking flex: node=NodeKey(12117217371928657951), display=Inline
[2026-01-11T20:04:39Z ERROR css_core::box_tree::constraint_block_layout] layout_block ENTRY: node=NodeKey(12117217371928657952)
[2026-01-11T20:04:39Z ERROR css_core::box_tree::constraint_block_layout] Checking flex: node=NodeKey(12117217371928657952), display=Inline
[2026-01-11T20:04:39Z ERROR css_core::box_tree::constraint_block_layout::flex_layout] layout_flex: node=NodeKey(12117217371928657950), flex_items.len()=2
[2026-01-11T20:04:39Z ERROR css_core::box_tree::constraint_block_layout] layout_block ENTRY: node=NodeKey(12117217371928657951)
[2026-01-11T20:04:39Z ERROR css_core::box_tree::constraint_block_layout] Checking flex: node=NodeKey(12117217371928657951), display=Inline
[2026-01-11T20:04:39Z ERROR css_core::box_tree::constraint_block_layout] layout_block ENTRY: node=NodeKey(12117217371928657952)
[2026-01-11T20:04:39Z ERROR css_core::box_tree::constraint_block_layout] Checking flex: node=NodeKey(12117217371928657952), display=Inline
[2026-01-11T20:04:39Z ERROR css_core::box_tree::constraint_block_layout] INSERTING FLEX CONTAINER in layout_block: node=NodeKey(12117217371928657950), inline_size=768, is_measurement=false
[2026-01-11T20:04:39Z ERROR css_core::box_tree::constraint_block_layout] layout_block ENTRY: node=NodeKey(12117217371928657955)
[2026-01-11T20:04:39Z ERROR css_core::box_tree::constraint_block_layout] Checking flex: node=NodeKey(12117217371928657955), display=Flex
[2026-01-11T20:04:39Z ERROR css_core::box_tree::constraint_block_layout] IS FLEX!
[2026-01-11T20:04:39Z ERROR css_core::box_tree::constraint_block_layout::flex_layout] layout_flex: node=NodeKey(12117217371928657955), children.len()=2
[2026-01-11T20:04:39Z ERROR css_core::box_tree::constraint_block_layout] layout_block ENTRY: node=NodeKey(12117217371928657956)
[2026-01-11T20:04:39Z ERROR css_core::box_tree::constraint_block_layout] Checking flex: node=NodeKey(12117217371928657956), display=Inline
[2026-01-11T20:04:39Z ERROR css_core::box_tree::constraint_block_layout] layout_block ENTRY: node=NodeKey(12117217371928657957)
[2026-01-11T20:04:39Z ERROR css_core::box_tree::constraint_block_layout] Checking flex: node=NodeKey(12117217371928657957), display=Inline
[2026-01-11T20:04:39Z ERROR css_core::box_tree::constraint_block_layout::flex_layout] layout_flex: node=NodeKey(12117217371928657955), flex_items.len()=2
[2026-01-11T20:04:39Z ERROR css_core::box_tree::constraint_block_layout] layout_block ENTRY: node=NodeKey(12117217371928657956)
[2026-01-11T20:04:39Z ERROR css_core::box_tree::constraint_block_layout] Checking flex: node=NodeKey(12117217371928657956), display=Inline
[2026-01-11T20:04:39Z ERROR css_core::box_tree::constraint_block_layout] layout_block ENTRY: node=NodeKey(12117217371928657957)
[2026-01-11T20:04:39Z ERROR css_core::box_tree::constraint_block_layout] Checking flex: node=NodeKey(12117217371928657957), display=Inline
[2026-01-11T20:04:39Z ERROR css_core::box_tree::constraint_block_layout] INSERTING FLEX CONTAINER in layout_block: node=NodeKey(12117217371928657955), inline_size=768, is_measurement=false
[2026-01-11T20:04:39Z ERROR css_core::box_tree::constraint_block_layout] INSERTING FLEX CONTAINER in layout_block: node=NodeKey(12117217371928657943), inline_size=768, is_measurement=false
[2026-01-11T20:04:39Z ERROR css_core::box_tree::constraint_block_layout] layout_block ENTRY: node=NodeKey(12117217371928657962)
[2026-01-11T20:04:39Z ERROR css_core::box_tree::constraint_block_layout] Checking flex: node=NodeKey(12117217371928657962), display=Block
[2026-01-11T20:04:39Z ERROR css_core::box_tree::constraint_block_layout] layout_block ENTRY: node=NodeKey(12117217371928657964)
[2026-01-11T20:04:39Z ERROR css_core::box_tree::constraint_block_layout] Checking flex: node=NodeKey(12117217371928657964), display=Block
[2026-01-11T20:04:39Z ERROR css_core::box_tree::constraint_block_layout] layout_block ENTRY: node=NodeKey(12117217371928657967)
[2026-01-11T20:04:39Z ERROR css_core::box_tree::constraint_block_layout] Checking flex: node=NodeKey(12117217371928657967), display=Flex
[2026-01-11T20:04:39Z ERROR css_core::box_tree::constraint_block_layout] IS FLEX!
[2026-01-11T20:04:39Z ERROR css_core::box_tree::constraint_block_layout::flex_layout] layout_flex: node=NodeKey(12117217371928657967), children.len()=7
[2026-01-11T20:04:39Z ERROR css_core::box_tree::constraint_block_layout] layout_block ENTRY: node=NodeKey(12117217371928657969)
[2026-01-11T20:04:39Z ERROR css_core::box_tree::constraint_block_layout] Checking flex: node=NodeKey(12117217371928657969), display=Flex
[2026-01-11T20:04:39Z ERROR css_core::box_tree::constraint_block_layout] IS FLEX!
[2026-01-11T20:04:39Z ERROR css_core::box_tree::constraint_block_layout::flex_layout] layout_flex: node=NodeKey(12117217371928657969), children.len()=2
[2026-01-11T20:04:39Z ERROR css_core::box_tree::constraint_block_layout] layout_block ENTRY: node=NodeKey(12117217371928657971)
[2026-01-11T20:04:39Z ERROR css_core::box_tree::constraint_block_layout] Checking flex: node=NodeKey(12117217371928657971), display=Inline
[2026-01-11T20:04:39Z ERROR css_core::box_tree::constraint_block_layout::flex_layout] layout_flex: node=NodeKey(12117217371928657969), flex_items.len()=1
[2026-01-11T20:04:39Z ERROR css_core::box_tree::constraint_block_layout] layout_block ENTRY: node=NodeKey(12117217371928657971)
[2026-01-11T20:04:39Z ERROR css_core::box_tree::constraint_block_layout] Checking flex: node=NodeKey(12117217371928657971), display=Inline
[2026-01-11T20:04:39Z ERROR css_core::box_tree::constraint_block_layout] INSERTING FLEX CONTAINER in layout_block: node=NodeKey(12117217371928657969), inline_size=768, is_measurement=true
[2026-01-11T20:04:39Z ERROR css_core::box_tree::constraint_block_layout] layout_block ENTRY: node=NodeKey(12117217371928657974)
[2026-01-11T20:04:39Z ERROR css_core::box_tree::constraint_block_layout] Checking flex: node=NodeKey(12117217371928657974), display=Flex
[2026-01-11T20:04:39Z ERROR css_core::box_tree::constraint_block_layout] IS FLEX!
[2026-01-11T20:04:39Z ERROR css_core::box_tree::constraint_block_layout::flex_layout] layout_flex: node=NodeKey(12117217371928657974), children.len()=2
[2026-01-11T20:04:39Z ERROR css_core::box_tree::constraint_block_layout] layout_block ENTRY: node=NodeKey(12117217371928657975)
[2026-01-11T20:04:39Z ERROR css_core::box_tree::constraint_block_layout] Checking flex: node=NodeKey(12117217371928657975), display=Inline
[2026-01-11T20:04:39Z ERROR css_core::box_tree::constraint_block_layout] layout_block ENTRY: node=NodeKey(12117217371928657976)
[2026-01-11T20:04:39Z ERROR css_core::box_tree::constraint_block_layout] Checking flex: node=NodeKey(12117217371928657976), display=Inline
[2026-01-11T20:04:39Z ERROR css_core::box_tree::constraint_block_layout::flex_layout] layout_flex: node=NodeKey(12117217371928657974), flex_items.len()=2
[2026-01-11T20:04:39Z ERROR css_core::box_tree::constraint_block_layout] layout_block ENTRY: node=NodeKey(12117217371928657975)
[2026-01-11T20:04:39Z ERROR css_core::box_tree::constraint_block_layout] Checking flex: node=NodeKey(12117217371928657975), display=Inline
[2026-01-11T20:04:39Z ERROR css_core::box_tree::constraint_block_layout] layout_block ENTRY: node=NodeKey(12117217371928657976)
[2026-01-11T20:04:39Z ERROR css_core::box_tree::constraint_block_layout] Checking flex: node=NodeKey(12117217371928657976), display=Inline
[2026-01-11T20:04:39Z ERROR css_core::box_tree::constraint_block_layout] INSERTING FLEX CONTAINER in layout_block: node=NodeKey(12117217371928657974), inline_size=768, is_measurement=true
[2026-01-11T20:04:39Z ERROR css_core::box_tree::constraint_block_layout] layout_block ENTRY: node=NodeKey(12117217371928657979)
[2026-01-11T20:04:39Z ERROR css_core::box_tree::constraint_block_layout] Checking flex: node=NodeKey(12117217371928657979), display=Flex
[2026-01-11T20:04:39Z ERROR css_core::box_tree::constraint_block_layout] IS FLEX!
[2026-01-11T20:04:39Z ERROR css_core::box_tree::constraint_block_layout::flex_layout] layout_flex: node=NodeKey(12117217371928657979), children.len()=2
[2026-01-11T20:04:39Z ERROR css_core::box_tree::constraint_block_layout] layout_block ENTRY: node=NodeKey(12117217371928657980)
[2026-01-11T20:04:39Z ERROR css_core::box_tree::constraint_block_layout] Checking flex: node=NodeKey(12117217371928657980), display=Inline
[2026-01-11T20:04:39Z ERROR css_core::box_tree::constraint_block_layout] layout_block ENTRY: node=NodeKey(12117217371928657981)
[2026-01-11T20:04:39Z ERROR css_core::box_tree::constraint_block_layout] Checking flex: node=NodeKey(12117217371928657981), display=Inline
[2026-01-11T20:04:39Z ERROR css_core::box_tree::constraint_block_layout::flex_layout] layout_flex: node=NodeKey(12117217371928657979), flex_items.len()=2
[2026-01-11T20:04:39Z ERROR css_core::box_tree::constraint_block_layout] layout_block ENTRY: node=NodeKey(12117217371928657980)
[2026-01-11T20:04:39Z ERROR css_core::box_tree::constraint_block_layout] Checking flex: node=NodeKey(12117217371928657980), display=Inline
[2026-01-11T20:04:39Z ERROR css_core::box_tree::constraint_block_layout] layout_block ENTRY: node=NodeKey(12117217371928657981)
[2026-01-11T20:04:39Z ERROR css_core::box_tree::constraint_block_layout] Checking flex: node=NodeKey(12117217371928657981), display=Inline
[2026-01-11T20:04:39Z ERROR css_core::box_tree::constraint_block_layout] INSERTING FLEX CONTAINER in layout_block: node=NodeKey(12117217371928657979), inline_size=768, is_measurement=true
[2026-01-11T20:04:39Z ERROR css_core::box_tree::constraint_block_layout::flex_layout] layout_flex: node=NodeKey(12117217371928657967), flex_items.len()=3
[2026-01-11T20:04:39Z ERROR css_core::box_tree::constraint_block_layout] layout_block ENTRY: node=NodeKey(12117217371928657969)
[2026-01-11T20:04:39Z ERROR css_core::box_tree::constraint_block_layout] Checking flex: node=NodeKey(12117217371928657969), display=Flex
[2026-01-11T20:04:39Z ERROR css_core::box_tree::constraint_block_layout] IS FLEX!
[2026-01-11T20:04:39Z ERROR css_core::box_tree::constraint_block_layout::flex_layout] layout_flex: node=NodeKey(12117217371928657969), children.len()=2
[2026-01-11T20:04:39Z ERROR css_core::box_tree::constraint_block_layout] layout_block ENTRY: node=NodeKey(12117217371928657971)
[2026-01-11T20:04:39Z ERROR css_core::box_tree::constraint_block_layout] Checking flex: node=NodeKey(12117217371928657971), display=Inline
[2026-01-11T20:04:39Z ERROR css_core::box_tree::constraint_block_layout::flex_layout] layout_flex: node=NodeKey(12117217371928657969), flex_items.len()=1
[2026-01-11T20:04:39Z ERROR css_core::box_tree::constraint_block_layout] layout_block ENTRY: node=NodeKey(12117217371928657971)
[2026-01-11T20:04:39Z ERROR css_core::box_tree::constraint_block_layout] Checking flex: node=NodeKey(12117217371928657971), display=Inline
[2026-01-11T20:04:39Z ERROR css_core::box_tree::constraint_block_layout] INSERTING FLEX CONTAINER in layout_block: node=NodeKey(12117217371928657969), inline_size=768, is_measurement=false
[2026-01-11T20:04:39Z ERROR css_core::box_tree::constraint_block_layout] layout_block ENTRY: node=NodeKey(12117217371928657974)
[2026-01-11T20:04:39Z ERROR css_core::box_tree::constraint_block_layout] Checking flex: node=NodeKey(12117217371928657974), display=Flex
[2026-01-11T20:04:39Z ERROR css_core::box_tree::constraint_block_layout] IS FLEX!
[2026-01-11T20:04:39Z ERROR css_core::box_tree::constraint_block_layout::flex_layout] layout_flex: node=NodeKey(12117217371928657974), children.len()=2
[2026-01-11T20:04:39Z ERROR css_core::box_tree::constraint_block_layout] layout_block ENTRY: node=NodeKey(12117217371928657975)
[2026-01-11T20:04:39Z ERROR css_core::box_tree::constraint_block_layout] Checking flex: node=NodeKey(12117217371928657975), display=Inline
[2026-01-11T20:04:39Z ERROR css_core::box_tree::constraint_block_layout] layout_block ENTRY: node=NodeKey(12117217371928657976)
[2026-01-11T20:04:39Z ERROR css_core::box_tree::constraint_block_layout] Checking flex: node=NodeKey(12117217371928657976), display=Inline
[2026-01-11T20:04:39Z ERROR css_core::box_tree::constraint_block_layout::flex_layout] layout_flex: node=NodeKey(12117217371928657974), flex_items.len()=2
[2026-01-11T20:04:39Z ERROR css_core::box_tree::constraint_block_layout] layout_block ENTRY: node=NodeKey(12117217371928657975)
[2026-01-11T20:04:39Z ERROR css_core::box_tree::constraint_block_layout] Checking flex: node=NodeKey(12117217371928657975), display=Inline
[2026-01-11T20:04:39Z ERROR css_core::box_tree::constraint_block_layout] layout_block ENTRY: node=NodeKey(12117217371928657976)
[2026-01-11T20:04:39Z ERROR css_core::box_tree::constraint_block_layout] Checking flex: node=NodeKey(12117217371928657976), display=Inline
[2026-01-11T20:04:39Z ERROR css_core::box_tree::constraint_block_layout] INSERTING FLEX CONTAINER in layout_block: node=NodeKey(12117217371928657974), inline_size=768, is_measurement=false
[2026-01-11T20:04:39Z ERROR css_core::box_tree::constraint_block_layout] layout_block ENTRY: node=NodeKey(12117217371928657979)
[2026-01-11T20:04:39Z ERROR css_core::box_tree::constraint_block_layout] Checking flex: node=NodeKey(12117217371928657979), display=Flex
[2026-01-11T20:04:39Z ERROR css_core::box_tree::constraint_block_layout] IS FLEX!
[2026-01-11T20:04:39Z ERROR css_core::box_tree::constraint_block_layout::flex_layout] layout_flex: node=NodeKey(12117217371928657979), children.len()=2
[2026-01-11T20:04:39Z ERROR css_core::box_tree::constraint_block_layout] layout_block ENTRY: node=NodeKey(12117217371928657980)
[2026-01-11T20:04:39Z ERROR css_core::box_tree::constraint_block_layout] Checking flex: node=NodeKey(12117217371928657980), display=Inline
[2026-01-11T20:04:39Z ERROR css_core::box_tree::constraint_block_layout] layout_block ENTRY: node=NodeKey(12117217371928657981)
[2026-01-11T20:04:39Z ERROR css_core::box_tree::constraint_block_layout] Checking flex: node=NodeKey(12117217371928657981), display=Inline
[2026-01-11T20:04:39Z ERROR css_core::box_tree::constraint_block_layout::flex_layout] layout_flex: node=NodeKey(12117217371928657979), flex_items.len()=2
[2026-01-11T20:04:39Z ERROR css_core::box_tree::constraint_block_layout] layout_block ENTRY: node=NodeKey(12117217371928657980)
[2026-01-11T20:04:39Z ERROR css_core::box_tree::constraint_block_layout] Checking flex: node=NodeKey(12117217371928657980), display=Inline
[2026-01-11T20:04:39Z ERROR css_core::box_tree::constraint_block_layout] layout_block ENTRY: node=NodeKey(12117217371928657981)
[2026-01-11T20:04:39Z ERROR css_core::box_tree::constraint_block_layout] Checking flex: node=NodeKey(12117217371928657981), display=Inline
[2026-01-11T20:04:39Z ERROR css_core::box_tree::constraint_block_layout] INSERTING FLEX CONTAINER in layout_block: node=NodeKey(12117217371928657979), inline_size=768, is_measurement=false
[2026-01-11T20:04:39Z ERROR css_core::box_tree::constraint_block_layout] INSERTING FLEX CONTAINER in layout_block: node=NodeKey(12117217371928657967), inline_size=768, is_measurement=false
[2026-01-11T20:04:39Z ERROR css_core::box_tree::constraint_block_layout] INSERTING FLEX CONTAINER in layout_block: node=NodeKey(12117217371928657936), inline_size=800, is_measurement=false
[2026-01-11T20:04:39Z ERROR page_handler::core::incremental_layout] LAYOUT TREE COMPLETE - generation 1, total results: 44
[2026-01-11T20:04:39Z ERROR page_handler::core::incremental_layout] RUNNING LAYOUT TREE - generation 1
[2026-01-11T20:04:39Z ERROR css_core::box_tree::constraint_block_layout] layout_block ENTRY: node=NodeKey(13968196818777931778)
[2026-01-11T20:04:39Z ERROR css_core::box_tree::constraint_block_layout] Checking flex: node=NodeKey(13968196818777931778), display=Block
[2026-01-11T20:04:39Z ERROR css_core::box_tree::constraint_block_layout] layout_block ENTRY: node=NodeKey(13968196818777931790)
[2026-01-11T20:04:39Z ERROR css_core::box_tree::constraint_block_layout] Checking flex: node=NodeKey(13968196818777931790), display=Block
[2026-01-11T20:04:39Z ERROR css_core::box_tree::constraint_block_layout] layout_block ENTRY: node=NodeKey(13968196818777931792)
[2026-01-11T20:04:39Z ERROR css_core::box_tree::constraint_block_layout] Checking flex: node=NodeKey(13968196818777931792), display=Flex
[2026-01-11T20:04:39Z ERROR css_core::box_tree::constraint_block_layout] IS FLEX!
[2026-01-11T20:04:39Z ERROR css_core::box_tree::constraint_block_layout::flex_layout] layout_flex: node=NodeKey(13968196818777931792), children.len()=9
[2026-01-11T20:04:39Z ERROR css_core::box_tree::constraint_block_layout] layout_block ENTRY: node=NodeKey(13968196818777931794)
[2026-01-11T20:04:39Z ERROR css_core::box_tree::constraint_block_layout] Checking flex: node=NodeKey(13968196818777931794), display=Flex
[2026-01-11T20:04:39Z ERROR css_core::box_tree::constraint_block_layout] IS FLEX!
[2026-01-11T20:04:39Z ERROR css_core::box_tree::constraint_block_layout::flex_layout] layout_flex: node=NodeKey(13968196818777931794), children.len()=5
[2026-01-11T20:04:39Z ERROR css_core::box_tree::constraint_block_layout] layout_block ENTRY: node=NodeKey(13968196818777931796)
[2026-01-11T20:04:39Z ERROR css_core::box_tree::constraint_block_layout] Checking flex: node=NodeKey(13968196818777931796), display=Flex
[2026-01-11T20:04:39Z ERROR css_core::box_tree::constraint_block_layout] IS FLEX!
[2026-01-11T20:04:39Z ERROR css_core::box_tree::constraint_block_layout::flex_layout] layout_flex: node=NodeKey(13968196818777931796), children.len()=1
[2026-01-11T20:04:39Z ERROR css_core::box_tree::constraint_block_layout::flex_layout] layout_flex: node=NodeKey(13968196818777931796), flex_items.len()=1
[2026-01-11T20:04:39Z ERROR css_core::box_tree::constraint_block_layout] INSERTING FLEX CONTAINER in layout_block: node=NodeKey(13968196818777931796), inline_size=32.786133, is_measurement=true
[2026-01-11T20:04:39Z ERROR css_core::box_tree::constraint_block_layout] layout_block ENTRY: node=NodeKey(13968196818777931799)
[2026-01-11T20:04:39Z ERROR css_core::box_tree::constraint_block_layout] Checking flex: node=NodeKey(13968196818777931799), display=InlineBlock
[2026-01-11T20:04:39Z ERROR css_core::box_tree::constraint_block_layout::flex_layout] layout_flex: node=NodeKey(13968196818777931794), flex_items.len()=2
[2026-01-11T20:04:39Z ERROR css_core::box_tree::constraint_block_layout] layout_block ENTRY: node=NodeKey(13968196818777931796)
[2026-01-11T20:04:39Z ERROR css_core::box_tree::constraint_block_layout] Checking flex: node=NodeKey(13968196818777931796), display=Flex
[2026-01-11T20:04:39Z ERROR css_core::box_tree::constraint_block_layout] IS FLEX!
[2026-01-11T20:04:39Z ERROR css_core::box_tree::constraint_block_layout::flex_layout] layout_flex: node=NodeKey(13968196818777931796), children.len()=1
[2026-01-11T20:04:39Z ERROR css_core::box_tree::constraint_block_layout::flex_layout] layout_flex: node=NodeKey(13968196818777931796), flex_items.len()=1
[2026-01-11T20:04:39Z ERROR css_core::box_tree::constraint_block_layout] INSERTING FLEX CONTAINER in layout_block: node=NodeKey(13968196818777931796), inline_size=32.78125, is_measurement=false
[2026-01-11T20:04:39Z ERROR css_core::box_tree::constraint_block_layout] layout_block ENTRY: node=NodeKey(13968196818777931799)
[2026-01-11T20:04:39Z ERROR css_core::box_tree::constraint_block_layout] Checking flex: node=NodeKey(13968196818777931799), display=InlineBlock
[2026-01-11T20:04:39Z ERROR css_core::box_tree::constraint_block_layout] INSERTING FLEX CONTAINER in layout_block: node=NodeKey(13968196818777931794), inline_size=288, is_measurement=true
[2026-01-11T20:04:39Z ERROR css_core::box_tree::constraint_block_layout] layout_block ENTRY: node=NodeKey(13968196818777931802)
[2026-01-11T20:04:39Z ERROR css_core::box_tree::constraint_block_layout] Checking flex: node=NodeKey(13968196818777931802), display=Flex
[2026-01-11T20:04:39Z ERROR css_core::box_tree::constraint_block_layout] IS FLEX!
[2026-01-11T20:04:39Z ERROR css_core::box_tree::constraint_block_layout::flex_layout] layout_flex: node=NodeKey(13968196818777931802), children.len()=5
[2026-01-11T20:04:39Z ERROR css_core::box_tree::constraint_block_layout] layout_block ENTRY: node=NodeKey(13968196818777931804)
[2026-01-11T20:04:39Z ERROR css_core::box_tree::constraint_block_layout] Checking flex: node=NodeKey(13968196818777931804), display=InlineBlock
[2026-01-11T20:04:39Z ERROR css_core::box_tree::constraint_block_layout] layout_block ENTRY: node=NodeKey(13968196818777931806)
[2026-01-11T20:04:39Z ERROR css_core::box_tree::constraint_block_layout] Checking flex: node=NodeKey(13968196818777931806), display=Flex
[2026-01-11T20:04:39Z ERROR css_core::box_tree::constraint_block_layout] IS FLEX!
[2026-01-11T20:04:39Z ERROR css_core::box_tree::constraint_block_layout::flex_layout] layout_flex: node=NodeKey(13968196818777931806), children.len()=1
[2026-01-11T20:04:39Z ERROR css_core::box_tree::constraint_block_layout::flex_layout] layout_flex: node=NodeKey(13968196818777931806), flex_items.len()=1
[2026-01-11T20:04:39Z ERROR css_core::box_tree::constraint_block_layout] INSERTING FLEX CONTAINER in layout_block: node=NodeKey(13968196818777931806), inline_size=122.4668, is_measurement=true
[2026-01-11T20:04:39Z ERROR css_core::box_tree::constraint_block_layout::flex_layout] layout_flex: node=NodeKey(13968196818777931802), flex_items.len()=2
[2026-01-11T20:04:39Z ERROR css_core::box_tree::constraint_block_layout] layout_block ENTRY: node=NodeKey(13968196818777931804)
[2026-01-11T20:04:39Z ERROR css_core::box_tree::constraint_block_layout] Checking flex: node=NodeKey(13968196818777931804), display=InlineBlock
[2026-01-11T20:04:39Z ERROR css_core::box_tree::constraint_block_layout] layout_block ENTRY: node=NodeKey(13968196818777931806)
[2026-01-11T20:04:39Z ERROR css_core::box_tree::constraint_block_layout] Checking flex: node=NodeKey(13968196818777931806), display=Flex
[2026-01-11T20:04:39Z ERROR css_core::box_tree::constraint_block_layout] IS FLEX!
[2026-01-11T20:04:39Z ERROR css_core::box_tree::constraint_block_layout::flex_layout] layout_flex: node=NodeKey(13968196818777931806), children.len()=1
[2026-01-11T20:04:39Z ERROR css_core::box_tree::constraint_block_layout::flex_layout] layout_flex: node=NodeKey(13968196818777931806), flex_items.len()=1
[2026-01-11T20:04:39Z ERROR css_core::box_tree::constraint_block_layout] INSERTING FLEX CONTAINER in layout_block: node=NodeKey(13968196818777931806), inline_size=122.46875, is_measurement=false
[2026-01-11T20:04:39Z ERROR css_core::box_tree::constraint_block_layout] INSERTING FLEX CONTAINER in layout_block: node=NodeKey(13968196818777931802), inline_size=288, is_measurement=true
[2026-01-11T20:04:39Z ERROR css_core::box_tree::constraint_block_layout] layout_block ENTRY: node=NodeKey(13968196818777931810)
[2026-01-11T20:04:39Z ERROR css_core::box_tree::constraint_block_layout] Checking flex: node=NodeKey(13968196818777931810), display=Flex
[2026-01-11T20:04:39Z ERROR css_core::box_tree::constraint_block_layout] IS FLEX!
[2026-01-11T20:04:39Z ERROR css_core::box_tree::constraint_block_layout::flex_layout] layout_flex: node=NodeKey(13968196818777931810), children.len()=7
[2026-01-11T20:04:39Z ERROR css_core::box_tree::constraint_block_layout] layout_block ENTRY: node=NodeKey(13968196818777931812)
[2026-01-11T20:04:39Z ERROR css_core::box_tree::constraint_block_layout] Checking flex: node=NodeKey(13968196818777931812), display=Flex
[2026-01-11T20:04:39Z ERROR css_core::box_tree::constraint_block_layout] IS FLEX!
[2026-01-11T20:04:39Z ERROR css_core::box_tree::constraint_block_layout::flex_layout] layout_flex: node=NodeKey(13968196818777931812), children.len()=1
[2026-01-11T20:04:39Z ERROR css_core::box_tree::constraint_block_layout::flex_layout] layout_flex: node=NodeKey(13968196818777931812), flex_items.len()=1
[2026-01-11T20:04:39Z ERROR css_core::box_tree::constraint_block_layout] INSERTING FLEX CONTAINER in layout_block: node=NodeKey(13968196818777931812), inline_size=67.02051, is_measurement=true
[2026-01-11T20:04:39Z ERROR css_core::box_tree::constraint_block_layout] layout_block ENTRY: node=NodeKey(13968196818777931815)
[2026-01-11T20:04:39Z ERROR css_core::box_tree::constraint_block_layout] Checking flex: node=NodeKey(13968196818777931815), display=InlineBlock
[2026-01-11T20:04:39Z ERROR css_core::box_tree::constraint_block_layout] layout_block ENTRY: node=NodeKey(13968196818777931817)
[2026-01-11T20:04:39Z ERROR css_core::box_tree::constraint_block_layout] Checking flex: node=NodeKey(13968196818777931817), display=Flex
[2026-01-11T20:04:39Z ERROR css_core::box_tree::constraint_block_layout] IS FLEX!
[2026-01-11T20:04:39Z ERROR css_core::box_tree::constraint_block_layout::flex_layout] layout_flex: node=NodeKey(13968196818777931817), children.len()=1
[2026-01-11T20:04:39Z ERROR css_core::box_tree::constraint_block_layout::flex_layout] layout_flex: node=NodeKey(13968196818777931817), flex_items.len()=1
[2026-01-11T20:04:39Z ERROR css_core::box_tree::constraint_block_layout] INSERTING FLEX CONTAINER in layout_block: node=NodeKey(13968196818777931817), inline_size=55.33789, is_measurement=true
[2026-01-11T20:04:39Z ERROR css_core::box_tree::constraint_block_layout::flex_layout] layout_flex: node=NodeKey(13968196818777931810), flex_items.len()=3
[2026-01-11T20:04:39Z ERROR css_core::box_tree::constraint_block_layout] layout_block ENTRY: node=NodeKey(13968196818777931812)
[2026-01-11T20:04:39Z ERROR css_core::box_tree::constraint_block_layout] Checking flex: node=NodeKey(13968196818777931812), display=Flex
[2026-01-11T20:04:39Z ERROR css_core::box_tree::constraint_block_layout] IS FLEX!
[2026-01-11T20:04:39Z ERROR css_core::box_tree::constraint_block_layout::flex_layout] layout_flex: node=NodeKey(13968196818777931812), children.len()=1
[2026-01-11T20:04:39Z ERROR css_core::box_tree::constraint_block_layout::flex_layout] layout_flex: node=NodeKey(13968196818777931812), flex_items.len()=1
[2026-01-11T20:04:39Z ERROR css_core::box_tree::constraint_block_layout] INSERTING FLEX CONTAINER in layout_block: node=NodeKey(13968196818777931812), inline_size=67.015625, is_measurement=false
[2026-01-11T20:04:39Z ERROR css_core::box_tree::constraint_block_layout] layout_block ENTRY: node=NodeKey(13968196818777931815)
[2026-01-11T20:04:39Z ERROR css_core::box_tree::constraint_block_layout] Checking flex: node=NodeKey(13968196818777931815), display=InlineBlock
[2026-01-11T20:04:39Z ERROR css_core::box_tree::constraint_block_layout] layout_block ENTRY: node=NodeKey(13968196818777931817)
[2026-01-11T20:04:39Z ERROR css_core::box_tree::constraint_block_layout] Checking flex: node=NodeKey(13968196818777931817), display=Flex
[2026-01-11T20:04:39Z ERROR css_core::box_tree::constraint_block_layout] IS FLEX!
[2026-01-11T20:04:39Z ERROR css_core::box_tree::constraint_block_layout::flex_layout] layout_flex: node=NodeKey(13968196818777931817), children.len()=1
[2026-01-11T20:04:39Z ERROR css_core::box_tree::constraint_block_layout::flex_layout] layout_flex: node=NodeKey(13968196818777931817), flex_items.len()=1
[2026-01-11T20:04:39Z ERROR css_core::box_tree::constraint_block_layout] INSERTING FLEX CONTAINER in layout_block: node=NodeKey(13968196818777931817), inline_size=55.34375, is_measurement=false
[2026-01-11T20:04:39Z ERROR css_core::box_tree::constraint_block_layout] INSERTING FLEX CONTAINER in layout_block: node=NodeKey(13968196818777931810), inline_size=288, is_measurement=true
[2026-01-11T20:04:39Z ERROR css_core::box_tree::constraint_block_layout] layout_block ENTRY: node=NodeKey(13968196818777931821)
[2026-01-11T20:04:39Z ERROR css_core::box_tree::constraint_block_layout] Checking flex: node=NodeKey(13968196818777931821), display=Block
[2026-01-11T20:04:39Z ERROR css_core::box_tree::constraint_block_layout] layout_block ENTRY: node=NodeKey(13968196818777931823)
[2026-01-11T20:04:39Z ERROR css_core::box_tree::constraint_block_layout] Checking flex: node=NodeKey(13968196818777931823), display=Inline
[2026-01-11T20:04:39Z ERROR css_core::box_tree::constraint_block_layout] layout_block ENTRY: node=NodeKey(13968196818777931825)
[2026-01-11T20:04:39Z ERROR css_core::box_tree::constraint_block_layout] Checking flex: node=NodeKey(13968196818777931825), display=InlineBlock
[2026-01-11T20:04:39Z ERROR css_core::box_tree::constraint_block_layout::flex_layout] layout_flex: node=NodeKey(13968196818777931792), flex_items.len()=4
[2026-01-11T20:04:39Z ERROR css_core::box_tree::constraint_block_layout] layout_block ENTRY: node=NodeKey(13968196818777931794)
[2026-01-11T20:04:39Z ERROR css_core::box_tree::constraint_block_layout] Checking flex: node=NodeKey(13968196818777931794), display=Flex
[2026-01-11T20:04:39Z ERROR css_core::box_tree::constraint_block_layout] IS FLEX!
[2026-01-11T20:04:39Z ERROR css_core::box_tree::constraint_block_layout::flex_layout] layout_flex: node=NodeKey(13968196818777931794), children.len()=5
[2026-01-11T20:04:39Z ERROR css_core::box_tree::constraint_block_layout] layout_block ENTRY: node=NodeKey(13968196818777931796)
[2026-01-11T20:04:39Z ERROR css_core::box_tree::constraint_block_layout] Checking flex: node=NodeKey(13968196818777931796), display=Flex
[2026-01-11T20:04:39Z ERROR css_core::box_tree::constraint_block_layout] IS FLEX!
[2026-01-11T20:04:39Z ERROR css_core::box_tree::constraint_block_layout::flex_layout] layout_flex: node=NodeKey(13968196818777931796), children.len()=1
[2026-01-11T20:04:39Z ERROR css_core::box_tree::constraint_block_layout::flex_layout] layout_flex: node=NodeKey(13968196818777931796), flex_items.len()=1
[2026-01-11T20:04:39Z ERROR css_core::box_tree::constraint_block_layout] INSERTING FLEX CONTAINER in layout_block: node=NodeKey(13968196818777931796), inline_size=32.786133, is_measurement=true
[2026-01-11T20:04:39Z ERROR css_core::box_tree::constraint_block_layout] layout_block ENTRY: node=NodeKey(13968196818777931799)
[2026-01-11T20:04:39Z ERROR css_core::box_tree::constraint_block_layout] Checking flex: node=NodeKey(13968196818777931799), display=InlineBlock
[2026-01-11T20:04:39Z ERROR css_core::box_tree::constraint_block_layout::flex_layout] layout_flex: node=NodeKey(13968196818777931794), flex_items.len()=2
[2026-01-11T20:04:39Z ERROR css_core::box_tree::constraint_block_layout] layout_block ENTRY: node=NodeKey(13968196818777931796)
[2026-01-11T20:04:39Z ERROR css_core::box_tree::constraint_block_layout] Checking flex: node=NodeKey(13968196818777931796), display=Flex
[2026-01-11T20:04:39Z ERROR css_core::box_tree::constraint_block_layout] IS FLEX!
[2026-01-11T20:04:39Z ERROR css_core::box_tree::constraint_block_layout::flex_layout] layout_flex: node=NodeKey(13968196818777931796), children.len()=1
[2026-01-11T20:04:39Z ERROR css_core::box_tree::constraint_block_layout::flex_layout] layout_flex: node=NodeKey(13968196818777931796), flex_items.len()=1
[2026-01-11T20:04:39Z ERROR css_core::box_tree::constraint_block_layout] INSERTING FLEX CONTAINER in layout_block: node=NodeKey(13968196818777931796), inline_size=32.78125, is_measurement=false
[2026-01-11T20:04:39Z ERROR css_core::box_tree::constraint_block_layout] layout_block ENTRY: node=NodeKey(13968196818777931799)
[2026-01-11T20:04:39Z ERROR css_core::box_tree::constraint_block_layout] Checking flex: node=NodeKey(13968196818777931799), display=InlineBlock
[2026-01-11T20:04:39Z ERROR css_core::box_tree::constraint_block_layout] INSERTING FLEX CONTAINER in layout_block: node=NodeKey(13968196818777931794), inline_size=288, is_measurement=false
[2026-01-11T20:04:39Z ERROR css_core::box_tree::constraint_block_layout] layout_block ENTRY: node=NodeKey(13968196818777931802)
[2026-01-11T20:04:39Z ERROR css_core::box_tree::constraint_block_layout] Checking flex: node=NodeKey(13968196818777931802), display=Flex
[2026-01-11T20:04:39Z ERROR css_core::box_tree::constraint_block_layout] IS FLEX!
[2026-01-11T20:04:39Z ERROR css_core::box_tree::constraint_block_layout::flex_layout] layout_flex: node=NodeKey(13968196818777931802), children.len()=5
[2026-01-11T20:04:39Z ERROR css_core::box_tree::constraint_block_layout] layout_block ENTRY: node=NodeKey(13968196818777931804)
[2026-01-11T20:04:39Z ERROR css_core::box_tree::constraint_block_layout] Checking flex: node=NodeKey(13968196818777931804), display=InlineBlock
[2026-01-11T20:04:39Z ERROR css_core::box_tree::constraint_block_layout] layout_block ENTRY: node=NodeKey(13968196818777931806)
[2026-01-11T20:04:39Z ERROR css_core::box_tree::constraint_block_layout] Checking flex: node=NodeKey(13968196818777931806), display=Flex
[2026-01-11T20:04:39Z ERROR css_core::box_tree::constraint_block_layout] IS FLEX!
[2026-01-11T20:04:39Z ERROR css_core::box_tree::constraint_block_layout::flex_layout] layout_flex: node=NodeKey(13968196818777931806), children.len()=1
[2026-01-11T20:04:39Z ERROR css_core::box_tree::constraint_block_layout::flex_layout] layout_flex: node=NodeKey(13968196818777931806), flex_items.len()=1
[2026-01-11T20:04:39Z ERROR css_core::box_tree::constraint_block_layout] INSERTING FLEX CONTAINER in layout_block: node=NodeKey(13968196818777931806), inline_size=122.4668, is_measurement=true
[2026-01-11T20:04:39Z ERROR css_core::box_tree::constraint_block_layout::flex_layout] layout_flex: node=NodeKey(13968196818777931802), flex_items.len()=2
[2026-01-11T20:04:39Z ERROR css_core::box_tree::constraint_block_layout] layout_block ENTRY: node=NodeKey(13968196818777931804)
[2026-01-11T20:04:39Z ERROR css_core::box_tree::constraint_block_layout] Checking flex: node=NodeKey(13968196818777931804), display=InlineBlock
[2026-01-11T20:04:39Z ERROR css_core::box_tree::constraint_block_layout] layout_block ENTRY: node=NodeKey(13968196818777931806)
[2026-01-11T20:04:39Z ERROR css_core::box_tree::constraint_block_layout] Checking flex: node=NodeKey(13968196818777931806), display=Flex
[2026-01-11T20:04:39Z ERROR css_core::box_tree::constraint_block_layout] IS FLEX!
[2026-01-11T20:04:39Z ERROR css_core::box_tree::constraint_block_layout::flex_layout] layout_flex: node=NodeKey(13968196818777931806), children.len()=1
[2026-01-11T20:04:39Z ERROR css_core::box_tree::constraint_block_layout::flex_layout] layout_flex: node=NodeKey(13968196818777931806), flex_items.len()=1
[2026-01-11T20:04:39Z ERROR css_core::box_tree::constraint_block_layout] INSERTING FLEX CONTAINER in layout_block: node=NodeKey(13968196818777931806), inline_size=122.46875, is_measurement=false
[2026-01-11T20:04:39Z ERROR css_core::box_tree::constraint_block_layout] INSERTING FLEX CONTAINER in layout_block: node=NodeKey(13968196818777931802), inline_size=288, is_measurement=false
[2026-01-11T20:04:39Z ERROR css_core::box_tree::constraint_block_layout] layout_block ENTRY: node=NodeKey(13968196818777931810)
[2026-01-11T20:04:39Z ERROR css_core::box_tree::constraint_block_layout] Checking flex: node=NodeKey(13968196818777931810), display=Flex
[2026-01-11T20:04:39Z ERROR css_core::box_tree::constraint_block_layout] IS FLEX!
[2026-01-11T20:04:39Z ERROR css_core::box_tree::constraint_block_layout::flex_layout] layout_flex: node=NodeKey(13968196818777931810), children.len()=7
[2026-01-11T20:04:39Z ERROR css_core::box_tree::constraint_block_layout] layout_block ENTRY: node=NodeKey(13968196818777931812)
[2026-01-11T20:04:39Z ERROR css_core::box_tree::constraint_block_layout] Checking flex: node=NodeKey(13968196818777931812), display=Flex
[2026-01-11T20:04:39Z ERROR css_core::box_tree::constraint_block_layout] IS FLEX!
[2026-01-11T20:04:39Z ERROR css_core::box_tree::constraint_block_layout::flex_layout] layout_flex: node=NodeKey(13968196818777931812), children.len()=1
[2026-01-11T20:04:39Z ERROR css_core::box_tree::constraint_block_layout::flex_layout] layout_flex: node=NodeKey(13968196818777931812), flex_items.len()=1
[2026-01-11T20:04:39Z ERROR css_core::box_tree::constraint_block_layout] INSERTING FLEX CONTAINER in layout_block: node=NodeKey(13968196818777931812), inline_size=67.02051, is_measurement=true
[2026-01-11T20:04:39Z ERROR css_core::box_tree::constraint_block_layout] layout_block ENTRY: node=NodeKey(13968196818777931815)
[2026-01-11T20:04:39Z ERROR css_core::box_tree::constraint_block_layout] Checking flex: node=NodeKey(13968196818777931815), display=InlineBlock
[2026-01-11T20:04:39Z ERROR css_core::box_tree::constraint_block_layout] layout_block ENTRY: node=NodeKey(13968196818777931817)
[2026-01-11T20:04:39Z ERROR css_core::box_tree::constraint_block_layout] Checking flex: node=NodeKey(13968196818777931817), display=Flex
[2026-01-11T20:04:39Z ERROR css_core::box_tree::constraint_block_layout] IS FLEX!
[2026-01-11T20:04:39Z ERROR css_core::box_tree::constraint_block_layout::flex_layout] layout_flex: node=NodeKey(13968196818777931817), children.len()=1
[2026-01-11T20:04:39Z ERROR css_core::box_tree::constraint_block_layout::flex_layout] layout_flex: node=NodeKey(13968196818777931817), flex_items.len()=1
[2026-01-11T20:04:39Z ERROR css_core::box_tree::constraint_block_layout] INSERTING FLEX CONTAINER in layout_block: node=NodeKey(13968196818777931817), inline_size=55.33789, is_measurement=true
[2026-01-11T20:04:39Z ERROR css_core::box_tree::constraint_block_layout::flex_layout] layout_flex: node=NodeKey(13968196818777931810), flex_items.len()=3
[2026-01-11T20:04:39Z ERROR css_core::box_tree::constraint_block_layout] layout_block ENTRY: node=NodeKey(13968196818777931812)
[2026-01-11T20:04:39Z ERROR css_core::box_tree::constraint_block_layout] Checking flex: node=NodeKey(13968196818777931812), display=Flex
[2026-01-11T20:04:39Z ERROR css_core::box_tree::constraint_block_layout] IS FLEX!
[2026-01-11T20:04:39Z ERROR css_core::box_tree::constraint_block_layout::flex_layout] layout_flex: node=NodeKey(13968196818777931812), children.len()=1
[2026-01-11T20:04:39Z ERROR css_core::box_tree::constraint_block_layout::flex_layout] layout_flex: node=NodeKey(13968196818777931812), flex_items.len()=1
[2026-01-11T20:04:39Z ERROR css_core::box_tree::constraint_block_layout] INSERTING FLEX CONTAINER in layout_block: node=NodeKey(13968196818777931812), inline_size=67.015625, is_measurement=false
[2026-01-11T20:04:39Z ERROR css_core::box_tree::constraint_block_layout] layout_block ENTRY: node=NodeKey(13968196818777931815)
[2026-01-11T20:04:39Z ERROR css_core::box_tree::constraint_block_layout] Checking flex: node=NodeKey(13968196818777931815), display=InlineBlock
[2026-01-11T20:04:39Z ERROR css_core::box_tree::constraint_block_layout] layout_block ENTRY: node=NodeKey(13968196818777931817)
[2026-01-11T20:04:39Z ERROR css_core::box_tree::constraint_block_layout] Checking flex: node=NodeKey(13968196818777931817), display=Flex
[2026-01-11T20:04:39Z ERROR css_core::box_tree::constraint_block_layout] IS FLEX!
[2026-01-11T20:04:39Z ERROR css_core::box_tree::constraint_block_layout::flex_layout] layout_flex: node=NodeKey(13968196818777931817), children.len()=1
[2026-01-11T20:04:39Z ERROR css_core::box_tree::constraint_block_layout::flex_layout] layout_flex: node=NodeKey(13968196818777931817), flex_items.len()=1
[2026-01-11T20:04:39Z ERROR css_core::box_tree::constraint_block_layout] INSERTING FLEX CONTAINER in layout_block: node=NodeKey(13968196818777931817), inline_size=55.34375, is_measurement=false
[2026-01-11T20:04:39Z ERROR css_core::box_tree::constraint_block_layout] INSERTING FLEX CONTAINER in layout_block: node=NodeKey(13968196818777931810), inline_size=288, is_measurement=false
[2026-01-11T20:04:39Z ERROR css_core::box_tree::constraint_block_layout] layout_block ENTRY: node=NodeKey(13968196818777931821)
[2026-01-11T20:04:39Z ERROR css_core::box_tree::constraint_block_layout] Checking flex: node=NodeKey(13968196818777931821), display=Block
[2026-01-11T20:04:39Z ERROR css_core::box_tree::constraint_block_layout] layout_block ENTRY: node=NodeKey(13968196818777931823)
[2026-01-11T20:04:39Z ERROR css_core::box_tree::constraint_block_layout] Checking flex: node=NodeKey(13968196818777931823), display=Inline
[2026-01-11T20:04:39Z ERROR css_core::box_tree::constraint_block_layout] layout_block ENTRY: node=NodeKey(13968196818777931825)
[2026-01-11T20:04:39Z ERROR css_core::box_tree::constraint_block_layout] Checking flex: node=NodeKey(13968196818777931825), display=InlineBlock
[2026-01-11T20:04:39Z ERROR css_core::box_tree::constraint_block_layout] INSERTING FLEX CONTAINER in layout_block: node=NodeKey(13968196818777931792), inline_size=320, is_measurement=false
[2026-01-11T20:04:39Z ERROR page_handler::core::incremental_layout] LAYOUT TREE COMPLETE - generation 1, total results: 26
[2026-01-11T20:04:39Z ERROR page_handler::core::incremental_layout] RUNNING LAYOUT TREE - generation 1
[2026-01-11T20:04:39Z ERROR css_core::box_tree::constraint_block_layout] layout_block ENTRY: node=NodeKey(9739035293700325378)
[2026-01-11T20:04:39Z ERROR css_core::box_tree::constraint_block_layout] Checking flex: node=NodeKey(9739035293700325378), display=Block
[2026-01-11T20:04:39Z ERROR css_core::box_tree::constraint_block_layout] layout_block ENTRY: node=NodeKey(9739035293700325390)
[2026-01-11T20:04:39Z ERROR css_core::box_tree::constraint_block_layout] Checking flex: node=NodeKey(9739035293700325390), display=Block
[2026-01-11T20:04:39Z ERROR css_core::box_tree::constraint_block_layout] layout_block ENTRY: node=NodeKey(9739035293700325392)
[2026-01-11T20:04:39Z ERROR css_core::box_tree::constraint_block_layout] Checking flex: node=NodeKey(9739035293700325392), display=Flex
[2026-01-11T20:04:39Z ERROR css_core::box_tree::constraint_block_layout] IS FLEX!
[2026-01-11T20:04:39Z ERROR css_core::box_tree::constraint_block_layout::flex_layout] layout_flex: node=NodeKey(9739035293700325392), children.len()=11
[2026-01-11T20:04:39Z ERROR css_core::box_tree::constraint_block_layout] layout_block ENTRY: node=NodeKey(9739035293700325394)
[2026-01-11T20:04:39Z ERROR css_core::box_tree::constraint_block_layout] Checking flex: node=NodeKey(9739035293700325394), display=Block
[2026-01-11T20:04:39Z ERROR css_core::box_tree::constraint_block_layout] layout_block ENTRY: node=NodeKey(9739035293700325396)
[2026-01-11T20:04:39Z ERROR css_core::box_tree::constraint_block_layout] Checking flex: node=NodeKey(9739035293700325396), display=Block
[2026-01-11T20:04:39Z ERROR css_core::box_tree::constraint_block_layout] layout_block ENTRY: node=NodeKey(9739035293700325399)
[2026-01-11T20:04:39Z ERROR css_core::box_tree::constraint_block_layout] Checking flex: node=NodeKey(9739035293700325399), display=Block
[2026-01-11T20:04:39Z ERROR css_core::box_tree::constraint_block_layout] layout_block ENTRY: node=NodeKey(9739035293700325402)
[2026-01-11T20:04:39Z ERROR css_core::box_tree::constraint_block_layout] Checking flex: node=NodeKey(9739035293700325402), display=Block
[2026-01-11T20:04:39Z ERROR css_core::box_tree::constraint_block_layout] layout_block ENTRY: node=NodeKey(9739035293700325404)
[2026-01-11T20:04:39Z ERROR css_core::box_tree::constraint_block_layout] Checking flex: node=NodeKey(9739035293700325404), display=Block
[2026-01-11T20:04:39Z ERROR css_core::box_tree::constraint_block_layout] layout_block ENTRY: node=NodeKey(9739035293700325407)
[2026-01-11T20:04:39Z ERROR css_core::box_tree::constraint_block_layout] Checking flex: node=NodeKey(9739035293700325407), display=Block
[2026-01-11T20:04:39Z ERROR css_core::box_tree::constraint_block_layout] layout_block ENTRY: node=NodeKey(9739035293700325409)
[2026-01-11T20:04:39Z ERROR css_core::box_tree::constraint_block_layout] Checking flex: node=NodeKey(9739035293700325409), display=Block
[2026-01-11T20:04:39Z ERROR css_core::box_tree::constraint_block_layout] layout_block ENTRY: node=NodeKey(9739035293700325413)
[2026-01-11T20:04:39Z ERROR css_core::box_tree::constraint_block_layout] Checking flex: node=NodeKey(9739035293700325413), display=Block
[2026-01-11T20:04:39Z ERROR css_core::box_tree::constraint_block_layout] layout_block ENTRY: node=NodeKey(9739035293700325415)
[2026-01-11T20:04:39Z ERROR css_core::box_tree::constraint_block_layout] Checking flex: node=NodeKey(9739035293700325415), display=Block
[2026-01-11T20:04:39Z ERROR css_core::box_tree::constraint_block_layout] layout_block ENTRY: node=NodeKey(9739035293700325418)
[2026-01-11T20:04:39Z ERROR css_core::box_tree::constraint_block_layout] Checking flex: node=NodeKey(9739035293700325418), display=Block
[2026-01-11T20:04:39Z ERROR css_core::box_tree::constraint_block_layout] layout_block ENTRY: node=NodeKey(9739035293700325420)
[2026-01-11T20:04:39Z ERROR css_core::box_tree::constraint_block_layout] Checking flex: node=NodeKey(9739035293700325420), display=Block
[2026-01-11T20:04:39Z ERROR css_core::box_tree::constraint_block_layout] layout_block ENTRY: node=NodeKey(9739035293700325424)
[2026-01-11T20:04:39Z ERROR css_core::box_tree::constraint_block_layout] Checking flex: node=NodeKey(9739035293700325424), display=Block
[2026-01-11T20:04:39Z ERROR css_core::box_tree::constraint_block_layout] layout_block ENTRY: node=NodeKey(9739035293700325426)
[2026-01-11T20:04:39Z ERROR css_core::box_tree::constraint_block_layout] Checking flex: node=NodeKey(9739035293700325426), display=Block
[2026-01-11T20:04:39Z ERROR css_core::box_tree::constraint_block_layout] layout_block ENTRY: node=NodeKey(9739035293700325429)
[2026-01-11T20:04:39Z ERROR css_core::box_tree::constraint_block_layout] Checking flex: node=NodeKey(9739035293700325429), display=Block
[2026-01-11T20:04:39Z ERROR css_core::box_tree::constraint_block_layout] layout_block ENTRY: node=NodeKey(9739035293700325432)
[2026-01-11T20:04:39Z ERROR css_core::box_tree::constraint_block_layout] Checking flex: node=NodeKey(9739035293700325432), display=Flex
[2026-01-11T20:04:39Z ERROR css_core::box_tree::constraint_block_layout] IS FLEX!
[2026-01-11T20:04:39Z ERROR css_core::box_tree::constraint_block_layout::flex_layout] layout_flex: node=NodeKey(9739035293700325432), children.len()=5
[2026-01-11T20:04:39Z ERROR css_core::box_tree::constraint_block_layout] layout_block ENTRY: node=NodeKey(9739035293700325434)
[2026-01-11T20:04:39Z ERROR css_core::box_tree::constraint_block_layout] Checking flex: node=NodeKey(9739035293700325434), display=Block
[2026-01-11T20:04:39Z ERROR css_core::box_tree::constraint_block_layout] layout_block ENTRY: node=NodeKey(9739035293700325436)
[2026-01-11T20:04:39Z ERROR css_core::box_tree::constraint_block_layout] Checking flex: node=NodeKey(9739035293700325436), display=Block
[2026-01-11T20:04:39Z ERROR css_core::box_tree::constraint_block_layout::flex_layout] layout_flex: node=NodeKey(9739035293700325432), flex_items.len()=2
[2026-01-11T20:04:39Z ERROR css_core::box_tree::constraint_block_layout] layout_block ENTRY: node=NodeKey(9739035293700325434)
[2026-01-11T20:04:39Z ERROR css_core::box_tree::constraint_block_layout] Checking flex: node=NodeKey(9739035293700325434), display=Block
[2026-01-11T20:04:39Z ERROR css_core::box_tree::constraint_block_layout] layout_block ENTRY: node=NodeKey(9739035293700325436)
[2026-01-11T20:04:39Z ERROR css_core::box_tree::constraint_block_layout] Checking flex: node=NodeKey(9739035293700325436), display=Block
[2026-01-11T20:04:39Z ERROR css_core::box_tree::constraint_block_layout] INSERTING FLEX CONTAINER in layout_block: node=NodeKey(9739035293700325432), inline_size=288, is_measurement=true
[2026-01-11T20:04:39Z ERROR css_core::box_tree::constraint_block_layout::flex_layout] layout_flex: node=NodeKey(9739035293700325392), flex_items.len()=5
[2026-01-11T20:04:39Z ERROR css_core::box_tree::constraint_block_layout] layout_block ENTRY: node=NodeKey(9739035293700325394)
[2026-01-11T20:04:39Z ERROR css_core::box_tree::constraint_block_layout] Checking flex: node=NodeKey(9739035293700325394), display=Block
[2026-01-11T20:04:39Z ERROR css_core::box_tree::constraint_block_layout] layout_block ENTRY: node=NodeKey(9739035293700325396)
[2026-01-11T20:04:39Z ERROR css_core::box_tree::constraint_block_layout] Checking flex: node=NodeKey(9739035293700325396), display=Block
[2026-01-11T20:04:39Z ERROR css_core::box_tree::constraint_block_layout] layout_block ENTRY: node=NodeKey(9739035293700325399)
[2026-01-11T20:04:39Z ERROR css_core::box_tree::constraint_block_layout] Checking flex: node=NodeKey(9739035293700325399), display=Block
[2026-01-11T20:04:39Z ERROR css_core::box_tree::constraint_block_layout] layout_block ENTRY: node=NodeKey(9739035293700325402)
[2026-01-11T20:04:39Z ERROR css_core::box_tree::constraint_block_layout] Checking flex: node=NodeKey(9739035293700325402), display=Block
[2026-01-11T20:04:39Z ERROR css_core::box_tree::constraint_block_layout] layout_block ENTRY: node=NodeKey(9739035293700325404)
[2026-01-11T20:04:39Z ERROR css_core::box_tree::constraint_block_layout] Checking flex: node=NodeKey(9739035293700325404), display=Block
[2026-01-11T20:04:39Z ERROR css_core::box_tree::constraint_block_layout] layout_block ENTRY: node=NodeKey(9739035293700325407)
[2026-01-11T20:04:39Z ERROR css_core::box_tree::constraint_block_layout] Checking flex: node=NodeKey(9739035293700325407), display=Block
[2026-01-11T20:04:39Z ERROR css_core::box_tree::constraint_block_layout] layout_block ENTRY: node=NodeKey(9739035293700325409)
[2026-01-11T20:04:39Z ERROR css_core::box_tree::constraint_block_layout] Checking flex: node=NodeKey(9739035293700325409), display=Block
[2026-01-11T20:04:39Z ERROR css_core::box_tree::constraint_block_layout] layout_block ENTRY: node=NodeKey(9739035293700325413)
[2026-01-11T20:04:39Z ERROR css_core::box_tree::constraint_block_layout] Checking flex: node=NodeKey(9739035293700325413), display=Block
[2026-01-11T20:04:39Z ERROR css_core::box_tree::constraint_block_layout] layout_block ENTRY: node=NodeKey(9739035293700325415)
[2026-01-11T20:04:39Z ERROR css_core::box_tree::constraint_block_layout] Checking flex: node=NodeKey(9739035293700325415), display=Block
[2026-01-11T20:04:39Z ERROR css_core::box_tree::constraint_block_layout] layout_block ENTRY: node=NodeKey(9739035293700325418)
[2026-01-11T20:04:39Z ERROR css_core::box_tree::constraint_block_layout] Checking flex: node=NodeKey(9739035293700325418), display=Block
[2026-01-11T20:04:39Z ERROR css_core::box_tree::constraint_block_layout] layout_block ENTRY: node=NodeKey(9739035293700325420)
[2026-01-11T20:04:39Z ERROR css_core::box_tree::constraint_block_layout] Checking flex: node=NodeKey(9739035293700325420), display=Block
[2026-01-11T20:04:39Z ERROR css_core::box_tree::constraint_block_layout] layout_block ENTRY: node=NodeKey(9739035293700325424)
[2026-01-11T20:04:39Z ERROR css_core::box_tree::constraint_block_layout] Checking flex: node=NodeKey(9739035293700325424), display=Block
[2026-01-11T20:04:39Z ERROR css_core::box_tree::constraint_block_layout] layout_block ENTRY: node=NodeKey(9739035293700325426)
[2026-01-11T20:04:39Z ERROR css_core::box_tree::constraint_block_layout] Checking flex: node=NodeKey(9739035293700325426), display=Block
[2026-01-11T20:04:39Z ERROR css_core::box_tree::constraint_block_layout] layout_block ENTRY: node=NodeKey(9739035293700325429)
[2026-01-11T20:04:39Z ERROR css_core::box_tree::constraint_block_layout] Checking flex: node=NodeKey(9739035293700325429), display=Block
[2026-01-11T20:04:39Z ERROR css_core::box_tree::constraint_block_layout] layout_block ENTRY: node=NodeKey(9739035293700325432)
[2026-01-11T20:04:39Z ERROR css_core::box_tree::constraint_block_layout] Checking flex: node=NodeKey(9739035293700325432), display=Flex
[2026-01-11T20:04:39Z ERROR css_core::box_tree::constraint_block_layout] IS FLEX!
[2026-01-11T20:04:39Z ERROR css_core::box_tree::constraint_block_layout::flex_layout] layout_flex: node=NodeKey(9739035293700325432), children.len()=5
[2026-01-11T20:04:39Z ERROR css_core::box_tree::constraint_block_layout] layout_block ENTRY: node=NodeKey(9739035293700325434)
[2026-01-11T20:04:39Z ERROR css_core::box_tree::constraint_block_layout] Checking flex: node=NodeKey(9739035293700325434), display=Block
[2026-01-11T20:04:39Z ERROR css_core::box_tree::constraint_block_layout] layout_block ENTRY: node=NodeKey(9739035293700325436)
[2026-01-11T20:04:39Z ERROR css_core::box_tree::constraint_block_layout] Checking flex: node=NodeKey(9739035293700325436), display=Block
[2026-01-11T20:04:39Z ERROR css_core::box_tree::constraint_block_layout::flex_layout] layout_flex: node=NodeKey(9739035293700325432), flex_items.len()=2
[2026-01-11T20:04:39Z ERROR css_core::box_tree::constraint_block_layout] layout_block ENTRY: node=NodeKey(9739035293700325434)
[2026-01-11T20:04:39Z ERROR css_core::box_tree::constraint_block_layout] Checking flex: node=NodeKey(9739035293700325434), display=Block
[2026-01-11T20:04:39Z ERROR css_core::box_tree::constraint_block_layout] layout_block ENTRY: node=NodeKey(9739035293700325436)
[2026-01-11T20:04:39Z ERROR css_core::box_tree::constraint_block_layout] Checking flex: node=NodeKey(9739035293700325436), display=Block
[2026-01-11T20:04:39Z ERROR css_core::box_tree::constraint_block_layout] INSERTING FLEX CONTAINER in layout_block: node=NodeKey(9739035293700325432), inline_size=288, is_measurement=false
[2026-01-11T20:04:39Z ERROR css_core::box_tree::constraint_block_layout] INSERTING FLEX CONTAINER in layout_block: node=NodeKey(9739035293700325392), inline_size=320, is_measurement=false
[2026-01-11T20:04:39Z ERROR page_handler::core::incremental_layout] LAYOUT TREE COMPLETE - generation 1, total results: 43
[2026-01-11T20:04:39Z ERROR page_handler::core::incremental_layout] RUNNING LAYOUT TREE - generation 1
[2026-01-11T20:04:39Z ERROR css_core::box_tree::constraint_block_layout] layout_block ENTRY: node=NodeKey(17366162737628971010)
[2026-01-11T20:04:39Z ERROR css_core::box_tree::constraint_block_layout] Checking flex: node=NodeKey(17366162737628971010), display=Block
[2026-01-11T20:04:39Z ERROR css_core::box_tree::constraint_block_layout] layout_block ENTRY: node=NodeKey(17366162737628971022)
[2026-01-11T20:04:39Z ERROR css_core::box_tree::constraint_block_layout] Checking flex: node=NodeKey(17366162737628971022), display=Block
[2026-01-11T20:04:39Z ERROR css_core::box_tree::constraint_block_layout] layout_block ENTRY: node=NodeKey(17366162737628971024)
[2026-01-11T20:04:39Z ERROR css_core::box_tree::constraint_block_layout] Checking flex: node=NodeKey(17366162737628971024), display=Flex
[2026-01-11T20:04:39Z ERROR css_core::box_tree::constraint_block_layout] IS FLEX!
[2026-01-11T20:04:39Z ERROR css_core::box_tree::constraint_block_layout::flex_layout] layout_flex: node=NodeKey(17366162737628971024), children.len()=5
[2026-01-11T20:04:39Z ERROR css_core::box_tree::constraint_block_layout] layout_block ENTRY: node=NodeKey(17366162737628971026)
[2026-01-11T20:04:39Z ERROR css_core::box_tree::constraint_block_layout] Checking flex: node=NodeKey(17366162737628971026), display=InlineFlex
[2026-01-11T20:04:39Z ERROR css_core::box_tree::constraint_block_layout] IS FLEX!
[2026-01-11T20:04:39Z ERROR css_core::box_tree::constraint_block_layout::flex_layout] layout_flex: node=NodeKey(17366162737628971026), children.len()=7
[2026-01-11T20:04:39Z ERROR css_core::box_tree::constraint_block_layout] layout_block ENTRY: node=NodeKey(17366162737628971028)
[2026-01-11T20:04:39Z ERROR css_core::box_tree::constraint_block_layout] Checking flex: node=NodeKey(17366162737628971028), display=InlineFlex
[2026-01-11T20:04:39Z ERROR css_core::box_tree::constraint_block_layout] IS FLEX!
[2026-01-11T20:04:39Z ERROR css_core::box_tree::constraint_block_layout::flex_layout] layout_flex: node=NodeKey(17366162737628971028), children.len()=1
[2026-01-11T20:04:39Z ERROR css_core::box_tree::constraint_block_layout::flex_layout] layout_flex: node=NodeKey(17366162737628971028), flex_items.len()=1
[2026-01-11T20:04:39Z ERROR css_core::box_tree::constraint_block_layout] INSERTING FLEX CONTAINER in layout_block: node=NodeKey(17366162737628971028), inline_size=56.351563, is_measurement=true
[2026-01-11T20:04:39Z ERROR css_core::box_tree::constraint_block_layout] layout_block ENTRY: node=NodeKey(17366162737628971031)
[2026-01-11T20:04:39Z ERROR css_core::box_tree::constraint_block_layout] Checking flex: node=NodeKey(17366162737628971031), display=InlineFlex
[2026-01-11T20:04:39Z ERROR css_core::box_tree::constraint_block_layout] IS FLEX!
[2026-01-11T20:04:39Z ERROR css_core::box_tree::constraint_block_layout::flex_layout] layout_flex: node=NodeKey(17366162737628971031), children.len()=1
[2026-01-11T20:04:39Z ERROR css_core::box_tree::constraint_block_layout::flex_layout] layout_flex: node=NodeKey(17366162737628971031), flex_items.len()=1
[2026-01-11T20:04:39Z ERROR css_core::box_tree::constraint_block_layout] INSERTING FLEX CONTAINER in layout_block: node=NodeKey(17366162737628971031), inline_size=75.02051, is_measurement=true
[2026-01-11T20:04:39Z ERROR css_core::box_tree::constraint_block_layout] layout_block ENTRY: node=NodeKey(17366162737628971034)
[2026-01-11T20:04:39Z ERROR css_core::box_tree::constraint_block_layout] Checking flex: node=NodeKey(17366162737628971034), display=InlineFlex
[2026-01-11T20:04:39Z ERROR css_core::box_tree::constraint_block_layout] IS FLEX!
[2026-01-11T20:04:39Z ERROR css_core::box_tree::constraint_block_layout::flex_layout] layout_flex: node=NodeKey(17366162737628971034), children.len()=1
[2026-01-11T20:04:39Z ERROR css_core::box_tree::constraint_block_layout::flex_layout] layout_flex: node=NodeKey(17366162737628971034), flex_items.len()=1
[2026-01-11T20:04:39Z ERROR css_core::box_tree::constraint_block_layout] INSERTING FLEX CONTAINER in layout_block: node=NodeKey(17366162737628971034), inline_size=64.68262, is_measurement=true
[2026-01-11T20:04:39Z ERROR css_core::box_tree::constraint_block_layout::flex_layout] layout_flex: node=NodeKey(17366162737628971026), flex_items.len()=3
[2026-01-11T20:04:39Z ERROR css_core::box_tree::constraint_block_layout] layout_block ENTRY: node=NodeKey(17366162737628971028)
[2026-01-11T20:04:39Z ERROR css_core::box_tree::constraint_block_layout] Checking flex: node=NodeKey(17366162737628971028), display=InlineFlex
[2026-01-11T20:04:39Z ERROR css_core::box_tree::constraint_block_layout] IS FLEX!
[2026-01-11T20:04:39Z ERROR css_core::box_tree::constraint_block_layout::flex_layout] layout_flex: node=NodeKey(17366162737628971028), children.len()=1
[2026-01-11T20:04:39Z ERROR css_core::box_tree::constraint_block_layout::flex_layout] layout_flex: node=NodeKey(17366162737628971028), flex_items.len()=1
[2026-01-11T20:04:39Z ERROR css_core::box_tree::constraint_block_layout] INSERTING FLEX CONTAINER in layout_block: node=NodeKey(17366162737628971028), inline_size=56.359375, is_measurement=false
[2026-01-11T20:04:39Z ERROR css_core::box_tree::constraint_block_layout] layout_block ENTRY: node=NodeKey(17366162737628971031)
[2026-01-11T20:04:39Z ERROR css_core::box_tree::constraint_block_layout] Checking flex: node=NodeKey(17366162737628971031), display=InlineFlex
[2026-01-11T20:04:39Z ERROR css_core::box_tree::constraint_block_layout] IS FLEX!
[2026-01-11T20:04:39Z ERROR css_core::box_tree::constraint_block_layout::flex_layout] layout_flex: node=NodeKey(17366162737628971031), children.len()=1
[2026-01-11T20:04:39Z ERROR css_core::box_tree::constraint_block_layout::flex_layout] layout_flex: node=NodeKey(17366162737628971031), flex_items.len()=1
[2026-01-11T20:04:39Z ERROR css_core::box_tree::constraint_block_layout] INSERTING FLEX CONTAINER in layout_block: node=NodeKey(17366162737628971031), inline_size=75.015625, is_measurement=false
[2026-01-11T20:04:39Z ERROR css_core::box_tree::constraint_block_layout] layout_block ENTRY: node=NodeKey(17366162737628971034)
[2026-01-11T20:04:39Z ERROR css_core::box_tree::constraint_block_layout] Checking flex: node=NodeKey(17366162737628971034), display=InlineFlex
[2026-01-11T20:04:39Z ERROR css_core::box_tree::constraint_block_layout] IS FLEX!
[2026-01-11T20:04:39Z ERROR css_core::box_tree::constraint_block_layout::flex_layout] layout_flex: node=NodeKey(17366162737628971034), children.len()=1
[2026-01-11T20:04:39Z ERROR css_core::box_tree::constraint_block_layout::flex_layout] layout_flex: node=NodeKey(17366162737628971034), flex_items.len()=1
[2026-01-11T20:04:39Z ERROR css_core::box_tree::constraint_block_layout] INSERTING FLEX CONTAINER in layout_block: node=NodeKey(17366162737628971034), inline_size=64.6875, is_measurement=false
[2026-01-11T20:04:39Z ERROR css_core::box_tree::constraint_block_layout] INSERTING FLEX CONTAINER in layout_block: node=NodeKey(17366162737628971026), inline_size=768, is_measurement=true
[2026-01-11T20:04:39Z ERROR css_core::box_tree::constraint_block_layout] layout_block ENTRY: node=NodeKey(17366162737628971038)
[2026-01-11T20:04:39Z ERROR css_core::box_tree::constraint_block_layout] Checking flex: node=NodeKey(17366162737628971038), display=InlineFlex
[2026-01-11T20:04:39Z ERROR css_core::box_tree::constraint_block_layout] IS FLEX!
[2026-01-11T20:04:39Z ERROR css_core::box_tree::constraint_block_layout::flex_layout] layout_flex: node=NodeKey(17366162737628971038), children.len()=9
[2026-01-11T20:04:39Z ERROR css_core::box_tree::constraint_block_layout] layout_block ENTRY: node=NodeKey(17366162737628971040)
[2026-01-11T20:04:39Z ERROR css_core::box_tree::constraint_block_layout] Checking flex: node=NodeKey(17366162737628971040), display=InlineFlex
[2026-01-11T20:04:39Z ERROR css_core::box_tree::constraint_block_layout] IS FLEX!
[2026-01-11T20:04:39Z ERROR css_core::box_tree::constraint_block_layout::flex_layout] layout_flex: node=NodeKey(17366162737628971040), children.len()=1
[2026-01-11T20:04:39Z ERROR css_core::box_tree::constraint_block_layout::flex_layout] layout_flex: node=NodeKey(17366162737628971040), flex_items.len()=1
[2026-01-11T20:04:39Z ERROR css_core::box_tree::constraint_block_layout] INSERTING FLEX CONTAINER in layout_block: node=NodeKey(17366162737628971040), inline_size=58.896484, is_measurement=true
[2026-01-11T20:04:39Z ERROR css_core::box_tree::constraint_block_layout] layout_block ENTRY: node=NodeKey(17366162737628971043)
[2026-01-11T20:04:39Z ERROR css_core::box_tree::constraint_block_layout] Checking flex: node=NodeKey(17366162737628971043), display=InlineFlex
[2026-01-11T20:04:39Z ERROR css_core::box_tree::constraint_block_layout] IS FLEX!
[2026-01-11T20:04:39Z ERROR css_core::box_tree::constraint_block_layout::flex_layout] layout_flex: node=NodeKey(17366162737628971043), children.len()=1
[2026-01-11T20:04:39Z ERROR css_core::box_tree::constraint_block_layout::flex_layout] layout_flex: node=NodeKey(17366162737628971043), flex_items.len()=1
[2026-01-11T20:04:39Z ERROR css_core::box_tree::constraint_block_layout] INSERTING FLEX CONTAINER in layout_block: node=NodeKey(17366162737628971043), inline_size=69.5332, is_measurement=true
[2026-01-11T20:04:39Z ERROR css_core::box_tree::constraint_block_layout] layout_block ENTRY: node=NodeKey(17366162737628971046)
[2026-01-11T20:04:39Z ERROR css_core::box_tree::constraint_block_layout] Checking flex: node=NodeKey(17366162737628971046), display=InlineFlex
[2026-01-11T20:04:39Z ERROR css_core::box_tree::constraint_block_layout] IS FLEX!
[2026-01-11T20:04:39Z ERROR css_core::box_tree::constraint_block_layout::flex_layout] layout_flex: node=NodeKey(17366162737628971046), children.len()=1
[2026-01-11T20:04:39Z ERROR css_core::box_tree::constraint_block_layout::flex_layout] layout_flex: node=NodeKey(17366162737628971046), flex_items.len()=1
[2026-01-11T20:04:39Z ERROR css_core::box_tree::constraint_block_layout] INSERTING FLEX CONTAINER in layout_block: node=NodeKey(17366162737628971046), inline_size=72.91016, is_measurement=true
[2026-01-11T20:04:39Z ERROR css_core::box_tree::constraint_block_layout] layout_block ENTRY: node=NodeKey(17366162737628971049)
[2026-01-11T20:04:39Z ERROR css_core::box_tree::constraint_block_layout] Checking flex: node=NodeKey(17366162737628971049), display=InlineFlex
[2026-01-11T20:04:39Z ERROR css_core::box_tree::constraint_block_layout] IS FLEX!
[2026-01-11T20:04:39Z ERROR css_core::box_tree::constraint_block_layout::flex_layout] layout_flex: node=NodeKey(17366162737628971049), children.len()=1
[2026-01-11T20:04:39Z ERROR css_core::box_tree::constraint_block_layout::flex_layout] layout_flex: node=NodeKey(17366162737628971049), flex_items.len()=1
[2026-01-11T20:04:39Z ERROR css_core::box_tree::constraint_block_layout] INSERTING FLEX CONTAINER in layout_block: node=NodeKey(17366162737628971049), inline_size=61.28711, is_measurement=true
[2026-01-11T20:04:39Z ERROR css_core::box_tree::constraint_block_layout::flex_layout] layout_flex: node=NodeKey(17366162737628971038), flex_items.len()=4
[2026-01-11T20:04:39Z ERROR css_core::box_tree::constraint_block_layout] layout_block ENTRY: node=NodeKey(17366162737628971040)
[2026-01-11T20:04:39Z ERROR css_core::box_tree::constraint_block_layout] Checking flex: node=NodeKey(17366162737628971040), display=InlineFlex
[2026-01-11T20:04:39Z ERROR css_core::box_tree::constraint_block_layout] IS FLEX!
[2026-01-11T20:04:39Z ERROR css_core::box_tree::constraint_block_layout::flex_layout] layout_flex: node=NodeKey(17366162737628971040), children.len()=1
[2026-01-11T20:04:39Z ERROR css_core::box_tree::constraint_block_layout::flex_layout] layout_flex: node=NodeKey(17366162737628971040), flex_items.len()=1
[2026-01-11T20:04:39Z ERROR css_core::box_tree::constraint_block_layout] INSERTING FLEX CONTAINER in layout_block: node=NodeKey(17366162737628971040), inline_size=58.890625, is_measurement=false
[2026-01-11T20:04:39Z ERROR css_core::box_tree::constraint_block_layout] layout_block ENTRY: node=NodeKey(17366162737628971043)
[2026-01-11T20:04:39Z ERROR css_core::box_tree::constraint_block_layout] Checking flex: node=NodeKey(17366162737628971043), display=InlineFlex
[2026-01-11T20:04:39Z ERROR css_core::box_tree::constraint_block_layout] IS FLEX!
[2026-01-11T20:04:39Z ERROR css_core::box_tree::constraint_block_layout::flex_layout] layout_flex: node=NodeKey(17366162737628971043), children.len()=1
[2026-01-11T20:04:39Z ERROR css_core::box_tree::constraint_block_layout::flex_layout] layout_flex: node=NodeKey(17366162737628971043), flex_items.len()=1
[2026-01-11T20:04:39Z ERROR css_core::box_tree::constraint_block_layout] INSERTING FLEX CONTAINER in layout_block: node=NodeKey(17366162737628971043), inline_size=69.53125, is_measurement=false
[2026-01-11T20:04:39Z ERROR css_core::box_tree::constraint_block_layout] layout_block ENTRY: node=NodeKey(17366162737628971046)
[2026-01-11T20:04:39Z ERROR css_core::box_tree::constraint_block_layout] Checking flex: node=NodeKey(17366162737628971046), display=InlineFlex
[2026-01-11T20:04:39Z ERROR css_core::box_tree::constraint_block_layout] IS FLEX!
[2026-01-11T20:04:39Z ERROR css_core::box_tree::constraint_block_layout::flex_layout] layout_flex: node=NodeKey(17366162737628971046), children.len()=1
[2026-01-11T20:04:39Z ERROR css_core::box_tree::constraint_block_layout::flex_layout] layout_flex: node=NodeKey(17366162737628971046), flex_items.len()=1
[2026-01-11T20:04:39Z ERROR css_core::box_tree::constraint_block_layout] INSERTING FLEX CONTAINER in layout_block: node=NodeKey(17366162737628971046), inline_size=72.90625, is_measurement=false
[2026-01-11T20:04:39Z ERROR css_core::box_tree::constraint_block_layout] layout_block ENTRY: node=NodeKey(17366162737628971049)
[2026-01-11T20:04:39Z ERROR css_core::box_tree::constraint_block_layout] Checking flex: node=NodeKey(17366162737628971049), display=InlineFlex
[2026-01-11T20:04:39Z ERROR css_core::box_tree::constraint_block_layout] IS FLEX!
[2026-01-11T20:04:39Z ERROR css_core::box_tree::constraint_block_layout::flex_layout] layout_flex: node=NodeKey(17366162737628971049), children.len()=1
[2026-01-11T20:04:39Z ERROR css_core::box_tree::constraint_block_layout::flex_layout] layout_flex: node=NodeKey(17366162737628971049), flex_items.len()=1
[2026-01-11T20:04:39Z ERROR css_core::box_tree::constraint_block_layout] INSERTING FLEX CONTAINER in layout_block: node=NodeKey(17366162737628971049), inline_size=61.28125, is_measurement=false
[2026-01-11T20:04:39Z ERROR css_core::box_tree::constraint_block_layout] INSERTING FLEX CONTAINER in layout_block: node=NodeKey(17366162737628971038), inline_size=768, is_measurement=true
[2026-01-11T20:04:39Z ERROR css_core::box_tree::constraint_block_layout::flex_layout] layout_flex: node=NodeKey(17366162737628971024), flex_items.len()=2
[2026-01-11T20:04:39Z ERROR css_core::box_tree::constraint_block_layout] layout_block ENTRY: node=NodeKey(17366162737628971026)
[2026-01-11T20:04:39Z ERROR css_core::box_tree::constraint_block_layout] Checking flex: node=NodeKey(17366162737628971026), display=InlineFlex
[2026-01-11T20:04:39Z ERROR css_core::box_tree::constraint_block_layout] IS FLEX!
[2026-01-11T20:04:39Z ERROR css_core::box_tree::constraint_block_layout::flex_layout] layout_flex: node=NodeKey(17366162737628971026), children.len()=7
[2026-01-11T20:04:39Z ERROR css_core::box_tree::constraint_block_layout] layout_block ENTRY: node=NodeKey(17366162737628971028)
[2026-01-11T20:04:39Z ERROR css_core::box_tree::constraint_block_layout] Checking flex: node=NodeKey(17366162737628971028), display=InlineFlex
[2026-01-11T20:04:39Z ERROR css_core::box_tree::constraint_block_layout] IS FLEX!
[2026-01-11T20:04:39Z ERROR css_core::box_tree::constraint_block_layout::flex_layout] layout_flex: node=NodeKey(17366162737628971028), children.len()=1
[2026-01-11T20:04:39Z ERROR css_core::box_tree::constraint_block_layout::flex_layout] layout_flex: node=NodeKey(17366162737628971028), flex_items.len()=1
[2026-01-11T20:04:39Z ERROR css_core::box_tree::constraint_block_layout] INSERTING FLEX CONTAINER in layout_block: node=NodeKey(17366162737628971028), inline_size=56.351563, is_measurement=true
[2026-01-11T20:04:39Z ERROR css_core::box_tree::constraint_block_layout] layout_block ENTRY: node=NodeKey(17366162737628971031)
[2026-01-11T20:04:39Z ERROR css_core::box_tree::constraint_block_layout] Checking flex: node=NodeKey(17366162737628971031), display=InlineFlex
[2026-01-11T20:04:39Z ERROR css_core::box_tree::constraint_block_layout] IS FLEX!
[2026-01-11T20:04:39Z ERROR css_core::box_tree::constraint_block_layout::flex_layout] layout_flex: node=NodeKey(17366162737628971031), children.len()=1
[2026-01-11T20:04:39Z ERROR css_core::box_tree::constraint_block_layout::flex_layout] layout_flex: node=NodeKey(17366162737628971031), flex_items.len()=1
[2026-01-11T20:04:39Z ERROR css_core::box_tree::constraint_block_layout] INSERTING FLEX CONTAINER in layout_block: node=NodeKey(17366162737628971031), inline_size=75.02051, is_measurement=true
[2026-01-11T20:04:39Z ERROR css_core::box_tree::constraint_block_layout] layout_block ENTRY: node=NodeKey(17366162737628971034)
[2026-01-11T20:04:39Z ERROR css_core::box_tree::constraint_block_layout] Checking flex: node=NodeKey(17366162737628971034), display=InlineFlex
[2026-01-11T20:04:39Z ERROR css_core::box_tree::constraint_block_layout] IS FLEX!
[2026-01-11T20:04:39Z ERROR css_core::box_tree::constraint_block_layout::flex_layout] layout_flex: node=NodeKey(17366162737628971034), children.len()=1
[2026-01-11T20:04:39Z ERROR css_core::box_tree::constraint_block_layout::flex_layout] layout_flex: node=NodeKey(17366162737628971034), flex_items.len()=1
[2026-01-11T20:04:39Z ERROR css_core::box_tree::constraint_block_layout] INSERTING FLEX CONTAINER in layout_block: node=NodeKey(17366162737628971034), inline_size=64.68262, is_measurement=true
[2026-01-11T20:04:39Z ERROR css_core::box_tree::constraint_block_layout::flex_layout] layout_flex: node=NodeKey(17366162737628971026), flex_items.len()=3
[2026-01-11T20:04:39Z ERROR css_core::box_tree::constraint_block_layout] layout_block ENTRY: node=NodeKey(17366162737628971028)
[2026-01-11T20:04:39Z ERROR css_core::box_tree::constraint_block_layout] Checking flex: node=NodeKey(17366162737628971028), display=InlineFlex
[2026-01-11T20:04:39Z ERROR css_core::box_tree::constraint_block_layout] IS FLEX!
[2026-01-11T20:04:39Z ERROR css_core::box_tree::constraint_block_layout::flex_layout] layout_flex: node=NodeKey(17366162737628971028), children.len()=1
[2026-01-11T20:04:39Z ERROR css_core::box_tree::constraint_block_layout::flex_layout] layout_flex: node=NodeKey(17366162737628971028), flex_items.len()=1
[2026-01-11T20:04:39Z ERROR css_core::box_tree::constraint_block_layout] INSERTING FLEX CONTAINER in layout_block: node=NodeKey(17366162737628971028), inline_size=56.359375, is_measurement=false
[2026-01-11T20:04:39Z ERROR css_core::box_tree::constraint_block_layout] layout_block ENTRY: node=NodeKey(17366162737628971031)
[2026-01-11T20:04:39Z ERROR css_core::box_tree::constraint_block_layout] Checking flex: node=NodeKey(17366162737628971031), display=InlineFlex
[2026-01-11T20:04:39Z ERROR css_core::box_tree::constraint_block_layout] IS FLEX!
[2026-01-11T20:04:39Z ERROR css_core::box_tree::constraint_block_layout::flex_layout] layout_flex: node=NodeKey(17366162737628971031), children.len()=1
[2026-01-11T20:04:39Z ERROR css_core::box_tree::constraint_block_layout::flex_layout] layout_flex: node=NodeKey(17366162737628971031), flex_items.len()=1
[2026-01-11T20:04:39Z ERROR css_core::box_tree::constraint_block_layout] INSERTING FLEX CONTAINER in layout_block: node=NodeKey(17366162737628971031), inline_size=75.015625, is_measurement=false
[2026-01-11T20:04:39Z ERROR css_core::box_tree::constraint_block_layout] layout_block ENTRY: node=NodeKey(17366162737628971034)
[2026-01-11T20:04:39Z ERROR css_core::box_tree::constraint_block_layout] Checking flex: node=NodeKey(17366162737628971034), display=InlineFlex
[2026-01-11T20:04:39Z ERROR css_core::box_tree::constraint_block_layout] IS FLEX!
[2026-01-11T20:04:39Z ERROR css_core::box_tree::constraint_block_layout::flex_layout] layout_flex: node=NodeKey(17366162737628971034), children.len()=1
[2026-01-11T20:04:39Z ERROR css_core::box_tree::constraint_block_layout::flex_layout] layout_flex: node=NodeKey(17366162737628971034), flex_items.len()=1
[2026-01-11T20:04:39Z ERROR css_core::box_tree::constraint_block_layout] INSERTING FLEX CONTAINER in layout_block: node=NodeKey(17366162737628971034), inline_size=64.6875, is_measurement=false
[2026-01-11T20:04:39Z ERROR css_core::box_tree::constraint_block_layout] INSERTING FLEX CONTAINER in layout_block: node=NodeKey(17366162737628971026), inline_size=768, is_measurement=false
[2026-01-11T20:04:39Z ERROR css_core::box_tree::constraint_block_layout] layout_block ENTRY: node=NodeKey(17366162737628971038)
[2026-01-11T20:04:39Z ERROR css_core::box_tree::constraint_block_layout] Checking flex: node=NodeKey(17366162737628971038), display=InlineFlex
[2026-01-11T20:04:39Z ERROR css_core::box_tree::constraint_block_layout] IS FLEX!
[2026-01-11T20:04:39Z ERROR css_core::box_tree::constraint_block_layout::flex_layout] layout_flex: node=NodeKey(17366162737628971038), children.len()=9
[2026-01-11T20:04:39Z ERROR css_core::box_tree::constraint_block_layout] layout_block ENTRY: node=NodeKey(17366162737628971040)
[2026-01-11T20:04:39Z ERROR css_core::box_tree::constraint_block_layout] Checking flex: node=NodeKey(17366162737628971040), display=InlineFlex
[2026-01-11T20:04:39Z ERROR css_core::box_tree::constraint_block_layout] IS FLEX!
[2026-01-11T20:04:39Z ERROR css_core::box_tree::constraint_block_layout::flex_layout] layout_flex: node=NodeKey(17366162737628971040), children.len()=1
[2026-01-11T20:04:39Z ERROR css_core::box_tree::constraint_block_layout::flex_layout] layout_flex: node=NodeKey(17366162737628971040), flex_items.len()=1
[2026-01-11T20:04:39Z ERROR css_core::box_tree::constraint_block_layout] INSERTING FLEX CONTAINER in layout_block: node=NodeKey(17366162737628971040), inline_size=58.896484, is_measurement=true
[2026-01-11T20:04:39Z ERROR css_core::box_tree::constraint_block_layout] layout_block ENTRY: node=NodeKey(17366162737628971043)
[2026-01-11T20:04:39Z ERROR css_core::box_tree::constraint_block_layout] Checking flex: node=NodeKey(17366162737628971043), display=InlineFlex
[2026-01-11T20:04:39Z ERROR css_core::box_tree::constraint_block_layout] IS FLEX!
[2026-01-11T20:04:39Z ERROR css_core::box_tree::constraint_block_layout::flex_layout] layout_flex: node=NodeKey(17366162737628971043), children.len()=1
[2026-01-11T20:04:39Z ERROR css_core::box_tree::constraint_block_layout::flex_layout] layout_flex: node=NodeKey(17366162737628971043), flex_items.len()=1
[2026-01-11T20:04:39Z ERROR css_core::box_tree::constraint_block_layout] INSERTING FLEX CONTAINER in layout_block: node=NodeKey(17366162737628971043), inline_size=69.5332, is_measurement=true
[2026-01-11T20:04:39Z ERROR css_core::box_tree::constraint_block_layout] layout_block ENTRY: node=NodeKey(17366162737628971046)
[2026-01-11T20:04:39Z ERROR css_core::box_tree::constraint_block_layout] Checking flex: node=NodeKey(17366162737628971046), display=InlineFlex
[2026-01-11T20:04:39Z ERROR css_core::box_tree::constraint_block_layout] IS FLEX!
[2026-01-11T20:04:39Z ERROR css_core::box_tree::constraint_block_layout::flex_layout] layout_flex: node=NodeKey(17366162737628971046), children.len()=1
[2026-01-11T20:04:39Z ERROR css_core::box_tree::constraint_block_layout::flex_layout] layout_flex: node=NodeKey(17366162737628971046), flex_items.len()=1
[2026-01-11T20:04:39Z ERROR css_core::box_tree::constraint_block_layout] INSERTING FLEX CONTAINER in layout_block: node=NodeKey(17366162737628971046), inline_size=72.91016, is_measurement=true
[2026-01-11T20:04:39Z ERROR css_core::box_tree::constraint_block_layout] layout_block ENTRY: node=NodeKey(17366162737628971049)
[2026-01-11T20:04:39Z ERROR css_core::box_tree::constraint_block_layout] Checking flex: node=NodeKey(17366162737628971049), display=InlineFlex
[2026-01-11T20:04:39Z ERROR css_core::box_tree::constraint_block_layout] IS FLEX!
[2026-01-11T20:04:39Z ERROR css_core::box_tree::constraint_block_layout::flex_layout] layout_flex: node=NodeKey(17366162737628971049), children.len()=1
[2026-01-11T20:04:39Z ERROR css_core::box_tree::constraint_block_layout::flex_layout] layout_flex: node=NodeKey(17366162737628971049), flex_items.len()=1
[2026-01-11T20:04:39Z ERROR css_core::box_tree::constraint_block_layout] INSERTING FLEX CONTAINER in layout_block: node=NodeKey(17366162737628971049), inline_size=61.28711, is_measurement=true
[2026-01-11T20:04:39Z ERROR css_core::box_tree::constraint_block_layout::flex_layout] layout_flex: node=NodeKey(17366162737628971038), flex_items.len()=4
[2026-01-11T20:04:39Z ERROR css_core::box_tree::constraint_block_layout] layout_block ENTRY: node=NodeKey(17366162737628971040)
[2026-01-11T20:04:39Z ERROR css_core::box_tree::constraint_block_layout] Checking flex: node=NodeKey(17366162737628971040), display=InlineFlex
[2026-01-11T20:04:39Z ERROR css_core::box_tree::constraint_block_layout] IS FLEX!
[2026-01-11T20:04:39Z ERROR css_core::box_tree::constraint_block_layout::flex_layout] layout_flex: node=NodeKey(17366162737628971040), children.len()=1
[2026-01-11T20:04:39Z ERROR css_core::box_tree::constraint_block_layout::flex_layout] layout_flex: node=NodeKey(17366162737628971040), flex_items.len()=1
[2026-01-11T20:04:39Z ERROR css_core::box_tree::constraint_block_layout] INSERTING FLEX CONTAINER in layout_block: node=NodeKey(17366162737628971040), inline_size=58.890625, is_measurement=false
[2026-01-11T20:04:39Z ERROR css_core::box_tree::constraint_block_layout] layout_block ENTRY: node=NodeKey(17366162737628971043)
[2026-01-11T20:04:39Z ERROR css_core::box_tree::constraint_block_layout] Checking flex: node=NodeKey(17366162737628971043), display=InlineFlex
[2026-01-11T20:04:39Z ERROR css_core::box_tree::constraint_block_layout] IS FLEX!
[2026-01-11T20:04:39Z ERROR css_core::box_tree::constraint_block_layout::flex_layout] layout_flex: node=NodeKey(17366162737628971043), children.len()=1
[2026-01-11T20:04:39Z ERROR css_core::box_tree::constraint_block_layout::flex_layout] layout_flex: node=NodeKey(17366162737628971043), flex_items.len()=1
[2026-01-11T20:04:39Z ERROR css_core::box_tree::constraint_block_layout] INSERTING FLEX CONTAINER in layout_block: node=NodeKey(17366162737628971043), inline_size=69.53125, is_measurement=false
[2026-01-11T20:04:39Z ERROR css_core::box_tree::constraint_block_layout] layout_block ENTRY: node=NodeKey(17366162737628971046)
[2026-01-11T20:04:39Z ERROR css_core::box_tree::constraint_block_layout] Checking flex: node=NodeKey(17366162737628971046), display=InlineFlex
[2026-01-11T20:04:39Z ERROR css_core::box_tree::constraint_block_layout] IS FLEX!
[2026-01-11T20:04:39Z ERROR css_core::box_tree::constraint_block_layout::flex_layout] layout_flex: node=NodeKey(17366162737628971046), children.len()=1
[2026-01-11T20:04:39Z ERROR css_core::box_tree::constraint_block_layout::flex_layout] layout_flex: node=NodeKey(17366162737628971046), flex_items.len()=1
[2026-01-11T20:04:39Z ERROR css_core::box_tree::constraint_block_layout] INSERTING FLEX CONTAINER in layout_block: node=NodeKey(17366162737628971046), inline_size=72.90625, is_measurement=false
[2026-01-11T20:04:39Z ERROR css_core::box_tree::constraint_block_layout] layout_block ENTRY: node=NodeKey(17366162737628971049)
[2026-01-11T20:04:39Z ERROR css_core::box_tree::constraint_block_layout] Checking flex: node=NodeKey(17366162737628971049), display=InlineFlex
[2026-01-11T20:04:39Z ERROR css_core::box_tree::constraint_block_layout] IS FLEX!
[2026-01-11T20:04:39Z ERROR css_core::box_tree::constraint_block_layout::flex_layout] layout_flex: node=NodeKey(17366162737628971049), children.len()=1
[2026-01-11T20:04:39Z ERROR css_core::box_tree::constraint_block_layout::flex_layout] layout_flex: node=NodeKey(17366162737628971049), flex_items.len()=1
[2026-01-11T20:04:39Z ERROR css_core::box_tree::constraint_block_layout] INSERTING FLEX CONTAINER in layout_block: node=NodeKey(17366162737628971049), inline_size=61.28125, is_measurement=false
[2026-01-11T20:04:39Z ERROR css_core::box_tree::constraint_block_layout] INSERTING FLEX CONTAINER in layout_block: node=NodeKey(17366162737628971038), inline_size=768, is_measurement=false
[2026-01-11T20:04:39Z ERROR css_core::box_tree::constraint_block_layout] INSERTING FLEX CONTAINER in layout_block: node=NodeKey(17366162737628971024), inline_size=800, is_measurement=false
[2026-01-11T20:04:39Z ERROR page_handler::core::incremental_layout] LAYOUT TREE COMPLETE - generation 1, total results: 22
[2026-01-11T20:04:39Z ERROR page_handler::core::incremental_layout] RUNNING LAYOUT TREE - generation 1
[2026-01-11T20:04:39Z ERROR css_core::box_tree::constraint_block_layout] layout_block ENTRY: node=NodeKey(2743256222533681154)
[2026-01-11T20:04:39Z ERROR css_core::box_tree::constraint_block_layout] Checking flex: node=NodeKey(2743256222533681154), display=Block
[2026-01-11T20:04:39Z ERROR css_core::box_tree::constraint_block_layout] layout_block ENTRY: node=NodeKey(2743256222533681166)
[2026-01-11T20:04:39Z ERROR css_core::box_tree::constraint_block_layout] Checking flex: node=NodeKey(2743256222533681166), display=Block
[2026-01-11T20:04:39Z ERROR css_core::box_tree::constraint_block_layout] layout_block ENTRY: node=NodeKey(2743256222533681168)
[2026-01-11T20:04:39Z ERROR css_core::box_tree::constraint_block_layout] Checking flex: node=NodeKey(2743256222533681168), display=Flex
[2026-01-11T20:04:39Z ERROR css_core::box_tree::constraint_block_layout] IS FLEX!
[2026-01-11T20:04:39Z ERROR css_core::box_tree::constraint_block_layout::flex_layout] layout_flex: node=NodeKey(2743256222533681168), children.len()=5
[2026-01-11T20:04:39Z ERROR css_core::box_tree::constraint_block_layout] layout_block ENTRY: node=NodeKey(2743256222533681170)
[2026-01-11T20:04:39Z ERROR css_core::box_tree::constraint_block_layout] Checking flex: node=NodeKey(2743256222533681170), display=Flex
[2026-01-11T20:04:39Z ERROR css_core::box_tree::constraint_block_layout] IS FLEX!
[2026-01-11T20:04:39Z ERROR css_core::box_tree::constraint_block_layout::flex_layout] layout_flex: node=NodeKey(2743256222533681170), children.len()=7
[2026-01-11T20:04:39Z ERROR css_core::box_tree::constraint_block_layout] layout_block ENTRY: node=NodeKey(2743256222533681172)
[2026-01-11T20:04:39Z ERROR css_core::box_tree::constraint_block_layout] Checking flex: node=NodeKey(2743256222533681172), display=InlineFlex
[2026-01-11T20:04:39Z ERROR css_core::box_tree::constraint_block_layout] IS FLEX!
[2026-01-11T20:04:39Z ERROR css_core::box_tree::constraint_block_layout::flex_layout] layout_flex: node=NodeKey(2743256222533681172), children.len()=3
[2026-01-11T20:04:39Z ERROR css_core::box_tree::constraint_block_layout] layout_block ENTRY: node=NodeKey(2743256222533681174)
[2026-01-11T20:04:39Z ERROR css_core::box_tree::constraint_block_layout] Checking flex: node=NodeKey(2743256222533681174), display=Inline
[2026-01-11T20:04:39Z ERROR css_core::box_tree::constraint_block_layout::flex_layout] layout_flex: node=NodeKey(2743256222533681172), flex_items.len()=2
[2026-01-11T20:04:39Z ERROR css_core::box_tree::constraint_block_layout] layout_block ENTRY: node=NodeKey(2743256222533681174)
[2026-01-11T20:04:39Z ERROR css_core::box_tree::constraint_block_layout] Checking flex: node=NodeKey(2743256222533681174), display=Inline
[2026-01-11T20:04:39Z ERROR css_core::box_tree::constraint_block_layout] INSERTING FLEX CONTAINER in layout_block: node=NodeKey(2743256222533681172), inline_size=107.703125, is_measurement=true
[2026-01-11T20:04:39Z ERROR css_core::box_tree::constraint_block_layout] layout_block ENTRY: node=NodeKey(2743256222533681177)
[2026-01-11T20:04:39Z ERROR css_core::box_tree::constraint_block_layout] Checking flex: node=NodeKey(2743256222533681177), display=InlineFlex
[2026-01-11T20:04:39Z ERROR css_core::box_tree::constraint_block_layout] IS FLEX!
[2026-01-11T20:04:39Z ERROR css_core::box_tree::constraint_block_layout::flex_layout] layout_flex: node=NodeKey(2743256222533681177), children.len()=3
[2026-01-11T20:04:39Z ERROR css_core::box_tree::constraint_block_layout] layout_block ENTRY: node=NodeKey(2743256222533681179)
[2026-01-11T20:04:39Z ERROR css_core::box_tree::constraint_block_layout] Checking flex: node=NodeKey(2743256222533681179), display=Inline
[2026-01-11T20:04:39Z ERROR css_core::box_tree::constraint_block_layout::flex_layout] layout_flex: node=NodeKey(2743256222533681177), flex_items.len()=2
[2026-01-11T20:04:39Z ERROR css_core::box_tree::constraint_block_layout] layout_block ENTRY: node=NodeKey(2743256222533681179)
[2026-01-11T20:04:39Z ERROR css_core::box_tree::constraint_block_layout] Checking flex: node=NodeKey(2743256222533681179), display=Inline
[2026-01-11T20:04:39Z ERROR css_core::box_tree::constraint_block_layout] INSERTING FLEX CONTAINER in layout_block: node=NodeKey(2743256222533681177), inline_size=117.03418, is_measurement=true
[2026-01-11T20:04:39Z ERROR css_core::box_tree::constraint_block_layout] layout_block ENTRY: node=NodeKey(2743256222533681182)
[2026-01-11T20:04:39Z ERROR css_core::box_tree::constraint_block_layout] Checking flex: node=NodeKey(2743256222533681182), display=InlineFlex
[2026-01-11T20:04:39Z ERROR css_core::box_tree::constraint_block_layout] IS FLEX!
[2026-01-11T20:04:39Z ERROR css_core::box_tree::constraint_block_layout::flex_layout] layout_flex: node=NodeKey(2743256222533681182), children.len()=5
[2026-01-11T20:04:39Z ERROR css_core::box_tree::constraint_block_layout] layout_block ENTRY: node=NodeKey(2743256222533681184)
[2026-01-11T20:04:39Z ERROR css_core::box_tree::constraint_block_layout] Checking flex: node=NodeKey(2743256222533681184), display=Inline
[2026-01-11T20:04:39Z ERROR css_core::box_tree::constraint_block_layout] layout_block ENTRY: node=NodeKey(2743256222533681186)
[2026-01-11T20:04:39Z ERROR css_core::box_tree::constraint_block_layout] Checking flex: node=NodeKey(2743256222533681186), display=Inline
[2026-01-11T20:04:39Z ERROR css_core::box_tree::constraint_block_layout::flex_layout] layout_flex: node=NodeKey(2743256222533681182), flex_items.len()=3
[2026-01-11T20:04:39Z ERROR css_core::box_tree::constraint_block_layout] layout_block ENTRY: node=NodeKey(2743256222533681184)
[2026-01-11T20:04:39Z ERROR css_core::box_tree::constraint_block_layout] Checking flex: node=NodeKey(2743256222533681184), display=Inline
[2026-01-11T20:04:39Z ERROR css_core::box_tree::constraint_block_layout] layout_block ENTRY: node=NodeKey(2743256222533681186)
[2026-01-11T20:04:39Z ERROR css_core::box_tree::constraint_block_layout] Checking flex: node=NodeKey(2743256222533681186), display=Inline
[2026-01-11T20:04:39Z ERROR css_core::box_tree::constraint_block_layout] INSERTING FLEX CONTAINER in layout_block: node=NodeKey(2743256222533681182), inline_size=104.799805, is_measurement=true
[2026-01-11T20:04:39Z ERROR css_core::box_tree::constraint_block_layout::flex_layout] layout_flex: node=NodeKey(2743256222533681170), flex_items.len()=3
[2026-01-11T20:04:39Z ERROR css_core::box_tree::constraint_block_layout] layout_block ENTRY: node=NodeKey(2743256222533681172)
[2026-01-11T20:04:39Z ERROR css_core::box_tree::constraint_block_layout] Checking flex: node=NodeKey(2743256222533681172), display=InlineFlex
[2026-01-11T20:04:39Z ERROR css_core::box_tree::constraint_block_layout] IS FLEX!
[2026-01-11T20:04:39Z ERROR css_core::box_tree::constraint_block_layout::flex_layout] layout_flex: node=NodeKey(2743256222533681172), children.len()=3
[2026-01-11T20:04:39Z ERROR css_core::box_tree::constraint_block_layout] layout_block ENTRY: node=NodeKey(2743256222533681174)
[2026-01-11T20:04:39Z ERROR css_core::box_tree::constraint_block_layout] Checking flex: node=NodeKey(2743256222533681174), display=Inline
[2026-01-11T20:04:39Z ERROR css_core::box_tree::constraint_block_layout::flex_layout] layout_flex: node=NodeKey(2743256222533681172), flex_items.len()=2
[2026-01-11T20:04:39Z ERROR css_core::box_tree::constraint_block_layout] layout_block ENTRY: node=NodeKey(2743256222533681174)
[2026-01-11T20:04:39Z ERROR css_core::box_tree::constraint_block_layout] Checking flex: node=NodeKey(2743256222533681174), display=Inline
[2026-01-11T20:04:39Z ERROR css_core::box_tree::constraint_block_layout] INSERTING FLEX CONTAINER in layout_block: node=NodeKey(2743256222533681172), inline_size=107.703125, is_measurement=false
[2026-01-11T20:04:39Z ERROR css_core::box_tree::constraint_block_layout] layout_block ENTRY: node=NodeKey(2743256222533681177)
[2026-01-11T20:04:39Z ERROR css_core::box_tree::constraint_block_layout] Checking flex: node=NodeKey(2743256222533681177), display=InlineFlex
[2026-01-11T20:04:39Z ERROR css_core::box_tree::constraint_block_layout] IS FLEX!
[2026-01-11T20:04:39Z ERROR css_core::box_tree::constraint_block_layout::flex_layout] layout_flex: node=NodeKey(2743256222533681177), children.len()=3
[2026-01-11T20:04:39Z ERROR css_core::box_tree::constraint_block_layout] layout_block ENTRY: node=NodeKey(2743256222533681179)
[2026-01-11T20:04:39Z ERROR css_core::box_tree::constraint_block_layout] Checking flex: node=NodeKey(2743256222533681179), display=Inline
[2026-01-11T20:04:39Z ERROR css_core::box_tree::constraint_block_layout::flex_layout] layout_flex: node=NodeKey(2743256222533681177), flex_items.len()=2
[2026-01-11T20:04:39Z ERROR css_core::box_tree::constraint_block_layout] layout_block ENTRY: node=NodeKey(2743256222533681179)
[2026-01-11T20:04:39Z ERROR css_core::box_tree::constraint_block_layout] Checking flex: node=NodeKey(2743256222533681179), display=Inline
[2026-01-11T20:04:39Z ERROR css_core::box_tree::constraint_block_layout] INSERTING FLEX CONTAINER in layout_block: node=NodeKey(2743256222533681177), inline_size=117.03125, is_measurement=false
[2026-01-11T20:04:39Z ERROR css_core::box_tree::constraint_block_layout] layout_block ENTRY: node=NodeKey(2743256222533681182)
[2026-01-11T20:04:39Z ERROR css_core::box_tree::constraint_block_layout] Checking flex: node=NodeKey(2743256222533681182), display=InlineFlex
[2026-01-11T20:04:39Z ERROR css_core::box_tree::constraint_block_layout] IS FLEX!
[2026-01-11T20:04:39Z ERROR css_core::box_tree::constraint_block_layout::flex_layout] layout_flex: node=NodeKey(2743256222533681182), children.len()=5
[2026-01-11T20:04:39Z ERROR css_core::box_tree::constraint_block_layout] layout_block ENTRY: node=NodeKey(2743256222533681184)
[2026-01-11T20:04:39Z ERROR css_core::box_tree::constraint_block_layout] Checking flex: node=NodeKey(2743256222533681184), display=Inline
[2026-01-11T20:04:39Z ERROR css_core::box_tree::constraint_block_layout] layout_block ENTRY: node=NodeKey(2743256222533681186)
[2026-01-11T20:04:39Z ERROR css_core::box_tree::constraint_block_layout] Checking flex: node=NodeKey(2743256222533681186), display=Inline
[2026-01-11T20:04:39Z ERROR css_core::box_tree::constraint_block_layout::flex_layout] layout_flex: node=NodeKey(2743256222533681182), flex_items.len()=3
[2026-01-11T20:04:39Z ERROR css_core::box_tree::constraint_block_layout] layout_block ENTRY: node=NodeKey(2743256222533681184)
[2026-01-11T20:04:39Z ERROR css_core::box_tree::constraint_block_layout] Checking flex: node=NodeKey(2743256222533681184), display=Inline
[2026-01-11T20:04:39Z ERROR css_core::box_tree::constraint_block_layout] layout_block ENTRY: node=NodeKey(2743256222533681186)
[2026-01-11T20:04:39Z ERROR css_core::box_tree::constraint_block_layout] Checking flex: node=NodeKey(2743256222533681186), display=Inline
[2026-01-11T20:04:39Z ERROR css_core::box_tree::constraint_block_layout] INSERTING FLEX CONTAINER in layout_block: node=NodeKey(2743256222533681182), inline_size=104.796875, is_measurement=false
[2026-01-11T20:04:39Z ERROR css_core::box_tree::constraint_block_layout] INSERTING FLEX CONTAINER in layout_block: node=NodeKey(2743256222533681170), inline_size=768, is_measurement=true
[2026-01-11T20:04:39Z ERROR css_core::box_tree::constraint_block_layout] layout_block ENTRY: node=NodeKey(2743256222533681190)
[2026-01-11T20:04:39Z ERROR css_core::box_tree::constraint_block_layout] Checking flex: node=NodeKey(2743256222533681190), display=Flex
[2026-01-11T20:04:39Z ERROR css_core::box_tree::constraint_block_layout] IS FLEX!
[2026-01-11T20:04:39Z ERROR css_core::box_tree::constraint_block_layout::flex_layout] layout_flex: node=NodeKey(2743256222533681190), children.len()=5
[2026-01-11T20:04:39Z ERROR css_core::box_tree::constraint_block_layout] layout_block ENTRY: node=NodeKey(2743256222533681192)
[2026-01-11T20:04:39Z ERROR css_core::box_tree::constraint_block_layout] Checking flex: node=NodeKey(2743256222533681192), display=InlineFlex
[2026-01-11T20:04:39Z ERROR css_core::box_tree::constraint_block_layout] IS FLEX!
[2026-01-11T20:04:39Z ERROR css_core::box_tree::constraint_block_layout::flex_layout] layout_flex: node=NodeKey(2743256222533681192), children.len()=3
[2026-01-11T20:04:39Z ERROR css_core::box_tree::constraint_block_layout] layout_block ENTRY: node=NodeKey(2743256222533681194)
[2026-01-11T20:04:39Z ERROR css_core::box_tree::constraint_block_layout] Checking flex: node=NodeKey(2743256222533681194), display=Inline
[2026-01-11T20:04:39Z ERROR css_core::box_tree::constraint_block_layout::flex_layout] layout_flex: node=NodeKey(2743256222533681192), flex_items.len()=1
[2026-01-11T20:04:39Z ERROR css_core::box_tree::constraint_block_layout] layout_block ENTRY: node=NodeKey(2743256222533681194)
[2026-01-11T20:04:39Z ERROR css_core::box_tree::constraint_block_layout] Checking flex: node=NodeKey(2743256222533681194), display=Inline
[2026-01-11T20:04:39Z ERROR css_core::box_tree::constraint_block_layout] INSERTING FLEX CONTAINER in layout_block: node=NodeKey(2743256222533681192), inline_size=36, is_measurement=true
[2026-01-11T20:04:39Z ERROR css_core::box_tree::constraint_block_layout] layout_block ENTRY: node=NodeKey(2743256222533681197)
[2026-01-11T20:04:39Z ERROR css_core::box_tree::constraint_block_layout] Checking flex: node=NodeKey(2743256222533681197), display=InlineFlex
[2026-01-11T20:04:39Z ERROR css_core::box_tree::constraint_block_layout] IS FLEX!
[2026-01-11T20:04:39Z ERROR css_core::box_tree::constraint_block_layout::flex_layout] layout_flex: node=NodeKey(2743256222533681197), children.len()=3
[2026-01-11T20:04:39Z ERROR css_core::box_tree::constraint_block_layout] layout_block ENTRY: node=NodeKey(2743256222533681199)
[2026-01-11T20:04:39Z ERROR css_core::box_tree::constraint_block_layout] Checking flex: node=NodeKey(2743256222533681199), display=Inline
[2026-01-11T20:04:39Z ERROR css_core::box_tree::constraint_block_layout::flex_layout] layout_flex: node=NodeKey(2743256222533681197), flex_items.len()=1
[2026-01-11T20:04:39Z ERROR css_core::box_tree::constraint_block_layout] layout_block ENTRY: node=NodeKey(2743256222533681199)
[2026-01-11T20:04:39Z ERROR css_core::box_tree::constraint_block_layout] Checking flex: node=NodeKey(2743256222533681199), display=Inline
[2026-01-11T20:04:39Z ERROR css_core::box_tree::constraint_block_layout] INSERTING FLEX CONTAINER in layout_block: node=NodeKey(2743256222533681197), inline_size=36, is_measurement=true
[2026-01-11T20:04:39Z ERROR css_core::box_tree::constraint_block_layout::flex_layout] layout_flex: node=NodeKey(2743256222533681190), flex_items.len()=2
[2026-01-11T20:04:39Z ERROR css_core::box_tree::constraint_block_layout] layout_block ENTRY: node=NodeKey(2743256222533681192)
[2026-01-11T20:04:39Z ERROR css_core::box_tree::constraint_block_layout] Checking flex: node=NodeKey(2743256222533681192), display=InlineFlex
[2026-01-11T20:04:39Z ERROR css_core::box_tree::constraint_block_layout] IS FLEX!
[2026-01-11T20:04:39Z ERROR css_core::box_tree::constraint_block_layout::flex_layout] layout_flex: node=NodeKey(2743256222533681192), children.len()=3
[2026-01-11T20:04:39Z ERROR css_core::box_tree::constraint_block_layout] layout_block ENTRY: node=NodeKey(2743256222533681194)
[2026-01-11T20:04:39Z ERROR css_core::box_tree::constraint_block_layout] Checking flex: node=NodeKey(2743256222533681194), display=Inline
[2026-01-11T20:04:39Z ERROR css_core::box_tree::constraint_block_layout::flex_layout] layout_flex: node=NodeKey(2743256222533681192), flex_items.len()=1
[2026-01-11T20:04:39Z ERROR css_core::box_tree::constraint_block_layout] layout_block ENTRY: node=NodeKey(2743256222533681194)
[2026-01-11T20:04:39Z ERROR css_core::box_tree::constraint_block_layout] Checking flex: node=NodeKey(2743256222533681194), display=Inline
[2026-01-11T20:04:39Z ERROR css_core::box_tree::constraint_block_layout] INSERTING FLEX CONTAINER in layout_block: node=NodeKey(2743256222533681192), inline_size=36, is_measurement=false
[2026-01-11T20:04:39Z ERROR css_core::box_tree::constraint_block_layout] layout_block ENTRY: node=NodeKey(2743256222533681197)
[2026-01-11T20:04:39Z ERROR css_core::box_tree::constraint_block_layout] Checking flex: node=NodeKey(2743256222533681197), display=InlineFlex
[2026-01-11T20:04:39Z ERROR css_core::box_tree::constraint_block_layout] IS FLEX!
[2026-01-11T20:04:39Z ERROR css_core::box_tree::constraint_block_layout::flex_layout] layout_flex: node=NodeKey(2743256222533681197), children.len()=3
[2026-01-11T20:04:39Z ERROR css_core::box_tree::constraint_block_layout] layout_block ENTRY: node=NodeKey(2743256222533681199)
[2026-01-11T20:04:39Z ERROR css_core::box_tree::constraint_block_layout] Checking flex: node=NodeKey(2743256222533681199), display=Inline
[2026-01-11T20:04:39Z ERROR css_core::box_tree::constraint_block_layout::flex_layout] layout_flex: node=NodeKey(2743256222533681197), flex_items.len()=1
[2026-01-11T20:04:39Z ERROR css_core::box_tree::constraint_block_layout] layout_block ENTRY: node=NodeKey(2743256222533681199)
[2026-01-11T20:04:39Z ERROR css_core::box_tree::constraint_block_layout] Checking flex: node=NodeKey(2743256222533681199), display=Inline
[2026-01-11T20:04:39Z ERROR css_core::box_tree::constraint_block_layout] INSERTING FLEX CONTAINER in layout_block: node=NodeKey(2743256222533681197), inline_size=36, is_measurement=false
[2026-01-11T20:04:39Z ERROR css_core::box_tree::constraint_block_layout] INSERTING FLEX CONTAINER in layout_block: node=NodeKey(2743256222533681190), inline_size=768, is_measurement=true
[2026-01-11T20:04:39Z ERROR css_core::box_tree::constraint_block_layout::flex_layout] layout_flex: node=NodeKey(2743256222533681168), flex_items.len()=2
[2026-01-11T20:04:39Z ERROR css_core::box_tree::constraint_block_layout] layout_block ENTRY: node=NodeKey(2743256222533681170)
[2026-01-11T20:04:39Z ERROR css_core::box_tree::constraint_block_layout] Checking flex: node=NodeKey(2743256222533681170), display=Flex
[2026-01-11T20:04:39Z ERROR css_core::box_tree::constraint_block_layout] IS FLEX!
[2026-01-11T20:04:39Z ERROR css_core::box_tree::constraint_block_layout::flex_layout] layout_flex: node=NodeKey(2743256222533681170), children.len()=7
[2026-01-11T20:04:39Z ERROR css_core::box_tree::constraint_block_layout] layout_block ENTRY: node=NodeKey(2743256222533681172)
[2026-01-11T20:04:39Z ERROR css_core::box_tree::constraint_block_layout] Checking flex: node=NodeKey(2743256222533681172), display=InlineFlex
[2026-01-11T20:04:39Z ERROR css_core::box_tree::constraint_block_layout] IS FLEX!
[2026-01-11T20:04:39Z ERROR css_core::box_tree::constraint_block_layout::flex_layout] layout_flex: node=NodeKey(2743256222533681172), children.len()=3
[2026-01-11T20:04:39Z ERROR css_core::box_tree::constraint_block_layout] layout_block ENTRY: node=NodeKey(2743256222533681174)
[2026-01-11T20:04:39Z ERROR css_core::box_tree::constraint_block_layout] Checking flex: node=NodeKey(2743256222533681174), display=Inline
[2026-01-11T20:04:39Z ERROR css_core::box_tree::constraint_block_layout::flex_layout] layout_flex: node=NodeKey(2743256222533681172), flex_items.len()=2
[2026-01-11T20:04:39Z ERROR css_core::box_tree::constraint_block_layout] layout_block ENTRY: node=NodeKey(2743256222533681174)
[2026-01-11T20:04:39Z ERROR css_core::box_tree::constraint_block_layout] Checking flex: node=NodeKey(2743256222533681174), display=Inline
[2026-01-11T20:04:39Z ERROR css_core::box_tree::constraint_block_layout] INSERTING FLEX CONTAINER in layout_block: node=NodeKey(2743256222533681172), inline_size=107.703125, is_measurement=true
[2026-01-11T20:04:39Z ERROR css_core::box_tree::constraint_block_layout] layout_block ENTRY: node=NodeKey(2743256222533681177)
[2026-01-11T20:04:39Z ERROR css_core::box_tree::constraint_block_layout] Checking flex: node=NodeKey(2743256222533681177), display=InlineFlex
[2026-01-11T20:04:39Z ERROR css_core::box_tree::constraint_block_layout] IS FLEX!
[2026-01-11T20:04:39Z ERROR css_core::box_tree::constraint_block_layout::flex_layout] layout_flex: node=NodeKey(2743256222533681177), children.len()=3
[2026-01-11T20:04:39Z ERROR css_core::box_tree::constraint_block_layout] layout_block ENTRY: node=NodeKey(2743256222533681179)
[2026-01-11T20:04:39Z ERROR css_core::box_tree::constraint_block_layout] Checking flex: node=NodeKey(2743256222533681179), display=Inline
[2026-01-11T20:04:39Z ERROR css_core::box_tree::constraint_block_layout::flex_layout] layout_flex: node=NodeKey(2743256222533681177), flex_items.len()=2
[2026-01-11T20:04:39Z ERROR css_core::box_tree::constraint_block_layout] layout_block ENTRY: node=NodeKey(2743256222533681179)
[2026-01-11T20:04:39Z ERROR css_core::box_tree::constraint_block_layout] Checking flex: node=NodeKey(2743256222533681179), display=Inline
[2026-01-11T20:04:39Z ERROR css_core::box_tree::constraint_block_layout] INSERTING FLEX CONTAINER in layout_block: node=NodeKey(2743256222533681177), inline_size=117.03418, is_measurement=true
[2026-01-11T20:04:39Z ERROR css_core::box_tree::constraint_block_layout] layout_block ENTRY: node=NodeKey(2743256222533681182)
[2026-01-11T20:04:39Z ERROR css_core::box_tree::constraint_block_layout] Checking flex: node=NodeKey(2743256222533681182), display=InlineFlex
[2026-01-11T20:04:39Z ERROR css_core::box_tree::constraint_block_layout] IS FLEX!
[2026-01-11T20:04:39Z ERROR css_core::box_tree::constraint_block_layout::flex_layout] layout_flex: node=NodeKey(2743256222533681182), children.len()=5
[2026-01-11T20:04:39Z ERROR css_core::box_tree::constraint_block_layout] layout_block ENTRY: node=NodeKey(2743256222533681184)
[2026-01-11T20:04:39Z ERROR css_core::box_tree::constraint_block_layout] Checking flex: node=NodeKey(2743256222533681184), display=Inline
[2026-01-11T20:04:39Z ERROR css_core::box_tree::constraint_block_layout] layout_block ENTRY: node=NodeKey(2743256222533681186)
[2026-01-11T20:04:39Z ERROR css_core::box_tree::constraint_block_layout] Checking flex: node=NodeKey(2743256222533681186), display=Inline
[2026-01-11T20:04:39Z ERROR css_core::box_tree::constraint_block_layout::flex_layout] layout_flex: node=NodeKey(2743256222533681182), flex_items.len()=3
[2026-01-11T20:04:39Z ERROR css_core::box_tree::constraint_block_layout] layout_block ENTRY: node=NodeKey(2743256222533681184)
[2026-01-11T20:04:39Z ERROR css_core::box_tree::constraint_block_layout] Checking flex: node=NodeKey(2743256222533681184), display=Inline
[2026-01-11T20:04:39Z ERROR css_core::box_tree::constraint_block_layout] layout_block ENTRY: node=NodeKey(2743256222533681186)
[2026-01-11T20:04:39Z ERROR css_core::box_tree::constraint_block_layout] Checking flex: node=NodeKey(2743256222533681186), display=Inline
[2026-01-11T20:04:39Z ERROR css_core::box_tree::constraint_block_layout] INSERTING FLEX CONTAINER in layout_block: node=NodeKey(2743256222533681182), inline_size=104.799805, is_measurement=true
[2026-01-11T20:04:39Z ERROR css_core::box_tree::constraint_block_layout::flex_layout] layout_flex: node=NodeKey(2743256222533681170), flex_items.len()=3
[2026-01-11T20:04:39Z ERROR css_core::box_tree::constraint_block_layout] layout_block ENTRY: node=NodeKey(2743256222533681172)
[2026-01-11T20:04:39Z ERROR css_core::box_tree::constraint_block_layout] Checking flex: node=NodeKey(2743256222533681172), display=InlineFlex
[2026-01-11T20:04:39Z ERROR css_core::box_tree::constraint_block_layout] IS FLEX!
[2026-01-11T20:04:39Z ERROR css_core::box_tree::constraint_block_layout::flex_layout] layout_flex: node=NodeKey(2743256222533681172), children.len()=3
[2026-01-11T20:04:39Z ERROR css_core::box_tree::constraint_block_layout] layout_block ENTRY: node=NodeKey(2743256222533681174)
[2026-01-11T20:04:39Z ERROR css_core::box_tree::constraint_block_layout] Checking flex: node=NodeKey(2743256222533681174), display=Inline
[2026-01-11T20:04:39Z ERROR css_core::box_tree::constraint_block_layout::flex_layout] layout_flex: node=NodeKey(2743256222533681172), flex_items.len()=2
[2026-01-11T20:04:39Z ERROR css_core::box_tree::constraint_block_layout] layout_block ENTRY: node=NodeKey(2743256222533681174)
[2026-01-11T20:04:39Z ERROR css_core::box_tree::constraint_block_layout] Checking flex: node=NodeKey(2743256222533681174), display=Inline
[2026-01-11T20:04:39Z ERROR css_core::box_tree::constraint_block_layout] INSERTING FLEX CONTAINER in layout_block: node=NodeKey(2743256222533681172), inline_size=107.703125, is_measurement=false
[2026-01-11T20:04:39Z ERROR css_core::box_tree::constraint_block_layout] layout_block ENTRY: node=NodeKey(2743256222533681177)
[2026-01-11T20:04:39Z ERROR css_core::box_tree::constraint_block_layout] Checking flex: node=NodeKey(2743256222533681177), display=InlineFlex
[2026-01-11T20:04:39Z ERROR css_core::box_tree::constraint_block_layout] IS FLEX!
[2026-01-11T20:04:39Z ERROR css_core::box_tree::constraint_block_layout::flex_layout] layout_flex: node=NodeKey(2743256222533681177), children.len()=3
[2026-01-11T20:04:39Z ERROR css_core::box_tree::constraint_block_layout] layout_block ENTRY: node=NodeKey(2743256222533681179)
[2026-01-11T20:04:39Z ERROR css_core::box_tree::constraint_block_layout] Checking flex: node=NodeKey(2743256222533681179), display=Inline
[2026-01-11T20:04:39Z ERROR css_core::box_tree::constraint_block_layout::flex_layout] layout_flex: node=NodeKey(2743256222533681177), flex_items.len()=2
[2026-01-11T20:04:39Z ERROR css_core::box_tree::constraint_block_layout] layout_block ENTRY: node=NodeKey(2743256222533681179)
[2026-01-11T20:04:39Z ERROR css_core::box_tree::constraint_block_layout] Checking flex: node=NodeKey(2743256222533681179), display=Inline
[2026-01-11T20:04:39Z ERROR css_core::box_tree::constraint_block_layout] INSERTING FLEX CONTAINER in layout_block: node=NodeKey(2743256222533681177), inline_size=117.03125, is_measurement=false
[2026-01-11T20:04:39Z ERROR css_core::box_tree::constraint_block_layout] layout_block ENTRY: node=NodeKey(2743256222533681182)
[2026-01-11T20:04:39Z ERROR css_core::box_tree::constraint_block_layout] Checking flex: node=NodeKey(2743256222533681182), display=InlineFlex
[2026-01-11T20:04:39Z ERROR css_core::box_tree::constraint_block_layout] IS FLEX!
[2026-01-11T20:04:39Z ERROR css_core::box_tree::constraint_block_layout::flex_layout] layout_flex: node=NodeKey(2743256222533681182), children.len()=5
[2026-01-11T20:04:39Z ERROR css_core::box_tree::constraint_block_layout] layout_block ENTRY: node=NodeKey(2743256222533681184)
[2026-01-11T20:04:39Z ERROR css_core::box_tree::constraint_block_layout] Checking flex: node=NodeKey(2743256222533681184), display=Inline
[2026-01-11T20:04:39Z ERROR css_core::box_tree::constraint_block_layout] layout_block ENTRY: node=NodeKey(2743256222533681186)
[2026-01-11T20:04:39Z ERROR css_core::box_tree::constraint_block_layout] Checking flex: node=NodeKey(2743256222533681186), display=Inline
[2026-01-11T20:04:39Z ERROR css_core::box_tree::constraint_block_layout::flex_layout] layout_flex: node=NodeKey(2743256222533681182), flex_items.len()=3
[2026-01-11T20:04:39Z ERROR css_core::box_tree::constraint_block_layout] layout_block ENTRY: node=NodeKey(2743256222533681184)
[2026-01-11T20:04:39Z ERROR css_core::box_tree::constraint_block_layout] Checking flex: node=NodeKey(2743256222533681184), display=Inline
[2026-01-11T20:04:39Z ERROR css_core::box_tree::constraint_block_layout] layout_block ENTRY: node=NodeKey(2743256222533681186)
[2026-01-11T20:04:39Z ERROR css_core::box_tree::constraint_block_layout] Checking flex: node=NodeKey(2743256222533681186), display=Inline
[2026-01-11T20:04:39Z ERROR css_core::box_tree::constraint_block_layout] INSERTING FLEX CONTAINER in layout_block: node=NodeKey(2743256222533681182), inline_size=104.796875, is_measurement=false
[2026-01-11T20:04:39Z ERROR css_core::box_tree::constraint_block_layout] INSERTING FLEX CONTAINER in layout_block: node=NodeKey(2743256222533681170), inline_size=768, is_measurement=false
[2026-01-11T20:04:39Z ERROR css_core::box_tree::constraint_block_layout] layout_block ENTRY: node=NodeKey(2743256222533681190)
[2026-01-11T20:04:39Z ERROR css_core::box_tree::constraint_block_layout] Checking flex: node=NodeKey(2743256222533681190), display=Flex
[2026-01-11T20:04:39Z ERROR css_core::box_tree::constraint_block_layout] IS FLEX!
[2026-01-11T20:04:39Z ERROR css_core::box_tree::constraint_block_layout::flex_layout] layout_flex: node=NodeKey(2743256222533681190), children.len()=5
[2026-01-11T20:04:39Z ERROR css_core::box_tree::constraint_block_layout] layout_block ENTRY: node=NodeKey(2743256222533681192)
[2026-01-11T20:04:39Z ERROR css_core::box_tree::constraint_block_layout] Checking flex: node=NodeKey(2743256222533681192), display=InlineFlex
[2026-01-11T20:04:39Z ERROR css_core::box_tree::constraint_block_layout] IS FLEX!
[2026-01-11T20:04:39Z ERROR css_core::box_tree::constraint_block_layout::flex_layout] layout_flex: node=NodeKey(2743256222533681192), children.len()=3
[2026-01-11T20:04:39Z ERROR css_core::box_tree::constraint_block_layout] layout_block ENTRY: node=NodeKey(2743256222533681194)
[2026-01-11T20:04:39Z ERROR css_core::box_tree::constraint_block_layout] Checking flex: node=NodeKey(2743256222533681194), display=Inline
[2026-01-11T20:04:39Z ERROR css_core::box_tree::constraint_block_layout::flex_layout] layout_flex: node=NodeKey(2743256222533681192), flex_items.len()=1
[2026-01-11T20:04:39Z ERROR css_core::box_tree::constraint_block_layout] layout_block ENTRY: node=NodeKey(2743256222533681194)
[2026-01-11T20:04:39Z ERROR css_core::box_tree::constraint_block_layout] Checking flex: node=NodeKey(2743256222533681194), display=Inline
[2026-01-11T20:04:39Z ERROR css_core::box_tree::constraint_block_layout] INSERTING FLEX CONTAINER in layout_block: node=NodeKey(2743256222533681192), inline_size=36, is_measurement=true
[2026-01-11T20:04:39Z ERROR css_core::box_tree::constraint_block_layout] layout_block ENTRY: node=NodeKey(2743256222533681197)
[2026-01-11T20:04:39Z ERROR css_core::box_tree::constraint_block_layout] Checking flex: node=NodeKey(2743256222533681197), display=InlineFlex
[2026-01-11T20:04:39Z ERROR css_core::box_tree::constraint_block_layout] IS FLEX!
[2026-01-11T20:04:39Z ERROR css_core::box_tree::constraint_block_layout::flex_layout] layout_flex: node=NodeKey(2743256222533681197), children.len()=3
[2026-01-11T20:04:39Z ERROR css_core::box_tree::constraint_block_layout] layout_block ENTRY: node=NodeKey(2743256222533681199)
[2026-01-11T20:04:39Z ERROR css_core::box_tree::constraint_block_layout] Checking flex: node=NodeKey(2743256222533681199), display=Inline
[2026-01-11T20:04:39Z ERROR css_core::box_tree::constraint_block_layout::flex_layout] layout_flex: node=NodeKey(2743256222533681197), flex_items.len()=1
[2026-01-11T20:04:39Z ERROR css_core::box_tree::constraint_block_layout] layout_block ENTRY: node=NodeKey(2743256222533681199)
[2026-01-11T20:04:39Z ERROR css_core::box_tree::constraint_block_layout] Checking flex: node=NodeKey(2743256222533681199), display=Inline
[2026-01-11T20:04:39Z ERROR css_core::box_tree::constraint_block_layout] INSERTING FLEX CONTAINER in layout_block: node=NodeKey(2743256222533681197), inline_size=36, is_measurement=true
[2026-01-11T20:04:39Z ERROR css_core::box_tree::constraint_block_layout::flex_layout] layout_flex: node=NodeKey(2743256222533681190), flex_items.len()=2
[2026-01-11T20:04:39Z ERROR css_core::box_tree::constraint_block_layout] layout_block ENTRY: node=NodeKey(2743256222533681192)
[2026-01-11T20:04:39Z ERROR css_core::box_tree::constraint_block_layout] Checking flex: node=NodeKey(2743256222533681192), display=InlineFlex
[2026-01-11T20:04:39Z ERROR css_core::box_tree::constraint_block_layout] IS FLEX!
[2026-01-11T20:04:39Z ERROR css_core::box_tree::constraint_block_layout::flex_layout] layout_flex: node=NodeKey(2743256222533681192), children.len()=3
[2026-01-11T20:04:39Z ERROR css_core::box_tree::constraint_block_layout] layout_block ENTRY: node=NodeKey(2743256222533681194)
[2026-01-11T20:04:39Z ERROR css_core::box_tree::constraint_block_layout] Checking flex: node=NodeKey(2743256222533681194), display=Inline
[2026-01-11T20:04:39Z ERROR css_core::box_tree::constraint_block_layout::flex_layout] layout_flex: node=NodeKey(2743256222533681192), flex_items.len()=1
[2026-01-11T20:04:39Z ERROR css_core::box_tree::constraint_block_layout] layout_block ENTRY: node=NodeKey(2743256222533681194)
[2026-01-11T20:04:39Z ERROR css_core::box_tree::constraint_block_layout] Checking flex: node=NodeKey(2743256222533681194), display=Inline
[2026-01-11T20:04:39Z ERROR css_core::box_tree::constraint_block_layout] INSERTING FLEX CONTAINER in layout_block: node=NodeKey(2743256222533681192), inline_size=36, is_measurement=false
[2026-01-11T20:04:39Z ERROR css_core::box_tree::constraint_block_layout] layout_block ENTRY: node=NodeKey(2743256222533681197)
[2026-01-11T20:04:39Z ERROR css_core::box_tree::constraint_block_layout] Checking flex: node=NodeKey(2743256222533681197), display=InlineFlex
[2026-01-11T20:04:39Z ERROR css_core::box_tree::constraint_block_layout] IS FLEX!
[2026-01-11T20:04:39Z ERROR css_core::box_tree::constraint_block_layout::flex_layout] layout_flex: node=NodeKey(2743256222533681197), children.len()=3
[2026-01-11T20:04:39Z ERROR css_core::box_tree::constraint_block_layout] layout_block ENTRY: node=NodeKey(2743256222533681199)
[2026-01-11T20:04:39Z ERROR css_core::box_tree::constraint_block_layout] Checking flex: node=NodeKey(2743256222533681199), display=Inline
[2026-01-11T20:04:39Z ERROR css_core::box_tree::constraint_block_layout::flex_layout] layout_flex: node=NodeKey(2743256222533681197), flex_items.len()=1
[2026-01-11T20:04:39Z ERROR css_core::box_tree::constraint_block_layout] layout_block ENTRY: node=NodeKey(2743256222533681199)
[2026-01-11T20:04:39Z ERROR css_core::box_tree::constraint_block_layout] Checking flex: node=NodeKey(2743256222533681199), display=Inline
[2026-01-11T20:04:39Z ERROR css_core::box_tree::constraint_block_layout] INSERTING FLEX CONTAINER in layout_block: node=NodeKey(2743256222533681197), inline_size=36, is_measurement=false
[2026-01-11T20:04:39Z ERROR css_core::box_tree::constraint_block_layout] INSERTING FLEX CONTAINER in layout_block: node=NodeKey(2743256222533681190), inline_size=768, is_measurement=false
[2026-01-11T20:04:39Z ERROR css_core::box_tree::constraint_block_layout] INSERTING FLEX CONTAINER in layout_block: node=NodeKey(2743256222533681168), inline_size=800, is_measurement=false
[2026-01-11T20:04:39Z ERROR page_handler::core::incremental_layout] LAYOUT TREE COMPLETE - generation 1, total results: 22
[2026-01-11T20:04:39Z ERROR page_handler::core::incremental_layout] RUNNING LAYOUT TREE - generation 1
[2026-01-11T20:04:39Z ERROR css_core::box_tree::constraint_block_layout] layout_block ENTRY: node=NodeKey(17763605404744417282)
[2026-01-11T20:04:39Z ERROR css_core::box_tree::constraint_block_layout] Checking flex: node=NodeKey(17763605404744417282), display=Block
[2026-01-11T20:04:39Z ERROR css_core::box_tree::constraint_block_layout] layout_block ENTRY: node=NodeKey(17763605404744417294)
[2026-01-11T20:04:39Z ERROR css_core::box_tree::constraint_block_layout] Checking flex: node=NodeKey(17763605404744417294), display=Block
[2026-01-11T20:04:39Z ERROR css_core::box_tree::constraint_block_layout] layout_block ENTRY: node=NodeKey(17763605404744417296)
[2026-01-11T20:04:39Z ERROR css_core::box_tree::constraint_block_layout] Checking flex: node=NodeKey(17763605404744417296), display=Flex
[2026-01-11T20:04:39Z ERROR css_core::box_tree::constraint_block_layout] IS FLEX!
[2026-01-11T20:04:39Z ERROR css_core::box_tree::constraint_block_layout::flex_layout] layout_flex: node=NodeKey(17763605404744417296), children.len()=5
[2026-01-11T20:04:39Z ERROR css_core::box_tree::constraint_block_layout] layout_block ENTRY: node=NodeKey(17763605404744417298)
[2026-01-11T20:04:39Z ERROR css_core::box_tree::constraint_block_layout] Checking flex: node=NodeKey(17763605404744417298), display=Flex
[2026-01-11T20:04:39Z ERROR css_core::box_tree::constraint_block_layout] IS FLEX!
[2026-01-11T20:04:39Z ERROR css_core::box_tree::constraint_block_layout::flex_layout] layout_flex: node=NodeKey(17763605404744417298), children.len()=9
[2026-01-11T20:04:39Z ERROR css_core::box_tree::constraint_block_layout] layout_block ENTRY: node=NodeKey(17763605404744417300)
[2026-01-11T20:04:39Z ERROR css_core::box_tree::constraint_block_layout] Checking flex: node=NodeKey(17763605404744417300), display=InlineFlex
[2026-01-11T20:04:39Z ERROR css_core::box_tree::constraint_block_layout] IS FLEX!
[2026-01-11T20:04:39Z ERROR css_core::box_tree::constraint_block_layout::flex_layout] layout_flex: node=NodeKey(17763605404744417300), children.len()=1
[2026-01-11T20:04:39Z ERROR css_core::box_tree::constraint_block_layout::flex_layout] layout_flex: node=NodeKey(17763605404744417300), flex_items.len()=1
[2026-01-11T20:04:39Z ERROR css_core::box_tree::constraint_block_layout::text] INSERTING TEXT RESULT: text='Primary', inline_size=48.220703, block_size=16, single_line_height=16, glyph_height=16, is_for_measurement_only=false
[2026-01-11T20:04:39Z ERROR css_core::box_tree::constraint_block_layout] INSERTING FLEX CONTAINER in layout_block: node=NodeKey(17763605404744417300), inline_size=80.2207, is_measurement=true
[2026-01-11T20:04:39Z ERROR css_core::box_tree::constraint_block_layout] layout_block ENTRY: node=NodeKey(17763605404744417303)
[2026-01-11T20:04:39Z ERROR css_core::box_tree::constraint_block_layout] Checking flex: node=NodeKey(17763605404744417303), display=InlineFlex
[2026-01-11T20:04:39Z ERROR css_core::box_tree::constraint_block_layout] IS FLEX!
[2026-01-11T20:04:39Z ERROR css_core::box_tree::constraint_block_layout::flex_layout] layout_flex: node=NodeKey(17763605404744417303), children.len()=1
[2026-01-11T20:04:39Z ERROR css_core::box_tree::constraint_block_layout::flex_layout] layout_flex: node=NodeKey(17763605404744417303), flex_items.len()=1
[2026-01-11T20:04:39Z ERROR css_core::box_tree::constraint_block_layout] INSERTING FLEX CONTAINER in layout_block: node=NodeKey(17763605404744417303), inline_size=98.930664, is_measurement=true
[2026-01-11T20:04:39Z ERROR css_core::box_tree::constraint_block_layout] layout_block ENTRY: node=NodeKey(17763605404744417306)
[2026-01-11T20:04:39Z ERROR css_core::box_tree::constraint_block_layout] Checking flex: node=NodeKey(17763605404744417306), display=InlineFlex
[2026-01-11T20:04:39Z ERROR css_core::box_tree::constraint_block_layout] IS FLEX!
[2026-01-11T20:04:39Z ERROR css_core::box_tree::constraint_block_layout::flex_layout] layout_flex: node=NodeKey(17763605404744417306), children.len()=1
[2026-01-11T20:04:39Z ERROR css_core::box_tree::constraint_block_layout::flex_layout] layout_flex: node=NodeKey(17763605404744417306), flex_items.len()=1
[2026-01-11T20:04:39Z ERROR css_core::box_tree::constraint_block_layout] INSERTING FLEX CONTAINER in layout_block: node=NodeKey(17763605404744417306), inline_size=78.3584, is_measurement=true
[2026-01-11T20:04:39Z ERROR css_core::box_tree::constraint_block_layout] layout_block ENTRY: node=NodeKey(17763605404744417309)
[2026-01-11T20:04:39Z ERROR css_core::box_tree::constraint_block_layout] Checking flex: node=NodeKey(17763605404744417309), display=InlineFlex
[2026-01-11T20:04:39Z ERROR css_core::box_tree::constraint_block_layout] IS FLEX!
[2026-01-11T20:04:39Z ERROR css_core::box_tree::constraint_block_layout::flex_layout] layout_flex: node=NodeKey(17763605404744417309), children.len()=1
[2026-01-11T20:04:39Z ERROR css_core::box_tree::constraint_block_layout::flex_layout] layout_flex: node=NodeKey(17763605404744417309), flex_items.len()=1
[2026-01-11T20:04:39Z ERROR css_core::box_tree::constraint_block_layout] INSERTING FLEX CONTAINER in layout_block: node=NodeKey(17763605404744417309), inline_size=69.35156, is_measurement=true
[2026-01-11T20:04:39Z ERROR css_core::box_tree::constraint_block_layout::flex_layout] layout_flex: node=NodeKey(17763605404744417298), flex_items.len()=4
[2026-01-11T20:04:39Z ERROR css_core::box_tree::constraint_block_layout] layout_block ENTRY: node=NodeKey(17763605404744417300)
[2026-01-11T20:04:39Z ERROR css_core::box_tree::constraint_block_layout] Checking flex: node=NodeKey(17763605404744417300), display=InlineFlex
[2026-01-11T20:04:39Z ERROR css_core::box_tree::constraint_block_layout] IS FLEX!
[2026-01-11T20:04:39Z ERROR css_core::box_tree::constraint_block_layout::flex_layout] layout_flex: node=NodeKey(17763605404744417300), children.len()=1
[2026-01-11T20:04:39Z ERROR css_core::box_tree::constraint_block_layout::flex_layout] layout_flex: node=NodeKey(17763605404744417300), flex_items.len()=1
[2026-01-11T20:04:39Z ERROR css_core::box_tree::constraint_block_layout::text] INSERTING TEXT RESULT: text='Primary', inline_size=48.220703, block_size=16, single_line_height=16, glyph_height=16, is_for_measurement_only=false
[2026-01-11T20:04:39Z ERROR css_core::box_tree::constraint_block_layout] INSERTING FLEX CONTAINER in layout_block: node=NodeKey(17763605404744417300), inline_size=80.21875, is_measurement=false
[2026-01-11T20:04:39Z ERROR css_core::box_tree::constraint_block_layout] layout_block ENTRY: node=NodeKey(17763605404744417303)
[2026-01-11T20:04:39Z ERROR css_core::box_tree::constraint_block_layout] Checking flex: node=NodeKey(17763605404744417303), display=InlineFlex
[2026-01-11T20:04:39Z ERROR css_core::box_tree::constraint_block_layout] IS FLEX!
[2026-01-11T20:04:39Z ERROR css_core::box_tree::constraint_block_layout::flex_layout] layout_flex: node=NodeKey(17763605404744417303), children.len()=1
[2026-01-11T20:04:39Z ERROR css_core::box_tree::constraint_block_layout::flex_layout] layout_flex: node=NodeKey(17763605404744417303), flex_items.len()=1
[2026-01-11T20:04:39Z ERROR css_core::box_tree::constraint_block_layout] INSERTING FLEX CONTAINER in layout_block: node=NodeKey(17763605404744417303), inline_size=98.9375, is_measurement=false
[2026-01-11T20:04:39Z ERROR css_core::box_tree::constraint_block_layout] layout_block ENTRY: node=NodeKey(17763605404744417306)
[2026-01-11T20:04:39Z ERROR css_core::box_tree::constraint_block_layout] Checking flex: node=NodeKey(17763605404744417306), display=InlineFlex
[2026-01-11T20:04:39Z ERROR css_core::box_tree::constraint_block_layout] IS FLEX!
[2026-01-11T20:04:39Z ERROR css_core::box_tree::constraint_block_layout::flex_layout] layout_flex: node=NodeKey(17763605404744417306), children.len()=1
[2026-01-11T20:04:39Z ERROR css_core::box_tree::constraint_block_layout::flex_layout] layout_flex: node=NodeKey(17763605404744417306), flex_items.len()=1
[2026-01-11T20:04:39Z ERROR css_core::box_tree::constraint_block_layout] INSERTING FLEX CONTAINER in layout_block: node=NodeKey(17763605404744417306), inline_size=78.359375, is_measurement=false
[2026-01-11T20:04:39Z ERROR css_core::box_tree::constraint_block_layout] layout_block ENTRY: node=NodeKey(17763605404744417309)
[2026-01-11T20:04:39Z ERROR css_core::box_tree::constraint_block_layout] Checking flex: node=NodeKey(17763605404744417309), display=InlineFlex
[2026-01-11T20:04:39Z ERROR css_core::box_tree::constraint_block_layout] IS FLEX!
[2026-01-11T20:04:39Z ERROR css_core::box_tree::constraint_block_layout::flex_layout] layout_flex: node=NodeKey(17763605404744417309), children.len()=1
[2026-01-11T20:04:39Z ERROR css_core::box_tree::constraint_block_layout::flex_layout] layout_flex: node=NodeKey(17763605404744417309), flex_items.len()=1
[2026-01-11T20:04:39Z ERROR css_core::box_tree::constraint_block_layout] INSERTING FLEX CONTAINER in layout_block: node=NodeKey(17763605404744417309), inline_size=69.359375, is_measurement=false
[2026-01-11T20:04:39Z ERROR css_core::box_tree::constraint_block_layout] INSERTING FLEX CONTAINER in layout_block: node=NodeKey(17763605404744417298), inline_size=768, is_measurement=true
[2026-01-11T20:04:39Z ERROR css_core::box_tree::constraint_block_layout] layout_block ENTRY: node=NodeKey(17763605404744417313)
[2026-01-11T20:04:39Z ERROR css_core::box_tree::constraint_block_layout] Checking flex: node=NodeKey(17763605404744417313), display=Flex
[2026-01-11T20:04:39Z ERROR css_core::box_tree::constraint_block_layout] IS FLEX!
[2026-01-11T20:04:39Z ERROR css_core::box_tree::constraint_block_layout::flex_layout] layout_flex: node=NodeKey(17763605404744417313), children.len()=7
[2026-01-11T20:04:39Z ERROR css_core::box_tree::constraint_block_layout] layout_block ENTRY: node=NodeKey(17763605404744417315)
[2026-01-11T20:04:39Z ERROR css_core::box_tree::constraint_block_layout] Checking flex: node=NodeKey(17763605404744417315), display=InlineFlex
[2026-01-11T20:04:39Z ERROR css_core::box_tree::constraint_block_layout] IS FLEX!
[2026-01-11T20:04:39Z ERROR css_core::box_tree::constraint_block_layout::flex_layout] layout_flex: node=NodeKey(17763605404744417315), children.len()=1
[2026-01-11T20:04:39Z ERROR css_core::box_tree::constraint_block_layout::flex_layout] layout_flex: node=NodeKey(17763605404744417315), flex_items.len()=1
[2026-01-11T20:04:39Z ERROR css_core::box_tree::constraint_block_layout] INSERTING FLEX CONTAINER in layout_block: node=NodeKey(17763605404744417315), inline_size=46.00586, is_measurement=true
[2026-01-11T20:04:39Z ERROR css_core::box_tree::constraint_block_layout] layout_block ENTRY: node=NodeKey(17763605404744417318)
[2026-01-11T20:04:39Z ERROR css_core::box_tree::constraint_block_layout] Checking flex: node=NodeKey(17763605404744417318), display=InlineFlex
[2026-01-11T20:04:39Z ERROR css_core::box_tree::constraint_block_layout] IS FLEX!
[2026-01-11T20:04:39Z ERROR css_core::box_tree::constraint_block_layout::flex_layout] layout_flex: node=NodeKey(17763605404744417318), children.len()=1
[2026-01-11T20:04:39Z ERROR css_core::box_tree::constraint_block_layout::flex_layout] layout_flex: node=NodeKey(17763605404744417318), flex_items.len()=1
[2026-01-11T20:04:39Z ERROR css_core::box_tree::constraint_block_layout] INSERTING FLEX CONTAINER in layout_block: node=NodeKey(17763605404744417318), inline_size=81.79297, is_measurement=true
[2026-01-11T20:04:39Z ERROR css_core::box_tree::constraint_block_layout] layout_block ENTRY: node=NodeKey(17763605404744417321)
[2026-01-11T20:04:39Z ERROR css_core::box_tree::constraint_block_layout] Checking flex: node=NodeKey(17763605404744417321), display=InlineFlex
[2026-01-11T20:04:39Z ERROR css_core::box_tree::constraint_block_layout] IS FLEX!
[2026-01-11T20:04:39Z ERROR css_core::box_tree::constraint_block_layout::flex_layout] layout_flex: node=NodeKey(17763605404744417321), children.len()=1
[2026-01-11T20:04:39Z ERROR css_core::box_tree::constraint_block_layout::flex_layout] layout_flex: node=NodeKey(17763605404744417321), flex_items.len()=1
[2026-01-11T20:04:39Z ERROR css_core::box_tree::constraint_block_layout] INSERTING FLEX CONTAINER in layout_block: node=NodeKey(17763605404744417321), inline_size=88.921875, is_measurement=true
[2026-01-11T20:04:39Z ERROR css_core::box_tree::constraint_block_layout::flex_layout] layout_flex: node=NodeKey(17763605404744417313), flex_items.len()=3
[2026-01-11T20:04:39Z ERROR css_core::box_tree::constraint_block_layout] layout_block ENTRY: node=NodeKey(17763605404744417315)
[2026-01-11T20:04:39Z ERROR css_core::box_tree::constraint_block_layout] Checking flex: node=NodeKey(17763605404744417315), display=InlineFlex
[2026-01-11T20:04:39Z ERROR css_core::box_tree::constraint_block_layout] IS FLEX!
[2026-01-11T20:04:39Z ERROR css_core::box_tree::constraint_block_layout::flex_layout] layout_flex: node=NodeKey(17763605404744417315), children.len()=1
[2026-01-11T20:04:39Z ERROR css_core::box_tree::constraint_block_layout::flex_layout] layout_flex: node=NodeKey(17763605404744417315), flex_items.len()=1
[2026-01-11T20:04:39Z ERROR css_core::box_tree::constraint_block_layout] INSERTING FLEX CONTAINER in layout_block: node=NodeKey(17763605404744417315), inline_size=46, is_measurement=false
[2026-01-11T20:04:39Z ERROR css_core::box_tree::constraint_block_layout] layout_block ENTRY: node=NodeKey(17763605404744417318)
[2026-01-11T20:04:39Z ERROR css_core::box_tree::constraint_block_layout] Checking flex: node=NodeKey(17763605404744417318), display=InlineFlex
[2026-01-11T20:04:39Z ERROR css_core::box_tree::constraint_block_layout] IS FLEX!
[2026-01-11T20:04:39Z ERROR css_core::box_tree::constraint_block_layout::flex_layout] layout_flex: node=NodeKey(17763605404744417318), children.len()=1
[2026-01-11T20:04:39Z ERROR css_core::box_tree::constraint_block_layout::flex_layout] layout_flex: node=NodeKey(17763605404744417318), flex_items.len()=1
[2026-01-11T20:04:39Z ERROR css_core::box_tree::constraint_block_layout] INSERTING FLEX CONTAINER in layout_block: node=NodeKey(17763605404744417318), inline_size=81.796875, is_measurement=false
[2026-01-11T20:04:39Z ERROR css_core::box_tree::constraint_block_layout] layout_block ENTRY: node=NodeKey(17763605404744417321)
[2026-01-11T20:04:39Z ERROR css_core::box_tree::constraint_block_layout] Checking flex: node=NodeKey(17763605404744417321), display=InlineFlex
[2026-01-11T20:04:39Z ERROR css_core::box_tree::constraint_block_layout] IS FLEX!
[2026-01-11T20:04:39Z ERROR css_core::box_tree::constraint_block_layout::flex_layout] layout_flex: node=NodeKey(17763605404744417321), children.len()=1
[2026-01-11T20:04:39Z ERROR css_core::box_tree::constraint_block_layout::flex_layout] layout_flex: node=NodeKey(17763605404744417321), flex_items.len()=1
[2026-01-11T20:04:39Z ERROR css_core::box_tree::constraint_block_layout] INSERTING FLEX CONTAINER in layout_block: node=NodeKey(17763605404744417321), inline_size=88.921875, is_measurement=false
[2026-01-11T20:04:39Z ERROR css_core::box_tree::constraint_block_layout] INSERTING FLEX CONTAINER in layout_block: node=NodeKey(17763605404744417313), inline_size=768, is_measurement=true
[2026-01-11T20:04:39Z ERROR css_core::box_tree::constraint_block_layout::flex_layout] layout_flex: node=NodeKey(17763605404744417296), flex_items.len()=2
[2026-01-11T20:04:39Z ERROR css_core::box_tree::constraint_block_layout] layout_block ENTRY: node=NodeKey(17763605404744417298)
[2026-01-11T20:04:39Z ERROR css_core::box_tree::constraint_block_layout] Checking flex: node=NodeKey(17763605404744417298), display=Flex
[2026-01-11T20:04:39Z ERROR css_core::box_tree::constraint_block_layout] IS FLEX!
[2026-01-11T20:04:39Z ERROR css_core::box_tree::constraint_block_layout::flex_layout] layout_flex: node=NodeKey(17763605404744417298), children.len()=9
[2026-01-11T20:04:39Z ERROR css_core::box_tree::constraint_block_layout] layout_block ENTRY: node=NodeKey(17763605404744417300)
[2026-01-11T20:04:39Z ERROR css_core::box_tree::constraint_block_layout] Checking flex: node=NodeKey(17763605404744417300), display=InlineFlex
[2026-01-11T20:04:39Z ERROR css_core::box_tree::constraint_block_layout] IS FLEX!
[2026-01-11T20:04:39Z ERROR css_core::box_tree::constraint_block_layout::flex_layout] layout_flex: node=NodeKey(17763605404744417300), children.len()=1
[2026-01-11T20:04:39Z ERROR css_core::box_tree::constraint_block_layout::flex_layout] layout_flex: node=NodeKey(17763605404744417300), flex_items.len()=1
[2026-01-11T20:04:39Z ERROR css_core::box_tree::constraint_block_layout::text] INSERTING TEXT RESULT: text='Primary', inline_size=48.220703, block_size=16, single_line_height=16, glyph_height=16, is_for_measurement_only=false
[2026-01-11T20:04:39Z ERROR css_core::box_tree::constraint_block_layout] INSERTING FLEX CONTAINER in layout_block: node=NodeKey(17763605404744417300), inline_size=80.2207, is_measurement=true
[2026-01-11T20:04:39Z ERROR css_core::box_tree::constraint_block_layout] layout_block ENTRY: node=NodeKey(17763605404744417303)
[2026-01-11T20:04:39Z ERROR css_core::box_tree::constraint_block_layout] Checking flex: node=NodeKey(17763605404744417303), display=InlineFlex
[2026-01-11T20:04:39Z ERROR css_core::box_tree::constraint_block_layout] IS FLEX!
[2026-01-11T20:04:39Z ERROR css_core::box_tree::constraint_block_layout::flex_layout] layout_flex: node=NodeKey(17763605404744417303), children.len()=1
[2026-01-11T20:04:39Z ERROR css_core::box_tree::constraint_block_layout::flex_layout] layout_flex: node=NodeKey(17763605404744417303), flex_items.len()=1
[2026-01-11T20:04:39Z ERROR css_core::box_tree::constraint_block_layout] INSERTING FLEX CONTAINER in layout_block: node=NodeKey(17763605404744417303), inline_size=98.930664, is_measurement=true
[2026-01-11T20:04:39Z ERROR css_core::box_tree::constraint_block_layout] layout_block ENTRY: node=NodeKey(17763605404744417306)
[2026-01-11T20:04:39Z ERROR css_core::box_tree::constraint_block_layout] Checking flex: node=NodeKey(17763605404744417306), display=InlineFlex
[2026-01-11T20:04:39Z ERROR css_core::box_tree::constraint_block_layout] IS FLEX!
[2026-01-11T20:04:39Z ERROR css_core::box_tree::constraint_block_layout::flex_layout] layout_flex: node=NodeKey(17763605404744417306), children.len()=1
[2026-01-11T20:04:39Z ERROR css_core::box_tree::constraint_block_layout::flex_layout] layout_flex: node=NodeKey(17763605404744417306), flex_items.len()=1
[2026-01-11T20:04:39Z ERROR css_core::box_tree::constraint_block_layout] INSERTING FLEX CONTAINER in layout_block: node=NodeKey(17763605404744417306), inline_size=78.3584, is_measurement=true
[2026-01-11T20:04:39Z ERROR css_core::box_tree::constraint_block_layout] layout_block ENTRY: node=NodeKey(17763605404744417309)
[2026-01-11T20:04:39Z ERROR css_core::box_tree::constraint_block_layout] Checking flex: node=NodeKey(17763605404744417309), display=InlineFlex
[2026-01-11T20:04:39Z ERROR css_core::box_tree::constraint_block_layout] IS FLEX!
[2026-01-11T20:04:39Z ERROR css_core::box_tree::constraint_block_layout::flex_layout] layout_flex: node=NodeKey(17763605404744417309), children.len()=1
[2026-01-11T20:04:39Z ERROR css_core::box_tree::constraint_block_layout::flex_layout] layout_flex: node=NodeKey(17763605404744417309), flex_items.len()=1
[2026-01-11T20:04:39Z ERROR css_core::box_tree::constraint_block_layout] INSERTING FLEX CONTAINER in layout_block: node=NodeKey(17763605404744417309), inline_size=69.35156, is_measurement=true
[2026-01-11T20:04:39Z ERROR css_core::box_tree::constraint_block_layout::flex_layout] layout_flex: node=NodeKey(17763605404744417298), flex_items.len()=4
[2026-01-11T20:04:39Z ERROR css_core::box_tree::constraint_block_layout] layout_block ENTRY: node=NodeKey(17763605404744417300)
[2026-01-11T20:04:39Z ERROR css_core::box_tree::constraint_block_layout] Checking flex: node=NodeKey(17763605404744417300), display=InlineFlex
[2026-01-11T20:04:39Z ERROR css_core::box_tree::constraint_block_layout] IS FLEX!
[2026-01-11T20:04:39Z ERROR css_core::box_tree::constraint_block_layout::flex_layout] layout_flex: node=NodeKey(17763605404744417300), children.len()=1
[2026-01-11T20:04:39Z ERROR css_core::box_tree::constraint_block_layout::flex_layout] layout_flex: node=NodeKey(17763605404744417300), flex_items.len()=1
[2026-01-11T20:04:39Z ERROR css_core::box_tree::constraint_block_layout::text] INSERTING TEXT RESULT: text='Primary', inline_size=48.220703, block_size=16, single_line_height=16, glyph_height=16, is_for_measurement_only=false
[2026-01-11T20:04:39Z ERROR css_core::box_tree::constraint_block_layout] INSERTING FLEX CONTAINER in layout_block: node=NodeKey(17763605404744417300), inline_size=80.21875, is_measurement=false
[2026-01-11T20:04:39Z ERROR css_core::box_tree::constraint_block_layout] layout_block ENTRY: node=NodeKey(17763605404744417303)
[2026-01-11T20:04:39Z ERROR css_core::box_tree::constraint_block_layout] Checking flex: node=NodeKey(17763605404744417303), display=InlineFlex
[2026-01-11T20:04:39Z ERROR css_core::box_tree::constraint_block_layout] IS FLEX!
[2026-01-11T20:04:39Z ERROR css_core::box_tree::constraint_block_layout::flex_layout] layout_flex: node=NodeKey(17763605404744417303), children.len()=1
[2026-01-11T20:04:39Z ERROR css_core::box_tree::constraint_block_layout::flex_layout] layout_flex: node=NodeKey(17763605404744417303), flex_items.len()=1
[2026-01-11T20:04:39Z ERROR css_core::box_tree::constraint_block_layout] INSERTING FLEX CONTAINER in layout_block: node=NodeKey(17763605404744417303), inline_size=98.9375, is_measurement=false
[2026-01-11T20:04:39Z ERROR css_core::box_tree::constraint_block_layout] layout_block ENTRY: node=NodeKey(17763605404744417306)
[2026-01-11T20:04:39Z ERROR css_core::box_tree::constraint_block_layout] Checking flex: node=NodeKey(17763605404744417306), display=InlineFlex
[2026-01-11T20:04:39Z ERROR css_core::box_tree::constraint_block_layout] IS FLEX!
[2026-01-11T20:04:39Z ERROR css_core::box_tree::constraint_block_layout::flex_layout] layout_flex: node=NodeKey(17763605404744417306), children.len()=1
[2026-01-11T20:04:39Z ERROR css_core::box_tree::constraint_block_layout::flex_layout] layout_flex: node=NodeKey(17763605404744417306), flex_items.len()=1
[2026-01-11T20:04:39Z ERROR css_core::box_tree::constraint_block_layout] INSERTING FLEX CONTAINER in layout_block: node=NodeKey(17763605404744417306), inline_size=78.359375, is_measurement=false
[2026-01-11T20:04:39Z ERROR css_core::box_tree::constraint_block_layout] layout_block ENTRY: node=NodeKey(17763605404744417309)
[2026-01-11T20:04:39Z ERROR css_core::box_tree::constraint_block_layout] Checking flex: node=NodeKey(17763605404744417309), display=InlineFlex
[2026-01-11T20:04:39Z ERROR css_core::box_tree::constraint_block_layout] IS FLEX!
[2026-01-11T20:04:39Z ERROR css_core::box_tree::constraint_block_layout::flex_layout] layout_flex: node=NodeKey(17763605404744417309), children.len()=1
[2026-01-11T20:04:39Z ERROR css_core::box_tree::constraint_block_layout::flex_layout] layout_flex: node=NodeKey(17763605404744417309), flex_items.len()=1
[2026-01-11T20:04:39Z ERROR css_core::box_tree::constraint_block_layout] INSERTING FLEX CONTAINER in layout_block: node=NodeKey(17763605404744417309), inline_size=69.359375, is_measurement=false
[2026-01-11T20:04:39Z ERROR css_core::box_tree::constraint_block_layout] INSERTING FLEX CONTAINER in layout_block: node=NodeKey(17763605404744417298), inline_size=768, is_measurement=false
[2026-01-11T20:04:39Z ERROR css_core::box_tree::constraint_block_layout] layout_block ENTRY: node=NodeKey(17763605404744417313)
[2026-01-11T20:04:39Z ERROR css_core::box_tree::constraint_block_layout] Checking flex: node=NodeKey(17763605404744417313), display=Flex
[2026-01-11T20:04:39Z ERROR css_core::box_tree::constraint_block_layout] IS FLEX!
[2026-01-11T20:04:39Z ERROR css_core::box_tree::constraint_block_layout::flex_layout] layout_flex: node=NodeKey(17763605404744417313), children.len()=7
[2026-01-11T20:04:39Z ERROR css_core::box_tree::constraint_block_layout] layout_block ENTRY: node=NodeKey(17763605404744417315)
[2026-01-11T20:04:39Z ERROR css_core::box_tree::constraint_block_layout] Checking flex: node=NodeKey(17763605404744417315), display=InlineFlex
[2026-01-11T20:04:39Z ERROR css_core::box_tree::constraint_block_layout] IS FLEX!
[2026-01-11T20:04:39Z ERROR css_core::box_tree::constraint_block_layout::flex_layout] layout_flex: node=NodeKey(17763605404744417315), children.len()=1
[2026-01-11T20:04:39Z ERROR css_core::box_tree::constraint_block_layout::flex_layout] layout_flex: node=NodeKey(17763605404744417315), flex_items.len()=1
[2026-01-11T20:04:39Z ERROR css_core::box_tree::constraint_block_layout] INSERTING FLEX CONTAINER in layout_block: node=NodeKey(17763605404744417315), inline_size=46.00586, is_measurement=true
[2026-01-11T20:04:39Z ERROR css_core::box_tree::constraint_block_layout] layout_block ENTRY: node=NodeKey(17763605404744417318)
[2026-01-11T20:04:39Z ERROR css_core::box_tree::constraint_block_layout] Checking flex: node=NodeKey(17763605404744417318), display=InlineFlex
[2026-01-11T20:04:39Z ERROR css_core::box_tree::constraint_block_layout] IS FLEX!
[2026-01-11T20:04:39Z ERROR css_core::box_tree::constraint_block_layout::flex_layout] layout_flex: node=NodeKey(17763605404744417318), children.len()=1
[2026-01-11T20:04:39Z ERROR css_core::box_tree::constraint_block_layout::flex_layout] layout_flex: node=NodeKey(17763605404744417318), flex_items.len()=1
[2026-01-11T20:04:39Z ERROR css_core::box_tree::constraint_block_layout] INSERTING FLEX CONTAINER in layout_block: node=NodeKey(17763605404744417318), inline_size=81.79297, is_measurement=true
[2026-01-11T20:04:39Z ERROR css_core::box_tree::constraint_block_layout] layout_block ENTRY: node=NodeKey(17763605404744417321)
[2026-01-11T20:04:39Z ERROR css_core::box_tree::constraint_block_layout] Checking flex: node=NodeKey(17763605404744417321), display=InlineFlex
[2026-01-11T20:04:39Z ERROR css_core::box_tree::constraint_block_layout] IS FLEX!
[2026-01-11T20:04:39Z ERROR css_core::box_tree::constraint_block_layout::flex_layout] layout_flex: node=NodeKey(17763605404744417321), children.len()=1
[2026-01-11T20:04:39Z ERROR css_core::box_tree::constraint_block_layout::flex_layout] layout_flex: node=NodeKey(17763605404744417321), flex_items.len()=1
[2026-01-11T20:04:39Z ERROR css_core::box_tree::constraint_block_layout] INSERTING FLEX CONTAINER in layout_block: node=NodeKey(17763605404744417321), inline_size=88.921875, is_measurement=true
[2026-01-11T20:04:39Z ERROR css_core::box_tree::constraint_block_layout::flex_layout] layout_flex: node=NodeKey(17763605404744417313), flex_items.len()=3
[2026-01-11T20:04:39Z ERROR css_core::box_tree::constraint_block_layout] layout_block ENTRY: node=NodeKey(17763605404744417315)
[2026-01-11T20:04:39Z ERROR css_core::box_tree::constraint_block_layout] Checking flex: node=NodeKey(17763605404744417315), display=InlineFlex
[2026-01-11T20:04:39Z ERROR css_core::box_tree::constraint_block_layout] IS FLEX!
[2026-01-11T20:04:39Z ERROR css_core::box_tree::constraint_block_layout::flex_layout] layout_flex: node=NodeKey(17763605404744417315), children.len()=1
[2026-01-11T20:04:39Z ERROR css_core::box_tree::constraint_block_layout::flex_layout] layout_flex: node=NodeKey(17763605404744417315), flex_items.len()=1
[2026-01-11T20:04:39Z ERROR css_core::box_tree::constraint_block_layout] INSERTING FLEX CONTAINER in layout_block: node=NodeKey(17763605404744417315), inline_size=46, is_measurement=false
[2026-01-11T20:04:39Z ERROR css_core::box_tree::constraint_block_layout] layout_block ENTRY: node=NodeKey(17763605404744417318)
[2026-01-11T20:04:39Z ERROR css_core::box_tree::constraint_block_layout] Checking flex: node=NodeKey(17763605404744417318), display=InlineFlex
[2026-01-11T20:04:39Z ERROR css_core::box_tree::constraint_block_layout] IS FLEX!
[2026-01-11T20:04:39Z ERROR css_core::box_tree::constraint_block_layout::flex_layout] layout_flex: node=NodeKey(17763605404744417318), children.len()=1
[2026-01-11T20:04:39Z ERROR css_core::box_tree::constraint_block_layout::flex_layout] layout_flex: node=NodeKey(17763605404744417318), flex_items.len()=1
[2026-01-11T20:04:39Z ERROR css_core::box_tree::constraint_block_layout] INSERTING FLEX CONTAINER in layout_block: node=NodeKey(17763605404744417318), inline_size=81.796875, is_measurement=false
[2026-01-11T20:04:39Z ERROR css_core::box_tree::constraint_block_layout] layout_block ENTRY: node=NodeKey(17763605404744417321)
[2026-01-11T20:04:39Z ERROR css_core::box_tree::constraint_block_layout] Checking flex: node=NodeKey(17763605404744417321), display=InlineFlex
[2026-01-11T20:04:39Z ERROR css_core::box_tree::constraint_block_layout] IS FLEX!
[2026-01-11T20:04:39Z ERROR css_core::box_tree::constraint_block_layout::flex_layout] layout_flex: node=NodeKey(17763605404744417321), children.len()=1
[2026-01-11T20:04:39Z ERROR css_core::box_tree::constraint_block_layout::flex_layout] layout_flex: node=NodeKey(17763605404744417321), flex_items.len()=1
[2026-01-11T20:04:39Z ERROR css_core::box_tree::constraint_block_layout] INSERTING FLEX CONTAINER in layout_block: node=NodeKey(17763605404744417321), inline_size=88.921875, is_measurement=false
[2026-01-11T20:04:39Z ERROR css_core::box_tree::constraint_block_layout] INSERTING FLEX CONTAINER in layout_block: node=NodeKey(17763605404744417313), inline_size=768, is_measurement=false
[2026-01-11T20:04:39Z ERROR css_core::box_tree::constraint_block_layout] INSERTING FLEX CONTAINER in layout_block: node=NodeKey(17763605404744417296), inline_size=800, is_measurement=false
[2026-01-11T20:04:39Z ERROR page_handler::core::incremental_layout] LAYOUT TREE COMPLETE - generation 1, total results: 22
[2026-01-11T20:04:39Z ERROR page_handler::core::incremental_layout] RUNNING LAYOUT TREE - generation 1
[2026-01-11T20:04:39Z ERROR css_core::box_tree::constraint_block_layout] layout_block ENTRY: node=NodeKey(11245489369055756290)
[2026-01-11T20:04:39Z ERROR css_core::box_tree::constraint_block_layout] Checking flex: node=NodeKey(11245489369055756290), display=Block
[2026-01-11T20:04:39Z ERROR css_core::box_tree::constraint_block_layout] layout_block ENTRY: node=NodeKey(11245489369055756302)
[2026-01-11T20:04:40Z ERROR css_core::box_tree::constraint_block_layout] Checking flex: node=NodeKey(11245489369055756302), display=Block
[2026-01-11T20:04:40Z ERROR css_core::box_tree::constraint_block_layout] layout_block ENTRY: node=NodeKey(11245489369055756304)
[2026-01-11T20:04:40Z ERROR css_core::box_tree::constraint_block_layout] Checking flex: node=NodeKey(11245489369055756304), display=Flex
[2026-01-11T20:04:40Z ERROR css_core::box_tree::constraint_block_layout] IS FLEX!
[2026-01-11T20:04:40Z ERROR css_core::box_tree::constraint_block_layout::flex_layout] layout_flex: node=NodeKey(11245489369055756304), children.len()=5
[2026-01-11T20:04:40Z ERROR css_core::box_tree::constraint_block_layout] layout_block ENTRY: node=NodeKey(11245489369055756306)
[2026-01-11T20:04:40Z ERROR css_core::box_tree::constraint_block_layout] Checking flex: node=NodeKey(11245489369055756306), display=Block
[2026-01-11T20:04:40Z ERROR css_core::box_tree::constraint_block_layout] layout_block ENTRY: node=NodeKey(11245489369055756308)
[2026-01-11T20:04:40Z ERROR css_core::box_tree::constraint_block_layout] Checking flex: node=NodeKey(11245489369055756308), display=Block
[2026-01-11T20:04:40Z ERROR css_core::box_tree::constraint_block_layout::flex_layout] layout_flex: node=NodeKey(11245489369055756304), flex_items.len()=2
[2026-01-11T20:04:40Z ERROR css_core::box_tree::constraint_block_layout] layout_block ENTRY: node=NodeKey(11245489369055756306)
[2026-01-11T20:04:40Z ERROR css_core::box_tree::constraint_block_layout] Checking flex: node=NodeKey(11245489369055756306), display=Block
[2026-01-11T20:04:40Z ERROR css_core::box_tree::constraint_block_layout] layout_block ENTRY: node=NodeKey(11245489369055756308)
[2026-01-11T20:04:40Z ERROR css_core::box_tree::constraint_block_layout] Checking flex: node=NodeKey(11245489369055756308), display=Block
[2026-01-11T20:04:40Z ERROR css_core::box_tree::constraint_block_layout] INSERTING FLEX CONTAINER in layout_block: node=NodeKey(11245489369055756304), inline_size=280, is_measurement=false
[2026-01-11T20:04:40Z ERROR page_handler::core::incremental_layout] LAYOUT TREE COMPLETE - generation 1, total results: 8
[2026-01-11T20:04:40Z ERROR page_handler::core::incremental_layout] RUNNING LAYOUT TREE - generation 1
[2026-01-11T20:04:40Z ERROR css_core::box_tree::constraint_block_layout] layout_block ENTRY: node=NodeKey(5785719245799161857)
[2026-01-11T20:04:40Z ERROR css_core::box_tree::constraint_block_layout] Checking flex: node=NodeKey(5785719245799161857), display=Block
[2026-01-11T20:04:40Z ERROR css_core::box_tree::constraint_block_layout] layout_block ENTRY: node=NodeKey(5785719245799161869)
[2026-01-11T20:04:40Z ERROR css_core::box_tree::constraint_block_layout] Checking flex: node=NodeKey(5785719245799161869), display=Block
[2026-01-11T20:04:40Z ERROR css_core::box_tree::constraint_block_layout] layout_block ENTRY: node=NodeKey(5785719245799161871)
[2026-01-11T20:04:40Z ERROR css_core::box_tree::constraint_block_layout] Checking flex: node=NodeKey(5785719245799161871), display=Block
[2026-01-11T20:04:40Z ERROR page_handler::core::incremental_layout] LAYOUT TREE COMPLETE - generation 1, total results: 7
[2026-01-11T20:04:40Z ERROR page_handler::core::incremental_layout] RUNNING LAYOUT TREE - generation 1
[2026-01-11T20:04:40Z ERROR css_core::box_tree::constraint_block_layout] layout_block ENTRY: node=NodeKey(1901646042168819713)
[2026-01-11T20:04:40Z ERROR css_core::box_tree::constraint_block_layout] Checking flex: node=NodeKey(1901646042168819713), display=Block
[2026-01-11T20:04:40Z ERROR css_core::box_tree::constraint_block_layout] layout_block ENTRY: node=NodeKey(1901646042168819723)
[2026-01-11T20:04:40Z ERROR css_core::box_tree::constraint_block_layout] Checking flex: node=NodeKey(1901646042168819723), display=Block
[2026-01-11T20:04:40Z ERROR css_core::box_tree::constraint_block_layout] layout_block ENTRY: node=NodeKey(1901646042168819724)
[2026-01-11T20:04:40Z ERROR css_core::box_tree::constraint_block_layout] Checking flex: node=NodeKey(1901646042168819724), display=Block
[2026-01-11T20:04:40Z ERROR css_core::box_tree::constraint_block_layout] layout_block ENTRY: node=NodeKey(1901646042168819726)
[2026-01-11T20:04:40Z ERROR css_core::box_tree::constraint_block_layout] Checking flex: node=NodeKey(1901646042168819726), display=Block
[2026-01-11T20:04:40Z ERROR page_handler::core::incremental_layout] LAYOUT TREE COMPLETE - generation 1, total results: 8
[2026-01-11T20:04:40Z ERROR page_handler::core::incremental_layout] RUNNING LAYOUT TREE - generation 1
[2026-01-11T20:04:40Z ERROR css_core::box_tree::constraint_block_layout] layout_block ENTRY: node=NodeKey(2011702758062686209)
[2026-01-11T20:04:40Z ERROR css_core::box_tree::constraint_block_layout] Checking flex: node=NodeKey(2011702758062686209), display=Block
[2026-01-11T20:04:40Z ERROR css_core::box_tree::constraint_block_layout] layout_block ENTRY: node=NodeKey(2011702758062686219)
[2026-01-11T20:04:40Z ERROR css_core::box_tree::constraint_block_layout] Checking flex: node=NodeKey(2011702758062686219), display=Block
[2026-01-11T20:04:40Z ERROR css_core::box_tree::constraint_block_layout] layout_block ENTRY: node=NodeKey(2011702758062686220)
[2026-01-11T20:04:40Z ERROR css_core::box_tree::constraint_block_layout] Checking flex: node=NodeKey(2011702758062686220), display=Block
[2026-01-11T20:04:40Z ERROR css_core::box_tree::constraint_block_layout] layout_block ENTRY: node=NodeKey(2011702758062686222)
[2026-01-11T20:04:40Z ERROR css_core::box_tree::constraint_block_layout] Checking flex: node=NodeKey(2011702758062686222), display=Block
[2026-01-11T20:04:40Z ERROR css_core::box_tree::constraint_block_layout] layout_block ENTRY: node=NodeKey(2011702758062686224)
[2026-01-11T20:04:40Z ERROR css_core::box_tree::constraint_block_layout] Checking flex: node=NodeKey(2011702758062686224), display=Block
[2026-01-11T20:04:40Z ERROR css_core::box_tree::constraint_block_layout] layout_block ENTRY: node=NodeKey(2011702758062686227)
[2026-01-11T20:04:40Z ERROR css_core::box_tree::constraint_block_layout] Checking flex: node=NodeKey(2011702758062686227), display=Block
[2026-01-11T20:04:40Z ERROR page_handler::core::incremental_layout] LAYOUT TREE COMPLETE - generation 1, total results: 14
[2026-01-11T20:04:40Z ERROR page_handler::core::incremental_layout] RUNNING LAYOUT TREE - generation 1
[2026-01-11T20:04:40Z ERROR css_core::box_tree::constraint_block_layout] layout_block ENTRY: node=NodeKey(11862482518005514241)
[2026-01-11T20:04:40Z ERROR css_core::box_tree::constraint_block_layout] Checking flex: node=NodeKey(11862482518005514241), display=Block
[2026-01-11T20:04:40Z ERROR css_core::box_tree::constraint_block_layout] layout_block ENTRY: node=NodeKey(11862482518005514251)
[2026-01-11T20:04:40Z ERROR css_core::box_tree::constraint_block_layout] Checking flex: node=NodeKey(11862482518005514251), display=Block
[2026-01-11T20:04:40Z ERROR css_core::box_tree::constraint_block_layout] layout_block ENTRY: node=NodeKey(11862482518005514252)
[2026-01-11T20:04:40Z ERROR css_core::box_tree::constraint_block_layout] Checking flex: node=NodeKey(11862482518005514252), display=Block
[2026-01-11T20:04:40Z ERROR css_core::box_tree::constraint_block_layout] layout_block ENTRY: node=NodeKey(11862482518005514254)
[2026-01-11T20:04:40Z ERROR css_core::box_tree::constraint_block_layout] Checking flex: node=NodeKey(11862482518005514254), display=Block
[2026-01-11T20:04:40Z ERROR css_core::box_tree::constraint_block_layout] layout_block ENTRY: node=NodeKey(11862482518005514257)
[2026-01-11T20:04:40Z ERROR css_core::box_tree::constraint_block_layout] Checking flex: node=NodeKey(11862482518005514257), display=Block
[2026-01-11T20:04:40Z ERROR page_handler::core::incremental_layout] LAYOUT TREE COMPLETE - generation 1, total results: 11
[2026-01-11T20:04:40Z ERROR page_handler::core::incremental_layout] RUNNING LAYOUT TREE - generation 1
[2026-01-11T20:04:40Z ERROR css_core::box_tree::constraint_block_layout] layout_block ENTRY: node=NodeKey(7855967699506036737)
[2026-01-11T20:04:40Z ERROR css_core::box_tree::constraint_block_layout] Checking flex: node=NodeKey(7855967699506036737), display=Block
[2026-01-11T20:04:40Z ERROR css_core::box_tree::constraint_block_layout] layout_block ENTRY: node=NodeKey(7855967699506036747)
[2026-01-11T20:04:40Z ERROR css_core::box_tree::constraint_block_layout] Checking flex: node=NodeKey(7855967699506036747), display=Block
[2026-01-11T20:04:40Z ERROR css_core::box_tree::constraint_block_layout] layout_block ENTRY: node=NodeKey(7855967699506036748)
[2026-01-11T20:04:40Z ERROR css_core::box_tree::constraint_block_layout] Checking flex: node=NodeKey(7855967699506036748), display=Block
[2026-01-11T20:04:40Z ERROR css_core::box_tree::constraint_block_layout] layout_block ENTRY: node=NodeKey(7855967699506036750)
[2026-01-11T20:04:40Z ERROR css_core::box_tree::constraint_block_layout] Checking flex: node=NodeKey(7855967699506036750), display=Block
[2026-01-11T20:04:40Z ERROR css_core::box_tree::constraint_block_layout] layout_block ENTRY: node=NodeKey(7855967699506036752)
[2026-01-11T20:04:40Z ERROR css_core::box_tree::constraint_block_layout] Checking flex: node=NodeKey(7855967699506036752), display=Block
[2026-01-11T20:04:40Z ERROR css_core::box_tree::constraint_block_layout] layout_block ENTRY: node=NodeKey(7855967699506036754)
[2026-01-11T20:04:40Z ERROR css_core::box_tree::constraint_block_layout] Checking flex: node=NodeKey(7855967699506036754), display=Block
[2026-01-11T20:04:40Z ERROR page_handler::core::incremental_layout] LAYOUT TREE COMPLETE - generation 1, total results: 13
[2026-01-11T20:04:40Z ERROR page_handler::core::incremental_layout] RUNNING LAYOUT TREE - generation 1
[2026-01-11T20:04:40Z ERROR css_core::box_tree::constraint_block_layout] layout_block ENTRY: node=NodeKey(5106238652019638273)
[2026-01-11T20:04:40Z ERROR css_core::box_tree::constraint_block_layout] Checking flex: node=NodeKey(5106238652019638273), display=Block
[2026-01-11T20:04:40Z ERROR css_core::box_tree::constraint_block_layout] layout_block ENTRY: node=NodeKey(5106238652019638283)
[2026-01-11T20:04:40Z ERROR css_core::box_tree::constraint_block_layout] Checking flex: node=NodeKey(5106238652019638283), display=Block
[2026-01-11T20:04:40Z ERROR css_core::box_tree::constraint_block_layout] layout_block ENTRY: node=NodeKey(5106238652019638284)
[2026-01-11T20:04:40Z ERROR css_core::box_tree::constraint_block_layout] Checking flex: node=NodeKey(5106238652019638284), display=Block
[2026-01-11T20:04:40Z ERROR css_core::box_tree::constraint_block_layout] layout_block ENTRY: node=NodeKey(5106238652019638286)
[2026-01-11T20:04:40Z ERROR css_core::box_tree::constraint_block_layout] Checking flex: node=NodeKey(5106238652019638286), display=Block
[2026-01-11T20:04:40Z ERROR page_handler::core::incremental_layout] LAYOUT TREE COMPLETE - generation 1, total results: 8
[2026-01-11T20:04:40Z ERROR page_handler::core::incremental_layout] RUNNING LAYOUT TREE - generation 1
[2026-01-11T20:04:40Z ERROR css_core::box_tree::constraint_block_layout] layout_block ENTRY: node=NodeKey(4190600552779874305)
[2026-01-11T20:04:40Z ERROR css_core::box_tree::constraint_block_layout] Checking flex: node=NodeKey(4190600552779874305), display=Block
[2026-01-11T20:04:40Z ERROR css_core::box_tree::constraint_block_layout] layout_block ENTRY: node=NodeKey(4190600552779874315)
[2026-01-11T20:04:40Z ERROR css_core::box_tree::constraint_block_layout] Checking flex: node=NodeKey(4190600552779874315), display=Block
[2026-01-11T20:04:40Z ERROR css_core::box_tree::constraint_block_layout] layout_block ENTRY: node=NodeKey(4190600552779874316)
[2026-01-11T20:04:40Z ERROR css_core::box_tree::constraint_block_layout] Checking flex: node=NodeKey(4190600552779874316), display=Block
[2026-01-11T20:04:40Z ERROR css_core::box_tree::constraint_block_layout] layout_block ENTRY: node=NodeKey(4190600552779874318)
[2026-01-11T20:04:40Z ERROR css_core::box_tree::constraint_block_layout] Checking flex: node=NodeKey(4190600552779874318), display=Block
[2026-01-11T20:04:40Z ERROR css_core::box_tree::constraint_block_layout] layout_block ENTRY: node=NodeKey(4190600552779874321)
[2026-01-11T20:04:40Z ERROR css_core::box_tree::constraint_block_layout] Checking flex: node=NodeKey(4190600552779874321), display=Block
[2026-01-11T20:04:40Z ERROR page_handler::core::incremental_layout] LAYOUT TREE COMPLETE - generation 1, total results: 11
[2026-01-11T20:04:40Z ERROR page_handler::core::incremental_layout] RUNNING LAYOUT TREE - generation 1
[2026-01-11T20:04:40Z ERROR css_core::box_tree::constraint_block_layout] layout_block ENTRY: node=NodeKey(17440753606457294850)
[2026-01-11T20:04:40Z ERROR css_core::box_tree::constraint_block_layout] Checking flex: node=NodeKey(17440753606457294850), display=Block
[2026-01-11T20:04:40Z ERROR css_core::box_tree::constraint_block_layout] layout_block ENTRY: node=NodeKey(17440753606457294862)
[2026-01-11T20:04:40Z ERROR css_core::box_tree::constraint_block_layout] Checking flex: node=NodeKey(17440753606457294862), display=Block
[2026-01-11T20:04:40Z ERROR css_core::box_tree::constraint_block_layout] layout_block ENTRY: node=NodeKey(17440753606457294864)
[2026-01-11T20:04:40Z ERROR css_core::box_tree::constraint_block_layout] Checking flex: node=NodeKey(17440753606457294864), display=Block
[2026-01-11T20:04:40Z ERROR css_core::box_tree::constraint_block_layout] layout_block ENTRY: node=NodeKey(17440753606457294866)
[2026-01-11T20:04:40Z ERROR css_core::box_tree::constraint_block_layout] layout_block ENTRY: node=NodeKey(17440753606457294868)
[2026-01-11T20:04:40Z ERROR css_core::box_tree::constraint_block_layout] Checking flex: node=NodeKey(17440753606457294868), display=Block
[2026-01-11T20:04:40Z ERROR page_handler::core::incremental_layout] LAYOUT TREE COMPLETE - generation 1, total results: 11
[2026-01-11T20:04:40Z ERROR page_handler::core::incremental_layout] RUNNING LAYOUT TREE - generation 1
[2026-01-11T20:04:40Z ERROR css_core::box_tree::constraint_block_layout] layout_block ENTRY: node=NodeKey(10256949250847932418)
[2026-01-11T20:04:40Z ERROR css_core::box_tree::constraint_block_layout] Checking flex: node=NodeKey(10256949250847932418), display=Block
[2026-01-11T20:04:40Z ERROR css_core::box_tree::constraint_block_layout] layout_block ENTRY: node=NodeKey(10256949250847932430)
[2026-01-11T20:04:40Z ERROR css_core::box_tree::constraint_block_layout] Checking flex: node=NodeKey(10256949250847932430), display=Block
[2026-01-11T20:04:40Z ERROR css_core::box_tree::constraint_block_layout] layout_block ENTRY: node=NodeKey(10256949250847932432)
[2026-01-11T20:04:40Z ERROR css_core::box_tree::constraint_block_layout] Checking flex: node=NodeKey(10256949250847932432), display=Block
[2026-01-11T20:04:40Z ERROR css_core::box_tree::constraint_block_layout] layout_block ENTRY: node=NodeKey(10256949250847932434)
[2026-01-11T20:04:40Z ERROR css_core::box_tree::constraint_block_layout] Checking flex: node=NodeKey(10256949250847932434), display=Block
[2026-01-11T20:04:40Z ERROR page_handler::core::incremental_layout] LAYOUT TREE COMPLETE - generation 1, total results: 9
[2026-01-11T20:04:40Z ERROR page_handler::core::incremental_layout] RUNNING LAYOUT TREE - generation 1
[2026-01-11T20:04:40Z ERROR css_core::box_tree::constraint_block_layout] layout_block ENTRY: node=NodeKey(17281720244615774209)
[2026-01-11T20:04:40Z ERROR css_core::box_tree::constraint_block_layout] Checking flex: node=NodeKey(17281720244615774209), display=Block
[2026-01-11T20:04:40Z ERROR css_core::box_tree::constraint_block_layout] layout_block ENTRY: node=NodeKey(17281720244615774221)
[2026-01-11T20:04:40Z ERROR css_core::box_tree::constraint_block_layout] Checking flex: node=NodeKey(17281720244615774221), display=Block
[2026-01-11T20:04:40Z ERROR css_core::box_tree::constraint_block_layout] layout_block ENTRY: node=NodeKey(17281720244615774222)
[2026-01-11T20:04:40Z ERROR css_core::box_tree::constraint_block_layout] Checking flex: node=NodeKey(17281720244615774222), display=Block
[2026-01-11T20:04:40Z ERROR css_core::box_tree::constraint_block_layout] layout_block ENTRY: node=NodeKey(17281720244615774224)
[2026-01-11T20:04:40Z ERROR css_core::box_tree::constraint_block_layout] Checking flex: node=NodeKey(17281720244615774224), display=Block
[2026-01-11T20:04:40Z ERROR css_core::box_tree::constraint_block_layout] layout_block ENTRY: node=NodeKey(17281720244615774226)
[2026-01-11T20:04:40Z ERROR css_core::box_tree::constraint_block_layout] Checking flex: node=NodeKey(17281720244615774226), display=Block
[2026-01-11T20:04:40Z ERROR page_handler::core::incremental_layout] LAYOUT TREE COMPLETE - generation 1, total results: 10
[2026-01-11T20:04:40Z ERROR page_handler::core::incremental_layout] RUNNING LAYOUT TREE - generation 1
[2026-01-11T20:04:40Z ERROR css_core::box_tree::constraint_block_layout] layout_block ENTRY: node=NodeKey(14803614549655158785)
[2026-01-11T20:04:40Z ERROR css_core::box_tree::constraint_block_layout] Checking flex: node=NodeKey(14803614549655158785), display=Block
[2026-01-11T20:04:40Z ERROR css_core::box_tree::constraint_block_layout] layout_block ENTRY: node=NodeKey(14803614549655158797)
[2026-01-11T20:04:40Z ERROR css_core::box_tree::constraint_block_layout] Checking flex: node=NodeKey(14803614549655158797), display=Block
[2026-01-11T20:04:40Z ERROR css_core::box_tree::constraint_block_layout] layout_block ENTRY: node=NodeKey(14803614549655158798)
[2026-01-11T20:04:40Z ERROR css_core::box_tree::constraint_block_layout] Checking flex: node=NodeKey(14803614549655158798), display=Block
[2026-01-11T20:04:40Z ERROR css_core::box_tree::constraint_block_layout] layout_block ENTRY: node=NodeKey(14803614549655158800)
[2026-01-11T20:04:40Z ERROR css_core::box_tree::constraint_block_layout] Checking flex: node=NodeKey(14803614549655158800), display=Block
[2026-01-11T20:04:40Z ERROR css_core::box_tree::constraint_block_layout] layout_block ENTRY: node=NodeKey(14803614549655158802)
[2026-01-11T20:04:40Z ERROR css_core::box_tree::constraint_block_layout] Checking flex: node=NodeKey(14803614549655158802), display=Block
[2026-01-11T20:04:40Z ERROR page_handler::core::incremental_layout] LAYOUT TREE COMPLETE - generation 1, total results: 9
[2026-01-11T20:04:40Z ERROR page_handler::core::incremental_layout] RUNNING LAYOUT TREE - generation 1
[2026-01-11T20:04:40Z ERROR css_core::box_tree::constraint_block_layout] layout_block ENTRY: node=NodeKey(6336284300245204993)
[2026-01-11T20:04:40Z ERROR css_core::box_tree::constraint_block_layout] Checking flex: node=NodeKey(6336284300245204993), display=Block
[2026-01-11T20:04:40Z ERROR css_core::box_tree::constraint_block_layout] layout_block ENTRY: node=NodeKey(6336284300245205000)
[2026-01-11T20:04:40Z ERROR css_core::box_tree::constraint_block_layout] Checking flex: node=NodeKey(6336284300245205000), display=Block
[2026-01-11T20:04:40Z ERROR css_core::box_tree::constraint_block_layout] layout_block ENTRY: node=NodeKey(6336284300245205003)
[2026-01-11T20:04:40Z ERROR css_core::box_tree::constraint_block_layout] Checking flex: node=NodeKey(6336284300245205003), display=Block
[2026-01-11T20:04:40Z ERROR page_handler::core::incremental_layout] LAYOUT TREE COMPLETE - generation 1, total results: 6
[2026-01-11T20:04:40Z ERROR page_handler::core::incremental_layout] RUNNING LAYOUT TREE - generation 1
[2026-01-11T20:04:40Z ERROR css_core::box_tree::constraint_block_layout] layout_block ENTRY: node=NodeKey(8783709222744358914)
[2026-01-11T20:04:40Z ERROR css_core::box_tree::constraint_block_layout] Checking flex: node=NodeKey(8783709222744358914), display=Block
[2026-01-11T20:04:40Z ERROR css_core::box_tree::constraint_block_layout] layout_block ENTRY: node=NodeKey(8783709222744358926)
[2026-01-11T20:04:40Z ERROR css_core::box_tree::constraint_block_layout] Checking flex: node=NodeKey(8783709222744358926), display=Block
[2026-01-11T20:04:40Z ERROR css_core::box_tree::constraint_block_layout] layout_block ENTRY: node=NodeKey(8783709222744358928)
[2026-01-11T20:04:40Z ERROR css_core::box_tree::constraint_block_layout] Checking flex: node=NodeKey(8783709222744358928), display=Block
[2026-01-11T20:04:40Z ERROR css_core::box_tree::constraint_block_layout] layout_block ENTRY: node=NodeKey(8783709222744358930)
[2026-01-11T20:04:40Z ERROR css_core::box_tree::constraint_block_layout] layout_block ENTRY: node=NodeKey(8783709222744358932)
[2026-01-11T20:04:40Z ERROR css_core::box_tree::constraint_block_layout] layout_block ENTRY: node=NodeKey(8783709222744358934)
[2026-01-11T20:04:40Z ERROR css_core::box_tree::constraint_block_layout] Checking flex: node=NodeKey(8783709222744358934), display=Block
[2026-01-11T20:04:40Z ERROR page_handler::core::incremental_layout] LAYOUT TREE COMPLETE - generation 1, total results: 13
[2026-01-11T20:04:40Z ERROR page_handler::core::incremental_layout] RUNNING LAYOUT TREE - generation 1
[2026-01-11T20:04:40Z ERROR css_core::box_tree::constraint_block_layout] layout_block ENTRY: node=NodeKey(3629902399172247554)
[2026-01-11T20:04:40Z ERROR css_core::box_tree::constraint_block_layout] Checking flex: node=NodeKey(3629902399172247554), display=Block
[2026-01-11T20:04:40Z ERROR css_core::box_tree::constraint_block_layout] layout_block ENTRY: node=NodeKey(3629902399172247566)
[2026-01-11T20:04:40Z ERROR css_core::box_tree::constraint_block_layout] Checking flex: node=NodeKey(3629902399172247566), display=Block
[2026-01-11T20:04:40Z ERROR css_core::box_tree::constraint_block_layout] layout_block ENTRY: node=NodeKey(3629902399172247568)
[2026-01-11T20:04:40Z ERROR css_core::box_tree::constraint_block_layout] Checking flex: node=NodeKey(3629902399172247568), display=Block
[2026-01-11T20:04:40Z ERROR css_core::box_tree::constraint_block_layout] layout_block ENTRY: node=NodeKey(3629902399172247570)
[2026-01-11T20:04:40Z ERROR css_core::box_tree::constraint_block_layout] layout_block ENTRY: node=NodeKey(3629902399172247572)
[2026-01-11T20:04:40Z ERROR css_core::box_tree::constraint_block_layout] Checking flex: node=NodeKey(3629902399172247572), display=Block
[2026-01-11T20:04:40Z ERROR page_handler::core::incremental_layout] LAYOUT TREE COMPLETE - generation 1, total results: 11
[2026-01-11T20:04:40Z ERROR page_handler::core::incremental_layout] RUNNING LAYOUT TREE - generation 1
[2026-01-11T20:04:40Z ERROR css_core::box_tree::constraint_block_layout] layout_block ENTRY: node=NodeKey(4028752441171247106)
[2026-01-11T20:04:40Z ERROR css_core::box_tree::constraint_block_layout] Checking flex: node=NodeKey(4028752441171247106), display=Block
[2026-01-11T20:04:40Z ERROR css_core::box_tree::constraint_block_layout] layout_block ENTRY: node=NodeKey(4028752441171247118)
[2026-01-11T20:04:40Z ERROR css_core::box_tree::constraint_block_layout] Checking flex: node=NodeKey(4028752441171247118), display=Block
[2026-01-11T20:04:40Z ERROR css_core::box_tree::constraint_block_layout] layout_block ENTRY: node=NodeKey(4028752441171247120)
[2026-01-11T20:04:40Z ERROR css_core::box_tree::constraint_block_layout] Checking flex: node=NodeKey(4028752441171247120), display=Block
[2026-01-11T20:04:40Z ERROR css_core::box_tree::constraint_block_layout] layout_block ENTRY: node=NodeKey(4028752441171247122)
[2026-01-11T20:04:40Z ERROR css_core::box_tree::constraint_block_layout] layout_block ENTRY: node=NodeKey(4028752441171247124)
[2026-01-11T20:04:40Z ERROR css_core::box_tree::constraint_block_layout] Checking flex: node=NodeKey(4028752441171247124), display=Block
[2026-01-11T20:04:40Z ERROR page_handler::core::incremental_layout] LAYOUT TREE COMPLETE - generation 1, total results: 11
[2026-01-11T20:04:40Z ERROR page_handler::core::incremental_layout] RUNNING LAYOUT TREE - generation 2
[2026-01-11T20:04:40Z ERROR css_core::box_tree::constraint_block_layout] layout_block ENTRY: node=NodeKey(4028752441171247106)
[2026-01-11T20:04:40Z ERROR css_core::box_tree::constraint_block_layout] Checking flex: node=NodeKey(4028752441171247106), display=Block
[2026-01-11T20:04:40Z ERROR css_core::box_tree::constraint_block_layout] layout_block ENTRY: node=NodeKey(4028752441171247118)
[2026-01-11T20:04:40Z ERROR css_core::box_tree::constraint_block_layout] Checking flex: node=NodeKey(4028752441171247118), display=Block
[2026-01-11T20:04:40Z ERROR css_core::box_tree::constraint_block_layout] layout_block ENTRY: node=NodeKey(4028752441171247120)
[2026-01-11T20:04:40Z ERROR css_core::box_tree::constraint_block_layout] Checking flex: node=NodeKey(4028752441171247120), display=Block
[2026-01-11T20:04:40Z ERROR css_core::box_tree::constraint_block_layout] layout_block ENTRY: node=NodeKey(4028752441171247122)
[2026-01-11T20:04:40Z ERROR css_core::box_tree::constraint_block_layout] layout_block ENTRY: node=NodeKey(4028752441171247124)
[2026-01-11T20:04:40Z ERROR css_core::box_tree::constraint_block_layout] Checking flex: node=NodeKey(4028752441171247124), display=Block
[2026-01-11T20:04:40Z ERROR page_handler::core::incremental_layout] LAYOUT TREE COMPLETE - generation 2, total results: 11
[2026-01-11T20:04:40Z ERROR page_handler::core::incremental_layout] RUNNING LAYOUT TREE - generation 1
[2026-01-11T20:04:40Z ERROR css_core::box_tree::constraint_block_layout] layout_block ENTRY: node=NodeKey(14580404893123608577)
[2026-01-11T20:04:40Z ERROR css_core::box_tree::constraint_block_layout] Checking flex: node=NodeKey(14580404893123608577), display=Block
[2026-01-11T20:04:40Z ERROR css_core::box_tree::constraint_block_layout] layout_block ENTRY: node=NodeKey(14580404893123608589)
[2026-01-11T20:04:40Z ERROR css_core::box_tree::constraint_block_layout] Checking flex: node=NodeKey(14580404893123608589), display=Block
[2026-01-11T20:04:40Z ERROR css_core::box_tree::constraint_block_layout] layout_block ENTRY: node=NodeKey(14580404893123608591)
[2026-01-11T20:04:40Z ERROR css_core::box_tree::constraint_block_layout] Checking flex: node=NodeKey(14580404893123608591), display=Block
[2026-01-11T20:04:40Z ERROR css_core::box_tree::constraint_block_layout] layout_block ENTRY: node=NodeKey(14580404893123608593)
[2026-01-11T20:04:40Z ERROR css_core::box_tree::constraint_block_layout] Checking flex: node=NodeKey(14580404893123608593), display=Block
[2026-01-11T20:04:40Z ERROR page_handler::core::incremental_layout] LAYOUT TREE COMPLETE - generation 1, total results: 9
[2026-01-11T20:04:40Z ERROR page_handler::core::incremental_layout] RUNNING LAYOUT TREE - generation 2
[2026-01-11T20:04:40Z ERROR css_core::box_tree::constraint_block_layout] layout_block ENTRY: node=NodeKey(14580404893123608577)
[2026-01-11T20:04:40Z ERROR css_core::box_tree::constraint_block_layout] Checking flex: node=NodeKey(14580404893123608577), display=Block
[2026-01-11T20:04:40Z ERROR css_core::box_tree::constraint_block_layout] layout_block ENTRY: node=NodeKey(14580404893123608589)
[2026-01-11T20:04:40Z ERROR css_core::box_tree::constraint_block_layout] Checking flex: node=NodeKey(14580404893123608589), display=Block
[2026-01-11T20:04:40Z ERROR css_core::box_tree::constraint_block_layout] layout_block ENTRY: node=NodeKey(14580404893123608591)
[2026-01-11T20:04:40Z ERROR css_core::box_tree::constraint_block_layout] Checking flex: node=NodeKey(14580404893123608591), display=Block
[2026-01-11T20:04:40Z ERROR css_core::box_tree::constraint_block_layout] layout_block ENTRY: node=NodeKey(14580404893123608593)
[2026-01-11T20:04:40Z ERROR css_core::box_tree::constraint_block_layout] Checking flex: node=NodeKey(14580404893123608593), display=Block
[2026-01-11T20:04:40Z ERROR page_handler::core::incremental_layout] LAYOUT TREE COMPLETE - generation 2, total results: 9
[2026-01-11T20:04:40Z ERROR page_handler::core::incremental_layout] RUNNING LAYOUT TREE - generation 2
[2026-01-11T20:04:40Z ERROR css_core::box_tree::constraint_block_layout] layout_block ENTRY: node=NodeKey(6336284300245204993)
[2026-01-11T20:04:40Z ERROR css_core::box_tree::constraint_block_layout] Checking flex: node=NodeKey(6336284300245204993), display=Block
[2026-01-11T20:04:40Z ERROR css_core::box_tree::constraint_block_layout] layout_block ENTRY: node=NodeKey(6336284300245205000)
[2026-01-11T20:04:40Z ERROR css_core::box_tree::constraint_block_layout] Checking flex: node=NodeKey(6336284300245205000), display=Block
[2026-01-11T20:04:40Z ERROR css_core::box_tree::constraint_block_layout] layout_block ENTRY: node=NodeKey(6336284300245205003)
[2026-01-11T20:04:40Z ERROR css_core::box_tree::constraint_block_layout] Checking flex: node=NodeKey(6336284300245205003), display=Block
[2026-01-11T20:04:40Z ERROR page_handler::core::incremental_layout] LAYOUT TREE COMPLETE - generation 2, total results: 6
[2026-01-11T20:04:40Z ERROR page_handler::core::incremental_layout] RUNNING LAYOUT TREE - generation 1
[2026-01-11T20:04:40Z ERROR css_core::box_tree::constraint_block_layout] layout_block ENTRY: node=NodeKey(6532190884035821569)
[2026-01-11T20:04:40Z ERROR css_core::box_tree::constraint_block_layout] Checking flex: node=NodeKey(6532190884035821569), display=Block
[2026-01-11T20:04:40Z ERROR css_core::box_tree::constraint_block_layout] layout_block ENTRY: node=NodeKey(6532190884035821581)
[2026-01-11T20:04:40Z ERROR css_core::box_tree::constraint_block_layout] Checking flex: node=NodeKey(6532190884035821581), display=Block
[2026-01-11T20:04:40Z ERROR css_core::box_tree::constraint_block_layout] layout_block ENTRY: node=NodeKey(6532190884035821582)
[2026-01-11T20:04:40Z ERROR css_core::box_tree::constraint_block_layout] Checking flex: node=NodeKey(6532190884035821582), display=Block
[2026-01-11T20:04:40Z ERROR css_core::box_tree::constraint_block_layout] layout_block ENTRY: node=NodeKey(6532190884035821584)
[2026-01-11T20:04:40Z ERROR css_core::box_tree::constraint_block_layout] Checking flex: node=NodeKey(6532190884035821584), display=Block
[2026-01-11T20:04:40Z ERROR css_core::box_tree::constraint_block_layout] layout_block ENTRY: node=NodeKey(6532190884035821587)
[2026-01-11T20:04:40Z ERROR css_core::box_tree::constraint_block_layout] Checking flex: node=NodeKey(6532190884035821587), display=Block
[2026-01-11T20:04:40Z ERROR page_handler::core::incremental_layout] LAYOUT TREE COMPLETE - generation 1, total results: 10
[2026-01-11T20:04:40Z ERROR page_handler::core::incremental_layout] RUNNING LAYOUT TREE - generation 1
[2026-01-11T20:04:40Z ERROR css_core::box_tree::constraint_block_layout] layout_block ENTRY: node=NodeKey(14242916396047532033)
[2026-01-11T20:04:40Z ERROR css_core::box_tree::constraint_block_layout] Checking flex: node=NodeKey(14242916396047532033), display=Block
[2026-01-11T20:04:40Z ERROR css_core::box_tree::constraint_block_layout] layout_block ENTRY: node=NodeKey(14242916396047532043)
[2026-01-11T20:04:40Z ERROR css_core::box_tree::constraint_block_layout] Checking flex: node=NodeKey(14242916396047532043), display=Block
[2026-01-11T20:04:40Z ERROR css_core::box_tree::constraint_block_layout] layout_block ENTRY: node=NodeKey(14242916396047532044)
[2026-01-11T20:04:40Z ERROR css_core::box_tree::constraint_block_layout] Checking flex: node=NodeKey(14242916396047532044), display=Block
[2026-01-11T20:04:40Z ERROR css_core::box_tree::constraint_block_layout] layout_block ENTRY: node=NodeKey(14242916396047532046)
[2026-01-11T20:04:40Z ERROR css_core::box_tree::constraint_block_layout] Checking flex: node=NodeKey(14242916396047532046), display=Block
[2026-01-11T20:04:40Z ERROR css_core::box_tree::constraint_block_layout] layout_block ENTRY: node=NodeKey(14242916396047532048)
[2026-01-11T20:04:40Z ERROR css_core::box_tree::constraint_block_layout] Checking flex: node=NodeKey(14242916396047532048), display=Block
[2026-01-11T20:04:40Z ERROR css_core::box_tree::constraint_block_layout] layout_block ENTRY: node=NodeKey(14242916396047532050)
[2026-01-11T20:04:40Z ERROR css_core::box_tree::constraint_block_layout] Checking flex: node=NodeKey(14242916396047532050), display=Block
[2026-01-11T20:04:40Z ERROR css_core::box_tree::constraint_block_layout] layout_block ENTRY: node=NodeKey(14242916396047532052)
[2026-01-11T20:04:40Z ERROR css_core::box_tree::constraint_block_layout] Checking flex: node=NodeKey(14242916396047532052), display=Block
[2026-01-11T20:04:40Z ERROR page_handler::core::incremental_layout] LAYOUT TREE COMPLETE - generation 1, total results: 13
[2026-01-11T20:04:40Z ERROR page_handler::core::incremental_layout] RUNNING LAYOUT TREE - generation 1
[2026-01-11T20:04:40Z ERROR css_core::box_tree::constraint_block_layout] layout_block ENTRY: node=NodeKey(15276492510529060865)
[2026-01-11T20:04:40Z ERROR css_core::box_tree::constraint_block_layout] Checking flex: node=NodeKey(15276492510529060865), display=Block
[2026-01-11T20:04:40Z ERROR css_core::box_tree::constraint_block_layout] layout_block ENTRY: node=NodeKey(15276492510529060875)
[2026-01-11T20:04:40Z ERROR css_core::box_tree::constraint_block_layout] Checking flex: node=NodeKey(15276492510529060875), display=Block
[2026-01-11T20:04:40Z ERROR css_core::box_tree::constraint_block_layout] layout_block ENTRY: node=NodeKey(15276492510529060876)
[2026-01-11T20:04:40Z ERROR css_core::box_tree::constraint_block_layout] Checking flex: node=NodeKey(15276492510529060876), display=Block
[2026-01-11T20:04:40Z ERROR css_core::box_tree::constraint_block_layout] layout_block ENTRY: node=NodeKey(15276492510529060878)
[2026-01-11T20:04:40Z ERROR css_core::box_tree::constraint_block_layout] Checking flex: node=NodeKey(15276492510529060878), display=Block
[2026-01-11T20:04:40Z ERROR css_core::box_tree::constraint_block_layout] layout_block ENTRY: node=NodeKey(15276492510529060880)
[2026-01-11T20:04:40Z ERROR css_core::box_tree::constraint_block_layout] Checking flex: node=NodeKey(15276492510529060880), display=Block
[2026-01-11T20:04:40Z ERROR page_handler::core::incremental_layout] LAYOUT TREE COMPLETE - generation 1, total results: 10
[2026-01-11T20:04:40Z ERROR page_handler::core::incremental_layout] RUNNING LAYOUT TREE - generation 1
[2026-01-11T20:04:40Z ERROR css_core::box_tree::constraint_block_layout] layout_block ENTRY: node=NodeKey(17163219279420588034)
[2026-01-11T20:04:40Z ERROR css_core::box_tree::constraint_block_layout] Checking flex: node=NodeKey(17163219279420588034), display=Block
[2026-01-11T20:04:40Z ERROR css_core::box_tree::constraint_block_layout] layout_block ENTRY: node=NodeKey(17163219279420588046)
[2026-01-11T20:04:40Z ERROR css_core::box_tree::constraint_block_layout] Checking flex: node=NodeKey(17163219279420588046), display=Block
[2026-01-11T20:04:40Z ERROR css_core::box_tree::constraint_block_layout] layout_block ENTRY: node=NodeKey(17163219279420588048)
[2026-01-11T20:04:40Z ERROR css_core::box_tree::constraint_block_layout] Checking flex: node=NodeKey(17163219279420588048), display=Block
[2026-01-11T20:04:40Z ERROR page_handler::core::incremental_layout] LAYOUT TREE COMPLETE - generation 1, total results: 7
[2026-01-11T20:04:40Z ERROR page_handler::core::incremental_layout] RUNNING LAYOUT TREE - generation 1
[2026-01-11T20:04:40Z ERROR css_core::box_tree::constraint_block_layout] layout_block ENTRY: node=NodeKey(2382123827413909506)
[2026-01-11T20:04:40Z ERROR css_core::box_tree::constraint_block_layout] Checking flex: node=NodeKey(2382123827413909506), display=Block
[2026-01-11T20:04:40Z ERROR css_core::box_tree::constraint_block_layout] layout_block ENTRY: node=NodeKey(2382123827413909521)
[2026-01-11T20:04:40Z ERROR css_core::box_tree::constraint_block_layout] Checking flex: node=NodeKey(2382123827413909521), display=Block
[2026-01-11T20:04:40Z ERROR css_core::box_tree::constraint_block_layout] layout_block ENTRY: node=NodeKey(2382123827413909523)
[2026-01-11T20:04:40Z ERROR css_core::box_tree::constraint_block_layout] Checking flex: node=NodeKey(2382123827413909523), display=Block
[2026-01-11T20:04:40Z ERROR page_handler::core::incremental_layout] LAYOUT TREE COMPLETE - generation 1, total results: 7
[2026-01-11T20:04:40Z ERROR page_handler::core::incremental_layout] RUNNING LAYOUT TREE - generation 1
[2026-01-11T20:04:40Z ERROR css_core::box_tree::constraint_block_layout] layout_block ENTRY: node=NodeKey(14843021046394650626)
[2026-01-11T20:04:40Z ERROR css_core::box_tree::constraint_block_layout] Checking flex: node=NodeKey(14843021046394650626), display=Block
[2026-01-11T20:04:40Z ERROR css_core::box_tree::constraint_block_layout] layout_block ENTRY: node=NodeKey(14843021046394650638)
[2026-01-11T20:04:40Z ERROR css_core::box_tree::constraint_block_layout] Checking flex: node=NodeKey(14843021046394650638), display=Block
[2026-01-11T20:04:40Z ERROR css_core::box_tree::constraint_block_layout] layout_block ENTRY: node=NodeKey(14843021046394650640)
[2026-01-11T20:04:40Z ERROR css_core::box_tree::constraint_block_layout] Checking flex: node=NodeKey(14843021046394650640), display=Block
[2026-01-11T20:04:40Z ERROR page_handler::core::incremental_layout] LAYOUT TREE COMPLETE - generation 1, total results: 7
[2026-01-11T20:04:40Z ERROR page_handler::core::incremental_layout] RUNNING LAYOUT TREE - generation 1
[2026-01-11T20:04:40Z ERROR css_core::box_tree::constraint_block_layout] layout_block ENTRY: node=NodeKey(13372032818104762370)
[2026-01-11T20:04:40Z ERROR css_core::box_tree::constraint_block_layout] Checking flex: node=NodeKey(13372032818104762370), display=Block
[2026-01-11T20:04:40Z ERROR css_core::box_tree::constraint_block_layout] layout_block ENTRY: node=NodeKey(13372032818104762385)
[2026-01-11T20:04:40Z ERROR css_core::box_tree::constraint_block_layout] Checking flex: node=NodeKey(13372032818104762385), display=Block
[2026-01-11T20:04:40Z ERROR css_core::box_tree::constraint_block_layout] layout_block ENTRY: node=NodeKey(13372032818104762387)
[2026-01-11T20:04:40Z ERROR css_core::box_tree::constraint_block_layout] Checking flex: node=NodeKey(13372032818104762387), display=Flex
[2026-01-11T20:04:40Z ERROR css_core::box_tree::constraint_block_layout] IS FLEX!
[2026-01-11T20:04:40Z ERROR css_core::box_tree::constraint_block_layout::flex_layout] layout_flex: node=NodeKey(13372032818104762387), children.len()=7
[2026-01-11T20:04:40Z ERROR css_core::box_tree::constraint_block_layout] layout_block ENTRY: node=NodeKey(13372032818104762389)
[2026-01-11T20:04:40Z ERROR css_core::box_tree::constraint_block_layout] Checking flex: node=NodeKey(13372032818104762389), display=Block
[2026-01-11T20:04:40Z ERROR css_core::box_tree::constraint_block_layout] layout_block ENTRY: node=NodeKey(13372032818104762391)
[2026-01-11T20:04:40Z ERROR css_core::box_tree::constraint_block_layout] Checking flex: node=NodeKey(13372032818104762391), display=Block
[2026-01-11T20:04:40Z ERROR css_core::box_tree::constraint_block_layout] layout_block ENTRY: node=NodeKey(13372032818104762393)
[2026-01-11T20:04:40Z ERROR css_core::box_tree::constraint_block_layout] Checking flex: node=NodeKey(13372032818104762393), display=Block
[2026-01-11T20:04:40Z ERROR css_core::box_tree::constraint_block_layout::flex_layout] layout_flex: node=NodeKey(13372032818104762387), flex_items.len()=3
[2026-01-11T20:04:40Z ERROR css_core::box_tree::constraint_block_layout] layout_block ENTRY: node=NodeKey(13372032818104762389)
[2026-01-11T20:04:40Z ERROR css_core::box_tree::constraint_block_layout] Checking flex: node=NodeKey(13372032818104762389), display=Block
[2026-01-11T20:04:40Z ERROR css_core::box_tree::constraint_block_layout] layout_block ENTRY: node=NodeKey(13372032818104762391)
[2026-01-11T20:04:40Z ERROR css_core::box_tree::constraint_block_layout] Checking flex: node=NodeKey(13372032818104762391), display=Block
[2026-01-11T20:04:40Z ERROR css_core::box_tree::constraint_block_layout] layout_block ENTRY: node=NodeKey(13372032818104762393)
[2026-01-11T20:04:40Z ERROR css_core::box_tree::constraint_block_layout] Checking flex: node=NodeKey(13372032818104762393), display=Block
[2026-01-11T20:04:40Z ERROR css_core::box_tree::constraint_block_layout] INSERTING FLEX CONTAINER in layout_block: node=NodeKey(13372032818104762387), inline_size=300, is_measurement=false
[2026-01-11T20:04:40Z ERROR page_handler::core::incremental_layout] LAYOUT TREE COMPLETE - generation 1, total results: 9
[2026-01-11T20:04:40Z ERROR page_handler::core::incremental_layout] RUNNING LAYOUT TREE - generation 1
[2026-01-11T20:04:40Z ERROR css_core::box_tree::constraint_block_layout] layout_block ENTRY: node=NodeKey(11756084976808886274)
[2026-01-11T20:04:40Z ERROR css_core::box_tree::constraint_block_layout] Checking flex: node=NodeKey(11756084976808886274), display=Block
[2026-01-11T20:04:40Z ERROR css_core::box_tree::constraint_block_layout] layout_block ENTRY: node=NodeKey(11756084976808886290)
[2026-01-11T20:04:40Z ERROR css_core::box_tree::constraint_block_layout] Checking flex: node=NodeKey(11756084976808886290), display=Block
[2026-01-11T20:04:40Z ERROR css_core::box_tree::constraint_block_layout] layout_block ENTRY: node=NodeKey(11756084976808886292)
[2026-01-11T20:04:40Z ERROR css_core::box_tree::constraint_block_layout] Checking flex: node=NodeKey(11756084976808886292), display=Flex
[2026-01-11T20:04:40Z ERROR css_core::box_tree::constraint_block_layout] IS FLEX!
[2026-01-11T20:04:40Z ERROR css_core::box_tree::constraint_block_layout::flex_layout] layout_flex: node=NodeKey(11756084976808886292), children.len()=7
[2026-01-11T20:04:40Z ERROR css_core::box_tree::constraint_block_layout] layout_block ENTRY: node=NodeKey(11756084976808886294)
[2026-01-11T20:04:40Z ERROR css_core::box_tree::constraint_block_layout] Checking flex: node=NodeKey(11756084976808886294), display=Block
[2026-01-11T20:04:40Z ERROR css_core::box_tree::constraint_block_layout] layout_block ENTRY: node=NodeKey(11756084976808886296)
[2026-01-11T20:04:40Z ERROR css_core::box_tree::constraint_block_layout] Checking flex: node=NodeKey(11756084976808886296), display=Block
[2026-01-11T20:04:40Z ERROR css_core::box_tree::constraint_block_layout] layout_block ENTRY: node=NodeKey(11756084976808886298)
[2026-01-11T20:04:40Z ERROR css_core::box_tree::constraint_block_layout] Checking flex: node=NodeKey(11756084976808886298), display=Block
[2026-01-11T20:04:40Z ERROR css_core::box_tree::constraint_block_layout::flex_layout] layout_flex: node=NodeKey(11756084976808886292), flex_items.len()=3
[2026-01-11T20:04:40Z ERROR css_core::box_tree::constraint_block_layout] layout_block ENTRY: node=NodeKey(11756084976808886294)
[2026-01-11T20:04:40Z ERROR css_core::box_tree::constraint_block_layout] Checking flex: node=NodeKey(11756084976808886294), display=Block
[2026-01-11T20:04:40Z ERROR css_core::box_tree::constraint_block_layout] layout_block ENTRY: node=NodeKey(11756084976808886296)
[2026-01-11T20:04:40Z ERROR css_core::box_tree::constraint_block_layout] Checking flex: node=NodeKey(11756084976808886296), display=Block
[2026-01-11T20:04:40Z ERROR css_core::box_tree::constraint_block_layout] layout_block ENTRY: node=NodeKey(11756084976808886298)
[2026-01-11T20:04:40Z ERROR css_core::box_tree::constraint_block_layout] Checking flex: node=NodeKey(11756084976808886298), display=Block
[2026-01-11T20:04:40Z ERROR css_core::box_tree::constraint_block_layout] INSERTING FLEX CONTAINER in layout_block: node=NodeKey(11756084976808886292), inline_size=300, is_measurement=false
[2026-01-11T20:04:40Z ERROR page_handler::core::incremental_layout] LAYOUT TREE COMPLETE - generation 1, total results: 9
[2026-01-11T20:04:40Z ERROR page_handler::core::incremental_layout] RUNNING LAYOUT TREE - generation 1
[2026-01-11T20:04:40Z ERROR css_core::box_tree::constraint_block_layout] layout_block ENTRY: node=NodeKey(8420325027810902017)
[2026-01-11T20:04:40Z ERROR css_core::box_tree::constraint_block_layout] Checking flex: node=NodeKey(8420325027810902017), display=Block
[2026-01-11T20:04:40Z ERROR css_core::box_tree::constraint_block_layout] layout_block ENTRY: node=NodeKey(8420325027810902029)
[2026-01-11T20:04:40Z ERROR css_core::box_tree::constraint_block_layout] Checking flex: node=NodeKey(8420325027810902029), display=Block
[2026-01-11T20:04:40Z ERROR css_core::box_tree::constraint_block_layout] layout_block ENTRY: node=NodeKey(8420325027810902031)
[2026-01-11T20:04:40Z ERROR css_core::box_tree::constraint_block_layout] Checking flex: node=NodeKey(8420325027810902031), display=Flex
[2026-01-11T20:04:40Z ERROR css_core::box_tree::constraint_block_layout] IS FLEX!
[2026-01-11T20:04:40Z ERROR css_core::box_tree::constraint_block_layout::flex_layout] layout_flex: node=NodeKey(8420325027810902031), children.len()=9
[2026-01-11T20:04:40Z ERROR css_core::box_tree::constraint_block_layout] layout_block ENTRY: node=NodeKey(8420325027810902033)
[2026-01-11T20:04:40Z ERROR css_core::box_tree::constraint_block_layout] Checking flex: node=NodeKey(8420325027810902033), display=Block
[2026-01-11T20:04:40Z ERROR css_core::box_tree::constraint_block_layout] layout_block ENTRY: node=NodeKey(8420325027810902035)
[2026-01-11T20:04:40Z ERROR css_core::box_tree::constraint_block_layout] Checking flex: node=NodeKey(8420325027810902035), display=Block
[2026-01-11T20:04:40Z ERROR css_core::box_tree::constraint_block_layout] layout_block ENTRY: node=NodeKey(8420325027810902037)
[2026-01-11T20:04:40Z ERROR css_core::box_tree::constraint_block_layout] Checking flex: node=NodeKey(8420325027810902037), display=Block
[2026-01-11T20:04:40Z ERROR css_core::box_tree::constraint_block_layout] layout_block ENTRY: node=NodeKey(8420325027810902039)
[2026-01-11T20:04:40Z ERROR css_core::box_tree::constraint_block_layout] Checking flex: node=NodeKey(8420325027810902039), display=Block
[2026-01-11T20:04:40Z ERROR css_core::box_tree::constraint_block_layout::flex_layout] layout_flex: node=NodeKey(8420325027810902031), flex_items.len()=4
[2026-01-11T20:04:40Z ERROR css_core::box_tree::constraint_block_layout] layout_block ENTRY: node=NodeKey(8420325027810902033)
[2026-01-11T20:04:40Z ERROR css_core::box_tree::constraint_block_layout] Checking flex: node=NodeKey(8420325027810902033), display=Block
[2026-01-11T20:04:40Z ERROR css_core::box_tree::constraint_block_layout] layout_block ENTRY: node=NodeKey(8420325027810902035)
[2026-01-11T20:04:40Z ERROR css_core::box_tree::constraint_block_layout] Checking flex: node=NodeKey(8420325027810902035), display=Block
[2026-01-11T20:04:40Z ERROR css_core::box_tree::constraint_block_layout] layout_block ENTRY: node=NodeKey(8420325027810902037)
[2026-01-11T20:04:40Z ERROR css_core::box_tree::constraint_block_layout] Checking flex: node=NodeKey(8420325027810902037), display=Block
[2026-01-11T20:04:40Z ERROR css_core::box_tree::constraint_block_layout] layout_block ENTRY: node=NodeKey(8420325027810902039)
[2026-01-11T20:04:40Z ERROR css_core::box_tree::constraint_block_layout] Checking flex: node=NodeKey(8420325027810902039), display=Block
[2026-01-11T20:04:40Z ERROR css_core::box_tree::constraint_block_layout] INSERTING FLEX CONTAINER in layout_block: node=NodeKey(8420325027810902031), inline_size=520, is_measurement=false
[2026-01-11T20:04:40Z ERROR page_handler::core::incremental_layout] LAYOUT TREE COMPLETE - generation 1, total results: 10
[2026-01-11T20:04:40Z ERROR page_handler::core::incremental_layout] RUNNING LAYOUT TREE - generation 1
[2026-01-11T20:04:40Z ERROR css_core::box_tree::constraint_block_layout] layout_block ENTRY: node=NodeKey(10303955571958611970)
[2026-01-11T20:04:40Z ERROR css_core::box_tree::constraint_block_layout] Checking flex: node=NodeKey(10303955571958611970), display=Block
[2026-01-11T20:04:40Z ERROR css_core::box_tree::constraint_block_layout] layout_block ENTRY: node=NodeKey(10303955571958611985)
[2026-01-11T20:04:40Z ERROR css_core::box_tree::constraint_block_layout] Checking flex: node=NodeKey(10303955571958611985), display=Block
[2026-01-11T20:04:40Z ERROR css_core::box_tree::constraint_block_layout] layout_block ENTRY: node=NodeKey(10303955571958611987)
[2026-01-11T20:04:40Z ERROR css_core::box_tree::constraint_block_layout] Checking flex: node=NodeKey(10303955571958611987), display=Flex
[2026-01-11T20:04:40Z ERROR css_core::box_tree::constraint_block_layout] IS FLEX!
[2026-01-11T20:04:40Z ERROR css_core::box_tree::constraint_block_layout::flex_layout] layout_flex: node=NodeKey(10303955571958611987), children.len()=7
[2026-01-11T20:04:40Z ERROR css_core::box_tree::constraint_block_layout] layout_block ENTRY: node=NodeKey(10303955571958611989)
[2026-01-11T20:04:40Z ERROR css_core::box_tree::constraint_block_layout] Checking flex: node=NodeKey(10303955571958611989), display=Block
[2026-01-11T20:04:40Z ERROR css_core::box_tree::constraint_block_layout] layout_block ENTRY: node=NodeKey(10303955571958611991)
[2026-01-11T20:04:40Z ERROR css_core::box_tree::constraint_block_layout] Checking flex: node=NodeKey(10303955571958611991), display=Block
[2026-01-11T20:04:40Z ERROR css_core::box_tree::constraint_block_layout] layout_block ENTRY: node=NodeKey(10303955571958611993)
[2026-01-11T20:04:40Z ERROR css_core::box_tree::constraint_block_layout] Checking flex: node=NodeKey(10303955571958611993), display=Block
[2026-01-11T20:04:40Z ERROR css_core::box_tree::constraint_block_layout::flex_layout] layout_flex: node=NodeKey(10303955571958611987), flex_items.len()=3
[2026-01-11T20:04:40Z ERROR css_core::box_tree::constraint_block_layout] layout_block ENTRY: node=NodeKey(10303955571958611989)
[2026-01-11T20:04:40Z ERROR css_core::box_tree::constraint_block_layout] Checking flex: node=NodeKey(10303955571958611989), display=Block
[2026-01-11T20:04:40Z ERROR css_core::box_tree::constraint_block_layout] layout_block ENTRY: node=NodeKey(10303955571958611991)
[2026-01-11T20:04:40Z ERROR css_core::box_tree::constraint_block_layout] Checking flex: node=NodeKey(10303955571958611991), display=Block
[2026-01-11T20:04:40Z ERROR css_core::box_tree::constraint_block_layout] layout_block ENTRY: node=NodeKey(10303955571958611993)
[2026-01-11T20:04:40Z ERROR css_core::box_tree::constraint_block_layout] Checking flex: node=NodeKey(10303955571958611993), display=Block
[2026-01-11T20:04:40Z ERROR css_core::box_tree::constraint_block_layout] INSERTING FLEX CONTAINER in layout_block: node=NodeKey(10303955571958611987), inline_size=300, is_measurement=false
[2026-01-11T20:04:40Z ERROR page_handler::core::incremental_layout] LAYOUT TREE COMPLETE - generation 1, total results: 9
[2026-01-11T20:04:40Z ERROR page_handler::core::incremental_layout] RUNNING LAYOUT TREE - generation 1
[2026-01-11T20:04:40Z ERROR css_core::box_tree::constraint_block_layout] layout_block ENTRY: node=NodeKey(14529739397315690497)
[2026-01-11T20:04:40Z ERROR css_core::box_tree::constraint_block_layout] Checking flex: node=NodeKey(14529739397315690497), display=Block
[2026-01-11T20:04:40Z ERROR css_core::box_tree::constraint_block_layout] layout_block ENTRY: node=NodeKey(14529739397315690509)
[2026-01-11T20:04:40Z ERROR css_core::box_tree::constraint_block_layout] Checking flex: node=NodeKey(14529739397315690509), display=Block
[2026-01-11T20:04:40Z ERROR css_core::box_tree::constraint_block_layout] layout_block ENTRY: node=NodeKey(14529739397315690511)
[2026-01-11T20:04:40Z ERROR css_core::box_tree::constraint_block_layout] Checking flex: node=NodeKey(14529739397315690511), display=Flex
[2026-01-11T20:04:40Z ERROR css_core::box_tree::constraint_block_layout] IS FLEX!
[2026-01-11T20:04:40Z ERROR css_core::box_tree::constraint_block_layout::flex_layout] layout_flex: node=NodeKey(14529739397315690511), children.len()=11
[2026-01-11T20:04:40Z ERROR css_core::box_tree::constraint_block_layout] layout_block ENTRY: node=NodeKey(14529739397315690513)
[2026-01-11T20:04:40Z ERROR css_core::box_tree::constraint_block_layout] Checking flex: node=NodeKey(14529739397315690513), display=Block
[2026-01-11T20:04:40Z ERROR css_core::box_tree::constraint_block_layout] layout_block ENTRY: node=NodeKey(14529739397315690515)
[2026-01-11T20:04:40Z ERROR css_core::box_tree::constraint_block_layout] Checking flex: node=NodeKey(14529739397315690515), display=Block
[2026-01-11T20:04:40Z ERROR css_core::box_tree::constraint_block_layout] layout_block ENTRY: node=NodeKey(14529739397315690517)
[2026-01-11T20:04:40Z ERROR css_core::box_tree::constraint_block_layout] Checking flex: node=NodeKey(14529739397315690517), display=Block
[2026-01-11T20:04:40Z ERROR css_core::box_tree::constraint_block_layout] layout_block ENTRY: node=NodeKey(14529739397315690519)
[2026-01-11T20:04:40Z ERROR css_core::box_tree::constraint_block_layout] Checking flex: node=NodeKey(14529739397315690519), display=Block
[2026-01-11T20:04:40Z ERROR css_core::box_tree::constraint_block_layout] layout_block ENTRY: node=NodeKey(14529739397315690521)
[2026-01-11T20:04:40Z ERROR css_core::box_tree::constraint_block_layout] Checking flex: node=NodeKey(14529739397315690521), display=Block
[2026-01-11T20:04:40Z ERROR css_core::box_tree::constraint_block_layout::flex_layout] layout_flex: node=NodeKey(14529739397315690511), flex_items.len()=5
[2026-01-11T20:04:40Z ERROR css_core::box_tree::constraint_block_layout] layout_block ENTRY: node=NodeKey(14529739397315690513)
[2026-01-11T20:04:40Z ERROR css_core::box_tree::constraint_block_layout] Checking flex: node=NodeKey(14529739397315690513), display=Block
[2026-01-11T20:04:40Z ERROR css_core::box_tree::constraint_block_layout] layout_block ENTRY: node=NodeKey(14529739397315690515)
[2026-01-11T20:04:40Z ERROR css_core::box_tree::constraint_block_layout] Checking flex: node=NodeKey(14529739397315690515), display=Block
[2026-01-11T20:04:40Z ERROR css_core::box_tree::constraint_block_layout] layout_block ENTRY: node=NodeKey(14529739397315690517)
[2026-01-11T20:04:40Z ERROR css_core::box_tree::constraint_block_layout] Checking flex: node=NodeKey(14529739397315690517), display=Block
[2026-01-11T20:04:40Z ERROR css_core::box_tree::constraint_block_layout] layout_block ENTRY: node=NodeKey(14529739397315690519)
[2026-01-11T20:04:40Z ERROR css_core::box_tree::constraint_block_layout] Checking flex: node=NodeKey(14529739397315690519), display=Block
[2026-01-11T20:04:40Z ERROR css_core::box_tree::constraint_block_layout] layout_block ENTRY: node=NodeKey(14529739397315690521)
[2026-01-11T20:04:40Z ERROR css_core::box_tree::constraint_block_layout] Checking flex: node=NodeKey(14529739397315690521), display=Block
[2026-01-11T20:04:40Z ERROR css_core::box_tree::constraint_block_layout] INSERTING FLEX CONTAINER in layout_block: node=NodeKey(14529739397315690511), inline_size=520, is_measurement=false
[2026-01-11T20:04:40Z ERROR page_handler::core::incremental_layout] LAYOUT TREE COMPLETE - generation 1, total results: 11
[2026-01-11T20:04:40Z ERROR page_handler::core::incremental_layout] RUNNING LAYOUT TREE - generation 1
[2026-01-11T20:04:40Z ERROR css_core::box_tree::constraint_block_layout] layout_block ENTRY: node=NodeKey(13926257047248044033)
[2026-01-11T20:04:40Z ERROR css_core::box_tree::constraint_block_layout] Checking flex: node=NodeKey(13926257047248044033), display=Block
[2026-01-11T20:04:40Z ERROR css_core::box_tree::constraint_block_layout] layout_block ENTRY: node=NodeKey(13926257047248044045)
[2026-01-11T20:04:40Z ERROR css_core::box_tree::constraint_block_layout] Checking flex: node=NodeKey(13926257047248044045), display=Block
[2026-01-11T20:04:40Z ERROR css_core::box_tree::constraint_block_layout] layout_block ENTRY: node=NodeKey(13926257047248044047)
[2026-01-11T20:04:40Z ERROR css_core::box_tree::constraint_block_layout] Checking flex: node=NodeKey(13926257047248044047), display=Flex
[2026-01-11T20:04:40Z ERROR css_core::box_tree::constraint_block_layout] IS FLEX!
[2026-01-11T20:04:40Z ERROR css_core::box_tree::constraint_block_layout::flex_layout] layout_flex: node=NodeKey(13926257047248044047), children.len()=13
[2026-01-11T20:04:40Z ERROR css_core::box_tree::constraint_block_layout] layout_block ENTRY: node=NodeKey(13926257047248044049)
[2026-01-11T20:04:40Z ERROR css_core::box_tree::constraint_block_layout] Checking flex: node=NodeKey(13926257047248044049), display=Block
[2026-01-11T20:04:40Z ERROR css_core::box_tree::constraint_block_layout] layout_block ENTRY: node=NodeKey(13926257047248044051)
[2026-01-11T20:04:40Z ERROR css_core::box_tree::constraint_block_layout] Checking flex: node=NodeKey(13926257047248044051), display=Block
[2026-01-11T20:04:40Z ERROR css_core::box_tree::constraint_block_layout] layout_block ENTRY: node=NodeKey(13926257047248044053)
[2026-01-11T20:04:40Z ERROR css_core::box_tree::constraint_block_layout] Checking flex: node=NodeKey(13926257047248044053), display=Block
[2026-01-11T20:04:40Z ERROR css_core::box_tree::constraint_block_layout] layout_block ENTRY: node=NodeKey(13926257047248044055)
[2026-01-11T20:04:40Z ERROR css_core::box_tree::constraint_block_layout] Checking flex: node=NodeKey(13926257047248044055), display=Block
[2026-01-11T20:04:40Z ERROR css_core::box_tree::constraint_block_layout] layout_block ENTRY: node=NodeKey(13926257047248044057)
[2026-01-11T20:04:40Z ERROR css_core::box_tree::constraint_block_layout] Checking flex: node=NodeKey(13926257047248044057), display=Block
[2026-01-11T20:04:40Z ERROR css_core::box_tree::constraint_block_layout] layout_block ENTRY: node=NodeKey(13926257047248044059)
[2026-01-11T20:04:40Z ERROR css_core::box_tree::constraint_block_layout] Checking flex: node=NodeKey(13926257047248044059), display=Block
[2026-01-11T20:04:40Z ERROR css_core::box_tree::constraint_block_layout::flex_layout] layout_flex: node=NodeKey(13926257047248044047), flex_items.len()=6
[2026-01-11T20:04:40Z ERROR css_core::box_tree::constraint_block_layout] layout_block ENTRY: node=NodeKey(13926257047248044049)
[2026-01-11T20:04:40Z ERROR css_core::box_tree::constraint_block_layout] Checking flex: node=NodeKey(13926257047248044049), display=Block
[2026-01-11T20:04:40Z ERROR css_core::box_tree::constraint_block_layout] layout_block ENTRY: node=NodeKey(13926257047248044051)
[2026-01-11T20:04:40Z ERROR css_core::box_tree::constraint_block_layout] Checking flex: node=NodeKey(13926257047248044051), display=Block
[2026-01-11T20:04:40Z ERROR css_core::box_tree::constraint_block_layout] layout_block ENTRY: node=NodeKey(13926257047248044053)
[2026-01-11T20:04:40Z ERROR css_core::box_tree::constraint_block_layout] Checking flex: node=NodeKey(13926257047248044053), display=Block
[2026-01-11T20:04:40Z ERROR css_core::box_tree::constraint_block_layout] layout_block ENTRY: node=NodeKey(13926257047248044055)
[2026-01-11T20:04:40Z ERROR css_core::box_tree::constraint_block_layout] Checking flex: node=NodeKey(13926257047248044055), display=Block
[2026-01-11T20:04:40Z ERROR css_core::box_tree::constraint_block_layout] layout_block ENTRY: node=NodeKey(13926257047248044057)
[2026-01-11T20:04:40Z ERROR css_core::box_tree::constraint_block_layout] Checking flex: node=NodeKey(13926257047248044057), display=Block
[2026-01-11T20:04:40Z ERROR css_core::box_tree::constraint_block_layout] layout_block ENTRY: node=NodeKey(13926257047248044059)
[2026-01-11T20:04:40Z ERROR css_core::box_tree::constraint_block_layout] Checking flex: node=NodeKey(13926257047248044059), display=Block
[2026-01-11T20:04:40Z ERROR css_core::box_tree::constraint_block_layout] INSERTING FLEX CONTAINER in layout_block: node=NodeKey(13926257047248044047), inline_size=520, is_measurement=false
[2026-01-11T20:04:40Z ERROR page_handler::core::incremental_layout] LAYOUT TREE COMPLETE - generation 1, total results: 12
[2026-01-11T20:04:40Z ERROR page_handler::core::incremental_layout] RUNNING LAYOUT TREE - generation 1
[2026-01-11T20:04:40Z ERROR css_core::box_tree::constraint_block_layout] layout_block ENTRY: node=NodeKey(12065707451190607873)
[2026-01-11T20:04:40Z ERROR css_core::box_tree::constraint_block_layout] Checking flex: node=NodeKey(12065707451190607873), display=Block
[2026-01-11T20:04:40Z ERROR css_core::box_tree::constraint_block_layout] layout_block ENTRY: node=NodeKey(12065707451190607885)
[2026-01-11T20:04:40Z ERROR css_core::box_tree::constraint_block_layout] Checking flex: node=NodeKey(12065707451190607885), display=Block
[2026-01-11T20:04:40Z ERROR css_core::box_tree::constraint_block_layout] layout_block ENTRY: node=NodeKey(12065707451190607887)
[2026-01-11T20:04:40Z ERROR css_core::box_tree::constraint_block_layout] Checking flex: node=NodeKey(12065707451190607887), display=Flex
[2026-01-11T20:04:40Z ERROR css_core::box_tree::constraint_block_layout] IS FLEX!
[2026-01-11T20:04:40Z ERROR css_core::box_tree::constraint_block_layout::flex_layout] layout_flex: node=NodeKey(12065707451190607887), children.len()=13
[2026-01-11T20:04:40Z ERROR css_core::box_tree::constraint_block_layout] layout_block ENTRY: node=NodeKey(12065707451190607889)
[2026-01-11T20:04:40Z ERROR css_core::box_tree::constraint_block_layout] Checking flex: node=NodeKey(12065707451190607889), display=Block
[2026-01-11T20:04:40Z ERROR css_core::box_tree::constraint_block_layout] layout_block ENTRY: node=NodeKey(12065707451190607891)
[2026-01-11T20:04:40Z ERROR css_core::box_tree::constraint_block_layout] Checking flex: node=NodeKey(12065707451190607891), display=Block
[2026-01-11T20:04:40Z ERROR css_core::box_tree::constraint_block_layout] layout_block ENTRY: node=NodeKey(12065707451190607893)
[2026-01-11T20:04:40Z ERROR css_core::box_tree::constraint_block_layout] Checking flex: node=NodeKey(12065707451190607893), display=Block
[2026-01-11T20:04:40Z ERROR css_core::box_tree::constraint_block_layout] layout_block ENTRY: node=NodeKey(12065707451190607895)
[2026-01-11T20:04:40Z ERROR css_core::box_tree::constraint_block_layout] Checking flex: node=NodeKey(12065707451190607895), display=Block
[2026-01-11T20:04:40Z ERROR css_core::box_tree::constraint_block_layout] layout_block ENTRY: node=NodeKey(12065707451190607897)
[2026-01-11T20:04:40Z ERROR css_core::box_tree::constraint_block_layout] Checking flex: node=NodeKey(12065707451190607897), display=Block
[2026-01-11T20:04:40Z ERROR css_core::box_tree::constraint_block_layout] layout_block ENTRY: node=NodeKey(12065707451190607899)
[2026-01-11T20:04:40Z ERROR css_core::box_tree::constraint_block_layout] Checking flex: node=NodeKey(12065707451190607899), display=Block
[2026-01-11T20:04:40Z ERROR css_core::box_tree::constraint_block_layout::flex_layout] layout_flex: node=NodeKey(12065707451190607887), flex_items.len()=6
[2026-01-11T20:04:40Z ERROR css_core::box_tree::constraint_block_layout] layout_block ENTRY: node=NodeKey(12065707451190607889)
[2026-01-11T20:04:40Z ERROR css_core::box_tree::constraint_block_layout] Checking flex: node=NodeKey(12065707451190607889), display=Block
[2026-01-11T20:04:40Z ERROR css_core::box_tree::constraint_block_layout] layout_block ENTRY: node=NodeKey(12065707451190607891)
[2026-01-11T20:04:40Z ERROR css_core::box_tree::constraint_block_layout] Checking flex: node=NodeKey(12065707451190607891), display=Block
[2026-01-11T20:04:40Z ERROR css_core::box_tree::constraint_block_layout] layout_block ENTRY: node=NodeKey(12065707451190607893)
[2026-01-11T20:04:40Z ERROR css_core::box_tree::constraint_block_layout] Checking flex: node=NodeKey(12065707451190607893), display=Block
[2026-01-11T20:04:40Z ERROR css_core::box_tree::constraint_block_layout] layout_block ENTRY: node=NodeKey(12065707451190607895)
[2026-01-11T20:04:40Z ERROR css_core::box_tree::constraint_block_layout] Checking flex: node=NodeKey(12065707451190607895), display=Block
[2026-01-11T20:04:40Z ERROR css_core::box_tree::constraint_block_layout] layout_block ENTRY: node=NodeKey(12065707451190607897)
[2026-01-11T20:04:40Z ERROR css_core::box_tree::constraint_block_layout] Checking flex: node=NodeKey(12065707451190607897), display=Block
[2026-01-11T20:04:40Z ERROR css_core::box_tree::constraint_block_layout] layout_block ENTRY: node=NodeKey(12065707451190607899)
[2026-01-11T20:04:40Z ERROR css_core::box_tree::constraint_block_layout] Checking flex: node=NodeKey(12065707451190607899), display=Block
[2026-01-11T20:04:40Z ERROR css_core::box_tree::constraint_block_layout] INSERTING FLEX CONTAINER in layout_block: node=NodeKey(12065707451190607887), inline_size=520, is_measurement=false
[2026-01-11T20:04:40Z ERROR page_handler::core::incremental_layout] LAYOUT TREE COMPLETE - generation 1, total results: 12
[2026-01-11T20:04:40Z ERROR page_handler::core::incremental_layout] RUNNING LAYOUT TREE - generation 1
[2026-01-11T20:04:40Z ERROR css_core::box_tree::constraint_block_layout] layout_block ENTRY: node=NodeKey(2696812851376422913)
[2026-01-11T20:04:40Z ERROR css_core::box_tree::constraint_block_layout] Checking flex: node=NodeKey(2696812851376422913), display=Block
[2026-01-11T20:04:40Z ERROR css_core::box_tree::constraint_block_layout] layout_block ENTRY: node=NodeKey(2696812851376422925)
[2026-01-11T20:04:40Z ERROR css_core::box_tree::constraint_block_layout] Checking flex: node=NodeKey(2696812851376422925), display=Block
[2026-01-11T20:04:40Z ERROR css_core::box_tree::constraint_block_layout] layout_block ENTRY: node=NodeKey(2696812851376422927)
[2026-01-11T20:04:40Z ERROR css_core::box_tree::constraint_block_layout] Checking flex: node=NodeKey(2696812851376422927), display=Flex
[2026-01-11T20:04:40Z ERROR css_core::box_tree::constraint_block_layout] IS FLEX!
[2026-01-11T20:04:40Z ERROR css_core::box_tree::constraint_block_layout::flex_layout] layout_flex: node=NodeKey(2696812851376422927), children.len()=13
[2026-01-11T20:04:40Z ERROR css_core::box_tree::constraint_block_layout] layout_block ENTRY: node=NodeKey(2696812851376422929)
[2026-01-11T20:04:40Z ERROR css_core::box_tree::constraint_block_layout] Checking flex: node=NodeKey(2696812851376422929), display=Block
[2026-01-11T20:04:40Z ERROR css_core::box_tree::constraint_block_layout] layout_block ENTRY: node=NodeKey(2696812851376422931)
[2026-01-11T20:04:40Z ERROR css_core::box_tree::constraint_block_layout] Checking flex: node=NodeKey(2696812851376422931), display=Block
[2026-01-11T20:04:40Z ERROR css_core::box_tree::constraint_block_layout] layout_block ENTRY: node=NodeKey(2696812851376422933)
[2026-01-11T20:04:40Z ERROR css_core::box_tree::constraint_block_layout] Checking flex: node=NodeKey(2696812851376422933), display=Block
[2026-01-11T20:04:40Z ERROR css_core::box_tree::constraint_block_layout] layout_block ENTRY: node=NodeKey(2696812851376422935)
[2026-01-11T20:04:40Z ERROR css_core::box_tree::constraint_block_layout] Checking flex: node=NodeKey(2696812851376422935), display=Block
[2026-01-11T20:04:40Z ERROR css_core::box_tree::constraint_block_layout] layout_block ENTRY: node=NodeKey(2696812851376422937)
[2026-01-11T20:04:40Z ERROR css_core::box_tree::constraint_block_layout] Checking flex: node=NodeKey(2696812851376422937), display=Block
[2026-01-11T20:04:40Z ERROR css_core::box_tree::constraint_block_layout] layout_block ENTRY: node=NodeKey(2696812851376422939)
[2026-01-11T20:04:40Z ERROR css_core::box_tree::constraint_block_layout] Checking flex: node=NodeKey(2696812851376422939), display=Block
[2026-01-11T20:04:40Z ERROR css_core::box_tree::constraint_block_layout::flex_layout] layout_flex: node=NodeKey(2696812851376422927), flex_items.len()=6
[2026-01-11T20:04:40Z ERROR css_core::box_tree::constraint_block_layout] layout_block ENTRY: node=NodeKey(2696812851376422929)
[2026-01-11T20:04:40Z ERROR css_core::box_tree::constraint_block_layout] Checking flex: node=NodeKey(2696812851376422929), display=Block
[2026-01-11T20:04:40Z ERROR css_core::box_tree::constraint_block_layout] layout_block ENTRY: node=NodeKey(2696812851376422931)
[2026-01-11T20:04:40Z ERROR css_core::box_tree::constraint_block_layout] Checking flex: node=NodeKey(2696812851376422931), display=Block
[2026-01-11T20:04:40Z ERROR css_core::box_tree::constraint_block_layout] layout_block ENTRY: node=NodeKey(2696812851376422933)
[2026-01-11T20:04:40Z ERROR css_core::box_tree::constraint_block_layout] Checking flex: node=NodeKey(2696812851376422933), display=Block
[2026-01-11T20:04:40Z ERROR css_core::box_tree::constraint_block_layout] layout_block ENTRY: node=NodeKey(2696812851376422935)
[2026-01-11T20:04:40Z ERROR css_core::box_tree::constraint_block_layout] Checking flex: node=NodeKey(2696812851376422935), display=Block
[2026-01-11T20:04:40Z ERROR css_core::box_tree::constraint_block_layout] layout_block ENTRY: node=NodeKey(2696812851376422937)
[2026-01-11T20:04:40Z ERROR css_core::box_tree::constraint_block_layout] Checking flex: node=NodeKey(2696812851376422937), display=Block
[2026-01-11T20:04:40Z ERROR css_core::box_tree::constraint_block_layout] layout_block ENTRY: node=NodeKey(2696812851376422939)
[2026-01-11T20:04:40Z ERROR css_core::box_tree::constraint_block_layout] Checking flex: node=NodeKey(2696812851376422939), display=Block
[2026-01-11T20:04:40Z ERROR css_core::box_tree::constraint_block_layout] INSERTING FLEX CONTAINER in layout_block: node=NodeKey(2696812851376422927), inline_size=520, is_measurement=false
[2026-01-11T20:04:40Z ERROR page_handler::core::incremental_layout] LAYOUT TREE COMPLETE - generation 1, total results: 12
[2026-01-11T20:04:40Z ERROR page_handler::core::incremental_layout] RUNNING LAYOUT TREE - generation 1
[2026-01-11T20:04:40Z ERROR css_core::box_tree::constraint_block_layout] layout_block ENTRY: node=NodeKey(17673251937220296705)
[2026-01-11T20:04:40Z ERROR css_core::box_tree::constraint_block_layout] Checking flex: node=NodeKey(17673251937220296705), display=Block
[2026-01-11T20:04:40Z ERROR css_core::box_tree::constraint_block_layout] layout_block ENTRY: node=NodeKey(17673251937220296717)
[2026-01-11T20:04:40Z ERROR css_core::box_tree::constraint_block_layout] Checking flex: node=NodeKey(17673251937220296717), display=Block
[2026-01-11T20:04:40Z ERROR css_core::box_tree::constraint_block_layout] layout_block ENTRY: node=NodeKey(17673251937220296719)
[2026-01-11T20:04:40Z ERROR css_core::box_tree::constraint_block_layout] Checking flex: node=NodeKey(17673251937220296719), display=Flex
[2026-01-11T20:04:40Z ERROR css_core::box_tree::constraint_block_layout] IS FLEX!
[2026-01-11T20:04:40Z ERROR css_core::box_tree::constraint_block_layout::flex_layout] layout_flex: node=NodeKey(17673251937220296719), children.len()=13
[2026-01-11T20:04:40Z ERROR css_core::box_tree::constraint_block_layout] layout_block ENTRY: node=NodeKey(17673251937220296721)
[2026-01-11T20:04:40Z ERROR css_core::box_tree::constraint_block_layout] Checking flex: node=NodeKey(17673251937220296721), display=Block
[2026-01-11T20:04:40Z ERROR css_core::box_tree::constraint_block_layout] layout_block ENTRY: node=NodeKey(17673251937220296723)
[2026-01-11T20:04:40Z ERROR css_core::box_tree::constraint_block_layout] Checking flex: node=NodeKey(17673251937220296723), display=Block
[2026-01-11T20:04:40Z ERROR css_core::box_tree::constraint_block_layout] layout_block ENTRY: node=NodeKey(17673251937220296725)
[2026-01-11T20:04:40Z ERROR css_core::box_tree::constraint_block_layout] Checking flex: node=NodeKey(17673251937220296725), display=Block
[2026-01-11T20:04:40Z ERROR css_core::box_tree::constraint_block_layout] layout_block ENTRY: node=NodeKey(17673251937220296727)
[2026-01-11T20:04:40Z ERROR css_core::box_tree::constraint_block_layout] Checking flex: node=NodeKey(17673251937220296727), display=Block
[2026-01-11T20:04:40Z ERROR css_core::box_tree::constraint_block_layout] layout_block ENTRY: node=NodeKey(17673251937220296729)
[2026-01-11T20:04:40Z ERROR css_core::box_tree::constraint_block_layout] Checking flex: node=NodeKey(17673251937220296729), display=Block
[2026-01-11T20:04:40Z ERROR css_core::box_tree::constraint_block_layout] layout_block ENTRY: node=NodeKey(17673251937220296731)
[2026-01-11T20:04:40Z ERROR css_core::box_tree::constraint_block_layout] Checking flex: node=NodeKey(17673251937220296731), display=Block
[2026-01-11T20:04:40Z ERROR css_core::box_tree::constraint_block_layout::flex_layout] layout_flex: node=NodeKey(17673251937220296719), flex_items.len()=6
[2026-01-11T20:04:40Z ERROR css_core::box_tree::constraint_block_layout] layout_block ENTRY: node=NodeKey(17673251937220296721)
[2026-01-11T20:04:40Z ERROR css_core::box_tree::constraint_block_layout] Checking flex: node=NodeKey(17673251937220296721), display=Block
[2026-01-11T20:04:40Z ERROR css_core::box_tree::constraint_block_layout] layout_block ENTRY: node=NodeKey(17673251937220296723)
[2026-01-11T20:04:40Z ERROR css_core::box_tree::constraint_block_layout] Checking flex: node=NodeKey(17673251937220296723), display=Block
[2026-01-11T20:04:40Z ERROR css_core::box_tree::constraint_block_layout] layout_block ENTRY: node=NodeKey(17673251937220296725)
[2026-01-11T20:04:40Z ERROR css_core::box_tree::constraint_block_layout] Checking flex: node=NodeKey(17673251937220296725), display=Block
[2026-01-11T20:04:40Z ERROR css_core::box_tree::constraint_block_layout] layout_block ENTRY: node=NodeKey(17673251937220296727)
[2026-01-11T20:04:40Z ERROR css_core::box_tree::constraint_block_layout] Checking flex: node=NodeKey(17673251937220296727), display=Block
[2026-01-11T20:04:40Z ERROR css_core::box_tree::constraint_block_layout] layout_block ENTRY: node=NodeKey(17673251937220296729)
[2026-01-11T20:04:40Z ERROR css_core::box_tree::constraint_block_layout] Checking flex: node=NodeKey(17673251937220296729), display=Block
[2026-01-11T20:04:40Z ERROR css_core::box_tree::constraint_block_layout] layout_block ENTRY: node=NodeKey(17673251937220296731)
[2026-01-11T20:04:40Z ERROR css_core::box_tree::constraint_block_layout] Checking flex: node=NodeKey(17673251937220296731), display=Block
[2026-01-11T20:04:40Z ERROR css_core::box_tree::constraint_block_layout] INSERTING FLEX CONTAINER in layout_block: node=NodeKey(17673251937220296719), inline_size=520, is_measurement=false
[2026-01-11T20:04:40Z ERROR page_handler::core::incremental_layout] LAYOUT TREE COMPLETE - generation 1, total results: 12
[2026-01-11T20:04:40Z ERROR page_handler::core::incremental_layout] RUNNING LAYOUT TREE - generation 1
[2026-01-11T20:04:40Z ERROR css_core::box_tree::constraint_block_layout] layout_block ENTRY: node=NodeKey(3250474130566283265)
[2026-01-11T20:04:40Z ERROR css_core::box_tree::constraint_block_layout] Checking flex: node=NodeKey(3250474130566283265), display=Block
[2026-01-11T20:04:40Z ERROR css_core::box_tree::constraint_block_layout] layout_block ENTRY: node=NodeKey(3250474130566283277)
[2026-01-11T20:04:40Z ERROR css_core::box_tree::constraint_block_layout] Checking flex: node=NodeKey(3250474130566283277), display=Block
[2026-01-11T20:04:40Z ERROR css_core::box_tree::constraint_block_layout] layout_block ENTRY: node=NodeKey(3250474130566283279)
[2026-01-11T20:04:40Z ERROR css_core::box_tree::constraint_block_layout] Checking flex: node=NodeKey(3250474130566283279), display=Flex
[2026-01-11T20:04:40Z ERROR css_core::box_tree::constraint_block_layout] IS FLEX!
[2026-01-11T20:04:40Z ERROR css_core::box_tree::constraint_block_layout::flex_layout] layout_flex: node=NodeKey(3250474130566283279), children.len()=13
[2026-01-11T20:04:40Z ERROR css_core::box_tree::constraint_block_layout] layout_block ENTRY: node=NodeKey(3250474130566283281)
[2026-01-11T20:04:40Z ERROR css_core::box_tree::constraint_block_layout] Checking flex: node=NodeKey(3250474130566283281), display=Block
[2026-01-11T20:04:40Z ERROR css_core::box_tree::constraint_block_layout] layout_block ENTRY: node=NodeKey(3250474130566283283)
[2026-01-11T20:04:40Z ERROR css_core::box_tree::constraint_block_layout] Checking flex: node=NodeKey(3250474130566283283), display=Block
[2026-01-11T20:04:40Z ERROR css_core::box_tree::constraint_block_layout] layout_block ENTRY: node=NodeKey(3250474130566283285)
[2026-01-11T20:04:40Z ERROR css_core::box_tree::constraint_block_layout] Checking flex: node=NodeKey(3250474130566283285), display=Block
[2026-01-11T20:04:40Z ERROR css_core::box_tree::constraint_block_layout] layout_block ENTRY: node=NodeKey(3250474130566283287)
[2026-01-11T20:04:40Z ERROR css_core::box_tree::constraint_block_layout] Checking flex: node=NodeKey(3250474130566283287), display=Block
[2026-01-11T20:04:40Z ERROR css_core::box_tree::constraint_block_layout] layout_block ENTRY: node=NodeKey(3250474130566283289)
[2026-01-11T20:04:40Z ERROR css_core::box_tree::constraint_block_layout] Checking flex: node=NodeKey(3250474130566283289), display=Block
[2026-01-11T20:04:40Z ERROR css_core::box_tree::constraint_block_layout] layout_block ENTRY: node=NodeKey(3250474130566283291)
[2026-01-11T20:04:40Z ERROR css_core::box_tree::constraint_block_layout] Checking flex: node=NodeKey(3250474130566283291), display=Block
[2026-01-11T20:04:40Z ERROR css_core::box_tree::constraint_block_layout::flex_layout] layout_flex: node=NodeKey(3250474130566283279), flex_items.len()=6
[2026-01-11T20:04:40Z ERROR css_core::box_tree::constraint_block_layout] layout_block ENTRY: node=NodeKey(3250474130566283281)
[2026-01-11T20:04:40Z ERROR css_core::box_tree::constraint_block_layout] Checking flex: node=NodeKey(3250474130566283281), display=Block
[2026-01-11T20:04:40Z ERROR css_core::box_tree::constraint_block_layout] layout_block ENTRY: node=NodeKey(3250474130566283283)
[2026-01-11T20:04:40Z ERROR css_core::box_tree::constraint_block_layout] Checking flex: node=NodeKey(3250474130566283283), display=Block
[2026-01-11T20:04:40Z ERROR css_core::box_tree::constraint_block_layout] layout_block ENTRY: node=NodeKey(3250474130566283285)
[2026-01-11T20:04:40Z ERROR css_core::box_tree::constraint_block_layout] Checking flex: node=NodeKey(3250474130566283285), display=Block
[2026-01-11T20:04:40Z ERROR css_core::box_tree::constraint_block_layout] layout_block ENTRY: node=NodeKey(3250474130566283287)
[2026-01-11T20:04:40Z ERROR css_core::box_tree::constraint_block_layout] Checking flex: node=NodeKey(3250474130566283287), display=Block
[2026-01-11T20:04:40Z ERROR css_core::box_tree::constraint_block_layout] layout_block ENTRY: node=NodeKey(3250474130566283289)
[2026-01-11T20:04:40Z ERROR css_core::box_tree::constraint_block_layout] Checking flex: node=NodeKey(3250474130566283289), display=Block
[2026-01-11T20:04:40Z ERROR css_core::box_tree::constraint_block_layout] layout_block ENTRY: node=NodeKey(3250474130566283291)
[2026-01-11T20:04:40Z ERROR css_core::box_tree::constraint_block_layout] Checking flex: node=NodeKey(3250474130566283291), display=Block
[2026-01-11T20:04:40Z ERROR css_core::box_tree::constraint_block_layout] INSERTING FLEX CONTAINER in layout_block: node=NodeKey(3250474130566283279), inline_size=520, is_measurement=false
[2026-01-11T20:04:40Z ERROR page_handler::core::incremental_layout] LAYOUT TREE COMPLETE - generation 1, total results: 12
[2026-01-11T20:04:40Z ERROR page_handler::core::incremental_layout] RUNNING LAYOUT TREE - generation 1
[2026-01-11T20:04:40Z ERROR css_core::box_tree::constraint_block_layout] layout_block ENTRY: node=NodeKey(11935947486926995457)
[2026-01-11T20:04:40Z ERROR css_core::box_tree::constraint_block_layout] Checking flex: node=NodeKey(11935947486926995457), display=Block
[2026-01-11T20:04:40Z ERROR css_core::box_tree::constraint_block_layout] layout_block ENTRY: node=NodeKey(11935947486926995469)
[2026-01-11T20:04:40Z ERROR css_core::box_tree::constraint_block_layout] Checking flex: node=NodeKey(11935947486926995469), display=Block
[2026-01-11T20:04:40Z ERROR css_core::box_tree::constraint_block_layout] layout_block ENTRY: node=NodeKey(11935947486926995471)
[2026-01-11T20:04:40Z ERROR css_core::box_tree::constraint_block_layout] Checking flex: node=NodeKey(11935947486926995471), display=Flex
[2026-01-11T20:04:40Z ERROR css_core::box_tree::constraint_block_layout] IS FLEX!
[2026-01-11T20:04:40Z ERROR css_core::box_tree::constraint_block_layout::flex_layout] layout_flex: node=NodeKey(11935947486926995471), children.len()=13
[2026-01-11T20:04:40Z ERROR css_core::box_tree::constraint_block_layout] layout_block ENTRY: node=NodeKey(11935947486926995473)
[2026-01-11T20:04:40Z ERROR css_core::box_tree::constraint_block_layout] Checking flex: node=NodeKey(11935947486926995473), display=Block
[2026-01-11T20:04:40Z ERROR css_core::box_tree::constraint_block_layout] layout_block ENTRY: node=NodeKey(11935947486926995475)
[2026-01-11T20:04:40Z ERROR css_core::box_tree::constraint_block_layout] Checking flex: node=NodeKey(11935947486926995475), display=Block
[2026-01-11T20:04:40Z ERROR css_core::box_tree::constraint_block_layout] layout_block ENTRY: node=NodeKey(11935947486926995477)
[2026-01-11T20:04:40Z ERROR css_core::box_tree::constraint_block_layout] Checking flex: node=NodeKey(11935947486926995477), display=Block
[2026-01-11T20:04:40Z ERROR css_core::box_tree::constraint_block_layout] layout_block ENTRY: node=NodeKey(11935947486926995479)
[2026-01-11T20:04:40Z ERROR css_core::box_tree::constraint_block_layout] Checking flex: node=NodeKey(11935947486926995479), display=Block
[2026-01-11T20:04:40Z ERROR css_core::box_tree::constraint_block_layout] layout_block ENTRY: node=NodeKey(11935947486926995481)
[2026-01-11T20:04:40Z ERROR css_core::box_tree::constraint_block_layout] Checking flex: node=NodeKey(11935947486926995481), display=Block
[2026-01-11T20:04:40Z ERROR css_core::box_tree::constraint_block_layout] layout_block ENTRY: node=NodeKey(11935947486926995483)
[2026-01-11T20:04:40Z ERROR css_core::box_tree::constraint_block_layout] Checking flex: node=NodeKey(11935947486926995483), display=Block
[2026-01-11T20:04:40Z ERROR css_core::box_tree::constraint_block_layout::flex_layout] layout_flex: node=NodeKey(11935947486926995471), flex_items.len()=6
[2026-01-11T20:04:40Z ERROR css_core::box_tree::constraint_block_layout] layout_block ENTRY: node=NodeKey(11935947486926995473)
[2026-01-11T20:04:40Z ERROR css_core::box_tree::constraint_block_layout] Checking flex: node=NodeKey(11935947486926995473), display=Block
[2026-01-11T20:04:40Z ERROR css_core::box_tree::constraint_block_layout] layout_block ENTRY: node=NodeKey(11935947486926995475)
[2026-01-11T20:04:40Z ERROR css_core::box_tree::constraint_block_layout] Checking flex: node=NodeKey(11935947486926995475), display=Block
[2026-01-11T20:04:40Z ERROR css_core::box_tree::constraint_block_layout] layout_block ENTRY: node=NodeKey(11935947486926995477)
[2026-01-11T20:04:40Z ERROR css_core::box_tree::constraint_block_layout] Checking flex: node=NodeKey(11935947486926995477), display=Block
[2026-01-11T20:04:40Z ERROR css_core::box_tree::constraint_block_layout] layout_block ENTRY: node=NodeKey(11935947486926995479)
[2026-01-11T20:04:40Z ERROR css_core::box_tree::constraint_block_layout] Checking flex: node=NodeKey(11935947486926995479), display=Block
[2026-01-11T20:04:40Z ERROR css_core::box_tree::constraint_block_layout] layout_block ENTRY: node=NodeKey(11935947486926995481)
[2026-01-11T20:04:40Z ERROR css_core::box_tree::constraint_block_layout] Checking flex: node=NodeKey(11935947486926995481), display=Block
[2026-01-11T20:04:40Z ERROR css_core::box_tree::constraint_block_layout] layout_block ENTRY: node=NodeKey(11935947486926995483)
[2026-01-11T20:04:40Z ERROR css_core::box_tree::constraint_block_layout] Checking flex: node=NodeKey(11935947486926995483), display=Block
[2026-01-11T20:04:40Z ERROR css_core::box_tree::constraint_block_layout] INSERTING FLEX CONTAINER in layout_block: node=NodeKey(11935947486926995471), inline_size=260, is_measurement=false
[2026-01-11T20:04:40Z ERROR page_handler::core::incremental_layout] LAYOUT TREE COMPLETE - generation 1, total results: 12
[2026-01-11T20:04:40Z ERROR page_handler::core::incremental_layout] RUNNING LAYOUT TREE - generation 1
[2026-01-11T20:04:40Z ERROR css_core::box_tree::constraint_block_layout] layout_block ENTRY: node=NodeKey(15102259499945164801)
[2026-01-11T20:04:40Z ERROR css_core::box_tree::constraint_block_layout] Checking flex: node=NodeKey(15102259499945164801), display=Block
[2026-01-11T20:04:40Z ERROR css_core::box_tree::constraint_block_layout] layout_block ENTRY: node=NodeKey(15102259499945164813)
[2026-01-11T20:04:40Z ERROR css_core::box_tree::constraint_block_layout] Checking flex: node=NodeKey(15102259499945164813), display=Block
[2026-01-11T20:04:40Z ERROR css_core::box_tree::constraint_block_layout] layout_block ENTRY: node=NodeKey(15102259499945164815)
[2026-01-11T20:04:40Z ERROR css_core::box_tree::constraint_block_layout] Checking flex: node=NodeKey(15102259499945164815), display=Flex
[2026-01-11T20:04:40Z ERROR css_core::box_tree::constraint_block_layout] IS FLEX!
[2026-01-11T20:04:40Z ERROR css_core::box_tree::constraint_block_layout::flex_layout] layout_flex: node=NodeKey(15102259499945164815), children.len()=13
[2026-01-11T20:04:40Z ERROR css_core::box_tree::constraint_block_layout] layout_block ENTRY: node=NodeKey(15102259499945164817)
[2026-01-11T20:04:40Z ERROR css_core::box_tree::constraint_block_layout] Checking flex: node=NodeKey(15102259499945164817), display=Block
[2026-01-11T20:04:40Z ERROR css_core::box_tree::constraint_block_layout] layout_block ENTRY: node=NodeKey(15102259499945164819)
[2026-01-11T20:04:40Z ERROR css_core::box_tree::constraint_block_layout] Checking flex: node=NodeKey(15102259499945164819), display=Block
[2026-01-11T20:04:40Z ERROR css_core::box_tree::constraint_block_layout] layout_block ENTRY: node=NodeKey(15102259499945164821)
[2026-01-11T20:04:40Z ERROR css_core::box_tree::constraint_block_layout] Checking flex: node=NodeKey(15102259499945164821), display=Block
[2026-01-11T20:04:40Z ERROR css_core::box_tree::constraint_block_layout] layout_block ENTRY: node=NodeKey(15102259499945164823)
[2026-01-11T20:04:40Z ERROR css_core::box_tree::constraint_block_layout] Checking flex: node=NodeKey(15102259499945164823), display=Block
[2026-01-11T20:04:40Z ERROR css_core::box_tree::constraint_block_layout] layout_block ENTRY: node=NodeKey(15102259499945164825)
[2026-01-11T20:04:40Z ERROR css_core::box_tree::constraint_block_layout] Checking flex: node=NodeKey(15102259499945164825), display=Block
[2026-01-11T20:04:40Z ERROR css_core::box_tree::constraint_block_layout] layout_block ENTRY: node=NodeKey(15102259499945164827)
[2026-01-11T20:04:40Z ERROR css_core::box_tree::constraint_block_layout] Checking flex: node=NodeKey(15102259499945164827), display=Block
[2026-01-11T20:04:40Z ERROR css_core::box_tree::constraint_block_layout::flex_layout] layout_flex: node=NodeKey(15102259499945164815), flex_items.len()=6
[2026-01-11T20:04:40Z ERROR css_core::box_tree::constraint_block_layout] layout_block ENTRY: node=NodeKey(15102259499945164817)
[2026-01-11T20:04:40Z ERROR css_core::box_tree::constraint_block_layout] Checking flex: node=NodeKey(15102259499945164817), display=Block
[2026-01-11T20:04:40Z ERROR css_core::box_tree::constraint_block_layout] layout_block ENTRY: node=NodeKey(15102259499945164819)
[2026-01-11T20:04:40Z ERROR css_core::box_tree::constraint_block_layout] Checking flex: node=NodeKey(15102259499945164819), display=Block
[2026-01-11T20:04:40Z ERROR css_core::box_tree::constraint_block_layout] layout_block ENTRY: node=NodeKey(15102259499945164821)
[2026-01-11T20:04:40Z ERROR css_core::box_tree::constraint_block_layout] Checking flex: node=NodeKey(15102259499945164821), display=Block
[2026-01-11T20:04:40Z ERROR css_core::box_tree::constraint_block_layout] layout_block ENTRY: node=NodeKey(15102259499945164823)
[2026-01-11T20:04:40Z ERROR css_core::box_tree::constraint_block_layout] Checking flex: node=NodeKey(15102259499945164823), display=Block
[2026-01-11T20:04:40Z ERROR css_core::box_tree::constraint_block_layout] layout_block ENTRY: node=NodeKey(15102259499945164825)
[2026-01-11T20:04:40Z ERROR css_core::box_tree::constraint_block_layout] Checking flex: node=NodeKey(15102259499945164825), display=Block
[2026-01-11T20:04:40Z ERROR css_core::box_tree::constraint_block_layout] layout_block ENTRY: node=NodeKey(15102259499945164827)
[2026-01-11T20:04:40Z ERROR css_core::box_tree::constraint_block_layout] Checking flex: node=NodeKey(15102259499945164827), display=Block
[2026-01-11T20:04:40Z ERROR css_core::box_tree::constraint_block_layout] INSERTING FLEX CONTAINER in layout_block: node=NodeKey(15102259499945164815), inline_size=520, is_measurement=false
[2026-01-11T20:04:40Z ERROR page_handler::core::incremental_layout] LAYOUT TREE COMPLETE - generation 1, total results: 12
[2026-01-11T20:04:40Z ERROR page_handler::core::incremental_layout] RUNNING LAYOUT TREE - generation 1
[2026-01-11T20:04:40Z ERROR css_core::box_tree::constraint_block_layout] layout_block ENTRY: node=NodeKey(6382164721449041921)
[2026-01-11T20:04:40Z ERROR css_core::box_tree::constraint_block_layout] Checking flex: node=NodeKey(6382164721449041921), display=Block
[2026-01-11T20:04:40Z ERROR css_core::box_tree::constraint_block_layout] layout_block ENTRY: node=NodeKey(6382164721449041933)
[2026-01-11T20:04:40Z ERROR css_core::box_tree::constraint_block_layout] Checking flex: node=NodeKey(6382164721449041933), display=Block
[2026-01-11T20:04:40Z ERROR css_core::box_tree::constraint_block_layout] layout_block ENTRY: node=NodeKey(6382164721449041935)
[2026-01-11T20:04:40Z ERROR css_core::box_tree::constraint_block_layout] Checking flex: node=NodeKey(6382164721449041935), display=Flex
[2026-01-11T20:04:40Z ERROR css_core::box_tree::constraint_block_layout] IS FLEX!
[2026-01-11T20:04:40Z ERROR css_core::box_tree::constraint_block_layout::flex_layout] layout_flex: node=NodeKey(6382164721449041935), children.len()=13
[2026-01-11T20:04:40Z ERROR css_core::box_tree::constraint_block_layout] layout_block ENTRY: node=NodeKey(6382164721449041937)
[2026-01-11T20:04:40Z ERROR css_core::box_tree::constraint_block_layout] Checking flex: node=NodeKey(6382164721449041937), display=Block
[2026-01-11T20:04:40Z ERROR css_core::box_tree::constraint_block_layout] layout_block ENTRY: node=NodeKey(6382164721449041939)
[2026-01-11T20:04:40Z ERROR css_core::box_tree::constraint_block_layout] Checking flex: node=NodeKey(6382164721449041939), display=Block
[2026-01-11T20:04:40Z ERROR css_core::box_tree::constraint_block_layout] layout_block ENTRY: node=NodeKey(6382164721449041941)
[2026-01-11T20:04:40Z ERROR css_core::box_tree::constraint_block_layout] Checking flex: node=NodeKey(6382164721449041941), display=Block
[2026-01-11T20:04:40Z ERROR css_core::box_tree::constraint_block_layout] layout_block ENTRY: node=NodeKey(6382164721449041943)
[2026-01-11T20:04:40Z ERROR css_core::box_tree::constraint_block_layout] Checking flex: node=NodeKey(6382164721449041943), display=Block
[2026-01-11T20:04:40Z ERROR css_core::box_tree::constraint_block_layout] layout_block ENTRY: node=NodeKey(6382164721449041945)
[2026-01-11T20:04:40Z ERROR css_core::box_tree::constraint_block_layout] Checking flex: node=NodeKey(6382164721449041945), display=Block
[2026-01-11T20:04:40Z ERROR css_core::box_tree::constraint_block_layout] layout_block ENTRY: node=NodeKey(6382164721449041947)
[2026-01-11T20:04:40Z ERROR css_core::box_tree::constraint_block_layout] Checking flex: node=NodeKey(6382164721449041947), display=Block
[2026-01-11T20:04:40Z ERROR css_core::box_tree::constraint_block_layout::flex_layout] layout_flex: node=NodeKey(6382164721449041935), flex_items.len()=6
[2026-01-11T20:04:40Z ERROR css_core::box_tree::constraint_block_layout] layout_block ENTRY: node=NodeKey(6382164721449041937)
[2026-01-11T20:04:40Z ERROR css_core::box_tree::constraint_block_layout] Checking flex: node=NodeKey(6382164721449041937), display=Block
[2026-01-11T20:04:40Z ERROR css_core::box_tree::constraint_block_layout] layout_block ENTRY: node=NodeKey(6382164721449041939)
[2026-01-11T20:04:40Z ERROR css_core::box_tree::constraint_block_layout] Checking flex: node=NodeKey(6382164721449041939), display=Block
[2026-01-11T20:04:40Z ERROR css_core::box_tree::constraint_block_layout] layout_block ENTRY: node=NodeKey(6382164721449041941)
[2026-01-11T20:04:40Z ERROR css_core::box_tree::constraint_block_layout] Checking flex: node=NodeKey(6382164721449041941), display=Block
[2026-01-11T20:04:40Z ERROR css_core::box_tree::constraint_block_layout] layout_block ENTRY: node=NodeKey(6382164721449041943)
[2026-01-11T20:04:40Z ERROR css_core::box_tree::constraint_block_layout] Checking flex: node=NodeKey(6382164721449041943), display=Block
[2026-01-11T20:04:40Z ERROR css_core::box_tree::constraint_block_layout] layout_block ENTRY: node=NodeKey(6382164721449041945)
[2026-01-11T20:04:40Z ERROR css_core::box_tree::constraint_block_layout] Checking flex: node=NodeKey(6382164721449041945), display=Block
[2026-01-11T20:04:40Z ERROR css_core::box_tree::constraint_block_layout] layout_block ENTRY: node=NodeKey(6382164721449041947)
[2026-01-11T20:04:40Z ERROR css_core::box_tree::constraint_block_layout] Checking flex: node=NodeKey(6382164721449041947), display=Block
[2026-01-11T20:04:40Z ERROR css_core::box_tree::constraint_block_layout] INSERTING FLEX CONTAINER in layout_block: node=NodeKey(6382164721449041935), inline_size=260, is_measurement=false
[2026-01-11T20:04:40Z ERROR page_handler::core::incremental_layout] LAYOUT TREE COMPLETE - generation 1, total results: 12
[2026-01-11T20:04:40Z ERROR page_handler::core::incremental_layout] RUNNING LAYOUT TREE - generation 1
[2026-01-11T20:04:40Z ERROR css_core::box_tree::constraint_block_layout] layout_block ENTRY: node=NodeKey(9088265147545288705)
[2026-01-11T20:04:40Z ERROR css_core::box_tree::constraint_block_layout] Checking flex: node=NodeKey(9088265147545288705), display=Block
[2026-01-11T20:04:40Z ERROR css_core::box_tree::constraint_block_layout] layout_block ENTRY: node=NodeKey(9088265147545288717)
[2026-01-11T20:04:40Z ERROR css_core::box_tree::constraint_block_layout] Checking flex: node=NodeKey(9088265147545288717), display=Block
[2026-01-11T20:04:40Z ERROR css_core::box_tree::constraint_block_layout] layout_block ENTRY: node=NodeKey(9088265147545288719)
[2026-01-11T20:04:40Z ERROR css_core::box_tree::constraint_block_layout] Checking flex: node=NodeKey(9088265147545288719), display=Flex
[2026-01-11T20:04:40Z ERROR css_core::box_tree::constraint_block_layout] IS FLEX!
[2026-01-11T20:04:40Z ERROR css_core::box_tree::constraint_block_layout::flex_layout] layout_flex: node=NodeKey(9088265147545288719), children.len()=13
[2026-01-11T20:04:40Z ERROR css_core::box_tree::constraint_block_layout] layout_block ENTRY: node=NodeKey(9088265147545288721)
[2026-01-11T20:04:40Z ERROR css_core::box_tree::constraint_block_layout] Checking flex: node=NodeKey(9088265147545288721), display=Block
[2026-01-11T20:04:40Z ERROR css_core::box_tree::constraint_block_layout] layout_block ENTRY: node=NodeKey(9088265147545288723)
[2026-01-11T20:04:40Z ERROR css_core::box_tree::constraint_block_layout] Checking flex: node=NodeKey(9088265147545288723), display=Block
[2026-01-11T20:04:40Z ERROR css_core::box_tree::constraint_block_layout] layout_block ENTRY: node=NodeKey(9088265147545288725)
[2026-01-11T20:04:40Z ERROR css_core::box_tree::constraint_block_layout] Checking flex: node=NodeKey(9088265147545288725), display=Block
[2026-01-11T20:04:40Z ERROR css_core::box_tree::constraint_block_layout] layout_block ENTRY: node=NodeKey(9088265147545288727)
[2026-01-11T20:04:40Z ERROR css_core::box_tree::constraint_block_layout] Checking flex: node=NodeKey(9088265147545288727), display=Block
[2026-01-11T20:04:40Z ERROR css_core::box_tree::constraint_block_layout] layout_block ENTRY: node=NodeKey(9088265147545288729)
[2026-01-11T20:04:40Z ERROR css_core::box_tree::constraint_block_layout] Checking flex: node=NodeKey(9088265147545288729), display=Block
[2026-01-11T20:04:40Z ERROR css_core::box_tree::constraint_block_layout] layout_block ENTRY: node=NodeKey(9088265147545288731)
[2026-01-11T20:04:40Z ERROR css_core::box_tree::constraint_block_layout] Checking flex: node=NodeKey(9088265147545288731), display=Block
[2026-01-11T20:04:40Z ERROR css_core::box_tree::constraint_block_layout::flex_layout] layout_flex: node=NodeKey(9088265147545288719), flex_items.len()=6
[2026-01-11T20:04:40Z ERROR css_core::box_tree::constraint_block_layout] layout_block ENTRY: node=NodeKey(9088265147545288721)
[2026-01-11T20:04:40Z ERROR css_core::box_tree::constraint_block_layout] Checking flex: node=NodeKey(9088265147545288721), display=Block
[2026-01-11T20:04:40Z ERROR css_core::box_tree::constraint_block_layout] layout_block ENTRY: node=NodeKey(9088265147545288723)
[2026-01-11T20:04:40Z ERROR css_core::box_tree::constraint_block_layout] Checking flex: node=NodeKey(9088265147545288723), display=Block
[2026-01-11T20:04:40Z ERROR css_core::box_tree::constraint_block_layout] layout_block ENTRY: node=NodeKey(9088265147545288725)
[2026-01-11T20:04:40Z ERROR css_core::box_tree::constraint_block_layout] Checking flex: node=NodeKey(9088265147545288725), display=Block
[2026-01-11T20:04:40Z ERROR css_core::box_tree::constraint_block_layout] layout_block ENTRY: node=NodeKey(9088265147545288727)
[2026-01-11T20:04:40Z ERROR css_core::box_tree::constraint_block_layout] Checking flex: node=NodeKey(9088265147545288727), display=Block
[2026-01-11T20:04:40Z ERROR css_core::box_tree::constraint_block_layout] layout_block ENTRY: node=NodeKey(9088265147545288729)
[2026-01-11T20:04:40Z ERROR css_core::box_tree::constraint_block_layout] Checking flex: node=NodeKey(9088265147545288729), display=Block
[2026-01-11T20:04:40Z ERROR css_core::box_tree::constraint_block_layout] layout_block ENTRY: node=NodeKey(9088265147545288731)
[2026-01-11T20:04:40Z ERROR css_core::box_tree::constraint_block_layout] Checking flex: node=NodeKey(9088265147545288731), display=Block
[2026-01-11T20:04:40Z ERROR css_core::box_tree::constraint_block_layout] INSERTING FLEX CONTAINER in layout_block: node=NodeKey(9088265147545288719), inline_size=260, is_measurement=false
[2026-01-11T20:04:40Z ERROR page_handler::core::incremental_layout] LAYOUT TREE COMPLETE - generation 1, total results: 12
[2026-01-11T20:04:40Z ERROR page_handler::core::incremental_layout] RUNNING LAYOUT TREE - generation 1
[2026-01-11T20:04:40Z ERROR css_core::box_tree::constraint_block_layout] layout_block ENTRY: node=NodeKey(7283447596876562433)
[2026-01-11T20:04:40Z ERROR css_core::box_tree::constraint_block_layout] Checking flex: node=NodeKey(7283447596876562433), display=Block
[2026-01-11T20:04:40Z ERROR css_core::box_tree::constraint_block_layout] layout_block ENTRY: node=NodeKey(7283447596876562445)
[2026-01-11T20:04:40Z ERROR css_core::box_tree::constraint_block_layout] Checking flex: node=NodeKey(7283447596876562445), display=Block
[2026-01-11T20:04:40Z ERROR css_core::box_tree::constraint_block_layout] layout_block ENTRY: node=NodeKey(7283447596876562447)
[2026-01-11T20:04:40Z ERROR css_core::box_tree::constraint_block_layout] Checking flex: node=NodeKey(7283447596876562447), display=Flex
[2026-01-11T20:04:40Z ERROR css_core::box_tree::constraint_block_layout] IS FLEX!
[2026-01-11T20:04:40Z ERROR css_core::box_tree::constraint_block_layout::flex_layout] layout_flex: node=NodeKey(7283447596876562447), children.len()=13
[2026-01-11T20:04:40Z ERROR css_core::box_tree::constraint_block_layout] layout_block ENTRY: node=NodeKey(7283447596876562449)
[2026-01-11T20:04:40Z ERROR css_core::box_tree::constraint_block_layout] Checking flex: node=NodeKey(7283447596876562449), display=Block
[2026-01-11T20:04:40Z ERROR css_core::box_tree::constraint_block_layout] layout_block ENTRY: node=NodeKey(7283447596876562451)
[2026-01-11T20:04:40Z ERROR css_core::box_tree::constraint_block_layout] Checking flex: node=NodeKey(7283447596876562451), display=Block
[2026-01-11T20:04:40Z ERROR css_core::box_tree::constraint_block_layout] layout_block ENTRY: node=NodeKey(7283447596876562453)
[2026-01-11T20:04:40Z ERROR css_core::box_tree::constraint_block_layout] Checking flex: node=NodeKey(7283447596876562453), display=Block
[2026-01-11T20:04:40Z ERROR css_core::box_tree::constraint_block_layout] layout_block ENTRY: node=NodeKey(7283447596876562455)
[2026-01-11T20:04:40Z ERROR css_core::box_tree::constraint_block_layout] Checking flex: node=NodeKey(7283447596876562455), display=Block
[2026-01-11T20:04:40Z ERROR css_core::box_tree::constraint_block_layout] layout_block ENTRY: node=NodeKey(7283447596876562457)
[2026-01-11T20:04:40Z ERROR css_core::box_tree::constraint_block_layout] Checking flex: node=NodeKey(7283447596876562457), display=Block
[2026-01-11T20:04:40Z ERROR css_core::box_tree::constraint_block_layout] layout_block ENTRY: node=NodeKey(7283447596876562459)
[2026-01-11T20:04:40Z ERROR css_core::box_tree::constraint_block_layout] Checking flex: node=NodeKey(7283447596876562459), display=Block
[2026-01-11T20:04:40Z ERROR css_core::box_tree::constraint_block_layout::flex_layout] layout_flex: node=NodeKey(7283447596876562447), flex_items.len()=6
[2026-01-11T20:04:40Z ERROR css_core::box_tree::constraint_block_layout] layout_block ENTRY: node=NodeKey(7283447596876562449)
[2026-01-11T20:04:40Z ERROR css_core::box_tree::constraint_block_layout] Checking flex: node=NodeKey(7283447596876562449), display=Block
[2026-01-11T20:04:40Z ERROR css_core::box_tree::constraint_block_layout] layout_block ENTRY: node=NodeKey(7283447596876562451)
[2026-01-11T20:04:40Z ERROR css_core::box_tree::constraint_block_layout] Checking flex: node=NodeKey(7283447596876562451), display=Block
[2026-01-11T20:04:40Z ERROR css_core::box_tree::constraint_block_layout] layout_block ENTRY: node=NodeKey(7283447596876562453)
[2026-01-11T20:04:40Z ERROR css_core::box_tree::constraint_block_layout] Checking flex: node=NodeKey(7283447596876562453), display=Block
[2026-01-11T20:04:40Z ERROR css_core::box_tree::constraint_block_layout] layout_block ENTRY: node=NodeKey(7283447596876562455)
[2026-01-11T20:04:40Z ERROR css_core::box_tree::constraint_block_layout] Checking flex: node=NodeKey(7283447596876562455), display=Block
[2026-01-11T20:04:40Z ERROR css_core::box_tree::constraint_block_layout] layout_block ENTRY: node=NodeKey(7283447596876562457)
[2026-01-11T20:04:40Z ERROR css_core::box_tree::constraint_block_layout] Checking flex: node=NodeKey(7283447596876562457), display=Block
[2026-01-11T20:04:40Z ERROR css_core::box_tree::constraint_block_layout] layout_block ENTRY: node=NodeKey(7283447596876562459)
[2026-01-11T20:04:40Z ERROR css_core::box_tree::constraint_block_layout] Checking flex: node=NodeKey(7283447596876562459), display=Block
[2026-01-11T20:04:40Z ERROR css_core::box_tree::constraint_block_layout] INSERTING FLEX CONTAINER in layout_block: node=NodeKey(7283447596876562447), inline_size=260, is_measurement=false
[2026-01-11T20:04:40Z ERROR page_handler::core::incremental_layout] LAYOUT TREE COMPLETE - generation 1, total results: 12
[2026-01-11T20:04:40Z ERROR page_handler::core::incremental_layout] RUNNING LAYOUT TREE - generation 1
[2026-01-11T20:04:40Z ERROR css_core::box_tree::constraint_block_layout] layout_block ENTRY: node=NodeKey(535085030238584833)
[2026-01-11T20:04:40Z ERROR css_core::box_tree::constraint_block_layout] Checking flex: node=NodeKey(535085030238584833), display=Block
[2026-01-11T20:04:40Z ERROR css_core::box_tree::constraint_block_layout] layout_block ENTRY: node=NodeKey(535085030238584845)
[2026-01-11T20:04:40Z ERROR css_core::box_tree::constraint_block_layout] Checking flex: node=NodeKey(535085030238584845), display=Block
[2026-01-11T20:04:40Z ERROR css_core::box_tree::constraint_block_layout] layout_block ENTRY: node=NodeKey(535085030238584847)
[2026-01-11T20:04:40Z ERROR css_core::box_tree::constraint_block_layout] Checking flex: node=NodeKey(535085030238584847), display=Flex
[2026-01-11T20:04:40Z ERROR css_core::box_tree::constraint_block_layout] IS FLEX!
[2026-01-11T20:04:40Z ERROR css_core::box_tree::constraint_block_layout::flex_layout] layout_flex: node=NodeKey(535085030238584847), children.len()=13
[2026-01-11T20:04:40Z ERROR css_core::box_tree::constraint_block_layout] layout_block ENTRY: node=NodeKey(535085030238584849)
[2026-01-11T20:04:40Z ERROR css_core::box_tree::constraint_block_layout] Checking flex: node=NodeKey(535085030238584849), display=Block
[2026-01-11T20:04:40Z ERROR css_core::box_tree::constraint_block_layout] layout_block ENTRY: node=NodeKey(535085030238584851)
[2026-01-11T20:04:40Z ERROR css_core::box_tree::constraint_block_layout] Checking flex: node=NodeKey(535085030238584851), display=Block
[2026-01-11T20:04:40Z ERROR css_core::box_tree::constraint_block_layout] layout_block ENTRY: node=NodeKey(535085030238584853)
[2026-01-11T20:04:40Z ERROR css_core::box_tree::constraint_block_layout] Checking flex: node=NodeKey(535085030238584853), display=Block
[2026-01-11T20:04:40Z ERROR css_core::box_tree::constraint_block_layout] layout_block ENTRY: node=NodeKey(535085030238584855)
[2026-01-11T20:04:40Z ERROR css_core::box_tree::constraint_block_layout] Checking flex: node=NodeKey(535085030238584855), display=Block
[2026-01-11T20:04:40Z ERROR css_core::box_tree::constraint_block_layout] layout_block ENTRY: node=NodeKey(535085030238584857)
[2026-01-11T20:04:40Z ERROR css_core::box_tree::constraint_block_layout] Checking flex: node=NodeKey(535085030238584857), display=Block
[2026-01-11T20:04:40Z ERROR css_core::box_tree::constraint_block_layout] layout_block ENTRY: node=NodeKey(535085030238584859)
[2026-01-11T20:04:40Z ERROR css_core::box_tree::constraint_block_layout] Checking flex: node=NodeKey(535085030238584859), display=Block
[2026-01-11T20:04:40Z ERROR css_core::box_tree::constraint_block_layout::flex_layout] layout_flex: node=NodeKey(535085030238584847), flex_items.len()=6
[2026-01-11T20:04:40Z ERROR css_core::box_tree::constraint_block_layout] layout_block ENTRY: node=NodeKey(535085030238584849)
[2026-01-11T20:04:40Z ERROR css_core::box_tree::constraint_block_layout] Checking flex: node=NodeKey(535085030238584849), display=Block
[2026-01-11T20:04:40Z ERROR css_core::box_tree::constraint_block_layout] layout_block ENTRY: node=NodeKey(535085030238584851)
[2026-01-11T20:04:40Z ERROR css_core::box_tree::constraint_block_layout] Checking flex: node=NodeKey(535085030238584851), display=Block
[2026-01-11T20:04:40Z ERROR css_core::box_tree::constraint_block_layout] layout_block ENTRY: node=NodeKey(535085030238584853)
[2026-01-11T20:04:40Z ERROR css_core::box_tree::constraint_block_layout] Checking flex: node=NodeKey(535085030238584853), display=Block
[2026-01-11T20:04:40Z ERROR css_core::box_tree::constraint_block_layout] layout_block ENTRY: node=NodeKey(535085030238584855)
[2026-01-11T20:04:40Z ERROR css_core::box_tree::constraint_block_layout] Checking flex: node=NodeKey(535085030238584855), display=Block
[2026-01-11T20:04:40Z ERROR css_core::box_tree::constraint_block_layout] layout_block ENTRY: node=NodeKey(535085030238584857)
[2026-01-11T20:04:40Z ERROR css_core::box_tree::constraint_block_layout] Checking flex: node=NodeKey(535085030238584857), display=Block
[2026-01-11T20:04:40Z ERROR css_core::box_tree::constraint_block_layout] layout_block ENTRY: node=NodeKey(535085030238584859)
[2026-01-11T20:04:40Z ERROR css_core::box_tree::constraint_block_layout] Checking flex: node=NodeKey(535085030238584859), display=Block
[2026-01-11T20:04:40Z ERROR css_core::box_tree::constraint_block_layout] INSERTING FLEX CONTAINER in layout_block: node=NodeKey(535085030238584847), inline_size=260, is_measurement=false
[2026-01-11T20:04:40Z ERROR page_handler::core::incremental_layout] LAYOUT TREE COMPLETE - generation 1, total results: 12
[2026-01-11T20:04:40Z ERROR page_handler::core::incremental_layout] RUNNING LAYOUT TREE - generation 1
[2026-01-11T20:04:40Z ERROR css_core::box_tree::constraint_block_layout] layout_block ENTRY: node=NodeKey(1759782653906649089)
[2026-01-11T20:04:40Z ERROR css_core::box_tree::constraint_block_layout] Checking flex: node=NodeKey(1759782653906649089), display=Block
[2026-01-11T20:04:40Z ERROR css_core::box_tree::constraint_block_layout] layout_block ENTRY: node=NodeKey(1759782653906649101)
[2026-01-11T20:04:40Z ERROR css_core::box_tree::constraint_block_layout] Checking flex: node=NodeKey(1759782653906649101), display=Block
[2026-01-11T20:04:40Z ERROR css_core::box_tree::constraint_block_layout] layout_block ENTRY: node=NodeKey(1759782653906649103)
[2026-01-11T20:04:40Z ERROR css_core::box_tree::constraint_block_layout] Checking flex: node=NodeKey(1759782653906649103), display=Flex
[2026-01-11T20:04:40Z ERROR css_core::box_tree::constraint_block_layout] IS FLEX!
[2026-01-11T20:04:40Z ERROR css_core::box_tree::constraint_block_layout::flex_layout] layout_flex: node=NodeKey(1759782653906649103), children.len()=11
[2026-01-11T20:04:40Z ERROR css_core::box_tree::constraint_block_layout] layout_block ENTRY: node=NodeKey(1759782653906649105)
[2026-01-11T20:04:40Z ERROR css_core::box_tree::constraint_block_layout] Checking flex: node=NodeKey(1759782653906649105), display=Block
[2026-01-11T20:04:40Z ERROR css_core::box_tree::constraint_block_layout] layout_block ENTRY: node=NodeKey(1759782653906649107)
[2026-01-11T20:04:40Z ERROR css_core::box_tree::constraint_block_layout] Checking flex: node=NodeKey(1759782653906649107), display=Block
[2026-01-11T20:04:40Z ERROR css_core::box_tree::constraint_block_layout] layout_block ENTRY: node=NodeKey(1759782653906649109)
[2026-01-11T20:04:40Z ERROR css_core::box_tree::constraint_block_layout] Checking flex: node=NodeKey(1759782653906649109), display=Block
[2026-01-11T20:04:40Z ERROR css_core::box_tree::constraint_block_layout] layout_block ENTRY: node=NodeKey(1759782653906649111)
[2026-01-11T20:04:40Z ERROR css_core::box_tree::constraint_block_layout] Checking flex: node=NodeKey(1759782653906649111), display=Block
[2026-01-11T20:04:40Z ERROR css_core::box_tree::constraint_block_layout] layout_block ENTRY: node=NodeKey(1759782653906649113)
[2026-01-11T20:04:40Z ERROR css_core::box_tree::constraint_block_layout] Checking flex: node=NodeKey(1759782653906649113), display=Block
[2026-01-11T20:04:40Z ERROR css_core::box_tree::constraint_block_layout::flex_layout] layout_flex: node=NodeKey(1759782653906649103), flex_items.len()=5
[2026-01-11T20:04:40Z ERROR css_core::box_tree::constraint_block_layout] layout_block ENTRY: node=NodeKey(1759782653906649105)
[2026-01-11T20:04:40Z ERROR css_core::box_tree::constraint_block_layout] Checking flex: node=NodeKey(1759782653906649105), display=Block
[2026-01-11T20:04:40Z ERROR css_core::box_tree::constraint_block_layout] layout_block ENTRY: node=NodeKey(1759782653906649107)
[2026-01-11T20:04:40Z ERROR css_core::box_tree::constraint_block_layout] Checking flex: node=NodeKey(1759782653906649107), display=Block
[2026-01-11T20:04:40Z ERROR css_core::box_tree::constraint_block_layout] layout_block ENTRY: node=NodeKey(1759782653906649109)
[2026-01-11T20:04:40Z ERROR css_core::box_tree::constraint_block_layout] Checking flex: node=NodeKey(1759782653906649109), display=Block
[2026-01-11T20:04:40Z ERROR css_core::box_tree::constraint_block_layout] layout_block ENTRY: node=NodeKey(1759782653906649111)
[2026-01-11T20:04:40Z ERROR css_core::box_tree::constraint_block_layout] Checking flex: node=NodeKey(1759782653906649111), display=Block
[2026-01-11T20:04:40Z ERROR css_core::box_tree::constraint_block_layout] layout_block ENTRY: node=NodeKey(1759782653906649113)
[2026-01-11T20:04:40Z ERROR css_core::box_tree::constraint_block_layout] Checking flex: node=NodeKey(1759782653906649113), display=Block
[2026-01-11T20:04:40Z ERROR css_core::box_tree::constraint_block_layout] INSERTING FLEX CONTAINER in layout_block: node=NodeKey(1759782653906649103), inline_size=520, is_measurement=false
[2026-01-11T20:04:40Z ERROR page_handler::core::incremental_layout] LAYOUT TREE COMPLETE - generation 1, total results: 11
[2026-01-11T20:04:40Z ERROR page_handler::core::incremental_layout] RUNNING LAYOUT TREE - generation 1
[2026-01-11T20:04:40Z ERROR css_core::box_tree::constraint_block_layout] layout_block ENTRY: node=NodeKey(3611606525686054913)
[2026-01-11T20:04:40Z ERROR css_core::box_tree::constraint_block_layout] Checking flex: node=NodeKey(3611606525686054913), display=Block
[2026-01-11T20:04:40Z ERROR css_core::box_tree::constraint_block_layout] layout_block ENTRY: node=NodeKey(3611606525686054925)
[2026-01-11T20:04:40Z ERROR css_core::box_tree::constraint_block_layout] Checking flex: node=NodeKey(3611606525686054925), display=Block
[2026-01-11T20:04:40Z ERROR css_core::box_tree::constraint_block_layout] layout_block ENTRY: node=NodeKey(3611606525686054927)
[2026-01-11T20:04:40Z ERROR css_core::box_tree::constraint_block_layout] Checking flex: node=NodeKey(3611606525686054927), display=Flex
[2026-01-11T20:04:40Z ERROR css_core::box_tree::constraint_block_layout] IS FLEX!
[2026-01-11T20:04:40Z ERROR css_core::box_tree::constraint_block_layout::flex_layout] layout_flex: node=NodeKey(3611606525686054927), children.len()=11
[2026-01-11T20:04:40Z ERROR css_core::box_tree::constraint_block_layout] layout_block ENTRY: node=NodeKey(3611606525686054929)
[2026-01-11T20:04:40Z ERROR css_core::box_tree::constraint_block_layout] Checking flex: node=NodeKey(3611606525686054929), display=Block
[2026-01-11T20:04:40Z ERROR css_core::box_tree::constraint_block_layout] layout_block ENTRY: node=NodeKey(3611606525686054931)
[2026-01-11T20:04:40Z ERROR css_core::box_tree::constraint_block_layout] Checking flex: node=NodeKey(3611606525686054931), display=Block
[2026-01-11T20:04:40Z ERROR css_core::box_tree::constraint_block_layout] layout_block ENTRY: node=NodeKey(3611606525686054933)
[2026-01-11T20:04:40Z ERROR css_core::box_tree::constraint_block_layout] Checking flex: node=NodeKey(3611606525686054933), display=Block
[2026-01-11T20:04:40Z ERROR css_core::box_tree::constraint_block_layout] layout_block ENTRY: node=NodeKey(3611606525686054935)
[2026-01-11T20:04:40Z ERROR css_core::box_tree::constraint_block_layout] Checking flex: node=NodeKey(3611606525686054935), display=Block
[2026-01-11T20:04:40Z ERROR css_core::box_tree::constraint_block_layout] layout_block ENTRY: node=NodeKey(3611606525686054937)
[2026-01-11T20:04:40Z ERROR css_core::box_tree::constraint_block_layout] Checking flex: node=NodeKey(3611606525686054937), display=Block
[2026-01-11T20:04:40Z ERROR css_core::box_tree::constraint_block_layout::flex_layout] layout_flex: node=NodeKey(3611606525686054927), flex_items.len()=5
[2026-01-11T20:04:40Z ERROR css_core::box_tree::constraint_block_layout] layout_block ENTRY: node=NodeKey(3611606525686054929)
[2026-01-11T20:04:40Z ERROR css_core::box_tree::constraint_block_layout] Checking flex: node=NodeKey(3611606525686054929), display=Block
[2026-01-11T20:04:40Z ERROR css_core::box_tree::constraint_block_layout] layout_block ENTRY: node=NodeKey(3611606525686054931)
[2026-01-11T20:04:40Z ERROR css_core::box_tree::constraint_block_layout] Checking flex: node=NodeKey(3611606525686054931), display=Block
[2026-01-11T20:04:40Z ERROR css_core::box_tree::constraint_block_layout] layout_block ENTRY: node=NodeKey(3611606525686054933)
[2026-01-11T20:04:40Z ERROR css_core::box_tree::constraint_block_layout] Checking flex: node=NodeKey(3611606525686054933), display=Block
[2026-01-11T20:04:40Z ERROR css_core::box_tree::constraint_block_layout] layout_block ENTRY: node=NodeKey(3611606525686054935)
[2026-01-11T20:04:40Z ERROR css_core::box_tree::constraint_block_layout] Checking flex: node=NodeKey(3611606525686054935), display=Block
[2026-01-11T20:04:40Z ERROR css_core::box_tree::constraint_block_layout] layout_block ENTRY: node=NodeKey(3611606525686054937)
[2026-01-11T20:04:40Z ERROR css_core::box_tree::constraint_block_layout] Checking flex: node=NodeKey(3611606525686054937), display=Block
[2026-01-11T20:04:40Z ERROR css_core::box_tree::constraint_block_layout] INSERTING FLEX CONTAINER in layout_block: node=NodeKey(3611606525686054927), inline_size=520, is_measurement=false
[2026-01-11T20:04:40Z ERROR page_handler::core::incremental_layout] LAYOUT TREE COMPLETE - generation 1, total results: 11
[2026-01-11T20:04:40Z ERROR page_handler::core::incremental_layout] RUNNING LAYOUT TREE - generation 1
[2026-01-11T20:04:40Z ERROR css_core::box_tree::constraint_block_layout] layout_block ENTRY: node=NodeKey(1549239371327078401)
[2026-01-11T20:04:40Z ERROR css_core::box_tree::constraint_block_layout] Checking flex: node=NodeKey(1549239371327078401), display=Block
[2026-01-11T20:04:40Z ERROR css_core::box_tree::constraint_block_layout] layout_block ENTRY: node=NodeKey(1549239371327078413)
[2026-01-11T20:04:40Z ERROR css_core::box_tree::constraint_block_layout] Checking flex: node=NodeKey(1549239371327078413), display=Block
[2026-01-11T20:04:40Z ERROR css_core::box_tree::constraint_block_layout] layout_block ENTRY: node=NodeKey(1549239371327078415)
[2026-01-11T20:04:40Z ERROR css_core::box_tree::constraint_block_layout] Checking flex: node=NodeKey(1549239371327078415), display=Flex
[2026-01-11T20:04:40Z ERROR css_core::box_tree::constraint_block_layout] IS FLEX!
[2026-01-11T20:04:40Z ERROR css_core::box_tree::constraint_block_layout::flex_layout] layout_flex: node=NodeKey(1549239371327078415), children.len()=11
[2026-01-11T20:04:40Z ERROR css_core::box_tree::constraint_block_layout] layout_block ENTRY: node=NodeKey(1549239371327078417)
[2026-01-11T20:04:40Z ERROR css_core::box_tree::constraint_block_layout] Checking flex: node=NodeKey(1549239371327078417), display=Block
[2026-01-11T20:04:40Z ERROR css_core::box_tree::constraint_block_layout] layout_block ENTRY: node=NodeKey(1549239371327078419)
[2026-01-11T20:04:40Z ERROR css_core::box_tree::constraint_block_layout] Checking flex: node=NodeKey(1549239371327078419), display=Block
[2026-01-11T20:04:40Z ERROR css_core::box_tree::constraint_block_layout] layout_block ENTRY: node=NodeKey(1549239371327078421)
[2026-01-11T20:04:40Z ERROR css_core::box_tree::constraint_block_layout] Checking flex: node=NodeKey(1549239371327078421), display=Block
[2026-01-11T20:04:40Z ERROR css_core::box_tree::constraint_block_layout] layout_block ENTRY: node=NodeKey(1549239371327078423)
[2026-01-11T20:04:40Z ERROR css_core::box_tree::constraint_block_layout] Checking flex: node=NodeKey(1549239371327078423), display=Block
[2026-01-11T20:04:40Z ERROR css_core::box_tree::constraint_block_layout] layout_block ENTRY: node=NodeKey(1549239371327078425)
[2026-01-11T20:04:40Z ERROR css_core::box_tree::constraint_block_layout] Checking flex: node=NodeKey(1549239371327078425), display=Block
[2026-01-11T20:04:40Z ERROR css_core::box_tree::constraint_block_layout::flex_layout] layout_flex: node=NodeKey(1549239371327078415), flex_items.len()=5
[2026-01-11T20:04:40Z ERROR css_core::box_tree::constraint_block_layout] layout_block ENTRY: node=NodeKey(1549239371327078417)
[2026-01-11T20:04:40Z ERROR css_core::box_tree::constraint_block_layout] Checking flex: node=NodeKey(1549239371327078417), display=Block
[2026-01-11T20:04:40Z ERROR css_core::box_tree::constraint_block_layout] layout_block ENTRY: node=NodeKey(1549239371327078419)
[2026-01-11T20:04:40Z ERROR css_core::box_tree::constraint_block_layout] Checking flex: node=NodeKey(1549239371327078419), display=Block
[2026-01-11T20:04:40Z ERROR css_core::box_tree::constraint_block_layout] layout_block ENTRY: node=NodeKey(1549239371327078421)
[2026-01-11T20:04:40Z ERROR css_core::box_tree::constraint_block_layout] Checking flex: node=NodeKey(1549239371327078421), display=Block
[2026-01-11T20:04:40Z ERROR css_core::box_tree::constraint_block_layout] layout_block ENTRY: node=NodeKey(1549239371327078423)
[2026-01-11T20:04:40Z ERROR css_core::box_tree::constraint_block_layout] Checking flex: node=NodeKey(1549239371327078423), display=Block
[2026-01-11T20:04:40Z ERROR css_core::box_tree::constraint_block_layout] layout_block ENTRY: node=NodeKey(1549239371327078425)
[2026-01-11T20:04:40Z ERROR css_core::box_tree::constraint_block_layout] Checking flex: node=NodeKey(1549239371327078425), display=Block
[2026-01-11T20:04:40Z ERROR css_core::box_tree::constraint_block_layout] INSERTING FLEX CONTAINER in layout_block: node=NodeKey(1549239371327078415), inline_size=520, is_measurement=false
[2026-01-11T20:04:40Z ERROR page_handler::core::incremental_layout] LAYOUT TREE COMPLETE - generation 1, total results: 11
[2026-01-11T20:04:40Z ERROR page_handler::core::incremental_layout] RUNNING LAYOUT TREE - generation 1
[2026-01-11T20:04:40Z ERROR css_core::box_tree::constraint_block_layout] layout_block ENTRY: node=NodeKey(916765098658234369)
[2026-01-11T20:04:40Z ERROR css_core::box_tree::constraint_block_layout] Checking flex: node=NodeKey(916765098658234369), display=Block
[2026-01-11T20:04:40Z ERROR css_core::box_tree::constraint_block_layout] layout_block ENTRY: node=NodeKey(916765098658234381)
[2026-01-11T20:04:40Z ERROR css_core::box_tree::constraint_block_layout] Checking flex: node=NodeKey(916765098658234381), display=Block
[2026-01-11T20:04:40Z ERROR css_core::box_tree::constraint_block_layout] layout_block ENTRY: node=NodeKey(916765098658234383)
[2026-01-11T20:04:40Z ERROR css_core::box_tree::constraint_block_layout] Checking flex: node=NodeKey(916765098658234383), display=Flex
[2026-01-11T20:04:40Z ERROR css_core::box_tree::constraint_block_layout] IS FLEX!
[2026-01-11T20:04:40Z ERROR css_core::box_tree::constraint_block_layout::flex_layout] layout_flex: node=NodeKey(916765098658234383), children.len()=11
[2026-01-11T20:04:40Z ERROR css_core::box_tree::constraint_block_layout] layout_block ENTRY: node=NodeKey(916765098658234385)
[2026-01-11T20:04:40Z ERROR css_core::box_tree::constraint_block_layout] Checking flex: node=NodeKey(916765098658234385), display=Block
[2026-01-11T20:04:40Z ERROR css_core::box_tree::constraint_block_layout] layout_block ENTRY: node=NodeKey(916765098658234387)
[2026-01-11T20:04:40Z ERROR css_core::box_tree::constraint_block_layout] Checking flex: node=NodeKey(916765098658234387), display=Block
[2026-01-11T20:04:40Z ERROR css_core::box_tree::constraint_block_layout] layout_block ENTRY: node=NodeKey(916765098658234389)
[2026-01-11T20:04:40Z ERROR css_core::box_tree::constraint_block_layout] Checking flex: node=NodeKey(916765098658234389), display=Block
[2026-01-11T20:04:40Z ERROR css_core::box_tree::constraint_block_layout] layout_block ENTRY: node=NodeKey(916765098658234391)
[2026-01-11T20:04:40Z ERROR css_core::box_tree::constraint_block_layout] Checking flex: node=NodeKey(916765098658234391), display=Block
[2026-01-11T20:04:40Z ERROR css_core::box_tree::constraint_block_layout] layout_block ENTRY: node=NodeKey(916765098658234393)
[2026-01-11T20:04:40Z ERROR css_core::box_tree::constraint_block_layout] Checking flex: node=NodeKey(916765098658234393), display=Block
[2026-01-11T20:04:40Z ERROR css_core::box_tree::constraint_block_layout::flex_layout] layout_flex: node=NodeKey(916765098658234383), flex_items.len()=5
[2026-01-11T20:04:40Z ERROR css_core::box_tree::constraint_block_layout] layout_block ENTRY: node=NodeKey(916765098658234385)
[2026-01-11T20:04:40Z ERROR css_core::box_tree::constraint_block_layout] Checking flex: node=NodeKey(916765098658234385), display=Block
[2026-01-11T20:04:40Z ERROR css_core::box_tree::constraint_block_layout] layout_block ENTRY: node=NodeKey(916765098658234387)
[2026-01-11T20:04:40Z ERROR css_core::box_tree::constraint_block_layout] Checking flex: node=NodeKey(916765098658234387), display=Block
[2026-01-11T20:04:40Z ERROR css_core::box_tree::constraint_block_layout] layout_block ENTRY: node=NodeKey(916765098658234389)
[2026-01-11T20:04:40Z ERROR css_core::box_tree::constraint_block_layout] Checking flex: node=NodeKey(916765098658234389), display=Block
[2026-01-11T20:04:40Z ERROR css_core::box_tree::constraint_block_layout] layout_block ENTRY: node=NodeKey(916765098658234391)
[2026-01-11T20:04:40Z ERROR css_core::box_tree::constraint_block_layout] Checking flex: node=NodeKey(916765098658234391), display=Block
[2026-01-11T20:04:40Z ERROR css_core::box_tree::constraint_block_layout] layout_block ENTRY: node=NodeKey(916765098658234393)
[2026-01-11T20:04:40Z ERROR css_core::box_tree::constraint_block_layout] Checking flex: node=NodeKey(916765098658234393), display=Block
[2026-01-11T20:04:40Z ERROR css_core::box_tree::constraint_block_layout] INSERTING FLEX CONTAINER in layout_block: node=NodeKey(916765098658234383), inline_size=520, is_measurement=false
[2026-01-11T20:04:40Z ERROR page_handler::core::incremental_layout] LAYOUT TREE COMPLETE - generation 1, total results: 11
[2026-01-11T20:04:40Z ERROR page_handler::core::incremental_layout] RUNNING LAYOUT TREE - generation 1
[2026-01-11T20:04:40Z ERROR css_core::box_tree::constraint_block_layout] layout_block ENTRY: node=NodeKey(372392493699825665)
[2026-01-11T20:04:40Z ERROR css_core::box_tree::constraint_block_layout] Checking flex: node=NodeKey(372392493699825665), display=Block
[2026-01-11T20:04:40Z ERROR css_core::box_tree::constraint_block_layout] layout_block ENTRY: node=NodeKey(372392493699825677)
[2026-01-11T20:04:40Z ERROR css_core::box_tree::constraint_block_layout] Checking flex: node=NodeKey(372392493699825677), display=Block
[2026-01-11T20:04:40Z ERROR css_core::box_tree::constraint_block_layout] layout_block ENTRY: node=NodeKey(372392493699825679)
[2026-01-11T20:04:40Z ERROR css_core::box_tree::constraint_block_layout] Checking flex: node=NodeKey(372392493699825679), display=Flex
[2026-01-11T20:04:40Z ERROR css_core::box_tree::constraint_block_layout] IS FLEX!
[2026-01-11T20:04:40Z ERROR css_core::box_tree::constraint_block_layout::flex_layout] layout_flex: node=NodeKey(372392493699825679), children.len()=11
[2026-01-11T20:04:40Z ERROR css_core::box_tree::constraint_block_layout] layout_block ENTRY: node=NodeKey(372392493699825681)
[2026-01-11T20:04:40Z ERROR css_core::box_tree::constraint_block_layout] Checking flex: node=NodeKey(372392493699825681), display=Block
[2026-01-11T20:04:40Z ERROR css_core::box_tree::constraint_block_layout] layout_block ENTRY: node=NodeKey(372392493699825683)
[2026-01-11T20:04:40Z ERROR css_core::box_tree::constraint_block_layout] Checking flex: node=NodeKey(372392493699825683), display=Block
[2026-01-11T20:04:40Z ERROR css_core::box_tree::constraint_block_layout] layout_block ENTRY: node=NodeKey(372392493699825685)
[2026-01-11T20:04:40Z ERROR css_core::box_tree::constraint_block_layout] Checking flex: node=NodeKey(372392493699825685), display=Block
[2026-01-11T20:04:40Z ERROR css_core::box_tree::constraint_block_layout] layout_block ENTRY: node=NodeKey(372392493699825687)
[2026-01-11T20:04:40Z ERROR css_core::box_tree::constraint_block_layout] Checking flex: node=NodeKey(372392493699825687), display=Block
[2026-01-11T20:04:40Z ERROR css_core::box_tree::constraint_block_layout] layout_block ENTRY: node=NodeKey(372392493699825689)
[2026-01-11T20:04:40Z ERROR css_core::box_tree::constraint_block_layout] Checking flex: node=NodeKey(372392493699825689), display=Block
[2026-01-11T20:04:40Z ERROR css_core::box_tree::constraint_block_layout::flex_layout] layout_flex: node=NodeKey(372392493699825679), flex_items.len()=5
[2026-01-11T20:04:40Z ERROR css_core::box_tree::constraint_block_layout] layout_block ENTRY: node=NodeKey(372392493699825681)
[2026-01-11T20:04:40Z ERROR css_core::box_tree::constraint_block_layout] Checking flex: node=NodeKey(372392493699825681), display=Block
[2026-01-11T20:04:40Z ERROR css_core::box_tree::constraint_block_layout] layout_block ENTRY: node=NodeKey(372392493699825683)
[2026-01-11T20:04:40Z ERROR css_core::box_tree::constraint_block_layout] Checking flex: node=NodeKey(372392493699825683), display=Block
[2026-01-11T20:04:40Z ERROR css_core::box_tree::constraint_block_layout] layout_block ENTRY: node=NodeKey(372392493699825685)
[2026-01-11T20:04:40Z ERROR css_core::box_tree::constraint_block_layout] Checking flex: node=NodeKey(372392493699825685), display=Block
[2026-01-11T20:04:40Z ERROR css_core::box_tree::constraint_block_layout] layout_block ENTRY: node=NodeKey(372392493699825687)
[2026-01-11T20:04:40Z ERROR css_core::box_tree::constraint_block_layout] Checking flex: node=NodeKey(372392493699825687), display=Block
[2026-01-11T20:04:40Z ERROR css_core::box_tree::constraint_block_layout] layout_block ENTRY: node=NodeKey(372392493699825689)
[2026-01-11T20:04:40Z ERROR css_core::box_tree::constraint_block_layout] Checking flex: node=NodeKey(372392493699825689), display=Block
[2026-01-11T20:04:40Z ERROR css_core::box_tree::constraint_block_layout] INSERTING FLEX CONTAINER in layout_block: node=NodeKey(372392493699825679), inline_size=520, is_measurement=false
[2026-01-11T20:04:40Z ERROR page_handler::core::incremental_layout] LAYOUT TREE COMPLETE - generation 1, total results: 11
[2026-01-11T20:04:40Z ERROR page_handler::core::incremental_layout] RUNNING LAYOUT TREE - generation 1
[2026-01-11T20:04:40Z ERROR css_core::box_tree::constraint_block_layout] layout_block ENTRY: node=NodeKey(18157388897162625025)
[2026-01-11T20:04:40Z ERROR css_core::box_tree::constraint_block_layout] Checking flex: node=NodeKey(18157388897162625025), display=Block
[2026-01-11T20:04:40Z ERROR css_core::box_tree::constraint_block_layout] layout_block ENTRY: node=NodeKey(18157388897162625037)
[2026-01-11T20:04:40Z ERROR css_core::box_tree::constraint_block_layout] Checking flex: node=NodeKey(18157388897162625037), display=Block
[2026-01-11T20:04:40Z ERROR css_core::box_tree::constraint_block_layout] layout_block ENTRY: node=NodeKey(18157388897162625039)
[2026-01-11T20:04:40Z ERROR css_core::box_tree::constraint_block_layout] Checking flex: node=NodeKey(18157388897162625039), display=Flex
[2026-01-11T20:04:40Z ERROR css_core::box_tree::constraint_block_layout] IS FLEX!
[2026-01-11T20:04:40Z ERROR css_core::box_tree::constraint_block_layout::flex_layout] layout_flex: node=NodeKey(18157388897162625039), children.len()=11
[2026-01-11T20:04:40Z ERROR css_core::box_tree::constraint_block_layout] layout_block ENTRY: node=NodeKey(18157388897162625041)
[2026-01-11T20:04:40Z ERROR css_core::box_tree::constraint_block_layout] Checking flex: node=NodeKey(18157388897162625041), display=Block
[2026-01-11T20:04:40Z ERROR css_core::box_tree::constraint_block_layout] layout_block ENTRY: node=NodeKey(18157388897162625043)
[2026-01-11T20:04:40Z ERROR css_core::box_tree::constraint_block_layout] Checking flex: node=NodeKey(18157388897162625043), display=Block
[2026-01-11T20:04:40Z ERROR css_core::box_tree::constraint_block_layout] layout_block ENTRY: node=NodeKey(18157388897162625045)
[2026-01-11T20:04:40Z ERROR css_core::box_tree::constraint_block_layout] Checking flex: node=NodeKey(18157388897162625045), display=Block
[2026-01-11T20:04:40Z ERROR css_core::box_tree::constraint_block_layout] layout_block ENTRY: node=NodeKey(18157388897162625047)
[2026-01-11T20:04:40Z ERROR css_core::box_tree::constraint_block_layout] Checking flex: node=NodeKey(18157388897162625047), display=Block
[2026-01-11T20:04:40Z ERROR css_core::box_tree::constraint_block_layout] layout_block ENTRY: node=NodeKey(18157388897162625049)
[2026-01-11T20:04:40Z ERROR css_core::box_tree::constraint_block_layout] Checking flex: node=NodeKey(18157388897162625049), display=Block
[2026-01-11T20:04:40Z ERROR css_core::box_tree::constraint_block_layout::flex_layout] layout_flex: node=NodeKey(18157388897162625039), flex_items.len()=5
[2026-01-11T20:04:40Z ERROR css_core::box_tree::constraint_block_layout] layout_block ENTRY: node=NodeKey(18157388897162625041)
[2026-01-11T20:04:40Z ERROR css_core::box_tree::constraint_block_layout] Checking flex: node=NodeKey(18157388897162625041), display=Block
[2026-01-11T20:04:40Z ERROR css_core::box_tree::constraint_block_layout] layout_block ENTRY: node=NodeKey(18157388897162625043)
[2026-01-11T20:04:40Z ERROR css_core::box_tree::constraint_block_layout] Checking flex: node=NodeKey(18157388897162625043), display=Block
[2026-01-11T20:04:40Z ERROR css_core::box_tree::constraint_block_layout] layout_block ENTRY: node=NodeKey(18157388897162625045)
[2026-01-11T20:04:40Z ERROR css_core::box_tree::constraint_block_layout] Checking flex: node=NodeKey(18157388897162625045), display=Block
[2026-01-11T20:04:40Z ERROR css_core::box_tree::constraint_block_layout] layout_block ENTRY: node=NodeKey(18157388897162625047)
[2026-01-11T20:04:40Z ERROR css_core::box_tree::constraint_block_layout] Checking flex: node=NodeKey(18157388897162625047), display=Block
[2026-01-11T20:04:40Z ERROR css_core::box_tree::constraint_block_layout] layout_block ENTRY: node=NodeKey(18157388897162625049)
[2026-01-11T20:04:40Z ERROR css_core::box_tree::constraint_block_layout] Checking flex: node=NodeKey(18157388897162625049), display=Block
[2026-01-11T20:04:40Z ERROR css_core::box_tree::constraint_block_layout] INSERTING FLEX CONTAINER in layout_block: node=NodeKey(18157388897162625039), inline_size=520, is_measurement=false
[2026-01-11T20:04:40Z ERROR page_handler::core::incremental_layout] LAYOUT TREE COMPLETE - generation 1, total results: 11
[2026-01-11T20:04:40Z ERROR page_handler::core::incremental_layout] RUNNING LAYOUT TREE - generation 1
[2026-01-11T20:04:40Z ERROR css_core::box_tree::constraint_block_layout] layout_block ENTRY: node=NodeKey(18139093023676432385)
[2026-01-11T20:04:40Z ERROR css_core::box_tree::constraint_block_layout] Checking flex: node=NodeKey(18139093023676432385), display=Block
[2026-01-11T20:04:40Z ERROR css_core::box_tree::constraint_block_layout] layout_block ENTRY: node=NodeKey(18139093023676432397)
[2026-01-11T20:04:40Z ERROR css_core::box_tree::constraint_block_layout] Checking flex: node=NodeKey(18139093023676432397), display=Block
[2026-01-11T20:04:40Z ERROR css_core::box_tree::constraint_block_layout] layout_block ENTRY: node=NodeKey(18139093023676432399)
[2026-01-11T20:04:40Z ERROR css_core::box_tree::constraint_block_layout] Checking flex: node=NodeKey(18139093023676432399), display=Flex
[2026-01-11T20:04:40Z ERROR css_core::box_tree::constraint_block_layout] IS FLEX!
[2026-01-11T20:04:40Z ERROR css_core::box_tree::constraint_block_layout::flex_layout] layout_flex: node=NodeKey(18139093023676432399), children.len()=11
[2026-01-11T20:04:40Z ERROR css_core::box_tree::constraint_block_layout] layout_block ENTRY: node=NodeKey(18139093023676432401)
[2026-01-11T20:04:40Z ERROR css_core::box_tree::constraint_block_layout] Checking flex: node=NodeKey(18139093023676432401), display=Block
[2026-01-11T20:04:40Z ERROR css_core::box_tree::constraint_block_layout] layout_block ENTRY: node=NodeKey(18139093023676432403)
[2026-01-11T20:04:40Z ERROR css_core::box_tree::constraint_block_layout] Checking flex: node=NodeKey(18139093023676432403), display=Block
[2026-01-11T20:04:40Z ERROR css_core::box_tree::constraint_block_layout] layout_block ENTRY: node=NodeKey(18139093023676432405)
[2026-01-11T20:04:40Z ERROR css_core::box_tree::constraint_block_layout] Checking flex: node=NodeKey(18139093023676432405), display=Block
[2026-01-11T20:04:40Z ERROR css_core::box_tree::constraint_block_layout] layout_block ENTRY: node=NodeKey(18139093023676432407)
[2026-01-11T20:04:40Z ERROR css_core::box_tree::constraint_block_layout] Checking flex: node=NodeKey(18139093023676432407), display=Block
[2026-01-11T20:04:40Z ERROR css_core::box_tree::constraint_block_layout] layout_block ENTRY: node=NodeKey(18139093023676432409)
[2026-01-11T20:04:40Z ERROR css_core::box_tree::constraint_block_layout] Checking flex: node=NodeKey(18139093023676432409), display=Block
[2026-01-11T20:04:40Z ERROR css_core::box_tree::constraint_block_layout::flex_layout] layout_flex: node=NodeKey(18139093023676432399), flex_items.len()=5
[2026-01-11T20:04:40Z ERROR css_core::box_tree::constraint_block_layout] layout_block ENTRY: node=NodeKey(18139093023676432401)
[2026-01-11T20:04:40Z ERROR css_core::box_tree::constraint_block_layout] Checking flex: node=NodeKey(18139093023676432401), display=Block
[2026-01-11T20:04:40Z ERROR css_core::box_tree::constraint_block_layout] layout_block ENTRY: node=NodeKey(18139093023676432403)
[2026-01-11T20:04:40Z ERROR css_core::box_tree::constraint_block_layout] Checking flex: node=NodeKey(18139093023676432403), display=Block
[2026-01-11T20:04:40Z ERROR css_core::box_tree::constraint_block_layout] layout_block ENTRY: node=NodeKey(18139093023676432405)
[2026-01-11T20:04:40Z ERROR css_core::box_tree::constraint_block_layout] Checking flex: node=NodeKey(18139093023676432405), display=Block
[2026-01-11T20:04:40Z ERROR css_core::box_tree::constraint_block_layout] layout_block ENTRY: node=NodeKey(18139093023676432407)
[2026-01-11T20:04:40Z ERROR css_core::box_tree::constraint_block_layout] Checking flex: node=NodeKey(18139093023676432407), display=Block
[2026-01-11T20:04:40Z ERROR css_core::box_tree::constraint_block_layout] layout_block ENTRY: node=NodeKey(18139093023676432409)
[2026-01-11T20:04:40Z ERROR css_core::box_tree::constraint_block_layout] Checking flex: node=NodeKey(18139093023676432409), display=Block
[2026-01-11T20:04:40Z ERROR css_core::box_tree::constraint_block_layout] INSERTING FLEX CONTAINER in layout_block: node=NodeKey(18139093023676432399), inline_size=520, is_measurement=false
[2026-01-11T20:04:40Z ERROR page_handler::core::incremental_layout] LAYOUT TREE COMPLETE - generation 1, total results: 11
[2026-01-11T20:04:40Z ERROR page_handler::core::incremental_layout] RUNNING LAYOUT TREE - generation 1
[2026-01-11T20:04:40Z ERROR css_core::box_tree::constraint_block_layout] layout_block ENTRY: node=NodeKey(2256304512824246273)
[2026-01-11T20:04:40Z ERROR css_core::box_tree::constraint_block_layout] Checking flex: node=NodeKey(2256304512824246273), display=Block
[2026-01-11T20:04:40Z ERROR css_core::box_tree::constraint_block_layout] layout_block ENTRY: node=NodeKey(2256304512824246285)
[2026-01-11T20:04:40Z ERROR css_core::box_tree::constraint_block_layout] Checking flex: node=NodeKey(2256304512824246285), display=Block
[2026-01-11T20:04:40Z ERROR css_core::box_tree::constraint_block_layout] layout_block ENTRY: node=NodeKey(2256304512824246287)
[2026-01-11T20:04:40Z ERROR css_core::box_tree::constraint_block_layout] Checking flex: node=NodeKey(2256304512824246287), display=Flex
[2026-01-11T20:04:40Z ERROR css_core::box_tree::constraint_block_layout] IS FLEX!
[2026-01-11T20:04:40Z ERROR css_core::box_tree::constraint_block_layout::flex_layout] layout_flex: node=NodeKey(2256304512824246287), children.len()=11
[2026-01-11T20:04:40Z ERROR css_core::box_tree::constraint_block_layout] layout_block ENTRY: node=NodeKey(2256304512824246289)
[2026-01-11T20:04:40Z ERROR css_core::box_tree::constraint_block_layout] Checking flex: node=NodeKey(2256304512824246289), display=Block
[2026-01-11T20:04:40Z ERROR css_core::box_tree::constraint_block_layout] layout_block ENTRY: node=NodeKey(2256304512824246291)
[2026-01-11T20:04:40Z ERROR css_core::box_tree::constraint_block_layout] Checking flex: node=NodeKey(2256304512824246291), display=Block
[2026-01-11T20:04:40Z ERROR css_core::box_tree::constraint_block_layout] layout_block ENTRY: node=NodeKey(2256304512824246293)
[2026-01-11T20:04:40Z ERROR css_core::box_tree::constraint_block_layout] Checking flex: node=NodeKey(2256304512824246293), display=Block
[2026-01-11T20:04:40Z ERROR css_core::box_tree::constraint_block_layout] layout_block ENTRY: node=NodeKey(2256304512824246295)
[2026-01-11T20:04:40Z ERROR css_core::box_tree::constraint_block_layout] Checking flex: node=NodeKey(2256304512824246295), display=Block
[2026-01-11T20:04:40Z ERROR css_core::box_tree::constraint_block_layout] layout_block ENTRY: node=NodeKey(2256304512824246297)
[2026-01-11T20:04:40Z ERROR css_core::box_tree::constraint_block_layout] Checking flex: node=NodeKey(2256304512824246297), display=Block
[2026-01-11T20:04:40Z ERROR css_core::box_tree::constraint_block_layout::flex_layout] layout_flex: node=NodeKey(2256304512824246287), flex_items.len()=5
[2026-01-11T20:04:40Z ERROR css_core::box_tree::constraint_block_layout] layout_block ENTRY: node=NodeKey(2256304512824246289)
[2026-01-11T20:04:40Z ERROR css_core::box_tree::constraint_block_layout] Checking flex: node=NodeKey(2256304512824246289), display=Block
[2026-01-11T20:04:40Z ERROR css_core::box_tree::constraint_block_layout] layout_block ENTRY: node=NodeKey(2256304512824246291)
[2026-01-11T20:04:40Z ERROR css_core::box_tree::constraint_block_layout] Checking flex: node=NodeKey(2256304512824246291), display=Block
[2026-01-11T20:04:40Z ERROR css_core::box_tree::constraint_block_layout] layout_block ENTRY: node=NodeKey(2256304512824246293)
[2026-01-11T20:04:40Z ERROR css_core::box_tree::constraint_block_layout] Checking flex: node=NodeKey(2256304512824246293), display=Block
[2026-01-11T20:04:40Z ERROR css_core::box_tree::constraint_block_layout] layout_block ENTRY: node=NodeKey(2256304512824246295)
[2026-01-11T20:04:40Z ERROR css_core::box_tree::constraint_block_layout] Checking flex: node=NodeKey(2256304512824246295), display=Block
[2026-01-11T20:04:40Z ERROR css_core::box_tree::constraint_block_layout] layout_block ENTRY: node=NodeKey(2256304512824246297)
[2026-01-11T20:04:40Z ERROR css_core::box_tree::constraint_block_layout] Checking flex: node=NodeKey(2256304512824246297), display=Block
[2026-01-11T20:04:40Z ERROR css_core::box_tree::constraint_block_layout] INSERTING FLEX CONTAINER in layout_block: node=NodeKey(2256304512824246287), inline_size=520, is_measurement=false
[2026-01-11T20:04:40Z ERROR page_handler::core::incremental_layout] LAYOUT TREE COMPLETE - generation 1, total results: 11
[2026-01-11T20:04:40Z ERROR page_handler::core::incremental_layout] RUNNING LAYOUT TREE - generation 1
[2026-01-11T20:04:40Z ERROR css_core::box_tree::constraint_block_layout] layout_block ENTRY: node=NodeKey(4756083780991582209)
[2026-01-11T20:04:40Z ERROR css_core::box_tree::constraint_block_layout] Checking flex: node=NodeKey(4756083780991582209), display=Block
[2026-01-11T20:04:40Z ERROR css_core::box_tree::constraint_block_layout] layout_block ENTRY: node=NodeKey(4756083780991582221)
[2026-01-11T20:04:40Z ERROR css_core::box_tree::constraint_block_layout] Checking flex: node=NodeKey(4756083780991582221), display=Block
[2026-01-11T20:04:40Z ERROR css_core::box_tree::constraint_block_layout] layout_block ENTRY: node=NodeKey(4756083780991582223)
[2026-01-11T20:04:40Z ERROR css_core::box_tree::constraint_block_layout] Checking flex: node=NodeKey(4756083780991582223), display=Flex
[2026-01-11T20:04:40Z ERROR css_core::box_tree::constraint_block_layout] IS FLEX!
[2026-01-11T20:04:40Z ERROR css_core::box_tree::constraint_block_layout::flex_layout] layout_flex: node=NodeKey(4756083780991582223), children.len()=11
[2026-01-11T20:04:40Z ERROR css_core::box_tree::constraint_block_layout] layout_block ENTRY: node=NodeKey(4756083780991582225)
[2026-01-11T20:04:40Z ERROR css_core::box_tree::constraint_block_layout] Checking flex: node=NodeKey(4756083780991582225), display=Block
[2026-01-11T20:04:40Z ERROR css_core::box_tree::constraint_block_layout] layout_block ENTRY: node=NodeKey(4756083780991582227)
[2026-01-11T20:04:40Z ERROR css_core::box_tree::constraint_block_layout] Checking flex: node=NodeKey(4756083780991582227), display=Block
[2026-01-11T20:04:40Z ERROR css_core::box_tree::constraint_block_layout] layout_block ENTRY: node=NodeKey(4756083780991582229)
[2026-01-11T20:04:40Z ERROR css_core::box_tree::constraint_block_layout] Checking flex: node=NodeKey(4756083780991582229), display=Block
[2026-01-11T20:04:40Z ERROR css_core::box_tree::constraint_block_layout] layout_block ENTRY: node=NodeKey(4756083780991582231)
[2026-01-11T20:04:40Z ERROR css_core::box_tree::constraint_block_layout] Checking flex: node=NodeKey(4756083780991582231), display=Block
[2026-01-11T20:04:40Z ERROR css_core::box_tree::constraint_block_layout] layout_block ENTRY: node=NodeKey(4756083780991582233)
[2026-01-11T20:04:40Z ERROR css_core::box_tree::constraint_block_layout] Checking flex: node=NodeKey(4756083780991582233), display=Block
[2026-01-11T20:04:40Z ERROR css_core::box_tree::constraint_block_layout::flex_layout] layout_flex: node=NodeKey(4756083780991582223), flex_items.len()=5
[2026-01-11T20:04:40Z ERROR css_core::box_tree::constraint_block_layout] layout_block ENTRY: node=NodeKey(4756083780991582225)
[2026-01-11T20:04:40Z ERROR css_core::box_tree::constraint_block_layout] Checking flex: node=NodeKey(4756083780991582225), display=Block
[2026-01-11T20:04:40Z ERROR css_core::box_tree::constraint_block_layout] layout_block ENTRY: node=NodeKey(4756083780991582227)
[2026-01-11T20:04:40Z ERROR css_core::box_tree::constraint_block_layout] Checking flex: node=NodeKey(4756083780991582227), display=Block
[2026-01-11T20:04:40Z ERROR css_core::box_tree::constraint_block_layout] layout_block ENTRY: node=NodeKey(4756083780991582229)
[2026-01-11T20:04:40Z ERROR css_core::box_tree::constraint_block_layout] Checking flex: node=NodeKey(4756083780991582229), display=Block
[2026-01-11T20:04:40Z ERROR css_core::box_tree::constraint_block_layout] layout_block ENTRY: node=NodeKey(4756083780991582231)
[2026-01-11T20:04:40Z ERROR css_core::box_tree::constraint_block_layout] Checking flex: node=NodeKey(4756083780991582231), display=Block
[2026-01-11T20:04:40Z ERROR css_core::box_tree::constraint_block_layout] layout_block ENTRY: node=NodeKey(4756083780991582233)
[2026-01-11T20:04:40Z ERROR css_core::box_tree::constraint_block_layout] Checking flex: node=NodeKey(4756083780991582233), display=Block
[2026-01-11T20:04:40Z ERROR css_core::box_tree::constraint_block_layout] INSERTING FLEX CONTAINER in layout_block: node=NodeKey(4756083780991582223), inline_size=520, is_measurement=false
[2026-01-11T20:04:40Z ERROR page_handler::core::incremental_layout] LAYOUT TREE COMPLETE - generation 1, total results: 11
[2026-01-11T20:04:40Z ERROR page_handler::core::incremental_layout] RUNNING LAYOUT TREE - generation 1
[2026-01-11T20:04:40Z ERROR css_core::box_tree::constraint_block_layout] layout_block ENTRY: node=NodeKey(2446863072057360385)
[2026-01-11T20:04:40Z ERROR css_core::box_tree::constraint_block_layout] Checking flex: node=NodeKey(2446863072057360385), display=Block
[2026-01-11T20:04:40Z ERROR css_core::box_tree::constraint_block_layout] layout_block ENTRY: node=NodeKey(2446863072057360397)
[2026-01-11T20:04:40Z ERROR css_core::box_tree::constraint_block_layout] Checking flex: node=NodeKey(2446863072057360397), display=Block
[2026-01-11T20:04:40Z ERROR css_core::box_tree::constraint_block_layout] layout_block ENTRY: node=NodeKey(2446863072057360399)
[2026-01-11T20:04:40Z ERROR css_core::box_tree::constraint_block_layout] Checking flex: node=NodeKey(2446863072057360399), display=Flex
[2026-01-11T20:04:40Z ERROR css_core::box_tree::constraint_block_layout] IS FLEX!
[2026-01-11T20:04:40Z ERROR css_core::box_tree::constraint_block_layout::flex_layout] layout_flex: node=NodeKey(2446863072057360399), children.len()=11
[2026-01-11T20:04:40Z ERROR css_core::box_tree::constraint_block_layout] layout_block ENTRY: node=NodeKey(2446863072057360401)
[2026-01-11T20:04:40Z ERROR css_core::box_tree::constraint_block_layout] Checking flex: node=NodeKey(2446863072057360401), display=Block
[2026-01-11T20:04:40Z ERROR css_core::box_tree::constraint_block_layout] layout_block ENTRY: node=NodeKey(2446863072057360403)
[2026-01-11T20:04:40Z ERROR css_core::box_tree::constraint_block_layout] Checking flex: node=NodeKey(2446863072057360403), display=Block
[2026-01-11T20:04:40Z ERROR css_core::box_tree::constraint_block_layout] layout_block ENTRY: node=NodeKey(2446863072057360405)
[2026-01-11T20:04:40Z ERROR css_core::box_tree::constraint_block_layout] Checking flex: node=NodeKey(2446863072057360405), display=Block
[2026-01-11T20:04:40Z ERROR css_core::box_tree::constraint_block_layout] layout_block ENTRY: node=NodeKey(2446863072057360407)
[2026-01-11T20:04:40Z ERROR css_core::box_tree::constraint_block_layout] Checking flex: node=NodeKey(2446863072057360407), display=Block
[2026-01-11T20:04:40Z ERROR css_core::box_tree::constraint_block_layout] layout_block ENTRY: node=NodeKey(2446863072057360409)
[2026-01-11T20:04:40Z ERROR css_core::box_tree::constraint_block_layout] Checking flex: node=NodeKey(2446863072057360409), display=Block
[2026-01-11T20:04:40Z ERROR css_core::box_tree::constraint_block_layout::flex_layout] layout_flex: node=NodeKey(2446863072057360399), flex_items.len()=5
[2026-01-11T20:04:40Z ERROR css_core::box_tree::constraint_block_layout] layout_block ENTRY: node=NodeKey(2446863072057360401)
[2026-01-11T20:04:40Z ERROR css_core::box_tree::constraint_block_layout] Checking flex: node=NodeKey(2446863072057360401), display=Block
[2026-01-11T20:04:40Z ERROR css_core::box_tree::constraint_block_layout] layout_block ENTRY: node=NodeKey(2446863072057360403)
[2026-01-11T20:04:40Z ERROR css_core::box_tree::constraint_block_layout] Checking flex: node=NodeKey(2446863072057360403), display=Block
[2026-01-11T20:04:40Z ERROR css_core::box_tree::constraint_block_layout] layout_block ENTRY: node=NodeKey(2446863072057360405)
[2026-01-11T20:04:40Z ERROR css_core::box_tree::constraint_block_layout] Checking flex: node=NodeKey(2446863072057360405), display=Block
[2026-01-11T20:04:40Z ERROR css_core::box_tree::constraint_block_layout] layout_block ENTRY: node=NodeKey(2446863072057360407)
[2026-01-11T20:04:40Z ERROR css_core::box_tree::constraint_block_layout] Checking flex: node=NodeKey(2446863072057360407), display=Block
[2026-01-11T20:04:40Z ERROR css_core::box_tree::constraint_block_layout] layout_block ENTRY: node=NodeKey(2446863072057360409)
[2026-01-11T20:04:40Z ERROR css_core::box_tree::constraint_block_layout] Checking flex: node=NodeKey(2446863072057360409), display=Block
[2026-01-11T20:04:40Z ERROR css_core::box_tree::constraint_block_layout] INSERTING FLEX CONTAINER in layout_block: node=NodeKey(2446863072057360399), inline_size=520, is_measurement=false
[2026-01-11T20:04:40Z ERROR page_handler::core::incremental_layout] LAYOUT TREE COMPLETE - generation 1, total results: 11
[2026-01-11T20:04:40Z ERROR page_handler::core::incremental_layout] RUNNING LAYOUT TREE - generation 1
[2026-01-11T20:04:40Z ERROR css_core::box_tree::constraint_block_layout] layout_block ENTRY: node=NodeKey(4798023552521469953)
[2026-01-11T20:04:40Z ERROR css_core::box_tree::constraint_block_layout] Checking flex: node=NodeKey(4798023552521469953), display=Block
[2026-01-11T20:04:40Z ERROR css_core::box_tree::constraint_block_layout] layout_block ENTRY: node=NodeKey(4798023552521469965)
[2026-01-11T20:04:40Z ERROR css_core::box_tree::constraint_block_layout] Checking flex: node=NodeKey(4798023552521469965), display=Block
[2026-01-11T20:04:40Z ERROR css_core::box_tree::constraint_block_layout] layout_block ENTRY: node=NodeKey(4798023552521469967)
[2026-01-11T20:04:40Z ERROR css_core::box_tree::constraint_block_layout] Checking flex: node=NodeKey(4798023552521469967), display=Flex
[2026-01-11T20:04:40Z ERROR css_core::box_tree::constraint_block_layout] IS FLEX!
[2026-01-11T20:04:40Z ERROR css_core::box_tree::constraint_block_layout::flex_layout] layout_flex: node=NodeKey(4798023552521469967), children.len()=11
[2026-01-11T20:04:40Z ERROR css_core::box_tree::constraint_block_layout] layout_block ENTRY: node=NodeKey(4798023552521469969)
[2026-01-11T20:04:40Z ERROR css_core::box_tree::constraint_block_layout] Checking flex: node=NodeKey(4798023552521469969), display=Block
[2026-01-11T20:04:40Z ERROR css_core::box_tree::constraint_block_layout] layout_block ENTRY: node=NodeKey(4798023552521469971)
[2026-01-11T20:04:40Z ERROR css_core::box_tree::constraint_block_layout] Checking flex: node=NodeKey(4798023552521469971), display=Block
[2026-01-11T20:04:40Z ERROR css_core::box_tree::constraint_block_layout] layout_block ENTRY: node=NodeKey(4798023552521469973)
[2026-01-11T20:04:40Z ERROR css_core::box_tree::constraint_block_layout] Checking flex: node=NodeKey(4798023552521469973), display=Block
[2026-01-11T20:04:40Z ERROR css_core::box_tree::constraint_block_layout] layout_block ENTRY: node=NodeKey(4798023552521469975)
[2026-01-11T20:04:40Z ERROR css_core::box_tree::constraint_block_layout] Checking flex: node=NodeKey(4798023552521469975), display=Block
[2026-01-11T20:04:40Z ERROR css_core::box_tree::constraint_block_layout] layout_block ENTRY: node=NodeKey(4798023552521469977)
[2026-01-11T20:04:40Z ERROR css_core::box_tree::constraint_block_layout] Checking flex: node=NodeKey(4798023552521469977), display=Block
[2026-01-11T20:04:40Z ERROR css_core::box_tree::constraint_block_layout::flex_layout] layout_flex: node=NodeKey(4798023552521469967), flex_items.len()=5
[2026-01-11T20:04:40Z ERROR css_core::box_tree::constraint_block_layout] layout_block ENTRY: node=NodeKey(4798023552521469969)
[2026-01-11T20:04:40Z ERROR css_core::box_tree::constraint_block_layout] Checking flex: node=NodeKey(4798023552521469969), display=Block
[2026-01-11T20:04:40Z ERROR css_core::box_tree::constraint_block_layout] layout_block ENTRY: node=NodeKey(4798023552521469971)
[2026-01-11T20:04:40Z ERROR css_core::box_tree::constraint_block_layout] Checking flex: node=NodeKey(4798023552521469971), display=Block
[2026-01-11T20:04:40Z ERROR css_core::box_tree::constraint_block_layout] layout_block ENTRY: node=NodeKey(4798023552521469973)
[2026-01-11T20:04:40Z ERROR css_core::box_tree::constraint_block_layout] Checking flex: node=NodeKey(4798023552521469973), display=Block
[2026-01-11T20:04:40Z ERROR css_core::box_tree::constraint_block_layout] layout_block ENTRY: node=NodeKey(4798023552521469975)
[2026-01-11T20:04:40Z ERROR css_core::box_tree::constraint_block_layout] Checking flex: node=NodeKey(4798023552521469975), display=Block
[2026-01-11T20:04:40Z ERROR css_core::box_tree::constraint_block_layout] layout_block ENTRY: node=NodeKey(4798023552521469977)
[2026-01-11T20:04:40Z ERROR css_core::box_tree::constraint_block_layout] Checking flex: node=NodeKey(4798023552521469977), display=Block
[2026-01-11T20:04:40Z ERROR css_core::box_tree::constraint_block_layout] INSERTING FLEX CONTAINER in layout_block: node=NodeKey(4798023552521469967), inline_size=520, is_measurement=false
[2026-01-11T20:04:40Z ERROR page_handler::core::incremental_layout] LAYOUT TREE COMPLETE - generation 1, total results: 11
[2026-01-11T20:04:40Z ERROR page_handler::core::incremental_layout] RUNNING LAYOUT TREE - generation 1
[2026-01-11T20:04:40Z ERROR css_core::box_tree::constraint_block_layout] layout_block ENTRY: node=NodeKey(18077168528800088065)
[2026-01-11T20:04:40Z ERROR css_core::box_tree::constraint_block_layout] Checking flex: node=NodeKey(18077168528800088065), display=Block
[2026-01-11T20:04:40Z ERROR css_core::box_tree::constraint_block_layout] layout_block ENTRY: node=NodeKey(18077168528800088077)
[2026-01-11T20:04:40Z ERROR css_core::box_tree::constraint_block_layout] Checking flex: node=NodeKey(18077168528800088077), display=Block
[2026-01-11T20:04:40Z ERROR css_core::box_tree::constraint_block_layout] layout_block ENTRY: node=NodeKey(18077168528800088079)
[2026-01-11T20:04:40Z ERROR css_core::box_tree::constraint_block_layout] Checking flex: node=NodeKey(18077168528800088079), display=Flex
[2026-01-11T20:04:40Z ERROR css_core::box_tree::constraint_block_layout] IS FLEX!
[2026-01-11T20:04:40Z ERROR css_core::box_tree::constraint_block_layout::flex_layout] layout_flex: node=NodeKey(18077168528800088079), children.len()=7
[2026-01-11T20:04:40Z ERROR css_core::box_tree::constraint_block_layout] layout_block ENTRY: node=NodeKey(18077168528800088081)
[2026-01-11T20:04:40Z ERROR css_core::box_tree::constraint_block_layout] Checking flex: node=NodeKey(18077168528800088081), display=Block
[2026-01-11T20:04:40Z ERROR css_core::box_tree::constraint_block_layout] layout_block ENTRY: node=NodeKey(18077168528800088085)
[2026-01-11T20:04:40Z ERROR css_core::box_tree::constraint_block_layout] Checking flex: node=NodeKey(18077168528800088085), display=Block
[2026-01-11T20:04:40Z ERROR css_core::box_tree::constraint_block_layout::flex_layout] layout_flex: node=NodeKey(18077168528800088079), flex_items.len()=2
[2026-01-11T20:04:40Z ERROR css_core::box_tree::constraint_block_layout] layout_block ENTRY: node=NodeKey(18077168528800088081)
[2026-01-11T20:04:40Z ERROR css_core::box_tree::constraint_block_layout] Checking flex: node=NodeKey(18077168528800088081), display=Block
[2026-01-11T20:04:40Z ERROR css_core::box_tree::constraint_block_layout] layout_block ENTRY: node=NodeKey(18077168528800088085)
[2026-01-11T20:04:40Z ERROR css_core::box_tree::constraint_block_layout] Checking flex: node=NodeKey(18077168528800088085), display=Block
[2026-01-11T20:04:40Z ERROR css_core::box_tree::constraint_block_layout] INSERTING FLEX CONTAINER in layout_block: node=NodeKey(18077168528800088079), inline_size=400, is_measurement=false
[2026-01-11T20:04:40Z ERROR page_handler::core::incremental_layout] LAYOUT TREE COMPLETE - generation 1, total results: 9
[2026-01-11T20:04:40Z ERROR page_handler::core::incremental_layout] RUNNING LAYOUT TREE - generation 1
[2026-01-11T20:04:40Z ERROR css_core::box_tree::constraint_block_layout] layout_block ENTRY: node=NodeKey(12138046520205246465)
[2026-01-11T20:04:40Z ERROR css_core::box_tree::constraint_block_layout] Checking flex: node=NodeKey(12138046520205246465), display=Block
[2026-01-11T20:04:40Z ERROR css_core::box_tree::constraint_block_layout] layout_block ENTRY: node=NodeKey(12138046520205246477)
[2026-01-11T20:04:40Z ERROR css_core::box_tree::constraint_block_layout] Checking flex: node=NodeKey(12138046520205246477), display=Block
[2026-01-11T20:04:40Z ERROR css_core::box_tree::constraint_block_layout] layout_block ENTRY: node=NodeKey(12138046520205246479)
[2026-01-11T20:04:40Z ERROR css_core::box_tree::constraint_block_layout] Checking flex: node=NodeKey(12138046520205246479), display=Flex
[2026-01-11T20:04:40Z ERROR css_core::box_tree::constraint_block_layout] IS FLEX!
[2026-01-11T20:04:40Z ERROR css_core::box_tree::constraint_block_layout::flex_layout] layout_flex: node=NodeKey(12138046520205246479), children.len()=3
[2026-01-11T20:04:40Z ERROR css_core::box_tree::constraint_block_layout::flex_layout] layout_flex: node=NodeKey(12138046520205246479), flex_items.len()=0
[2026-01-11T20:04:40Z ERROR css_core::box_tree::constraint_block_layout] INSERTING FLEX CONTAINER in layout_block: node=NodeKey(12138046520205246479), inline_size=500, is_measurement=false
[2026-01-11T20:04:40Z ERROR page_handler::core::incremental_layout] LAYOUT TREE COMPLETE - generation 1, total results: 7
[2026-01-11T20:04:40Z ERROR page_handler::core::incremental_layout] RUNNING LAYOUT TREE - generation 1
[2026-01-11T20:04:40Z ERROR css_core::box_tree::constraint_block_layout] layout_block ENTRY: node=NodeKey(3960354021830557697)
[2026-01-11T20:04:40Z ERROR css_core::box_tree::constraint_block_layout] Checking flex: node=NodeKey(3960354021830557697), display=Block
[2026-01-11T20:04:40Z ERROR css_core::box_tree::constraint_block_layout] layout_block ENTRY: node=NodeKey(3960354021830557709)
[2026-01-11T20:04:40Z ERROR css_core::box_tree::constraint_block_layout] Checking flex: node=NodeKey(3960354021830557709), display=Block
[2026-01-11T20:04:40Z ERROR css_core::box_tree::constraint_block_layout] layout_block ENTRY: node=NodeKey(3960354021830557711)
[2026-01-11T20:04:40Z ERROR css_core::box_tree::constraint_block_layout] Checking flex: node=NodeKey(3960354021830557711), display=Flex
[2026-01-11T20:04:40Z ERROR css_core::box_tree::constraint_block_layout] IS FLEX!
[2026-01-11T20:04:40Z ERROR css_core::box_tree::constraint_block_layout::flex_layout] layout_flex: node=NodeKey(3960354021830557711), children.len()=5
[2026-01-11T20:04:40Z ERROR css_core::box_tree::constraint_block_layout] layout_block ENTRY: node=NodeKey(3960354021830557713)
[2026-01-11T20:04:40Z ERROR css_core::box_tree::constraint_block_layout] Checking flex: node=NodeKey(3960354021830557713), display=Block
[2026-01-11T20:04:40Z ERROR css_core::box_tree::constraint_block_layout] layout_block ENTRY: node=NodeKey(3960354021830557715)
[2026-01-11T20:04:40Z ERROR css_core::box_tree::constraint_block_layout] Checking flex: node=NodeKey(3960354021830557715), display=Block
[2026-01-11T20:04:40Z ERROR css_core::box_tree::constraint_block_layout::flex_layout] layout_flex: node=NodeKey(3960354021830557711), flex_items.len()=2
[2026-01-11T20:04:40Z ERROR css_core::box_tree::constraint_block_layout] layout_block ENTRY: node=NodeKey(3960354021830557713)
[2026-01-11T20:04:40Z ERROR css_core::box_tree::constraint_block_layout] Checking flex: node=NodeKey(3960354021830557713), display=Block
[2026-01-11T20:04:40Z ERROR css_core::box_tree::constraint_block_layout] layout_block ENTRY: node=NodeKey(3960354021830557715)
[2026-01-11T20:04:40Z ERROR css_core::box_tree::constraint_block_layout] Checking flex: node=NodeKey(3960354021830557715), display=Block
[2026-01-11T20:04:40Z ERROR css_core::box_tree::constraint_block_layout] INSERTING FLEX CONTAINER in layout_block: node=NodeKey(3960354021830557711), inline_size=300, is_measurement=false
[2026-01-11T20:04:40Z ERROR page_handler::core::incremental_layout] LAYOUT TREE COMPLETE - generation 1, total results: 8
[2026-01-11T20:04:40Z ERROR page_handler::core::incremental_layout] RUNNING LAYOUT TREE - generation 1
[2026-01-11T20:04:40Z ERROR css_core::box_tree::constraint_block_layout] layout_block ENTRY: node=NodeKey(12063737126353633281)
[2026-01-11T20:04:40Z ERROR css_core::box_tree::constraint_block_layout] Checking flex: node=NodeKey(12063737126353633281), display=Block
[2026-01-11T20:04:40Z ERROR css_core::box_tree::constraint_block_layout] layout_block ENTRY: node=NodeKey(12063737126353633288)
[2026-01-11T20:04:40Z ERROR css_core::box_tree::constraint_block_layout] Checking flex: node=NodeKey(12063737126353633288), display=Block
[2026-01-11T20:04:40Z ERROR css_core::box_tree::constraint_block_layout] layout_block ENTRY: node=NodeKey(12063737126353633290)
[2026-01-11T20:04:40Z ERROR css_core::box_tree::constraint_block_layout] Checking flex: node=NodeKey(12063737126353633290), display=Block
[2026-01-11T20:04:40Z ERROR css_core::box_tree::constraint_block_layout] layout_block ENTRY: node=NodeKey(12063737126353633293)
[2026-01-11T20:04:40Z ERROR css_core::box_tree::constraint_block_layout] Checking flex: node=NodeKey(12063737126353633293), display=Flex
[2026-01-11T20:04:40Z ERROR css_core::box_tree::constraint_block_layout] IS FLEX!
[2026-01-11T20:04:40Z ERROR css_core::box_tree::constraint_block_layout::flex_layout] layout_flex: node=NodeKey(12063737126353633293), children.len()=11
[2026-01-11T20:04:40Z ERROR css_core::box_tree::constraint_block_layout] layout_block ENTRY: node=NodeKey(12063737126353633295)
[2026-01-11T20:04:40Z ERROR css_core::box_tree::constraint_block_layout] Checking flex: node=NodeKey(12063737126353633295), display=Block
[2026-01-11T20:04:40Z ERROR css_core::box_tree::constraint_block_layout] layout_block ENTRY: node=NodeKey(12063737126353633298)
[2026-01-11T20:04:40Z ERROR css_core::box_tree::constraint_block_layout] Checking flex: node=NodeKey(12063737126353633298), display=Block
[2026-01-11T20:04:40Z ERROR css_core::box_tree::constraint_block_layout] layout_block ENTRY: node=NodeKey(12063737126353633301)
[2026-01-11T20:04:40Z ERROR css_core::box_tree::constraint_block_layout] Checking flex: node=NodeKey(12063737126353633301), display=Block
[2026-01-11T20:04:40Z ERROR css_core::box_tree::constraint_block_layout] layout_block ENTRY: node=NodeKey(12063737126353633304)
[2026-01-11T20:04:40Z ERROR css_core::box_tree::constraint_block_layout] Checking flex: node=NodeKey(12063737126353633304), display=Block
[2026-01-11T20:04:40Z ERROR css_core::box_tree::constraint_block_layout] layout_block ENTRY: node=NodeKey(12063737126353633307)
[2026-01-11T20:04:40Z ERROR css_core::box_tree::constraint_block_layout] Checking flex: node=NodeKey(12063737126353633307), display=Block
[2026-01-11T20:04:40Z ERROR css_core::box_tree::constraint_block_layout::flex_layout] layout_flex: node=NodeKey(12063737126353633293), flex_items.len()=5
[2026-01-11T20:04:40Z ERROR css_core::box_tree::constraint_block_layout] layout_block ENTRY: node=NodeKey(12063737126353633295)
[2026-01-11T20:04:40Z ERROR css_core::box_tree::constraint_block_layout] Checking flex: node=NodeKey(12063737126353633295), display=Block
[2026-01-11T20:04:40Z ERROR css_core::box_tree::constraint_block_layout] layout_block ENTRY: node=NodeKey(12063737126353633298)
[2026-01-11T20:04:40Z ERROR css_core::box_tree::constraint_block_layout] Checking flex: node=NodeKey(12063737126353633298), display=Block
[2026-01-11T20:04:40Z ERROR css_core::box_tree::constraint_block_layout] layout_block ENTRY: node=NodeKey(12063737126353633301)
[2026-01-11T20:04:40Z ERROR css_core::box_tree::constraint_block_layout] Checking flex: node=NodeKey(12063737126353633301), display=Block
[2026-01-11T20:04:40Z ERROR css_core::box_tree::constraint_block_layout] layout_block ENTRY: node=NodeKey(12063737126353633304)
[2026-01-11T20:04:40Z ERROR css_core::box_tree::constraint_block_layout] Checking flex: node=NodeKey(12063737126353633304), display=Block
[2026-01-11T20:04:40Z ERROR css_core::box_tree::constraint_block_layout] layout_block ENTRY: node=NodeKey(12063737126353633307)
[2026-01-11T20:04:40Z ERROR css_core::box_tree::constraint_block_layout] Checking flex: node=NodeKey(12063737126353633307), display=Block
[2026-01-11T20:04:40Z ERROR css_core::box_tree::constraint_block_layout] INSERTING FLEX CONTAINER in layout_block: node=NodeKey(12063737126353633293), inline_size=780, is_measurement=false
[2026-01-11T20:04:40Z ERROR css_core::box_tree::constraint_block_layout] layout_block ENTRY: node=NodeKey(12063737126353633311)
[2026-01-11T20:04:40Z ERROR css_core::box_tree::constraint_block_layout] Checking flex: node=NodeKey(12063737126353633311), display=Block
[2026-01-11T20:04:40Z ERROR css_core::box_tree::constraint_block_layout] layout_block ENTRY: node=NodeKey(12063737126353633314)
[2026-01-11T20:04:40Z ERROR css_core::box_tree::constraint_block_layout] Checking flex: node=NodeKey(12063737126353633314), display=Flex
[2026-01-11T20:04:40Z ERROR css_core::box_tree::constraint_block_layout] IS FLEX!
[2026-01-11T20:04:40Z ERROR css_core::box_tree::constraint_block_layout::flex_layout] layout_flex: node=NodeKey(12063737126353633314), children.len()=9
[2026-01-11T20:04:40Z ERROR css_core::box_tree::constraint_block_layout] layout_block ENTRY: node=NodeKey(12063737126353633316)
[2026-01-11T20:04:40Z ERROR css_core::box_tree::constraint_block_layout] Checking flex: node=NodeKey(12063737126353633316), display=Block
[2026-01-11T20:04:40Z ERROR css_core::box_tree::constraint_block_layout] layout_block ENTRY: node=NodeKey(12063737126353633319)
[2026-01-11T20:04:40Z ERROR css_core::box_tree::constraint_block_layout] Checking flex: node=NodeKey(12063737126353633319), display=Block
[2026-01-11T20:04:40Z ERROR css_core::box_tree::constraint_block_layout] layout_block ENTRY: node=NodeKey(12063737126353633322)
[2026-01-11T20:04:40Z ERROR css_core::box_tree::constraint_block_layout] Checking flex: node=NodeKey(12063737126353633322), display=Block
[2026-01-11T20:04:40Z ERROR css_core::box_tree::constraint_block_layout] layout_block ENTRY: node=NodeKey(12063737126353633325)
[2026-01-11T20:04:40Z ERROR css_core::box_tree::constraint_block_layout] Checking flex: node=NodeKey(12063737126353633325), display=Block
[2026-01-11T20:04:40Z ERROR css_core::box_tree::constraint_block_layout::flex_layout] layout_flex: node=NodeKey(12063737126353633314), flex_items.len()=4
[2026-01-11T20:04:40Z ERROR css_core::box_tree::constraint_block_layout] layout_block ENTRY: node=NodeKey(12063737126353633316)
[2026-01-11T20:04:40Z ERROR css_core::box_tree::constraint_block_layout] Checking flex: node=NodeKey(12063737126353633316), display=Block
[2026-01-11T20:04:40Z ERROR css_core::box_tree::constraint_block_layout] layout_block ENTRY: node=NodeKey(12063737126353633319)
[2026-01-11T20:04:40Z ERROR css_core::box_tree::constraint_block_layout] Checking flex: node=NodeKey(12063737126353633319), display=Block
[2026-01-11T20:04:40Z ERROR css_core::box_tree::constraint_block_layout] layout_block ENTRY: node=NodeKey(12063737126353633322)
[2026-01-11T20:04:40Z ERROR css_core::box_tree::constraint_block_layout] Checking flex: node=NodeKey(12063737126353633322), display=Block
[2026-01-11T20:04:40Z ERROR css_core::box_tree::constraint_block_layout] layout_block ENTRY: node=NodeKey(12063737126353633325)
[2026-01-11T20:04:40Z ERROR css_core::box_tree::constraint_block_layout] Checking flex: node=NodeKey(12063737126353633325), display=Block
[2026-01-11T20:04:40Z ERROR css_core::box_tree::constraint_block_layout] INSERTING FLEX CONTAINER in layout_block: node=NodeKey(12063737126353633314), inline_size=780, is_measurement=false
[2026-01-11T20:04:40Z ERROR css_core::box_tree::constraint_block_layout] layout_block ENTRY: node=NodeKey(12063737126353633329)
[2026-01-11T20:04:40Z ERROR css_core::box_tree::constraint_block_layout] Checking flex: node=NodeKey(12063737126353633329), display=Block
[2026-01-11T20:04:40Z ERROR css_core::box_tree::constraint_block_layout] layout_block ENTRY: node=NodeKey(12063737126353633332)
[2026-01-11T20:04:40Z ERROR css_core::box_tree::constraint_block_layout] Checking flex: node=NodeKey(12063737126353633332), display=Flex
[2026-01-11T20:04:40Z ERROR css_core::box_tree::constraint_block_layout] IS FLEX!
[2026-01-11T20:04:40Z ERROR css_core::box_tree::constraint_block_layout::flex_layout] layout_flex: node=NodeKey(12063737126353633332), children.len()=9
[2026-01-11T20:04:40Z ERROR css_core::box_tree::constraint_block_layout] layout_block ENTRY: node=NodeKey(12063737126353633334)
[2026-01-11T20:04:40Z ERROR css_core::box_tree::constraint_block_layout] Checking flex: node=NodeKey(12063737126353633334), display=Block
[2026-01-11T20:04:40Z ERROR css_core::box_tree::constraint_block_layout] layout_block ENTRY: node=NodeKey(12063737126353633337)
[2026-01-11T20:04:40Z ERROR css_core::box_tree::constraint_block_layout] Checking flex: node=NodeKey(12063737126353633337), display=Block
[2026-01-11T20:04:40Z ERROR css_core::box_tree::constraint_block_layout] layout_block ENTRY: node=NodeKey(12063737126353633340)
[2026-01-11T20:04:40Z ERROR css_core::box_tree::constraint_block_layout] Checking flex: node=NodeKey(12063737126353633340), display=Block
[2026-01-11T20:04:40Z ERROR css_core::box_tree::constraint_block_layout] layout_block ENTRY: node=NodeKey(12063737126353633343)
[2026-01-11T20:04:40Z ERROR css_core::box_tree::constraint_block_layout] Checking flex: node=NodeKey(12063737126353633343), display=Block
[2026-01-11T20:04:40Z ERROR css_core::box_tree::constraint_block_layout::flex_layout] layout_flex: node=NodeKey(12063737126353633332), flex_items.len()=4
[2026-01-11T20:04:40Z ERROR css_core::box_tree::constraint_block_layout] layout_block ENTRY: node=NodeKey(12063737126353633334)
[2026-01-11T20:04:40Z ERROR css_core::box_tree::constraint_block_layout] Checking flex: node=NodeKey(12063737126353633334), display=Block
[2026-01-11T20:04:40Z ERROR css_core::box_tree::constraint_block_layout] layout_block ENTRY: node=NodeKey(12063737126353633337)
[2026-01-11T20:04:40Z ERROR css_core::box_tree::constraint_block_layout] Checking flex: node=NodeKey(12063737126353633337), display=Block
[2026-01-11T20:04:40Z ERROR css_core::box_tree::constraint_block_layout] layout_block ENTRY: node=NodeKey(12063737126353633340)
[2026-01-11T20:04:40Z ERROR css_core::box_tree::constraint_block_layout] Checking flex: node=NodeKey(12063737126353633340), display=Block
[2026-01-11T20:04:40Z ERROR css_core::box_tree::constraint_block_layout] layout_block ENTRY: node=NodeKey(12063737126353633343)
[2026-01-11T20:04:40Z ERROR css_core::box_tree::constraint_block_layout] Checking flex: node=NodeKey(12063737126353633343), display=Block
[2026-01-11T20:04:40Z ERROR css_core::box_tree::constraint_block_layout] INSERTING FLEX CONTAINER in layout_block: node=NodeKey(12063737126353633332), inline_size=780, is_measurement=false
[2026-01-11T20:04:40Z ERROR page_handler::core::incremental_layout] LAYOUT TREE COMPLETE - generation 1, total results: 45
[2026-01-11T20:04:40Z ERROR page_handler::core::incremental_layout] RUNNING LAYOUT TREE - generation 1
[2026-01-11T20:04:40Z ERROR css_core::box_tree::constraint_block_layout] layout_block ENTRY: node=NodeKey(8496886221476200449)
[2026-01-11T20:04:40Z ERROR css_core::box_tree::constraint_block_layout] Checking flex: node=NodeKey(8496886221476200449), display=Block
[2026-01-11T20:04:40Z ERROR css_core::box_tree::constraint_block_layout] layout_block ENTRY: node=NodeKey(8496886221476200456)
[2026-01-11T20:04:40Z ERROR css_core::box_tree::constraint_block_layout] Checking flex: node=NodeKey(8496886221476200456), display=Block
[2026-01-11T20:04:40Z ERROR css_core::box_tree::constraint_block_layout] layout_block ENTRY: node=NodeKey(8496886221476200458)
[2026-01-11T20:04:40Z ERROR css_core::box_tree::constraint_block_layout] Checking flex: node=NodeKey(8496886221476200458), display=Block
[2026-01-11T20:04:40Z ERROR css_core::box_tree::constraint_block_layout] layout_block ENTRY: node=NodeKey(8496886221476200461)
[2026-01-11T20:04:40Z ERROR css_core::box_tree::constraint_block_layout] Checking flex: node=NodeKey(8496886221476200461), display=Flex
[2026-01-11T20:04:40Z ERROR css_core::box_tree::constraint_block_layout] IS FLEX!
[2026-01-11T20:04:40Z ERROR css_core::box_tree::constraint_block_layout::flex_layout] layout_flex: node=NodeKey(8496886221476200461), children.len()=7
[2026-01-11T20:04:40Z ERROR css_core::box_tree::constraint_block_layout] layout_block ENTRY: node=NodeKey(8496886221476200463)
[2026-01-11T20:04:40Z ERROR css_core::box_tree::constraint_block_layout] Checking flex: node=NodeKey(8496886221476200463), display=Block
[2026-01-11T20:04:40Z ERROR css_core::box_tree::constraint_block_layout] layout_block ENTRY: node=NodeKey(8496886221476200465)
[2026-01-11T20:04:40Z ERROR css_core::box_tree::constraint_block_layout] Checking flex: node=NodeKey(8496886221476200465), display=InlineBlock
[2026-01-11T20:04:40Z ERROR css_core::box_tree::constraint_block_layout] layout_block ENTRY: node=NodeKey(8496886221476200467)
[2026-01-11T20:04:40Z ERROR css_core::box_tree::constraint_block_layout] Checking flex: node=NodeKey(8496886221476200467), display=Block
[2026-01-11T20:04:40Z ERROR css_core::box_tree::constraint_block_layout] layout_block ENTRY: node=NodeKey(8496886221476200469)
[2026-01-11T20:04:40Z ERROR css_core::box_tree::constraint_block_layout] Checking flex: node=NodeKey(8496886221476200469), display=InlineBlock
[2026-01-11T20:04:40Z ERROR css_core::box_tree::constraint_block_layout] layout_block ENTRY: node=NodeKey(8496886221476200471)
[2026-01-11T20:04:40Z ERROR css_core::box_tree::constraint_block_layout] Checking flex: node=NodeKey(8496886221476200471), display=Block
[2026-01-11T20:04:40Z ERROR css_core::box_tree::constraint_block_layout] layout_block ENTRY: node=NodeKey(8496886221476200473)
[2026-01-11T20:04:40Z ERROR css_core::box_tree::constraint_block_layout] Checking flex: node=NodeKey(8496886221476200473), display=InlineBlock
[2026-01-11T20:04:40Z ERROR css_core::box_tree::constraint_block_layout::flex_layout] layout_flex: node=NodeKey(8496886221476200461), flex_items.len()=3
[2026-01-11T20:04:40Z ERROR css_core::box_tree::constraint_block_layout] layout_block ENTRY: node=NodeKey(8496886221476200463)
[2026-01-11T20:04:40Z ERROR css_core::box_tree::constraint_block_layout] Checking flex: node=NodeKey(8496886221476200463), display=Block
[2026-01-11T20:04:40Z ERROR css_core::box_tree::constraint_block_layout] layout_block ENTRY: node=NodeKey(8496886221476200465)
[2026-01-11T20:04:40Z ERROR css_core::box_tree::constraint_block_layout] Checking flex: node=NodeKey(8496886221476200465), display=InlineBlock
[2026-01-11T20:04:40Z ERROR css_core::box_tree::constraint_block_layout] layout_block ENTRY: node=NodeKey(8496886221476200467)
[2026-01-11T20:04:40Z ERROR css_core::box_tree::constraint_block_layout] Checking flex: node=NodeKey(8496886221476200467), display=Block
[2026-01-11T20:04:40Z ERROR css_core::box_tree::constraint_block_layout] layout_block ENTRY: node=NodeKey(8496886221476200469)
[2026-01-11T20:04:40Z ERROR css_core::box_tree::constraint_block_layout] Checking flex: node=NodeKey(8496886221476200469), display=InlineBlock
[2026-01-11T20:04:40Z ERROR css_core::box_tree::constraint_block_layout] layout_block ENTRY: node=NodeKey(8496886221476200471)
[2026-01-11T20:04:40Z ERROR css_core::box_tree::constraint_block_layout] Checking flex: node=NodeKey(8496886221476200471), display=Block
[2026-01-11T20:04:40Z ERROR css_core::box_tree::constraint_block_layout] layout_block ENTRY: node=NodeKey(8496886221476200473)
[2026-01-11T20:04:40Z ERROR css_core::box_tree::constraint_block_layout] Checking flex: node=NodeKey(8496886221476200473), display=InlineBlock
[2026-01-11T20:04:40Z ERROR css_core::box_tree::constraint_block_layout] INSERTING FLEX CONTAINER in layout_block: node=NodeKey(8496886221476200461), inline_size=780, is_measurement=false
[2026-01-11T20:04:40Z ERROR css_core::box_tree::constraint_block_layout] layout_block ENTRY: node=NodeKey(8496886221476200476)
[2026-01-11T20:04:40Z ERROR css_core::box_tree::constraint_block_layout] Checking flex: node=NodeKey(8496886221476200476), display=Block
[2026-01-11T20:04:40Z ERROR css_core::box_tree::constraint_block_layout] layout_block ENTRY: node=NodeKey(8496886221476200479)
[2026-01-11T20:04:40Z ERROR css_core::box_tree::constraint_block_layout] Checking flex: node=NodeKey(8496886221476200479), display=Flex
[2026-01-11T20:04:40Z ERROR css_core::box_tree::constraint_block_layout] IS FLEX!
[2026-01-11T20:04:40Z ERROR css_core::box_tree::constraint_block_layout::flex_layout] layout_flex: node=NodeKey(8496886221476200479), children.len()=11
[2026-01-11T20:04:40Z ERROR css_core::box_tree::constraint_block_layout] layout_block ENTRY: node=NodeKey(8496886221476200481)
[2026-01-11T20:04:40Z ERROR css_core::box_tree::constraint_block_layout] Checking flex: node=NodeKey(8496886221476200481), display=Block
[2026-01-11T20:04:40Z ERROR css_core::box_tree::constraint_block_layout] layout_block ENTRY: node=NodeKey(8496886221476200484)
[2026-01-11T20:04:40Z ERROR css_core::box_tree::constraint_block_layout] Checking flex: node=NodeKey(8496886221476200484), display=Block
[2026-01-11T20:04:40Z ERROR css_core::box_tree::constraint_block_layout] layout_block ENTRY: node=NodeKey(8496886221476200487)
[2026-01-11T20:04:40Z ERROR css_core::box_tree::constraint_block_layout] Checking flex: node=NodeKey(8496886221476200487), display=Block
[2026-01-11T20:04:40Z ERROR css_core::box_tree::constraint_block_layout] layout_block ENTRY: node=NodeKey(8496886221476200490)
[2026-01-11T20:04:40Z ERROR css_core::box_tree::constraint_block_layout] Checking flex: node=NodeKey(8496886221476200490), display=Block
[2026-01-11T20:04:40Z ERROR css_core::box_tree::constraint_block_layout] layout_block ENTRY: node=NodeKey(8496886221476200493)
[2026-01-11T20:04:40Z ERROR css_core::box_tree::constraint_block_layout] Checking flex: node=NodeKey(8496886221476200493), display=Block
[2026-01-11T20:04:40Z ERROR css_core::box_tree::constraint_block_layout::flex_layout] layout_flex: node=NodeKey(8496886221476200479), flex_items.len()=5
[2026-01-11T20:04:40Z ERROR css_core::box_tree::constraint_block_layout] layout_block ENTRY: node=NodeKey(8496886221476200481)
[2026-01-11T20:04:40Z ERROR css_core::box_tree::constraint_block_layout] Checking flex: node=NodeKey(8496886221476200481), display=Block
[2026-01-11T20:04:40Z ERROR css_core::box_tree::constraint_block_layout] layout_block ENTRY: node=NodeKey(8496886221476200484)
[2026-01-11T20:04:40Z ERROR css_core::box_tree::constraint_block_layout] Checking flex: node=NodeKey(8496886221476200484), display=Block
[2026-01-11T20:04:40Z ERROR css_core::box_tree::constraint_block_layout] layout_block ENTRY: node=NodeKey(8496886221476200487)
[2026-01-11T20:04:40Z ERROR css_core::box_tree::constraint_block_layout] Checking flex: node=NodeKey(8496886221476200487), display=Block
[2026-01-11T20:04:40Z ERROR css_core::box_tree::constraint_block_layout] layout_block ENTRY: node=NodeKey(8496886221476200490)
[2026-01-11T20:04:40Z ERROR css_core::box_tree::constraint_block_layout] Checking flex: node=NodeKey(8496886221476200490), display=Block
[2026-01-11T20:04:40Z ERROR css_core::box_tree::constraint_block_layout] layout_block ENTRY: node=NodeKey(8496886221476200493)
[2026-01-11T20:04:40Z ERROR css_core::box_tree::constraint_block_layout] Checking flex: node=NodeKey(8496886221476200493), display=Block
[2026-01-11T20:04:40Z ERROR css_core::box_tree::constraint_block_layout] INSERTING FLEX CONTAINER in layout_block: node=NodeKey(8496886221476200479), inline_size=780, is_measurement=false
[2026-01-11T20:04:40Z ERROR page_handler::core::incremental_layout] LAYOUT TREE COMPLETE - generation 1, total results: 33
[2026-01-11T20:04:40Z ERROR page_handler::core::incremental_layout] RUNNING LAYOUT TREE - generation 1
[2026-01-11T20:04:40Z ERROR css_core::box_tree::constraint_block_layout] layout_block ENTRY: node=NodeKey(277816901525045249)
[2026-01-11T20:04:40Z ERROR css_core::box_tree::constraint_block_layout] Checking flex: node=NodeKey(277816901525045249), display=Block
[2026-01-11T20:04:40Z ERROR css_core::box_tree::constraint_block_layout] layout_block ENTRY: node=NodeKey(277816901525045256)
[2026-01-11T20:04:40Z ERROR css_core::box_tree::constraint_block_layout] Checking flex: node=NodeKey(277816901525045256), display=Block
[2026-01-11T20:04:40Z ERROR css_core::box_tree::constraint_block_layout] layout_block ENTRY: node=NodeKey(277816901525045258)
[2026-01-11T20:04:40Z ERROR css_core::box_tree::constraint_block_layout] Checking flex: node=NodeKey(277816901525045258), display=Block
[2026-01-11T20:04:40Z ERROR css_core::box_tree::constraint_block_layout] layout_block ENTRY: node=NodeKey(277816901525045261)
[2026-01-11T20:04:40Z ERROR css_core::box_tree::constraint_block_layout] Checking flex: node=NodeKey(277816901525045261), display=Flex
[2026-01-11T20:04:40Z ERROR css_core::box_tree::constraint_block_layout] IS FLEX!
[2026-01-11T20:04:40Z ERROR css_core::box_tree::constraint_block_layout::flex_layout] layout_flex: node=NodeKey(277816901525045261), children.len()=7
[2026-01-11T20:04:40Z ERROR css_core::box_tree::constraint_block_layout] layout_block ENTRY: node=NodeKey(277816901525045263)
[2026-01-11T20:04:40Z ERROR css_core::box_tree::constraint_block_layout] Checking flex: node=NodeKey(277816901525045263), display=Block
[2026-01-11T20:04:40Z ERROR css_core::box_tree::constraint_block_layout] layout_block ENTRY: node=NodeKey(277816901525045266)
[2026-01-11T20:04:40Z ERROR css_core::box_tree::constraint_block_layout] Checking flex: node=NodeKey(277816901525045266), display=Block
[2026-01-11T20:04:40Z ERROR css_core::box_tree::constraint_block_layout] layout_block ENTRY: node=NodeKey(277816901525045269)
[2026-01-11T20:04:40Z ERROR css_core::box_tree::constraint_block_layout] Checking flex: node=NodeKey(277816901525045269), display=Block
[2026-01-11T20:04:40Z ERROR css_core::box_tree::constraint_block_layout::flex_layout] layout_flex: node=NodeKey(277816901525045261), flex_items.len()=3
[2026-01-11T20:04:40Z ERROR css_core::box_tree::constraint_block_layout] layout_block ENTRY: node=NodeKey(277816901525045263)
[2026-01-11T20:04:40Z ERROR css_core::box_tree::constraint_block_layout] Checking flex: node=NodeKey(277816901525045263), display=Block
[2026-01-11T20:04:40Z ERROR css_core::box_tree::constraint_block_layout] layout_block ENTRY: node=NodeKey(277816901525045266)
[2026-01-11T20:04:40Z ERROR css_core::box_tree::constraint_block_layout] Checking flex: node=NodeKey(277816901525045266), display=Block
[2026-01-11T20:04:40Z ERROR css_core::box_tree::constraint_block_layout] layout_block ENTRY: node=NodeKey(277816901525045269)
[2026-01-11T20:04:40Z ERROR css_core::box_tree::constraint_block_layout] Checking flex: node=NodeKey(277816901525045269), display=Block
[2026-01-11T20:04:40Z ERROR css_core::box_tree::constraint_block_layout] INSERTING FLEX CONTAINER in layout_block: node=NodeKey(277816901525045261), inline_size=780, is_measurement=false
[2026-01-11T20:04:40Z ERROR css_core::box_tree::constraint_block_layout] layout_block ENTRY: node=NodeKey(277816901525045273)
[2026-01-11T20:04:40Z ERROR css_core::box_tree::constraint_block_layout] Checking flex: node=NodeKey(277816901525045273), display=Block
[2026-01-11T20:04:40Z ERROR css_core::box_tree::constraint_block_layout] layout_block ENTRY: node=NodeKey(277816901525045276)
[2026-01-11T20:04:40Z ERROR css_core::box_tree::constraint_block_layout] Checking flex: node=NodeKey(277816901525045276), display=Flex
[2026-01-11T20:04:40Z ERROR css_core::box_tree::constraint_block_layout] IS FLEX!
[2026-01-11T20:04:40Z ERROR css_core::box_tree::constraint_block_layout::flex_layout] layout_flex: node=NodeKey(277816901525045276), children.len()=7
[2026-01-11T20:04:40Z ERROR css_core::box_tree::constraint_block_layout] layout_block ENTRY: node=NodeKey(277816901525045278)
[2026-01-11T20:04:40Z ERROR css_core::box_tree::constraint_block_layout] Checking flex: node=NodeKey(277816901525045278), display=Block
[2026-01-11T20:04:40Z ERROR css_core::box_tree::constraint_block_layout] layout_block ENTRY: node=NodeKey(277816901525045281)
[2026-01-11T20:04:40Z ERROR css_core::box_tree::constraint_block_layout] Checking flex: node=NodeKey(277816901525045281), display=Block
[2026-01-11T20:04:40Z ERROR css_core::box_tree::constraint_block_layout] layout_block ENTRY: node=NodeKey(277816901525045284)
[2026-01-11T20:04:40Z ERROR css_core::box_tree::constraint_block_layout] Checking flex: node=NodeKey(277816901525045284), display=Block
[2026-01-11T20:04:40Z ERROR css_core::box_tree::constraint_block_layout::flex_layout] layout_flex: node=NodeKey(277816901525045276), flex_items.len()=3
[2026-01-11T20:04:40Z ERROR css_core::box_tree::constraint_block_layout] layout_block ENTRY: node=NodeKey(277816901525045278)
[2026-01-11T20:04:40Z ERROR css_core::box_tree::constraint_block_layout] Checking flex: node=NodeKey(277816901525045278), display=Block
[2026-01-11T20:04:40Z ERROR css_core::box_tree::constraint_block_layout] layout_block ENTRY: node=NodeKey(277816901525045281)
[2026-01-11T20:04:40Z ERROR css_core::box_tree::constraint_block_layout] Checking flex: node=NodeKey(277816901525045281), display=Block
[2026-01-11T20:04:40Z ERROR css_core::box_tree::constraint_block_layout] layout_block ENTRY: node=NodeKey(277816901525045284)
[2026-01-11T20:04:40Z ERROR css_core::box_tree::constraint_block_layout] Checking flex: node=NodeKey(277816901525045284), display=Block
[2026-01-11T20:04:40Z ERROR css_core::box_tree::constraint_block_layout] INSERTING FLEX CONTAINER in layout_block: node=NodeKey(277816901525045276), inline_size=780, is_measurement=false
[2026-01-11T20:04:40Z ERROR css_core::box_tree::constraint_block_layout] layout_block ENTRY: node=NodeKey(277816901525045288)
[2026-01-11T20:04:40Z ERROR css_core::box_tree::constraint_block_layout] Checking flex: node=NodeKey(277816901525045288), display=Block
[2026-01-11T20:04:40Z ERROR css_core::box_tree::constraint_block_layout] layout_block ENTRY: node=NodeKey(277816901525045291)
[2026-01-11T20:04:40Z ERROR css_core::box_tree::constraint_block_layout] Checking flex: node=NodeKey(277816901525045291), display=Flex
[2026-01-11T20:04:40Z ERROR css_core::box_tree::constraint_block_layout] IS FLEX!
[2026-01-11T20:04:40Z ERROR css_core::box_tree::constraint_block_layout::flex_layout] layout_flex: node=NodeKey(277816901525045291), children.len()=9
[2026-01-11T20:04:40Z ERROR css_core::box_tree::constraint_block_layout] layout_block ENTRY: node=NodeKey(277816901525045293)
[2026-01-11T20:04:40Z ERROR css_core::box_tree::constraint_block_layout] Checking flex: node=NodeKey(277816901525045293), display=Block
[2026-01-11T20:04:40Z ERROR css_core::box_tree::constraint_block_layout] layout_block ENTRY: node=NodeKey(277816901525045296)
[2026-01-11T20:04:40Z ERROR css_core::box_tree::constraint_block_layout] Checking flex: node=NodeKey(277816901525045296), display=Block
[2026-01-11T20:04:40Z ERROR css_core::box_tree::constraint_block_layout] layout_block ENTRY: node=NodeKey(277816901525045299)
[2026-01-11T20:04:40Z ERROR css_core::box_tree::constraint_block_layout] Checking flex: node=NodeKey(277816901525045299), display=Block
[2026-01-11T20:04:40Z ERROR css_core::box_tree::constraint_block_layout] layout_block ENTRY: node=NodeKey(277816901525045302)
[2026-01-11T20:04:40Z ERROR css_core::box_tree::constraint_block_layout] Checking flex: node=NodeKey(277816901525045302), display=Block
[2026-01-11T20:04:40Z ERROR css_core::box_tree::constraint_block_layout::flex_layout] layout_flex: node=NodeKey(277816901525045291), flex_items.len()=4
[2026-01-11T20:04:40Z ERROR css_core::box_tree::constraint_block_layout] layout_block ENTRY: node=NodeKey(277816901525045293)
[2026-01-11T20:04:40Z ERROR css_core::box_tree::constraint_block_layout] Checking flex: node=NodeKey(277816901525045293), display=Block
[2026-01-11T20:04:40Z ERROR css_core::box_tree::constraint_block_layout] layout_block ENTRY: node=NodeKey(277816901525045296)
[2026-01-11T20:04:40Z ERROR css_core::box_tree::constraint_block_layout] Checking flex: node=NodeKey(277816901525045296), display=Block
[2026-01-11T20:04:40Z ERROR css_core::box_tree::constraint_block_layout] layout_block ENTRY: node=NodeKey(277816901525045299)
[2026-01-11T20:04:40Z ERROR css_core::box_tree::constraint_block_layout] Checking flex: node=NodeKey(277816901525045299), display=Block
[2026-01-11T20:04:40Z ERROR css_core::box_tree::constraint_block_layout] layout_block ENTRY: node=NodeKey(277816901525045302)
[2026-01-11T20:04:40Z ERROR css_core::box_tree::constraint_block_layout] Checking flex: node=NodeKey(277816901525045302), display=Block
[2026-01-11T20:04:40Z ERROR css_core::box_tree::constraint_block_layout] INSERTING FLEX CONTAINER in layout_block: node=NodeKey(277816901525045291), inline_size=780, is_measurement=false
[2026-01-11T20:04:40Z ERROR css_core::box_tree::constraint_block_layout] layout_block ENTRY: node=NodeKey(277816901525045306)
[2026-01-11T20:04:40Z ERROR css_core::box_tree::constraint_block_layout] Checking flex: node=NodeKey(277816901525045306), display=Block
[2026-01-11T20:04:40Z ERROR css_core::box_tree::constraint_block_layout] layout_block ENTRY: node=NodeKey(277816901525045309)
[2026-01-11T20:04:40Z ERROR css_core::box_tree::constraint_block_layout] Checking flex: node=NodeKey(277816901525045309), display=Flex
[2026-01-11T20:04:40Z ERROR css_core::box_tree::constraint_block_layout] IS FLEX!
[2026-01-11T20:04:40Z ERROR css_core::box_tree::constraint_block_layout::flex_layout] layout_flex: node=NodeKey(277816901525045309), children.len()=7
[2026-01-11T20:04:40Z ERROR css_core::box_tree::constraint_block_layout] layout_block ENTRY: node=NodeKey(277816901525045311)
[2026-01-11T20:04:40Z ERROR css_core::box_tree::constraint_block_layout] Checking flex: node=NodeKey(277816901525045311), display=Block
[2026-01-11T20:04:40Z ERROR css_core::box_tree::constraint_block_layout] layout_block ENTRY: node=NodeKey(277816901525045314)
[2026-01-11T20:04:40Z ERROR css_core::box_tree::constraint_block_layout] Checking flex: node=NodeKey(277816901525045314), display=Block
[2026-01-11T20:04:40Z ERROR css_core::box_tree::constraint_block_layout] layout_block ENTRY: node=NodeKey(277816901525045317)
[2026-01-11T20:04:40Z ERROR css_core::box_tree::constraint_block_layout] Checking flex: node=NodeKey(277816901525045317), display=Block
[2026-01-11T20:04:40Z ERROR css_core::box_tree::constraint_block_layout::flex_layout] layout_flex: node=NodeKey(277816901525045309), flex_items.len()=3
[2026-01-11T20:04:40Z ERROR css_core::box_tree::constraint_block_layout] layout_block ENTRY: node=NodeKey(277816901525045311)
[2026-01-11T20:04:40Z ERROR css_core::box_tree::constraint_block_layout] Checking flex: node=NodeKey(277816901525045311), display=Block
[2026-01-11T20:04:40Z ERROR css_core::box_tree::constraint_block_layout] layout_block ENTRY: node=NodeKey(277816901525045314)
[2026-01-11T20:04:40Z ERROR css_core::box_tree::constraint_block_layout] Checking flex: node=NodeKey(277816901525045314), display=Block
[2026-01-11T20:04:40Z ERROR css_core::box_tree::constraint_block_layout] layout_block ENTRY: node=NodeKey(277816901525045317)
[2026-01-11T20:04:40Z ERROR css_core::box_tree::constraint_block_layout] Checking flex: node=NodeKey(277816901525045317), display=Block
[2026-01-11T20:04:40Z ERROR css_core::box_tree::constraint_block_layout] INSERTING FLEX CONTAINER in layout_block: node=NodeKey(277816901525045309), inline_size=780, is_measurement=false
[2026-01-11T20:04:40Z ERROR page_handler::core::incremental_layout] LAYOUT TREE COMPLETE - generation 1, total results: 50
[2026-01-11T20:04:40Z ERROR page_handler::core::incremental_layout] RUNNING LAYOUT TREE - generation 1
[2026-01-11T20:04:40Z ERROR css_core::box_tree::constraint_block_layout] layout_block ENTRY: node=NodeKey(6529939084222136321)
[2026-01-11T20:04:40Z ERROR css_core::box_tree::constraint_block_layout] Checking flex: node=NodeKey(6529939084222136321), display=Block
[2026-01-11T20:04:40Z ERROR css_core::box_tree::constraint_block_layout] layout_block ENTRY: node=NodeKey(6529939084222136328)
[2026-01-11T20:04:40Z ERROR css_core::box_tree::constraint_block_layout] Checking flex: node=NodeKey(6529939084222136328), display=Block
[2026-01-11T20:04:40Z ERROR css_core::box_tree::constraint_block_layout] layout_block ENTRY: node=NodeKey(6529939084222136330)
[2026-01-11T20:04:40Z ERROR css_core::box_tree::constraint_block_layout] Checking flex: node=NodeKey(6529939084222136330), display=Block
[2026-01-11T20:04:40Z ERROR css_core::box_tree::constraint_block_layout] layout_block ENTRY: node=NodeKey(6529939084222136333)
[2026-01-11T20:04:40Z ERROR css_core::box_tree::constraint_block_layout] Checking flex: node=NodeKey(6529939084222136333), display=Flex
[2026-01-11T20:04:40Z ERROR css_core::box_tree::constraint_block_layout] IS FLEX!
[2026-01-11T20:04:40Z ERROR css_core::box_tree::constraint_block_layout::flex_layout] layout_flex: node=NodeKey(6529939084222136333), children.len()=7
[2026-01-11T20:04:40Z ERROR css_core::box_tree::constraint_block_layout] layout_block ENTRY: node=NodeKey(6529939084222136335)
[2026-01-11T20:04:40Z ERROR css_core::box_tree::constraint_block_layout] Checking flex: node=NodeKey(6529939084222136335), display=Block
[2026-01-11T20:04:40Z ERROR css_core::box_tree::constraint_block_layout] layout_block ENTRY: node=NodeKey(6529939084222136338)
[2026-01-11T20:04:40Z ERROR css_core::box_tree::constraint_block_layout] Checking flex: node=NodeKey(6529939084222136338), display=Block
[2026-01-11T20:04:40Z ERROR css_core::box_tree::constraint_block_layout] layout_block ENTRY: node=NodeKey(6529939084222136341)
[2026-01-11T20:04:40Z ERROR css_core::box_tree::constraint_block_layout] Checking flex: node=NodeKey(6529939084222136341), display=Block
[2026-01-11T20:04:40Z ERROR css_core::box_tree::constraint_block_layout::flex_layout] layout_flex: node=NodeKey(6529939084222136333), flex_items.len()=3
[2026-01-11T20:04:40Z ERROR css_core::box_tree::constraint_block_layout] layout_block ENTRY: node=NodeKey(6529939084222136335)
[2026-01-11T20:04:40Z ERROR css_core::box_tree::constraint_block_layout] Checking flex: node=NodeKey(6529939084222136335), display=Block
[2026-01-11T20:04:40Z ERROR css_core::box_tree::constraint_block_layout] layout_block ENTRY: node=NodeKey(6529939084222136338)
[2026-01-11T20:04:40Z ERROR css_core::box_tree::constraint_block_layout] Checking flex: node=NodeKey(6529939084222136338), display=Block
[2026-01-11T20:04:40Z ERROR css_core::box_tree::constraint_block_layout] layout_block ENTRY: node=NodeKey(6529939084222136341)
[2026-01-11T20:04:40Z ERROR css_core::box_tree::constraint_block_layout] Checking flex: node=NodeKey(6529939084222136341), display=Block
[2026-01-11T20:04:40Z ERROR css_core::box_tree::constraint_block_layout] INSERTING FLEX CONTAINER in layout_block: node=NodeKey(6529939084222136333), inline_size=400, is_measurement=false
[2026-01-11T20:04:40Z ERROR css_core::box_tree::constraint_block_layout] layout_block ENTRY: node=NodeKey(6529939084222136345)
[2026-01-11T20:04:40Z ERROR css_core::box_tree::constraint_block_layout] Checking flex: node=NodeKey(6529939084222136345), display=Block
[2026-01-11T20:04:40Z ERROR css_core::box_tree::constraint_block_layout] layout_block ENTRY: node=NodeKey(6529939084222136348)
[2026-01-11T20:04:40Z ERROR css_core::box_tree::constraint_block_layout] Checking flex: node=NodeKey(6529939084222136348), display=Flex
[2026-01-11T20:04:40Z ERROR css_core::box_tree::constraint_block_layout] IS FLEX!
[2026-01-11T20:04:40Z ERROR css_core::box_tree::constraint_block_layout::flex_layout] layout_flex: node=NodeKey(6529939084222136348), children.len()=7
[2026-01-11T20:04:40Z ERROR css_core::box_tree::constraint_block_layout] layout_block ENTRY: node=NodeKey(6529939084222136350)
[2026-01-11T20:04:40Z ERROR css_core::box_tree::constraint_block_layout] Checking flex: node=NodeKey(6529939084222136350), display=Block
[2026-01-11T20:04:40Z ERROR css_core::box_tree::constraint_block_layout] layout_block ENTRY: node=NodeKey(6529939084222136353)
[2026-01-11T20:04:40Z ERROR css_core::box_tree::constraint_block_layout] Checking flex: node=NodeKey(6529939084222136353), display=Block
[2026-01-11T20:04:40Z ERROR css_core::box_tree::constraint_block_layout] layout_block ENTRY: node=NodeKey(6529939084222136356)
[2026-01-11T20:04:40Z ERROR css_core::box_tree::constraint_block_layout] Checking flex: node=NodeKey(6529939084222136356), display=Block
[2026-01-11T20:04:40Z ERROR css_core::box_tree::constraint_block_layout::flex_layout] layout_flex: node=NodeKey(6529939084222136348), flex_items.len()=3
[2026-01-11T20:04:40Z ERROR css_core::box_tree::constraint_block_layout] layout_block ENTRY: node=NodeKey(6529939084222136350)
[2026-01-11T20:04:40Z ERROR css_core::box_tree::constraint_block_layout] Checking flex: node=NodeKey(6529939084222136350), display=Block
[2026-01-11T20:04:40Z ERROR css_core::box_tree::constraint_block_layout] layout_block ENTRY: node=NodeKey(6529939084222136353)
[2026-01-11T20:04:40Z ERROR css_core::box_tree::constraint_block_layout] Checking flex: node=NodeKey(6529939084222136353), display=Block
[2026-01-11T20:04:40Z ERROR css_core::box_tree::constraint_block_layout] layout_block ENTRY: node=NodeKey(6529939084222136356)
[2026-01-11T20:04:40Z ERROR css_core::box_tree::constraint_block_layout] Checking flex: node=NodeKey(6529939084222136356), display=Block
[2026-01-11T20:04:40Z ERROR css_core::box_tree::constraint_block_layout] INSERTING FLEX CONTAINER in layout_block: node=NodeKey(6529939084222136348), inline_size=780, is_measurement=false
[2026-01-11T20:04:40Z ERROR css_core::box_tree::constraint_block_layout] layout_block ENTRY: node=NodeKey(6529939084222136360)
[2026-01-11T20:04:40Z ERROR css_core::box_tree::constraint_block_layout] Checking flex: node=NodeKey(6529939084222136360), display=Block
[2026-01-11T20:04:40Z ERROR css_core::box_tree::constraint_block_layout] layout_block ENTRY: node=NodeKey(6529939084222136363)
[2026-01-11T20:04:40Z ERROR css_core::box_tree::constraint_block_layout] Checking flex: node=NodeKey(6529939084222136363), display=Flex
[2026-01-11T20:04:40Z ERROR css_core::box_tree::constraint_block_layout] IS FLEX!
[2026-01-11T20:04:40Z ERROR css_core::box_tree::constraint_block_layout::flex_layout] layout_flex: node=NodeKey(6529939084222136363), children.len()=5
[2026-01-11T20:04:40Z ERROR css_core::box_tree::constraint_block_layout] layout_block ENTRY: node=NodeKey(6529939084222136365)
[2026-01-11T20:04:40Z ERROR css_core::box_tree::constraint_block_layout] Checking flex: node=NodeKey(6529939084222136365), display=Block
[2026-01-11T20:04:40Z ERROR css_core::box_tree::constraint_block_layout] layout_block ENTRY: node=NodeKey(6529939084222136368)
[2026-01-11T20:04:40Z ERROR css_core::box_tree::constraint_block_layout] Checking flex: node=NodeKey(6529939084222136368), display=Block
[2026-01-11T20:04:40Z ERROR css_core::box_tree::constraint_block_layout::flex_layout] layout_flex: node=NodeKey(6529939084222136363), flex_items.len()=2
[2026-01-11T20:04:40Z ERROR css_core::box_tree::constraint_block_layout] layout_block ENTRY: node=NodeKey(6529939084222136365)
[2026-01-11T20:04:40Z ERROR css_core::box_tree::constraint_block_layout] Checking flex: node=NodeKey(6529939084222136365), display=Block
[2026-01-11T20:04:40Z ERROR css_core::box_tree::constraint_block_layout] layout_block ENTRY: node=NodeKey(6529939084222136368)
[2026-01-11T20:04:40Z ERROR css_core::box_tree::constraint_block_layout] Checking flex: node=NodeKey(6529939084222136368), display=Block
[2026-01-11T20:04:40Z ERROR css_core::box_tree::constraint_block_layout] INSERTING FLEX CONTAINER in layout_block: node=NodeKey(6529939084222136363), inline_size=200, is_measurement=false
[2026-01-11T20:04:40Z ERROR css_core::box_tree::constraint_block_layout] layout_block ENTRY: node=NodeKey(6529939084222136372)
[2026-01-11T20:04:40Z ERROR css_core::box_tree::constraint_block_layout] Checking flex: node=NodeKey(6529939084222136372), display=Block
[2026-01-11T20:04:40Z ERROR css_core::box_tree::constraint_block_layout] layout_block ENTRY: node=NodeKey(6529939084222136375)
[2026-01-11T20:04:40Z ERROR css_core::box_tree::constraint_block_layout] Checking flex: node=NodeKey(6529939084222136375), display=Flex
[2026-01-11T20:04:40Z ERROR css_core::box_tree::constraint_block_layout] IS FLEX!
[2026-01-11T20:04:40Z ERROR css_core::box_tree::constraint_block_layout::flex_layout] layout_flex: node=NodeKey(6529939084222136375), children.len()=7
[2026-01-11T20:04:40Z ERROR css_core::box_tree::constraint_block_layout] layout_block ENTRY: node=NodeKey(6529939084222136377)
[2026-01-11T20:04:40Z ERROR css_core::box_tree::constraint_block_layout] Checking flex: node=NodeKey(6529939084222136377), display=Block
[2026-01-11T20:04:40Z ERROR css_core::box_tree::constraint_block_layout] layout_block ENTRY: node=NodeKey(6529939084222136380)
[2026-01-11T20:04:40Z ERROR css_core::box_tree::constraint_block_layout] Checking flex: node=NodeKey(6529939084222136380), display=Block
[2026-01-11T20:04:40Z ERROR css_core::box_tree::constraint_block_layout] layout_block ENTRY: node=NodeKey(6529939084222136383)
[2026-01-11T20:04:40Z ERROR css_core::box_tree::constraint_block_layout] Checking flex: node=NodeKey(6529939084222136383), display=Block
[2026-01-11T20:04:40Z ERROR css_core::box_tree::constraint_block_layout::flex_layout] layout_flex: node=NodeKey(6529939084222136375), flex_items.len()=3
[2026-01-11T20:04:40Z ERROR css_core::box_tree::constraint_block_layout] layout_block ENTRY: node=NodeKey(6529939084222136377)
[2026-01-11T20:04:40Z ERROR css_core::box_tree::constraint_block_layout] Checking flex: node=NodeKey(6529939084222136377), display=Block
[2026-01-11T20:04:40Z ERROR css_core::box_tree::constraint_block_layout] layout_block ENTRY: node=NodeKey(6529939084222136380)
[2026-01-11T20:04:40Z ERROR css_core::box_tree::constraint_block_layout] Checking flex: node=NodeKey(6529939084222136380), display=Block
[2026-01-11T20:04:40Z ERROR css_core::box_tree::constraint_block_layout] layout_block ENTRY: node=NodeKey(6529939084222136383)
[2026-01-11T20:04:40Z ERROR css_core::box_tree::constraint_block_layout] Checking flex: node=NodeKey(6529939084222136383), display=Block
[2026-01-11T20:04:40Z ERROR css_core::box_tree::constraint_block_layout] INSERTING FLEX CONTAINER in layout_block: node=NodeKey(6529939084222136375), inline_size=780, is_measurement=false
[2026-01-11T20:04:40Z ERROR page_handler::core::incremental_layout] LAYOUT TREE COMPLETE - generation 1, total results: 46
[2026-01-11T20:04:40Z ERROR page_handler::core::incremental_layout] RUNNING LAYOUT TREE - generation 1
[2026-01-11T20:04:40Z ERROR css_core::box_tree::constraint_block_layout] layout_block ENTRY: node=NodeKey(6746956291266052097)
[2026-01-11T20:04:40Z ERROR css_core::box_tree::constraint_block_layout] Checking flex: node=NodeKey(6746956291266052097), display=Block
[2026-01-11T20:04:40Z ERROR css_core::box_tree::constraint_block_layout] layout_block ENTRY: node=NodeKey(6746956291266052104)
[2026-01-11T20:04:40Z ERROR css_core::box_tree::constraint_block_layout] Checking flex: node=NodeKey(6746956291266052104), display=Block
[2026-01-11T20:04:40Z ERROR css_core::box_tree::constraint_block_layout] layout_block ENTRY: node=NodeKey(6746956291266052107)
[2026-01-11T20:04:40Z ERROR css_core::box_tree::constraint_block_layout] Checking flex: node=NodeKey(6746956291266052107), display=Flex
[2026-01-11T20:04:40Z ERROR css_core::box_tree::constraint_block_layout] IS FLEX!
[2026-01-11T20:04:40Z ERROR css_core::box_tree::constraint_block_layout::flex_layout] layout_flex: node=NodeKey(6746956291266052107), children.len()=11
[2026-01-11T20:04:40Z ERROR css_core::box_tree::constraint_block_layout] layout_block ENTRY: node=NodeKey(6746956291266052109)
[2026-01-11T20:04:40Z ERROR css_core::box_tree::constraint_block_layout] Checking flex: node=NodeKey(6746956291266052109), display=Block
[2026-01-11T20:04:40Z ERROR css_core::box_tree::constraint_block_layout] layout_block ENTRY: node=NodeKey(6746956291266052112)
[2026-01-11T20:04:40Z ERROR css_core::box_tree::constraint_block_layout] Checking flex: node=NodeKey(6746956291266052112), display=Block
[2026-01-11T20:04:40Z ERROR css_core::box_tree::constraint_block_layout] layout_block ENTRY: node=NodeKey(6746956291266052115)
[2026-01-11T20:04:40Z ERROR css_core::box_tree::constraint_block_layout] Checking flex: node=NodeKey(6746956291266052115), display=Block
[2026-01-11T20:04:40Z ERROR css_core::box_tree::constraint_block_layout] layout_block ENTRY: node=NodeKey(6746956291266052118)
[2026-01-11T20:04:40Z ERROR css_core::box_tree::constraint_block_layout] Checking flex: node=NodeKey(6746956291266052118), display=Block
[2026-01-11T20:04:40Z ERROR css_core::box_tree::constraint_block_layout] layout_block ENTRY: node=NodeKey(6746956291266052121)
[2026-01-11T20:04:40Z ERROR css_core::box_tree::constraint_block_layout] Checking flex: node=NodeKey(6746956291266052121), display=Block
[2026-01-11T20:04:40Z ERROR css_core::box_tree::constraint_block_layout::flex_layout] layout_flex: node=NodeKey(6746956291266052107), flex_items.len()=5
[2026-01-11T20:04:40Z ERROR css_core::box_tree::constraint_block_layout] layout_block ENTRY: node=NodeKey(6746956291266052109)
[2026-01-11T20:04:40Z ERROR css_core::box_tree::constraint_block_layout] Checking flex: node=NodeKey(6746956291266052109), display=Block
[2026-01-11T20:04:40Z ERROR css_core::box_tree::constraint_block_layout] layout_block ENTRY: node=NodeKey(6746956291266052112)
[2026-01-11T20:04:40Z ERROR css_core::box_tree::constraint_block_layout] Checking flex: node=NodeKey(6746956291266052112), display=Block
[2026-01-11T20:04:40Z ERROR css_core::box_tree::constraint_block_layout] layout_block ENTRY: node=NodeKey(6746956291266052115)
[2026-01-11T20:04:40Z ERROR css_core::box_tree::constraint_block_layout] Checking flex: node=NodeKey(6746956291266052115), display=Block
[2026-01-11T20:04:40Z ERROR css_core::box_tree::constraint_block_layout] layout_block ENTRY: node=NodeKey(6746956291266052118)
[2026-01-11T20:04:40Z ERROR css_core::box_tree::constraint_block_layout] Checking flex: node=NodeKey(6746956291266052118), display=Block
[2026-01-11T20:04:40Z ERROR css_core::box_tree::constraint_block_layout] layout_block ENTRY: node=NodeKey(6746956291266052121)
[2026-01-11T20:04:40Z ERROR css_core::box_tree::constraint_block_layout] Checking flex: node=NodeKey(6746956291266052121), display=Block
[2026-01-11T20:04:40Z ERROR css_core::box_tree::constraint_block_layout] INSERTING FLEX CONTAINER in layout_block: node=NodeKey(6746956291266052107), inline_size=800, is_measurement=false
[2026-01-11T20:04:40Z ERROR page_handler::core::incremental_layout] LAYOUT TREE COMPLETE - generation 1, total results: 17
[2026-01-11T20:04:40Z ERROR page_handler::core::incremental_layout] RUNNING LAYOUT TREE - generation 1
[2026-01-11T20:04:40Z ERROR css_core::box_tree::constraint_block_layout] layout_block ENTRY: node=NodeKey(9373117823976472578)
[2026-01-11T20:04:40Z ERROR css_core::box_tree::constraint_block_layout] Checking flex: node=NodeKey(9373117823976472578), display=Block
[2026-01-11T20:04:40Z ERROR css_core::box_tree::constraint_block_layout] layout_block ENTRY: node=NodeKey(9373117823976472593)
[2026-01-11T20:04:40Z ERROR css_core::box_tree::constraint_block_layout] Checking flex: node=NodeKey(9373117823976472593), display=Block
[2026-01-11T20:04:40Z ERROR css_core::box_tree::constraint_block_layout] layout_block ENTRY: node=NodeKey(9373117823976472595)
[2026-01-11T20:04:40Z ERROR css_core::box_tree::constraint_block_layout] Checking flex: node=NodeKey(9373117823976472595), display=Flex
[2026-01-11T20:04:40Z ERROR css_core::box_tree::constraint_block_layout] IS FLEX!
[2026-01-11T20:04:40Z ERROR css_core::box_tree::constraint_block_layout::flex_layout] layout_flex: node=NodeKey(9373117823976472595), children.len()=7
[2026-01-11T20:04:40Z ERROR css_core::box_tree::constraint_block_layout] layout_block ENTRY: node=NodeKey(9373117823976472597)
[2026-01-11T20:04:40Z ERROR css_core::box_tree::constraint_block_layout] Checking flex: node=NodeKey(9373117823976472597), display=Block
[2026-01-11T20:04:40Z ERROR css_core::box_tree::constraint_block_layout] layout_block ENTRY: node=NodeKey(9373117823976472599)
[2026-01-11T20:04:40Z ERROR css_core::box_tree::constraint_block_layout] Checking flex: node=NodeKey(9373117823976472599), display=Block
[2026-01-11T20:04:40Z ERROR css_core::box_tree::constraint_block_layout] layout_block ENTRY: node=NodeKey(9373117823976472601)
[2026-01-11T20:04:40Z ERROR css_core::box_tree::constraint_block_layout] Checking flex: node=NodeKey(9373117823976472601), display=Block
[2026-01-11T20:04:40Z ERROR css_core::box_tree::constraint_block_layout::flex_layout] layout_flex: node=NodeKey(9373117823976472595), flex_items.len()=3
[2026-01-11T20:04:40Z ERROR css_core::box_tree::constraint_block_layout] layout_block ENTRY: node=NodeKey(9373117823976472597)
[2026-01-11T20:04:40Z ERROR css_core::box_tree::constraint_block_layout] Checking flex: node=NodeKey(9373117823976472597), display=Block
[2026-01-11T20:04:40Z ERROR css_core::box_tree::constraint_block_layout] layout_block ENTRY: node=NodeKey(9373117823976472599)
[2026-01-11T20:04:40Z ERROR css_core::box_tree::constraint_block_layout] Checking flex: node=NodeKey(9373117823976472599), display=Block
[2026-01-11T20:04:40Z ERROR css_core::box_tree::constraint_block_layout] layout_block ENTRY: node=NodeKey(9373117823976472601)
[2026-01-11T20:04:40Z ERROR css_core::box_tree::constraint_block_layout] Checking flex: node=NodeKey(9373117823976472601), display=Block
[2026-01-11T20:04:40Z ERROR css_core::box_tree::constraint_block_layout] INSERTING FLEX CONTAINER in layout_block: node=NodeKey(9373117823976472595), inline_size=320, is_measurement=false
[2026-01-11T20:04:40Z ERROR page_handler::core::incremental_layout] LAYOUT TREE COMPLETE - generation 1, total results: 9
[2026-01-11T20:04:40Z ERROR page_handler::core::incremental_layout] RUNNING LAYOUT TREE - generation 1
[2026-01-11T20:04:40Z ERROR css_core::box_tree::constraint_block_layout] layout_block ENTRY: node=NodeKey(9158915366699663362)
[2026-01-11T20:04:40Z ERROR css_core::box_tree::constraint_block_layout] Checking flex: node=NodeKey(9158915366699663362), display=Block
[2026-01-11T20:04:40Z ERROR css_core::box_tree::constraint_block_layout] layout_block ENTRY: node=NodeKey(9158915366699663374)
[2026-01-11T20:04:40Z ERROR css_core::box_tree::constraint_block_layout] Checking flex: node=NodeKey(9158915366699663374), display=Block
[2026-01-11T20:04:40Z ERROR css_core::box_tree::constraint_block_layout] layout_block ENTRY: node=NodeKey(9158915366699663376)
[2026-01-11T20:04:40Z ERROR css_core::box_tree::constraint_block_layout] Checking flex: node=NodeKey(9158915366699663376), display=Grid
[2026-01-11T20:04:40Z ERROR css_core::box_tree::constraint_block_layout] layout_block ENTRY: node=NodeKey(9158915366699663378)
[2026-01-11T20:04:40Z ERROR css_core::box_tree::constraint_block_layout] Checking flex: node=NodeKey(9158915366699663378), display=Flex
[2026-01-11T20:04:40Z ERROR css_core::box_tree::constraint_block_layout] IS FLEX!
[2026-01-11T20:04:40Z ERROR css_core::box_tree::constraint_block_layout::flex_layout] layout_flex: node=NodeKey(9158915366699663378), children.len()=1
[2026-01-11T20:04:40Z ERROR css_core::box_tree::constraint_block_layout::flex_layout] layout_flex: node=NodeKey(9158915366699663378), flex_items.len()=1
[2026-01-11T20:04:40Z ERROR css_core::box_tree::constraint_block_layout::text] INSERTING TEXT RESULT: text='1', inline_size=10, block_size=23, single_line_height=23, glyph_height=22, is_for_measurement_only=false
[2026-01-11T20:04:40Z ERROR css_core::box_tree::constraint_block_layout] INSERTING FLEX CONTAINER in layout_block: node=NodeKey(9158915366699663378), inline_size=800, is_measurement=true
[2026-01-11T20:04:40Z ERROR css_core::box_tree::constraint_block_layout] layout_block ENTRY: node=NodeKey(9158915366699663381)
[2026-01-11T20:04:40Z ERROR css_core::box_tree::constraint_block_layout] Checking flex: node=NodeKey(9158915366699663381), display=Flex
[2026-01-11T20:04:40Z ERROR css_core::box_tree::constraint_block_layout] IS FLEX!
[2026-01-11T20:04:40Z ERROR css_core::box_tree::constraint_block_layout::flex_layout] layout_flex: node=NodeKey(9158915366699663381), children.len()=1
[2026-01-11T20:04:40Z ERROR css_core::box_tree::constraint_block_layout::flex_layout] layout_flex: node=NodeKey(9158915366699663381), flex_items.len()=1
[2026-01-11T20:04:40Z ERROR css_core::box_tree::constraint_block_layout::text] INSERTING TEXT RESULT: text='2', inline_size=10, block_size=23, single_line_height=23, glyph_height=22, is_for_measurement_only=false
[2026-01-11T20:04:40Z ERROR css_core::box_tree::constraint_block_layout] INSERTING FLEX CONTAINER in layout_block: node=NodeKey(9158915366699663381), inline_size=800, is_measurement=true
[2026-01-11T20:04:40Z ERROR css_core::box_tree::constraint_block_layout] layout_block ENTRY: node=NodeKey(9158915366699663384)
[2026-01-11T20:04:40Z ERROR css_core::box_tree::constraint_block_layout] Checking flex: node=NodeKey(9158915366699663384), display=Flex
[2026-01-11T20:04:40Z ERROR css_core::box_tree::constraint_block_layout] IS FLEX!
[2026-01-11T20:04:40Z ERROR css_core::box_tree::constraint_block_layout::flex_layout] layout_flex: node=NodeKey(9158915366699663384), children.len()=1
[2026-01-11T20:04:40Z ERROR css_core::box_tree::constraint_block_layout::flex_layout] layout_flex: node=NodeKey(9158915366699663384), flex_items.len()=1
[2026-01-11T20:04:40Z ERROR css_core::box_tree::constraint_block_layout::text] INSERTING TEXT RESULT: text='3', inline_size=10, block_size=23, single_line_height=23, glyph_height=22, is_for_measurement_only=false
[2026-01-11T20:04:40Z ERROR css_core::box_tree::constraint_block_layout] INSERTING FLEX CONTAINER in layout_block: node=NodeKey(9158915366699663384), inline_size=800, is_measurement=true
[2026-01-11T20:04:40Z ERROR css_core::box_tree::constraint_block_layout] layout_block ENTRY: node=NodeKey(9158915366699663387)
[2026-01-11T20:04:40Z ERROR css_core::box_tree::constraint_block_layout] Checking flex: node=NodeKey(9158915366699663387), display=Flex
[2026-01-11T20:04:40Z ERROR css_core::box_tree::constraint_block_layout] IS FLEX!
[2026-01-11T20:04:40Z ERROR css_core::box_tree::constraint_block_layout::flex_layout] layout_flex: node=NodeKey(9158915366699663387), children.len()=1
[2026-01-11T20:04:40Z ERROR css_core::box_tree::constraint_block_layout::flex_layout] layout_flex: node=NodeKey(9158915366699663387), flex_items.len()=1
[2026-01-11T20:04:40Z ERROR css_core::box_tree::constraint_block_layout] INSERTING FLEX CONTAINER in layout_block: node=NodeKey(9158915366699663387), inline_size=800, is_measurement=true
[2026-01-11T20:04:40Z ERROR css_core::box_tree::constraint_block_layout] layout_block ENTRY: node=NodeKey(9158915366699663390)
[2026-01-11T20:04:40Z ERROR css_core::box_tree::constraint_block_layout] Checking flex: node=NodeKey(9158915366699663390), display=Flex
[2026-01-11T20:04:40Z ERROR css_core::box_tree::constraint_block_layout] IS FLEX!
[2026-01-11T20:04:40Z ERROR css_core::box_tree::constraint_block_layout::flex_layout] layout_flex: node=NodeKey(9158915366699663390), children.len()=1
[2026-01-11T20:04:40Z ERROR css_core::box_tree::constraint_block_layout::flex_layout] layout_flex: node=NodeKey(9158915366699663390), flex_items.len()=1
[2026-01-11T20:04:40Z ERROR css_core::box_tree::constraint_block_layout] INSERTING FLEX CONTAINER in layout_block: node=NodeKey(9158915366699663390), inline_size=800, is_measurement=true
[2026-01-11T20:04:40Z ERROR css_core::box_tree::constraint_block_layout] layout_block ENTRY: node=NodeKey(9158915366699663393)
[2026-01-11T20:04:40Z ERROR css_core::box_tree::constraint_block_layout] Checking flex: node=NodeKey(9158915366699663393), display=Flex
[2026-01-11T20:04:40Z ERROR css_core::box_tree::constraint_block_layout] IS FLEX!
[2026-01-11T20:04:40Z ERROR css_core::box_tree::constraint_block_layout::flex_layout] layout_flex: node=NodeKey(9158915366699663393), children.len()=1
[2026-01-11T20:04:40Z ERROR css_core::box_tree::constraint_block_layout::flex_layout] layout_flex: node=NodeKey(9158915366699663393), flex_items.len()=1
[2026-01-11T20:04:40Z ERROR css_core::box_tree::constraint_block_layout] INSERTING FLEX CONTAINER in layout_block: node=NodeKey(9158915366699663393), inline_size=800, is_measurement=true
[2026-01-11T20:04:40Z ERROR css_core::box_tree::constraint_block_layout] layout_block ENTRY: node=NodeKey(9158915366699663378)
[2026-01-11T20:04:40Z ERROR css_core::box_tree::constraint_block_layout] Checking flex: node=NodeKey(9158915366699663378), display=Flex
[2026-01-11T20:04:40Z ERROR css_core::box_tree::constraint_block_layout] IS FLEX!
[2026-01-11T20:04:40Z ERROR css_core::box_tree::constraint_block_layout::flex_layout] layout_flex: node=NodeKey(9158915366699663378), children.len()=1
[2026-01-11T20:04:40Z ERROR css_core::box_tree::constraint_block_layout::flex_layout] layout_flex: node=NodeKey(9158915366699663378), flex_items.len()=1
[2026-01-11T20:04:40Z ERROR css_core::box_tree::constraint_block_layout::text] INSERTING TEXT RESULT: text='1', inline_size=10, block_size=23, single_line_height=23, glyph_height=22, is_for_measurement_only=false
[2026-01-11T20:04:40Z ERROR css_core::box_tree::constraint_block_layout] INSERTING FLEX CONTAINER in layout_block: node=NodeKey(9158915366699663378), inline_size=100, is_measurement=true
[2026-01-11T20:04:40Z ERROR css_core::box_tree::constraint_block_layout] layout_block ENTRY: node=NodeKey(9158915366699663381)
[2026-01-11T20:04:40Z ERROR css_core::box_tree::constraint_block_layout] Checking flex: node=NodeKey(9158915366699663381), display=Flex
[2026-01-11T20:04:40Z ERROR css_core::box_tree::constraint_block_layout] IS FLEX!
[2026-01-11T20:04:40Z ERROR css_core::box_tree::constraint_block_layout::flex_layout] layout_flex: node=NodeKey(9158915366699663381), children.len()=1
[2026-01-11T20:04:40Z ERROR css_core::box_tree::constraint_block_layout::flex_layout] layout_flex: node=NodeKey(9158915366699663381), flex_items.len()=1
[2026-01-11T20:04:40Z ERROR css_core::box_tree::constraint_block_layout::text] INSERTING TEXT RESULT: text='2', inline_size=10, block_size=23, single_line_height=23, glyph_height=22, is_for_measurement_only=false
[2026-01-11T20:04:40Z ERROR css_core::box_tree::constraint_block_layout] INSERTING FLEX CONTAINER in layout_block: node=NodeKey(9158915366699663381), inline_size=200, is_measurement=true
[2026-01-11T20:04:40Z ERROR css_core::box_tree::constraint_block_layout] layout_block ENTRY: node=NodeKey(9158915366699663384)
[2026-01-11T20:04:40Z ERROR css_core::box_tree::constraint_block_layout] Checking flex: node=NodeKey(9158915366699663384), display=Flex
[2026-01-11T20:04:40Z ERROR css_core::box_tree::constraint_block_layout] IS FLEX!
[2026-01-11T20:04:40Z ERROR css_core::box_tree::constraint_block_layout::flex_layout] layout_flex: node=NodeKey(9158915366699663384), children.len()=1
[2026-01-11T20:04:40Z ERROR css_core::box_tree::constraint_block_layout::flex_layout] layout_flex: node=NodeKey(9158915366699663384), flex_items.len()=1
[2026-01-11T20:04:40Z ERROR css_core::box_tree::constraint_block_layout::text] INSERTING TEXT RESULT: text='3', inline_size=10, block_size=23, single_line_height=23, glyph_height=22, is_for_measurement_only=false
[2026-01-11T20:04:40Z ERROR css_core::box_tree::constraint_block_layout] INSERTING FLEX CONTAINER in layout_block: node=NodeKey(9158915366699663384), inline_size=100, is_measurement=true
[2026-01-11T20:04:40Z ERROR css_core::box_tree::constraint_block_layout] layout_block ENTRY: node=NodeKey(9158915366699663387)
[2026-01-11T20:04:40Z ERROR css_core::box_tree::constraint_block_layout] Checking flex: node=NodeKey(9158915366699663387), display=Flex
[2026-01-11T20:04:40Z ERROR css_core::box_tree::constraint_block_layout] IS FLEX!
[2026-01-11T20:04:40Z ERROR css_core::box_tree::constraint_block_layout::flex_layout] layout_flex: node=NodeKey(9158915366699663387), children.len()=1
[2026-01-11T20:04:40Z ERROR css_core::box_tree::constraint_block_layout::flex_layout] layout_flex: node=NodeKey(9158915366699663387), flex_items.len()=1
[2026-01-11T20:04:40Z ERROR css_core::box_tree::constraint_block_layout] INSERTING FLEX CONTAINER in layout_block: node=NodeKey(9158915366699663387), inline_size=100, is_measurement=true
[2026-01-11T20:04:40Z ERROR css_core::box_tree::constraint_block_layout] layout_block ENTRY: node=NodeKey(9158915366699663390)
[2026-01-11T20:04:40Z ERROR css_core::box_tree::constraint_block_layout] Checking flex: node=NodeKey(9158915366699663390), display=Flex
[2026-01-11T20:04:40Z ERROR css_core::box_tree::constraint_block_layout] IS FLEX!
[2026-01-11T20:04:40Z ERROR css_core::box_tree::constraint_block_layout::flex_layout] layout_flex: node=NodeKey(9158915366699663390), children.len()=1
[2026-01-11T20:04:40Z ERROR css_core::box_tree::constraint_block_layout::flex_layout] layout_flex: node=NodeKey(9158915366699663390), flex_items.len()=1
[2026-01-11T20:04:40Z ERROR css_core::box_tree::constraint_block_layout] INSERTING FLEX CONTAINER in layout_block: node=NodeKey(9158915366699663390), inline_size=200, is_measurement=true
[2026-01-11T20:04:40Z ERROR css_core::box_tree::constraint_block_layout] layout_block ENTRY: node=NodeKey(9158915366699663393)
[2026-01-11T20:04:40Z ERROR css_core::box_tree::constraint_block_layout] Checking flex: node=NodeKey(9158915366699663393), display=Flex
[2026-01-11T20:04:40Z ERROR css_core::box_tree::constraint_block_layout] IS FLEX!
[2026-01-11T20:04:40Z ERROR css_core::box_tree::constraint_block_layout::flex_layout] layout_flex: node=NodeKey(9158915366699663393), children.len()=1
[2026-01-11T20:04:40Z ERROR css_core::box_tree::constraint_block_layout::flex_layout] layout_flex: node=NodeKey(9158915366699663393), flex_items.len()=1
[2026-01-11T20:04:40Z ERROR css_core::box_tree::constraint_block_layout] INSERTING FLEX CONTAINER in layout_block: node=NodeKey(9158915366699663393), inline_size=100, is_measurement=true
[2026-01-11T20:04:40Z ERROR css_core::box_tree::constraint_block_layout::grid] Grid item: node=NodeKey(9158915366699663378), display=Flex
[2026-01-11T20:04:40Z ERROR css_core::box_tree::constraint_block_layout] layout_block ENTRY: node=NodeKey(9158915366699663378)
[2026-01-11T20:04:40Z ERROR css_core::box_tree::constraint_block_layout] Checking flex: node=NodeKey(9158915366699663378), display=Flex
[2026-01-11T20:04:40Z ERROR css_core::box_tree::constraint_block_layout] IS FLEX!
[2026-01-11T20:04:40Z ERROR css_core::box_tree::constraint_block_layout::flex_layout] layout_flex: node=NodeKey(9158915366699663378), children.len()=1
[2026-01-11T20:04:40Z ERROR css_core::box_tree::constraint_block_layout::flex_layout] layout_flex: node=NodeKey(9158915366699663378), flex_items.len()=1
[2026-01-11T20:04:40Z ERROR css_core::box_tree::constraint_block_layout::text] INSERTING TEXT RESULT: text='1', inline_size=10, block_size=23, single_line_height=23, glyph_height=22, is_for_measurement_only=false
[2026-01-11T20:04:40Z ERROR css_core::box_tree::constraint_block_layout] INSERTING FLEX CONTAINER in layout_block: node=NodeKey(9158915366699663378), inline_size=100, is_measurement=false
[2026-01-11T20:04:40Z ERROR css_core::box_tree::constraint_block_layout::grid] Grid item: node=NodeKey(9158915366699663381), display=Flex
[2026-01-11T20:04:40Z ERROR css_core::box_tree::constraint_block_layout] layout_block ENTRY: node=NodeKey(9158915366699663381)
[2026-01-11T20:04:40Z ERROR css_core::box_tree::constraint_block_layout] Checking flex: node=NodeKey(9158915366699663381), display=Flex
[2026-01-11T20:04:40Z ERROR css_core::box_tree::constraint_block_layout] IS FLEX!
[2026-01-11T20:04:40Z ERROR css_core::box_tree::constraint_block_layout::flex_layout] layout_flex: node=NodeKey(9158915366699663381), children.len()=1
[2026-01-11T20:04:40Z ERROR css_core::box_tree::constraint_block_layout::flex_layout] layout_flex: node=NodeKey(9158915366699663381), flex_items.len()=1
[2026-01-11T20:04:40Z ERROR css_core::box_tree::constraint_block_layout::text] INSERTING TEXT RESULT: text='2', inline_size=10, block_size=23, single_line_height=23, glyph_height=22, is_for_measurement_only=false
[2026-01-11T20:04:40Z ERROR css_core::box_tree::constraint_block_layout] INSERTING FLEX CONTAINER in layout_block: node=NodeKey(9158915366699663381), inline_size=200, is_measurement=false
[2026-01-11T20:04:40Z ERROR css_core::box_tree::constraint_block_layout::grid] Grid item: node=NodeKey(9158915366699663384), display=Flex
[2026-01-11T20:04:40Z ERROR css_core::box_tree::constraint_block_layout] layout_block ENTRY: node=NodeKey(9158915366699663384)
[2026-01-11T20:04:40Z ERROR css_core::box_tree::constraint_block_layout] Checking flex: node=NodeKey(9158915366699663384), display=Flex
[2026-01-11T20:04:40Z ERROR css_core::box_tree::constraint_block_layout] IS FLEX!
[2026-01-11T20:04:40Z ERROR css_core::box_tree::constraint_block_layout::flex_layout] layout_flex: node=NodeKey(9158915366699663384), children.len()=1
[2026-01-11T20:04:40Z ERROR css_core::box_tree::constraint_block_layout::flex_layout] layout_flex: node=NodeKey(9158915366699663384), flex_items.len()=1
[2026-01-11T20:04:40Z ERROR css_core::box_tree::constraint_block_layout::text] INSERTING TEXT RESULT: text='3', inline_size=10, block_size=23, single_line_height=23, glyph_height=22, is_for_measurement_only=false
[2026-01-11T20:04:40Z ERROR css_core::box_tree::constraint_block_layout] INSERTING FLEX CONTAINER in layout_block: node=NodeKey(9158915366699663384), inline_size=100, is_measurement=false
[2026-01-11T20:04:40Z ERROR css_core::box_tree::constraint_block_layout::grid] Grid item: node=NodeKey(9158915366699663387), display=Flex
[2026-01-11T20:04:40Z ERROR css_core::box_tree::constraint_block_layout] layout_block ENTRY: node=NodeKey(9158915366699663387)
[2026-01-11T20:04:40Z ERROR css_core::box_tree::constraint_block_layout] Checking flex: node=NodeKey(9158915366699663387), display=Flex
[2026-01-11T20:04:40Z ERROR css_core::box_tree::constraint_block_layout] IS FLEX!
[2026-01-11T20:04:40Z ERROR css_core::box_tree::constraint_block_layout::flex_layout] layout_flex: node=NodeKey(9158915366699663387), children.len()=1
[2026-01-11T20:04:40Z ERROR css_core::box_tree::constraint_block_layout::flex_layout] layout_flex: node=NodeKey(9158915366699663387), flex_items.len()=1
[2026-01-11T20:04:40Z ERROR css_core::box_tree::constraint_block_layout] INSERTING FLEX CONTAINER in layout_block: node=NodeKey(9158915366699663387), inline_size=100, is_measurement=false
[2026-01-11T20:04:40Z ERROR css_core::box_tree::constraint_block_layout::grid] Grid item: node=NodeKey(9158915366699663390), display=Flex
[2026-01-11T20:04:40Z ERROR css_core::box_tree::constraint_block_layout] layout_block ENTRY: node=NodeKey(9158915366699663390)
[2026-01-11T20:04:40Z ERROR css_core::box_tree::constraint_block_layout] Checking flex: node=NodeKey(9158915366699663390), display=Flex
[2026-01-11T20:04:40Z ERROR css_core::box_tree::constraint_block_layout] IS FLEX!
[2026-01-11T20:04:40Z ERROR css_core::box_tree::constraint_block_layout::flex_layout] layout_flex: node=NodeKey(9158915366699663390), children.len()=1
[2026-01-11T20:04:40Z ERROR css_core::box_tree::constraint_block_layout::flex_layout] layout_flex: node=NodeKey(9158915366699663390), flex_items.len()=1
[2026-01-11T20:04:40Z ERROR css_core::box_tree::constraint_block_layout] INSERTING FLEX CONTAINER in layout_block: node=NodeKey(9158915366699663390), inline_size=200, is_measurement=false
[2026-01-11T20:04:40Z ERROR css_core::box_tree::constraint_block_layout::grid] Grid item: node=NodeKey(9158915366699663393), display=Flex
[2026-01-11T20:04:40Z ERROR css_core::box_tree::constraint_block_layout] layout_block ENTRY: node=NodeKey(9158915366699663393)
[2026-01-11T20:04:40Z ERROR css_core::box_tree::constraint_block_layout] Checking flex: node=NodeKey(9158915366699663393), display=Flex
[2026-01-11T20:04:40Z ERROR css_core::box_tree::constraint_block_layout] IS FLEX!
[2026-01-11T20:04:40Z ERROR css_core::box_tree::constraint_block_layout::flex_layout] layout_flex: node=NodeKey(9158915366699663393), children.len()=1
[2026-01-11T20:04:40Z ERROR css_core::box_tree::constraint_block_layout::flex_layout] layout_flex: node=NodeKey(9158915366699663393), flex_items.len()=1
[2026-01-11T20:04:40Z ERROR css_core::box_tree::constraint_block_layout] INSERTING FLEX CONTAINER in layout_block: node=NodeKey(9158915366699663393), inline_size=100, is_measurement=false
[2026-01-11T20:04:40Z ERROR page_handler::core::incremental_layout] LAYOUT TREE COMPLETE - generation 1, total results: 18
[2026-01-11T20:04:40Z ERROR page_handler::core::incremental_layout] RUNNING LAYOUT TREE - generation 1
[2026-01-11T20:04:40Z ERROR css_core::box_tree::constraint_block_layout] layout_block ENTRY: node=NodeKey(2665006179008118786)
[2026-01-11T20:04:40Z ERROR css_core::box_tree::constraint_block_layout] Checking flex: node=NodeKey(2665006179008118786), display=Block
[2026-01-11T20:04:40Z ERROR css_core::box_tree::constraint_block_layout] layout_block ENTRY: node=NodeKey(2665006179008118798)
[2026-01-11T20:04:40Z ERROR css_core::box_tree::constraint_block_layout] Checking flex: node=NodeKey(2665006179008118798), display=Block
[2026-01-11T20:04:40Z ERROR css_core::box_tree::constraint_block_layout] layout_block ENTRY: node=NodeKey(2665006179008118800)
[2026-01-11T20:04:40Z ERROR css_core::box_tree::constraint_block_layout] Checking flex: node=NodeKey(2665006179008118800), display=Grid
[2026-01-11T20:04:40Z ERROR css_core::box_tree::constraint_block_layout] layout_block ENTRY: node=NodeKey(2665006179008118802)
[2026-01-11T20:04:40Z ERROR css_core::box_tree::constraint_block_layout] Checking flex: node=NodeKey(2665006179008118802), display=Block
[2026-01-11T20:04:40Z ERROR css_core::box_tree::constraint_block_layout] layout_block ENTRY: node=NodeKey(2665006179008118804)
[2026-01-11T20:04:40Z ERROR css_core::box_tree::constraint_block_layout] Checking flex: node=NodeKey(2665006179008118804), display=Block
[2026-01-11T20:04:40Z ERROR css_core::box_tree::constraint_block_layout] layout_block ENTRY: node=NodeKey(2665006179008118806)
[2026-01-11T20:04:40Z ERROR css_core::box_tree::constraint_block_layout] Checking flex: node=NodeKey(2665006179008118806), display=Block
[2026-01-11T20:04:40Z ERROR css_core::box_tree::constraint_block_layout] layout_block ENTRY: node=NodeKey(2665006179008118808)
[2026-01-11T20:04:40Z ERROR css_core::box_tree::constraint_block_layout] Checking flex: node=NodeKey(2665006179008118808), display=Block
[2026-01-11T20:04:40Z ERROR css_core::box_tree::constraint_block_layout] layout_block ENTRY: node=NodeKey(2665006179008118802)
[2026-01-11T20:04:40Z ERROR css_core::box_tree::constraint_block_layout] Checking flex: node=NodeKey(2665006179008118802), display=Block
[2026-01-11T20:04:40Z ERROR css_core::box_tree::constraint_block_layout] layout_block ENTRY: node=NodeKey(2665006179008118804)
[2026-01-11T20:04:40Z ERROR css_core::box_tree::constraint_block_layout] Checking flex: node=NodeKey(2665006179008118804), display=Block
[2026-01-11T20:04:40Z ERROR css_core::box_tree::constraint_block_layout] layout_block ENTRY: node=NodeKey(2665006179008118806)
[2026-01-11T20:04:40Z ERROR css_core::box_tree::constraint_block_layout] Checking flex: node=NodeKey(2665006179008118806), display=Block
[2026-01-11T20:04:40Z ERROR css_core::box_tree::constraint_block_layout] layout_block ENTRY: node=NodeKey(2665006179008118808)
[2026-01-11T20:04:40Z ERROR css_core::box_tree::constraint_block_layout] Checking flex: node=NodeKey(2665006179008118808), display=Block
[2026-01-11T20:04:40Z ERROR css_core::box_tree::constraint_block_layout::grid] Grid item: node=NodeKey(2665006179008118802), display=Block
[2026-01-11T20:04:40Z ERROR css_core::box_tree::constraint_block_layout] layout_block ENTRY: node=NodeKey(2665006179008118802)
[2026-01-11T20:04:40Z ERROR css_core::box_tree::constraint_block_layout] Checking flex: node=NodeKey(2665006179008118802), display=Block
[2026-01-11T20:04:40Z ERROR css_core::box_tree::constraint_block_layout::grid] Grid item: node=NodeKey(2665006179008118804), display=Block
[2026-01-11T20:04:40Z ERROR css_core::box_tree::constraint_block_layout] layout_block ENTRY: node=NodeKey(2665006179008118804)
[2026-01-11T20:04:40Z ERROR css_core::box_tree::constraint_block_layout] Checking flex: node=NodeKey(2665006179008118804), display=Block
[2026-01-11T20:04:40Z ERROR css_core::box_tree::constraint_block_layout::grid] Grid item: node=NodeKey(2665006179008118806), display=Block
[2026-01-11T20:04:40Z ERROR css_core::box_tree::constraint_block_layout] layout_block ENTRY: node=NodeKey(2665006179008118806)
[2026-01-11T20:04:40Z ERROR css_core::box_tree::constraint_block_layout] Checking flex: node=NodeKey(2665006179008118806), display=Block
[2026-01-11T20:04:40Z ERROR css_core::box_tree::constraint_block_layout::grid] Grid item: node=NodeKey(2665006179008118808), display=Block
[2026-01-11T20:04:40Z ERROR css_core::box_tree::constraint_block_layout] layout_block ENTRY: node=NodeKey(2665006179008118808)
[2026-01-11T20:04:40Z ERROR css_core::box_tree::constraint_block_layout] Checking flex: node=NodeKey(2665006179008118808), display=Block
[2026-01-11T20:04:40Z ERROR page_handler::core::incremental_layout] LAYOUT TREE COMPLETE - generation 1, total results: 10
[2026-01-11T20:04:40Z ERROR page_handler::core::incremental_layout] RUNNING LAYOUT TREE - generation 1
[2026-01-11T20:04:40Z ERROR css_core::box_tree::constraint_block_layout] layout_block ENTRY: node=NodeKey(1571194419510509570)
[2026-01-11T20:04:40Z ERROR css_core::box_tree::constraint_block_layout] Checking flex: node=NodeKey(1571194419510509570), display=Block
[2026-01-11T20:04:40Z ERROR css_core::box_tree::constraint_block_layout] layout_block ENTRY: node=NodeKey(1571194419510509582)
[2026-01-11T20:04:40Z ERROR css_core::box_tree::constraint_block_layout] Checking flex: node=NodeKey(1571194419510509582), display=Block
[2026-01-11T20:04:40Z ERROR css_core::box_tree::constraint_block_layout] layout_block ENTRY: node=NodeKey(1571194419510509584)
[2026-01-11T20:04:40Z ERROR css_core::box_tree::constraint_block_layout] Checking flex: node=NodeKey(1571194419510509584), display=Grid
[2026-01-11T20:04:40Z ERROR css_core::box_tree::constraint_block_layout] layout_block ENTRY: node=NodeKey(1571194419510509586)
[2026-01-11T20:04:40Z ERROR css_core::box_tree::constraint_block_layout] Checking flex: node=NodeKey(1571194419510509586), display=Block
[2026-01-11T20:04:40Z ERROR css_core::box_tree::constraint_block_layout] layout_block ENTRY: node=NodeKey(1571194419510509589)
[2026-01-11T20:04:40Z ERROR css_core::box_tree::constraint_block_layout] Checking flex: node=NodeKey(1571194419510509589), display=Block
[2026-01-11T20:04:40Z ERROR css_core::box_tree::constraint_block_layout] layout_block ENTRY: node=NodeKey(1571194419510509592)
[2026-01-11T20:04:40Z ERROR css_core::box_tree::constraint_block_layout] Checking flex: node=NodeKey(1571194419510509592), display=Block
[2026-01-11T20:04:40Z ERROR css_core::box_tree::constraint_block_layout] layout_block ENTRY: node=NodeKey(1571194419510509595)
[2026-01-11T20:04:40Z ERROR css_core::box_tree::constraint_block_layout] Checking flex: node=NodeKey(1571194419510509595), display=Block
[2026-01-11T20:04:40Z ERROR css_core::box_tree::constraint_block_layout] layout_block ENTRY: node=NodeKey(1571194419510509598)
[2026-01-11T20:04:40Z ERROR css_core::box_tree::constraint_block_layout] Checking flex: node=NodeKey(1571194419510509598), display=Block
[2026-01-11T20:04:40Z ERROR css_core::box_tree::constraint_block_layout] layout_block ENTRY: node=NodeKey(1571194419510509601)
[2026-01-11T20:04:40Z ERROR css_core::box_tree::constraint_block_layout] Checking flex: node=NodeKey(1571194419510509601), display=Block
[2026-01-11T20:04:40Z ERROR css_core::box_tree::constraint_block_layout] layout_block ENTRY: node=NodeKey(1571194419510509586)
[2026-01-11T20:04:40Z ERROR css_core::box_tree::constraint_block_layout] Checking flex: node=NodeKey(1571194419510509586), display=Block
[2026-01-11T20:04:40Z ERROR css_core::box_tree::constraint_block_layout] layout_block ENTRY: node=NodeKey(1571194419510509589)
[2026-01-11T20:04:40Z ERROR css_core::box_tree::constraint_block_layout] Checking flex: node=NodeKey(1571194419510509589), display=Block
[2026-01-11T20:04:40Z ERROR css_core::box_tree::constraint_block_layout] layout_block ENTRY: node=NodeKey(1571194419510509592)
[2026-01-11T20:04:40Z ERROR css_core::box_tree::constraint_block_layout] Checking flex: node=NodeKey(1571194419510509592), display=Block
[2026-01-11T20:04:40Z ERROR css_core::box_tree::constraint_block_layout] layout_block ENTRY: node=NodeKey(1571194419510509595)
[2026-01-11T20:04:40Z ERROR css_core::box_tree::constraint_block_layout] Checking flex: node=NodeKey(1571194419510509595), display=Block
[2026-01-11T20:04:40Z ERROR css_core::box_tree::constraint_block_layout] layout_block ENTRY: node=NodeKey(1571194419510509598)
[2026-01-11T20:04:40Z ERROR css_core::box_tree::constraint_block_layout] Checking flex: node=NodeKey(1571194419510509598), display=Block
[2026-01-11T20:04:40Z ERROR css_core::box_tree::constraint_block_layout] layout_block ENTRY: node=NodeKey(1571194419510509601)
[2026-01-11T20:04:40Z ERROR css_core::box_tree::constraint_block_layout] Checking flex: node=NodeKey(1571194419510509601), display=Block
[2026-01-11T20:04:40Z ERROR css_core::box_tree::constraint_block_layout::grid] Grid item: node=NodeKey(1571194419510509586), display=Block
[2026-01-11T20:04:40Z ERROR css_core::box_tree::constraint_block_layout] layout_block ENTRY: node=NodeKey(1571194419510509586)
[2026-01-11T20:04:40Z ERROR css_core::box_tree::constraint_block_layout] Checking flex: node=NodeKey(1571194419510509586), display=Block
[2026-01-11T20:04:40Z ERROR css_core::box_tree::constraint_block_layout::grid] Grid item: node=NodeKey(1571194419510509589), display=Block
[2026-01-11T20:04:40Z ERROR css_core::box_tree::constraint_block_layout] layout_block ENTRY: node=NodeKey(1571194419510509589)
[2026-01-11T20:04:40Z ERROR css_core::box_tree::constraint_block_layout] Checking flex: node=NodeKey(1571194419510509589), display=Block
[2026-01-11T20:04:40Z ERROR css_core::box_tree::constraint_block_layout::grid] Grid item: node=NodeKey(1571194419510509592), display=Block
[2026-01-11T20:04:40Z ERROR css_core::box_tree::constraint_block_layout] layout_block ENTRY: node=NodeKey(1571194419510509592)
[2026-01-11T20:04:40Z ERROR css_core::box_tree::constraint_block_layout] Checking flex: node=NodeKey(1571194419510509592), display=Block
[2026-01-11T20:04:40Z ERROR css_core::box_tree::constraint_block_layout::grid] Grid item: node=NodeKey(1571194419510509595), display=Block
[2026-01-11T20:04:40Z ERROR css_core::box_tree::constraint_block_layout] layout_block ENTRY: node=NodeKey(1571194419510509595)
[2026-01-11T20:04:40Z ERROR css_core::box_tree::constraint_block_layout] Checking flex: node=NodeKey(1571194419510509595), display=Block
[2026-01-11T20:04:40Z ERROR css_core::box_tree::constraint_block_layout::grid] Grid item: node=NodeKey(1571194419510509598), display=Block
[2026-01-11T20:04:40Z ERROR css_core::box_tree::constraint_block_layout] layout_block ENTRY: node=NodeKey(1571194419510509598)
[2026-01-11T20:04:40Z ERROR css_core::box_tree::constraint_block_layout] Checking flex: node=NodeKey(1571194419510509598), display=Block
[2026-01-11T20:04:40Z ERROR css_core::box_tree::constraint_block_layout::grid] Grid item: node=NodeKey(1571194419510509601), display=Block
[2026-01-11T20:04:40Z ERROR css_core::box_tree::constraint_block_layout] layout_block ENTRY: node=NodeKey(1571194419510509601)
[2026-01-11T20:04:40Z ERROR css_core::box_tree::constraint_block_layout] Checking flex: node=NodeKey(1571194419510509601), display=Block
[2026-01-11T20:04:40Z ERROR page_handler::core::incremental_layout] LAYOUT TREE COMPLETE - generation 1, total results: 18
[2026-01-11T20:04:40Z ERROR page_handler::core::incremental_layout] RUNNING LAYOUT TREE - generation 1
[2026-01-11T20:04:40Z ERROR css_core::box_tree::constraint_block_layout] layout_block ENTRY: node=NodeKey(14755763803614347266)
[2026-01-11T20:04:40Z ERROR css_core::box_tree::constraint_block_layout] Checking flex: node=NodeKey(14755763803614347266), display=Block
[2026-01-11T20:04:40Z ERROR css_core::box_tree::constraint_block_layout] layout_block ENTRY: node=NodeKey(14755763803614347278)
[2026-01-11T20:04:40Z ERROR css_core::box_tree::constraint_block_layout] Checking flex: node=NodeKey(14755763803614347278), display=Block
[2026-01-11T20:04:40Z ERROR css_core::box_tree::constraint_block_layout] layout_block ENTRY: node=NodeKey(14755763803614347280)
[2026-01-11T20:04:40Z ERROR css_core::box_tree::constraint_block_layout] Checking flex: node=NodeKey(14755763803614347280), display=Grid
[2026-01-11T20:04:40Z ERROR css_core::box_tree::constraint_block_layout] layout_block ENTRY: node=NodeKey(14755763803614347282)
[2026-01-11T20:04:40Z ERROR css_core::box_tree::constraint_block_layout] Checking flex: node=NodeKey(14755763803614347282), display=Block
[2026-01-11T20:04:40Z ERROR css_core::box_tree::constraint_block_layout] layout_block ENTRY: node=NodeKey(14755763803614347284)
[2026-01-11T20:04:40Z ERROR css_core::box_tree::constraint_block_layout] Checking flex: node=NodeKey(14755763803614347284), display=Block
[2026-01-11T20:04:40Z ERROR css_core::box_tree::constraint_block_layout] layout_block ENTRY: node=NodeKey(14755763803614347286)
[2026-01-11T20:04:40Z ERROR css_core::box_tree::constraint_block_layout] Checking flex: node=NodeKey(14755763803614347286), display=Block
[2026-01-11T20:04:40Z ERROR css_core::box_tree::constraint_block_layout] layout_block ENTRY: node=NodeKey(14755763803614347282)
[2026-01-11T20:04:40Z ERROR css_core::box_tree::constraint_block_layout] Checking flex: node=NodeKey(14755763803614347282), display=Block
[2026-01-11T20:04:40Z ERROR css_core::box_tree::constraint_block_layout] layout_block ENTRY: node=NodeKey(14755763803614347284)
[2026-01-11T20:04:40Z ERROR css_core::box_tree::constraint_block_layout] Checking flex: node=NodeKey(14755763803614347284), display=Block
[2026-01-11T20:04:40Z ERROR css_core::box_tree::constraint_block_layout] layout_block ENTRY: node=NodeKey(14755763803614347286)
[2026-01-11T20:04:40Z ERROR css_core::box_tree::constraint_block_layout] Checking flex: node=NodeKey(14755763803614347286), display=Block
[2026-01-11T20:04:40Z ERROR css_core::box_tree::constraint_block_layout::grid] Grid item: node=NodeKey(14755763803614347282), display=Block
[2026-01-11T20:04:40Z ERROR css_core::box_tree::constraint_block_layout] layout_block ENTRY: node=NodeKey(14755763803614347282)
[2026-01-11T20:04:40Z ERROR css_core::box_tree::constraint_block_layout] Checking flex: node=NodeKey(14755763803614347282), display=Block
[2026-01-11T20:04:40Z ERROR css_core::box_tree::constraint_block_layout::grid] Grid item: node=NodeKey(14755763803614347284), display=Block
[2026-01-11T20:04:40Z ERROR css_core::box_tree::constraint_block_layout] layout_block ENTRY: node=NodeKey(14755763803614347284)
[2026-01-11T20:04:40Z ERROR css_core::box_tree::constraint_block_layout] Checking flex: node=NodeKey(14755763803614347284), display=Block
[2026-01-11T20:04:40Z ERROR css_core::box_tree::constraint_block_layout::grid] Grid item: node=NodeKey(14755763803614347286), display=Block
[2026-01-11T20:04:40Z ERROR css_core::box_tree::constraint_block_layout] layout_block ENTRY: node=NodeKey(14755763803614347286)
[2026-01-11T20:04:40Z ERROR css_core::box_tree::constraint_block_layout] Checking flex: node=NodeKey(14755763803614347286), display=Block
[2026-01-11T20:04:40Z ERROR page_handler::core::incremental_layout] LAYOUT TREE COMPLETE - generation 1, total results: 9
[2026-01-11T20:04:40Z ERROR page_handler::core::incremental_layout] RUNNING LAYOUT TREE - generation 1
[2026-01-11T20:04:40Z ERROR css_core::box_tree::constraint_block_layout] layout_block ENTRY: node=NodeKey(13409468990007279618)
[2026-01-11T20:04:40Z ERROR css_core::box_tree::constraint_block_layout] Checking flex: node=NodeKey(13409468990007279618), display=Block
[2026-01-11T20:04:40Z ERROR css_core::box_tree::constraint_block_layout] layout_block ENTRY: node=NodeKey(13409468990007279630)
[2026-01-11T20:04:40Z ERROR css_core::box_tree::constraint_block_layout] Checking flex: node=NodeKey(13409468990007279630), display=Block
[2026-01-11T20:04:40Z ERROR css_core::box_tree::constraint_block_layout] layout_block ENTRY: node=NodeKey(13409468990007279632)
[2026-01-11T20:04:40Z ERROR css_core::box_tree::constraint_block_layout] Checking flex: node=NodeKey(13409468990007279632), display=Grid
[2026-01-11T20:04:40Z ERROR css_core::box_tree::constraint_block_layout] layout_block ENTRY: node=NodeKey(13409468990007279634)
[2026-01-11T20:04:40Z ERROR css_core::box_tree::constraint_block_layout] Checking flex: node=NodeKey(13409468990007279634), display=Block
[2026-01-11T20:04:40Z ERROR css_core::box_tree::constraint_block_layout] layout_block ENTRY: node=NodeKey(13409468990007279636)
[2026-01-11T20:04:40Z ERROR css_core::box_tree::constraint_block_layout] Checking flex: node=NodeKey(13409468990007279636), display=Block
[2026-01-11T20:04:40Z ERROR css_core::box_tree::constraint_block_layout] layout_block ENTRY: node=NodeKey(13409468990007279638)
[2026-01-11T20:04:40Z ERROR css_core::box_tree::constraint_block_layout] Checking flex: node=NodeKey(13409468990007279638), display=Block
[2026-01-11T20:04:40Z ERROR css_core::box_tree::constraint_block_layout] layout_block ENTRY: node=NodeKey(13409468990007279640)
[2026-01-11T20:04:40Z ERROR css_core::box_tree::constraint_block_layout] Checking flex: node=NodeKey(13409468990007279640), display=Block
[2026-01-11T20:04:40Z ERROR css_core::box_tree::constraint_block_layout] layout_block ENTRY: node=NodeKey(13409468990007279634)
[2026-01-11T20:04:40Z ERROR css_core::box_tree::constraint_block_layout] Checking flex: node=NodeKey(13409468990007279634), display=Block
[2026-01-11T20:04:40Z ERROR css_core::box_tree::constraint_block_layout] layout_block ENTRY: node=NodeKey(13409468990007279636)
[2026-01-11T20:04:40Z ERROR css_core::box_tree::constraint_block_layout] Checking flex: node=NodeKey(13409468990007279636), display=Block
[2026-01-11T20:04:40Z ERROR css_core::box_tree::constraint_block_layout] layout_block ENTRY: node=NodeKey(13409468990007279638)
[2026-01-11T20:04:40Z ERROR css_core::box_tree::constraint_block_layout] Checking flex: node=NodeKey(13409468990007279638), display=Block
[2026-01-11T20:04:40Z ERROR css_core::box_tree::constraint_block_layout] layout_block ENTRY: node=NodeKey(13409468990007279640)
[2026-01-11T20:04:40Z ERROR css_core::box_tree::constraint_block_layout] Checking flex: node=NodeKey(13409468990007279640), display=Block
[2026-01-11T20:04:40Z ERROR css_core::box_tree::constraint_block_layout::grid] Grid item: node=NodeKey(13409468990007279634), display=Block
[2026-01-11T20:04:40Z ERROR css_core::box_tree::constraint_block_layout] layout_block ENTRY: node=NodeKey(13409468990007279634)
[2026-01-11T20:04:40Z ERROR css_core::box_tree::constraint_block_layout] Checking flex: node=NodeKey(13409468990007279634), display=Block
[2026-01-11T20:04:40Z ERROR css_core::box_tree::constraint_block_layout::grid] Grid item: node=NodeKey(13409468990007279636), display=Block
[2026-01-11T20:04:40Z ERROR css_core::box_tree::constraint_block_layout] layout_block ENTRY: node=NodeKey(13409468990007279636)
[2026-01-11T20:04:40Z ERROR css_core::box_tree::constraint_block_layout] Checking flex: node=NodeKey(13409468990007279636), display=Block
[2026-01-11T20:04:40Z ERROR css_core::box_tree::constraint_block_layout::grid] Grid item: node=NodeKey(13409468990007279638), display=Block
[2026-01-11T20:04:40Z ERROR css_core::box_tree::constraint_block_layout] layout_block ENTRY: node=NodeKey(13409468990007279638)
[2026-01-11T20:04:40Z ERROR css_core::box_tree::constraint_block_layout] Checking flex: node=NodeKey(13409468990007279638), display=Block
[2026-01-11T20:04:40Z ERROR css_core::box_tree::constraint_block_layout::grid] Grid item: node=NodeKey(13409468990007279640), display=Block
[2026-01-11T20:04:40Z ERROR css_core::box_tree::constraint_block_layout] layout_block ENTRY: node=NodeKey(13409468990007279640)
[2026-01-11T20:04:40Z ERROR css_core::box_tree::constraint_block_layout] Checking flex: node=NodeKey(13409468990007279640), display=Block
[2026-01-11T20:04:40Z ERROR page_handler::core::incremental_layout] LAYOUT TREE COMPLETE - generation 1, total results: 10
[2026-01-11T20:04:40Z ERROR page_handler::core::incremental_layout] RUNNING LAYOUT TREE - generation 1
[2026-01-11T20:04:40Z ERROR css_core::box_tree::constraint_block_layout] layout_block ENTRY: node=NodeKey(6856168582229786626)
[2026-01-11T20:04:40Z ERROR css_core::box_tree::constraint_block_layout] Checking flex: node=NodeKey(6856168582229786626), display=Block
[2026-01-11T20:04:40Z ERROR css_core::box_tree::constraint_block_layout] layout_block ENTRY: node=NodeKey(6856168582229786638)
[2026-01-11T20:04:40Z ERROR css_core::box_tree::constraint_block_layout] Checking flex: node=NodeKey(6856168582229786638), display=Block
[2026-01-11T20:04:40Z ERROR css_core::box_tree::constraint_block_layout] layout_block ENTRY: node=NodeKey(6856168582229786640)
[2026-01-11T20:04:40Z ERROR css_core::box_tree::constraint_block_layout] Checking flex: node=NodeKey(6856168582229786640), display=Grid
[2026-01-11T20:04:40Z ERROR css_core::box_tree::constraint_block_layout] layout_block ENTRY: node=NodeKey(6856168582229786642)
[2026-01-11T20:04:40Z ERROR css_core::box_tree::constraint_block_layout] Checking flex: node=NodeKey(6856168582229786642), display=Flex
[2026-01-11T20:04:40Z ERROR css_core::box_tree::constraint_block_layout] IS FLEX!
[2026-01-11T20:04:40Z ERROR css_core::box_tree::constraint_block_layout::flex_layout] layout_flex: node=NodeKey(6856168582229786642), children.len()=1
[2026-01-11T20:04:40Z ERROR css_core::box_tree::constraint_block_layout::flex_layout] layout_flex: node=NodeKey(6856168582229786642), flex_items.len()=1
[2026-01-11T20:04:40Z ERROR css_core::box_tree::constraint_block_layout] INSERTING FLEX CONTAINER in layout_block: node=NodeKey(6856168582229786642), inline_size=800, is_measurement=true
[2026-01-11T20:04:40Z ERROR css_core::box_tree::constraint_block_layout] layout_block ENTRY: node=NodeKey(6856168582229786645)
[2026-01-11T20:04:40Z ERROR css_core::box_tree::constraint_block_layout] Checking flex: node=NodeKey(6856168582229786645), display=Flex
[2026-01-11T20:04:40Z ERROR css_core::box_tree::constraint_block_layout] IS FLEX!
[2026-01-11T20:04:40Z ERROR css_core::box_tree::constraint_block_layout::flex_layout] layout_flex: node=NodeKey(6856168582229786645), children.len()=1
[2026-01-11T20:04:40Z ERROR css_core::box_tree::constraint_block_layout::flex_layout] layout_flex: node=NodeKey(6856168582229786645), flex_items.len()=1
[2026-01-11T20:04:40Z ERROR css_core::box_tree::constraint_block_layout] INSERTING FLEX CONTAINER in layout_block: node=NodeKey(6856168582229786645), inline_size=800, is_measurement=true
[2026-01-11T20:04:40Z ERROR css_core::box_tree::constraint_block_layout] layout_block ENTRY: node=NodeKey(6856168582229786648)
[2026-01-11T20:04:40Z ERROR css_core::box_tree::constraint_block_layout] Checking flex: node=NodeKey(6856168582229786648), display=Flex
[2026-01-11T20:04:40Z ERROR css_core::box_tree::constraint_block_layout] IS FLEX!
[2026-01-11T20:04:40Z ERROR css_core::box_tree::constraint_block_layout::flex_layout] layout_flex: node=NodeKey(6856168582229786648), children.len()=1
[2026-01-11T20:04:40Z ERROR css_core::box_tree::constraint_block_layout::flex_layout] layout_flex: node=NodeKey(6856168582229786648), flex_items.len()=1
[2026-01-11T20:04:40Z ERROR css_core::box_tree::constraint_block_layout] INSERTING FLEX CONTAINER in layout_block: node=NodeKey(6856168582229786648), inline_size=800, is_measurement=true
[2026-01-11T20:04:40Z ERROR css_core::box_tree::constraint_block_layout] layout_block ENTRY: node=NodeKey(6856168582229786651)
[2026-01-11T20:04:40Z ERROR css_core::box_tree::constraint_block_layout] Checking flex: node=NodeKey(6856168582229786651), display=Flex
[2026-01-11T20:04:40Z ERROR css_core::box_tree::constraint_block_layout] IS FLEX!
[2026-01-11T20:04:40Z ERROR css_core::box_tree::constraint_block_layout::flex_layout] layout_flex: node=NodeKey(6856168582229786651), children.len()=1
[2026-01-11T20:04:40Z ERROR css_core::box_tree::constraint_block_layout::flex_layout] layout_flex: node=NodeKey(6856168582229786651), flex_items.len()=1
[2026-01-11T20:04:40Z ERROR css_core::box_tree::constraint_block_layout] INSERTING FLEX CONTAINER in layout_block: node=NodeKey(6856168582229786651), inline_size=800, is_measurement=true
[2026-01-11T20:04:40Z ERROR css_core::box_tree::constraint_block_layout] layout_block ENTRY: node=NodeKey(6856168582229786654)
[2026-01-11T20:04:40Z ERROR css_core::box_tree::constraint_block_layout] Checking flex: node=NodeKey(6856168582229786654), display=Flex
[2026-01-11T20:04:40Z ERROR css_core::box_tree::constraint_block_layout] IS FLEX!
[2026-01-11T20:04:40Z ERROR css_core::box_tree::constraint_block_layout::flex_layout] layout_flex: node=NodeKey(6856168582229786654), children.len()=1
[2026-01-11T20:04:40Z ERROR css_core::box_tree::constraint_block_layout::flex_layout] layout_flex: node=NodeKey(6856168582229786654), flex_items.len()=1
[2026-01-11T20:04:40Z ERROR css_core::box_tree::constraint_block_layout] INSERTING FLEX CONTAINER in layout_block: node=NodeKey(6856168582229786654), inline_size=800, is_measurement=true
[2026-01-11T20:04:40Z ERROR css_core::box_tree::constraint_block_layout] layout_block ENTRY: node=NodeKey(6856168582229786657)
[2026-01-11T20:04:40Z ERROR css_core::box_tree::constraint_block_layout] Checking flex: node=NodeKey(6856168582229786657), display=Flex
[2026-01-11T20:04:40Z ERROR css_core::box_tree::constraint_block_layout] IS FLEX!
[2026-01-11T20:04:40Z ERROR css_core::box_tree::constraint_block_layout::flex_layout] layout_flex: node=NodeKey(6856168582229786657), children.len()=1
[2026-01-11T20:04:40Z ERROR css_core::box_tree::constraint_block_layout::flex_layout] layout_flex: node=NodeKey(6856168582229786657), flex_items.len()=1
[2026-01-11T20:04:40Z ERROR css_core::box_tree::constraint_block_layout] INSERTING FLEX CONTAINER in layout_block: node=NodeKey(6856168582229786657), inline_size=800, is_measurement=true
[2026-01-11T20:04:40Z ERROR css_core::box_tree::constraint_block_layout] layout_block ENTRY: node=NodeKey(6856168582229786660)
[2026-01-11T20:04:40Z ERROR css_core::box_tree::constraint_block_layout] Checking flex: node=NodeKey(6856168582229786660), display=Flex
[2026-01-11T20:04:40Z ERROR css_core::box_tree::constraint_block_layout] IS FLEX!
[2026-01-11T20:04:40Z ERROR css_core::box_tree::constraint_block_layout::flex_layout] layout_flex: node=NodeKey(6856168582229786660), children.len()=1
[2026-01-11T20:04:40Z ERROR css_core::box_tree::constraint_block_layout::flex_layout] layout_flex: node=NodeKey(6856168582229786660), flex_items.len()=1
[2026-01-11T20:04:40Z ERROR css_core::box_tree::constraint_block_layout] INSERTING FLEX CONTAINER in layout_block: node=NodeKey(6856168582229786660), inline_size=800, is_measurement=true
[2026-01-11T20:04:40Z ERROR css_core::box_tree::constraint_block_layout] layout_block ENTRY: node=NodeKey(6856168582229786663)
[2026-01-11T20:04:40Z ERROR css_core::box_tree::constraint_block_layout] Checking flex: node=NodeKey(6856168582229786663), display=Flex
[2026-01-11T20:04:40Z ERROR css_core::box_tree::constraint_block_layout] IS FLEX!
[2026-01-11T20:04:40Z ERROR css_core::box_tree::constraint_block_layout::flex_layout] layout_flex: node=NodeKey(6856168582229786663), children.len()=1
[2026-01-11T20:04:40Z ERROR css_core::box_tree::constraint_block_layout::flex_layout] layout_flex: node=NodeKey(6856168582229786663), flex_items.len()=1
[2026-01-11T20:04:40Z ERROR css_core::box_tree::constraint_block_layout] INSERTING FLEX CONTAINER in layout_block: node=NodeKey(6856168582229786663), inline_size=800, is_measurement=true
[2026-01-11T20:04:40Z ERROR css_core::box_tree::constraint_block_layout] layout_block ENTRY: node=NodeKey(6856168582229786642)
[2026-01-11T20:04:40Z ERROR css_core::box_tree::constraint_block_layout] Checking flex: node=NodeKey(6856168582229786642), display=Flex
[2026-01-11T20:04:40Z ERROR css_core::box_tree::constraint_block_layout] IS FLEX!
[2026-01-11T20:04:40Z ERROR css_core::box_tree::constraint_block_layout::flex_layout] layout_flex: node=NodeKey(6856168582229786642), children.len()=1
[2026-01-11T20:04:40Z ERROR css_core::box_tree::constraint_block_layout::flex_layout] layout_flex: node=NodeKey(6856168582229786642), flex_items.len()=1
[2026-01-11T20:04:40Z ERROR css_core::box_tree::constraint_block_layout] INSERTING FLEX CONTAINER in layout_block: node=NodeKey(6856168582229786642), inline_size=150, is_measurement=true
[2026-01-11T20:04:40Z ERROR css_core::box_tree::constraint_block_layout] layout_block ENTRY: node=NodeKey(6856168582229786645)
[2026-01-11T20:04:40Z ERROR css_core::box_tree::constraint_block_layout] Checking flex: node=NodeKey(6856168582229786645), display=Flex
[2026-01-11T20:04:40Z ERROR css_core::box_tree::constraint_block_layout] IS FLEX!
[2026-01-11T20:04:40Z ERROR css_core::box_tree::constraint_block_layout::flex_layout] layout_flex: node=NodeKey(6856168582229786645), children.len()=1
[2026-01-11T20:04:40Z ERROR css_core::box_tree::constraint_block_layout::flex_layout] layout_flex: node=NodeKey(6856168582229786645), flex_items.len()=1
[2026-01-11T20:04:40Z ERROR css_core::box_tree::constraint_block_layout] INSERTING FLEX CONTAINER in layout_block: node=NodeKey(6856168582229786645), inline_size=150, is_measurement=true
[2026-01-11T20:04:40Z ERROR css_core::box_tree::constraint_block_layout] layout_block ENTRY: node=NodeKey(6856168582229786648)
[2026-01-11T20:04:40Z ERROR css_core::box_tree::constraint_block_layout] Checking flex: node=NodeKey(6856168582229786648), display=Flex
[2026-01-11T20:04:40Z ERROR css_core::box_tree::constraint_block_layout] IS FLEX!
[2026-01-11T20:04:40Z ERROR css_core::box_tree::constraint_block_layout::flex_layout] layout_flex: node=NodeKey(6856168582229786648), children.len()=1
[2026-01-11T20:04:40Z ERROR css_core::box_tree::constraint_block_layout::flex_layout] layout_flex: node=NodeKey(6856168582229786648), flex_items.len()=1
[2026-01-11T20:04:40Z ERROR css_core::box_tree::constraint_block_layout] INSERTING FLEX CONTAINER in layout_block: node=NodeKey(6856168582229786648), inline_size=150, is_measurement=true
[2026-01-11T20:04:40Z ERROR css_core::box_tree::constraint_block_layout] layout_block ENTRY: node=NodeKey(6856168582229786651)
[2026-01-11T20:04:40Z ERROR css_core::box_tree::constraint_block_layout] Checking flex: node=NodeKey(6856168582229786651), display=Flex
[2026-01-11T20:04:40Z ERROR css_core::box_tree::constraint_block_layout] IS FLEX!
[2026-01-11T20:04:40Z ERROR css_core::box_tree::constraint_block_layout::flex_layout] layout_flex: node=NodeKey(6856168582229786651), children.len()=1
[2026-01-11T20:04:40Z ERROR css_core::box_tree::constraint_block_layout::flex_layout] layout_flex: node=NodeKey(6856168582229786651), flex_items.len()=1
[2026-01-11T20:04:40Z ERROR css_core::box_tree::constraint_block_layout] INSERTING FLEX CONTAINER in layout_block: node=NodeKey(6856168582229786651), inline_size=150, is_measurement=true
[2026-01-11T20:04:40Z ERROR css_core::box_tree::constraint_block_layout] layout_block ENTRY: node=NodeKey(6856168582229786654)
[2026-01-11T20:04:40Z ERROR css_core::box_tree::constraint_block_layout] Checking flex: node=NodeKey(6856168582229786654), display=Flex
[2026-01-11T20:04:40Z ERROR css_core::box_tree::constraint_block_layout] IS FLEX!
[2026-01-11T20:04:40Z ERROR css_core::box_tree::constraint_block_layout::flex_layout] layout_flex: node=NodeKey(6856168582229786654), children.len()=1
[2026-01-11T20:04:40Z ERROR css_core::box_tree::constraint_block_layout::flex_layout] layout_flex: node=NodeKey(6856168582229786654), flex_items.len()=1
[2026-01-11T20:04:40Z ERROR css_core::box_tree::constraint_block_layout] INSERTING FLEX CONTAINER in layout_block: node=NodeKey(6856168582229786654), inline_size=150, is_measurement=true
[2026-01-11T20:04:40Z ERROR css_core::box_tree::constraint_block_layout] layout_block ENTRY: node=NodeKey(6856168582229786657)
[2026-01-11T20:04:40Z ERROR css_core::box_tree::constraint_block_layout] Checking flex: node=NodeKey(6856168582229786657), display=Flex
[2026-01-11T20:04:40Z ERROR css_core::box_tree::constraint_block_layout] IS FLEX!
[2026-01-11T20:04:40Z ERROR css_core::box_tree::constraint_block_layout::flex_layout] layout_flex: node=NodeKey(6856168582229786657), children.len()=1
[2026-01-11T20:04:40Z ERROR css_core::box_tree::constraint_block_layout::flex_layout] layout_flex: node=NodeKey(6856168582229786657), flex_items.len()=1
[2026-01-11T20:04:40Z ERROR css_core::box_tree::constraint_block_layout] INSERTING FLEX CONTAINER in layout_block: node=NodeKey(6856168582229786657), inline_size=150, is_measurement=true
[2026-01-11T20:04:40Z ERROR css_core::box_tree::constraint_block_layout] layout_block ENTRY: node=NodeKey(6856168582229786660)
[2026-01-11T20:04:40Z ERROR css_core::box_tree::constraint_block_layout] Checking flex: node=NodeKey(6856168582229786660), display=Flex
[2026-01-11T20:04:40Z ERROR css_core::box_tree::constraint_block_layout] IS FLEX!
[2026-01-11T20:04:40Z ERROR css_core::box_tree::constraint_block_layout::flex_layout] layout_flex: node=NodeKey(6856168582229786660), children.len()=1
[2026-01-11T20:04:40Z ERROR css_core::box_tree::constraint_block_layout::flex_layout] layout_flex: node=NodeKey(6856168582229786660), flex_items.len()=1
[2026-01-11T20:04:40Z ERROR css_core::box_tree::constraint_block_layout] INSERTING FLEX CONTAINER in layout_block: node=NodeKey(6856168582229786660), inline_size=150, is_measurement=true
[2026-01-11T20:04:40Z ERROR css_core::box_tree::constraint_block_layout] layout_block ENTRY: node=NodeKey(6856168582229786663)
[2026-01-11T20:04:40Z ERROR css_core::box_tree::constraint_block_layout] Checking flex: node=NodeKey(6856168582229786663), display=Flex
[2026-01-11T20:04:40Z ERROR css_core::box_tree::constraint_block_layout] IS FLEX!
[2026-01-11T20:04:40Z ERROR css_core::box_tree::constraint_block_layout::flex_layout] layout_flex: node=NodeKey(6856168582229786663), children.len()=1
[2026-01-11T20:04:40Z ERROR css_core::box_tree::constraint_block_layout::flex_layout] layout_flex: node=NodeKey(6856168582229786663), flex_items.len()=1
[2026-01-11T20:04:40Z ERROR css_core::box_tree::constraint_block_layout] INSERTING FLEX CONTAINER in layout_block: node=NodeKey(6856168582229786663), inline_size=150, is_measurement=true
[2026-01-11T20:04:40Z ERROR css_core::box_tree::constraint_block_layout::grid] Grid item: node=NodeKey(6856168582229786642), display=Flex
[2026-01-11T20:04:40Z ERROR css_core::box_tree::constraint_block_layout] layout_block ENTRY: node=NodeKey(6856168582229786642)
[2026-01-11T20:04:40Z ERROR css_core::box_tree::constraint_block_layout] Checking flex: node=NodeKey(6856168582229786642), display=Flex
[2026-01-11T20:04:40Z ERROR css_core::box_tree::constraint_block_layout] IS FLEX!
[2026-01-11T20:04:40Z ERROR css_core::box_tree::constraint_block_layout::flex_layout] layout_flex: node=NodeKey(6856168582229786642), children.len()=1
[2026-01-11T20:04:40Z ERROR css_core::box_tree::constraint_block_layout::flex_layout] layout_flex: node=NodeKey(6856168582229786642), flex_items.len()=1
[2026-01-11T20:04:40Z ERROR css_core::box_tree::constraint_block_layout] INSERTING FLEX CONTAINER in layout_block: node=NodeKey(6856168582229786642), inline_size=150, is_measurement=false
[2026-01-11T20:04:40Z ERROR css_core::box_tree::constraint_block_layout::grid] Grid item: node=NodeKey(6856168582229786645), display=Flex
[2026-01-11T20:04:40Z ERROR css_core::box_tree::constraint_block_layout] layout_block ENTRY: node=NodeKey(6856168582229786645)
[2026-01-11T20:04:40Z ERROR css_core::box_tree::constraint_block_layout] Checking flex: node=NodeKey(6856168582229786645), display=Flex
[2026-01-11T20:04:40Z ERROR css_core::box_tree::constraint_block_layout] IS FLEX!
[2026-01-11T20:04:40Z ERROR css_core::box_tree::constraint_block_layout::flex_layout] layout_flex: node=NodeKey(6856168582229786645), children.len()=1
[2026-01-11T20:04:40Z ERROR css_core::box_tree::constraint_block_layout::flex_layout] layout_flex: node=NodeKey(6856168582229786645), flex_items.len()=1
[2026-01-11T20:04:40Z ERROR css_core::box_tree::constraint_block_layout] INSERTING FLEX CONTAINER in layout_block: node=NodeKey(6856168582229786645), inline_size=150, is_measurement=false
[2026-01-11T20:04:40Z ERROR css_core::box_tree::constraint_block_layout::grid] Grid item: node=NodeKey(6856168582229786648), display=Flex
[2026-01-11T20:04:40Z ERROR css_core::box_tree::constraint_block_layout] layout_block ENTRY: node=NodeKey(6856168582229786648)
[2026-01-11T20:04:40Z ERROR css_core::box_tree::constraint_block_layout] Checking flex: node=NodeKey(6856168582229786648), display=Flex
[2026-01-11T20:04:40Z ERROR css_core::box_tree::constraint_block_layout] IS FLEX!
[2026-01-11T20:04:40Z ERROR css_core::box_tree::constraint_block_layout::flex_layout] layout_flex: node=NodeKey(6856168582229786648), children.len()=1
[2026-01-11T20:04:40Z ERROR css_core::box_tree::constraint_block_layout::flex_layout] layout_flex: node=NodeKey(6856168582229786648), flex_items.len()=1
[2026-01-11T20:04:40Z ERROR css_core::box_tree::constraint_block_layout] INSERTING FLEX CONTAINER in layout_block: node=NodeKey(6856168582229786648), inline_size=150, is_measurement=false
[2026-01-11T20:04:40Z ERROR css_core::box_tree::constraint_block_layout::grid] Grid item: node=NodeKey(6856168582229786651), display=Flex
[2026-01-11T20:04:40Z ERROR css_core::box_tree::constraint_block_layout] layout_block ENTRY: node=NodeKey(6856168582229786651)
[2026-01-11T20:04:40Z ERROR css_core::box_tree::constraint_block_layout] Checking flex: node=NodeKey(6856168582229786651), display=Flex
[2026-01-11T20:04:40Z ERROR css_core::box_tree::constraint_block_layout] IS FLEX!
[2026-01-11T20:04:40Z ERROR css_core::box_tree::constraint_block_layout::flex_layout] layout_flex: node=NodeKey(6856168582229786651), children.len()=1
[2026-01-11T20:04:40Z ERROR css_core::box_tree::constraint_block_layout::flex_layout] layout_flex: node=NodeKey(6856168582229786651), flex_items.len()=1
[2026-01-11T20:04:40Z ERROR css_core::box_tree::constraint_block_layout] INSERTING FLEX CONTAINER in layout_block: node=NodeKey(6856168582229786651), inline_size=150, is_measurement=false
[2026-01-11T20:04:40Z ERROR css_core::box_tree::constraint_block_layout::grid] Grid item: node=NodeKey(6856168582229786654), display=Flex
[2026-01-11T20:04:40Z ERROR css_core::box_tree::constraint_block_layout] layout_block ENTRY: node=NodeKey(6856168582229786654)
[2026-01-11T20:04:40Z ERROR css_core::box_tree::constraint_block_layout] Checking flex: node=NodeKey(6856168582229786654), display=Flex
[2026-01-11T20:04:40Z ERROR css_core::box_tree::constraint_block_layout] IS FLEX!
[2026-01-11T20:04:40Z ERROR css_core::box_tree::constraint_block_layout::flex_layout] layout_flex: node=NodeKey(6856168582229786654), children.len()=1
[2026-01-11T20:04:40Z ERROR css_core::box_tree::constraint_block_layout::flex_layout] layout_flex: node=NodeKey(6856168582229786654), flex_items.len()=1
[2026-01-11T20:04:40Z ERROR css_core::box_tree::constraint_block_layout] INSERTING FLEX CONTAINER in layout_block: node=NodeKey(6856168582229786654), inline_size=150, is_measurement=false
[2026-01-11T20:04:40Z ERROR css_core::box_tree::constraint_block_layout::grid] Grid item: node=NodeKey(6856168582229786657), display=Flex
[2026-01-11T20:04:40Z ERROR css_core::box_tree::constraint_block_layout] layout_block ENTRY: node=NodeKey(6856168582229786657)
[2026-01-11T20:04:40Z ERROR css_core::box_tree::constraint_block_layout] Checking flex: node=NodeKey(6856168582229786657), display=Flex
[2026-01-11T20:04:40Z ERROR css_core::box_tree::constraint_block_layout] IS FLEX!
[2026-01-11T20:04:40Z ERROR css_core::box_tree::constraint_block_layout::flex_layout] layout_flex: node=NodeKey(6856168582229786657), children.len()=1
[2026-01-11T20:04:40Z ERROR css_core::box_tree::constraint_block_layout::flex_layout] layout_flex: node=NodeKey(6856168582229786657), flex_items.len()=1
[2026-01-11T20:04:40Z ERROR css_core::box_tree::constraint_block_layout] INSERTING FLEX CONTAINER in layout_block: node=NodeKey(6856168582229786657), inline_size=150, is_measurement=false
[2026-01-11T20:04:40Z ERROR css_core::box_tree::constraint_block_layout::grid] Grid item: node=NodeKey(6856168582229786660), display=Flex
[2026-01-11T20:04:40Z ERROR css_core::box_tree::constraint_block_layout] layout_block ENTRY: node=NodeKey(6856168582229786660)
[2026-01-11T20:04:40Z ERROR css_core::box_tree::constraint_block_layout] Checking flex: node=NodeKey(6856168582229786660), display=Flex
[2026-01-11T20:04:40Z ERROR css_core::box_tree::constraint_block_layout] IS FLEX!
[2026-01-11T20:04:40Z ERROR css_core::box_tree::constraint_block_layout::flex_layout] layout_flex: node=NodeKey(6856168582229786660), children.len()=1
[2026-01-11T20:04:40Z ERROR css_core::box_tree::constraint_block_layout::flex_layout] layout_flex: node=NodeKey(6856168582229786660), flex_items.len()=1
[2026-01-11T20:04:40Z ERROR css_core::box_tree::constraint_block_layout] INSERTING FLEX CONTAINER in layout_block: node=NodeKey(6856168582229786660), inline_size=150, is_measurement=false
[2026-01-11T20:04:40Z ERROR css_core::box_tree::constraint_block_layout::grid] Grid item: node=NodeKey(6856168582229786663), display=Flex
[2026-01-11T20:04:40Z ERROR css_core::box_tree::constraint_block_layout] layout_block ENTRY: node=NodeKey(6856168582229786663)
[2026-01-11T20:04:40Z ERROR css_core::box_tree::constraint_block_layout] Checking flex: node=NodeKey(6856168582229786663), display=Flex
[2026-01-11T20:04:40Z ERROR css_core::box_tree::constraint_block_layout] IS FLEX!
[2026-01-11T20:04:40Z ERROR css_core::box_tree::constraint_block_layout::flex_layout] layout_flex: node=NodeKey(6856168582229786663), children.len()=1
[2026-01-11T20:04:40Z ERROR css_core::box_tree::constraint_block_layout::flex_layout] layout_flex: node=NodeKey(6856168582229786663), flex_items.len()=1
[2026-01-11T20:04:40Z ERROR css_core::box_tree::constraint_block_layout] INSERTING FLEX CONTAINER in layout_block: node=NodeKey(6856168582229786663), inline_size=150, is_measurement=false
[2026-01-11T20:04:40Z ERROR page_handler::core::incremental_layout] LAYOUT TREE COMPLETE - generation 1, total results: 22
[2026-01-11T20:04:40Z ERROR page_handler::core::incremental_layout] RUNNING LAYOUT TREE - generation 1
[2026-01-11T20:04:40Z ERROR css_core::box_tree::constraint_block_layout] layout_block ENTRY: node=NodeKey(1118864131936485378)
[2026-01-11T20:04:40Z ERROR css_core::box_tree::constraint_block_layout] Checking flex: node=NodeKey(1118864131936485378), display=Block
[2026-01-11T20:04:40Z ERROR css_core::box_tree::constraint_block_layout] layout_block ENTRY: node=NodeKey(1118864131936485390)
[2026-01-11T20:04:40Z ERROR css_core::box_tree::constraint_block_layout] Checking flex: node=NodeKey(1118864131936485390), display=Block
[2026-01-11T20:04:40Z ERROR css_core::box_tree::constraint_block_layout] layout_block ENTRY: node=NodeKey(1118864131936485392)
[2026-01-11T20:04:40Z ERROR css_core::box_tree::constraint_block_layout] Checking flex: node=NodeKey(1118864131936485392), display=Grid
[2026-01-11T20:04:40Z ERROR css_core::box_tree::constraint_block_layout] layout_block ENTRY: node=NodeKey(1118864131936485394)
[2026-01-11T20:04:40Z ERROR css_core::box_tree::constraint_block_layout] Checking flex: node=NodeKey(1118864131936485394), display=Block
[2026-01-11T20:04:40Z ERROR css_core::box_tree::constraint_block_layout] layout_block ENTRY: node=NodeKey(1118864131936485397)
[2026-01-11T20:04:40Z ERROR css_core::box_tree::constraint_block_layout] Checking flex: node=NodeKey(1118864131936485397), display=Block
[2026-01-11T20:04:40Z ERROR css_core::box_tree::constraint_block_layout] layout_block ENTRY: node=NodeKey(1118864131936485400)
[2026-01-11T20:04:40Z ERROR css_core::box_tree::constraint_block_layout] Checking flex: node=NodeKey(1118864131936485400), display=Block
[2026-01-11T20:04:40Z ERROR css_core::box_tree::constraint_block_layout] layout_block ENTRY: node=NodeKey(1118864131936485403)
[2026-01-11T20:04:40Z ERROR css_core::box_tree::constraint_block_layout] Checking flex: node=NodeKey(1118864131936485403), display=Block
[2026-01-11T20:04:40Z ERROR css_core::box_tree::constraint_block_layout] layout_block ENTRY: node=NodeKey(1118864131936485406)
[2026-01-11T20:04:40Z ERROR css_core::box_tree::constraint_block_layout] Checking flex: node=NodeKey(1118864131936485406), display=Block
[2026-01-11T20:04:40Z ERROR css_core::box_tree::constraint_block_layout] layout_block ENTRY: node=NodeKey(1118864131936485409)
[2026-01-11T20:04:40Z ERROR css_core::box_tree::constraint_block_layout] Checking flex: node=NodeKey(1118864131936485409), display=Block
[2026-01-11T20:04:40Z ERROR css_core::box_tree::constraint_block_layout] layout_block ENTRY: node=NodeKey(1118864131936485394)
[2026-01-11T20:04:40Z ERROR css_core::box_tree::constraint_block_layout] Checking flex: node=NodeKey(1118864131936485394), display=Block
[2026-01-11T20:04:40Z ERROR css_core::box_tree::constraint_block_layout] layout_block ENTRY: node=NodeKey(1118864131936485397)
[2026-01-11T20:04:40Z ERROR css_core::box_tree::constraint_block_layout] Checking flex: node=NodeKey(1118864131936485397), display=Block
[2026-01-11T20:04:40Z ERROR css_core::box_tree::constraint_block_layout] layout_block ENTRY: node=NodeKey(1118864131936485400)
[2026-01-11T20:04:40Z ERROR css_core::box_tree::constraint_block_layout] Checking flex: node=NodeKey(1118864131936485400), display=Block
[2026-01-11T20:04:40Z ERROR css_core::box_tree::constraint_block_layout] layout_block ENTRY: node=NodeKey(1118864131936485403)
[2026-01-11T20:04:40Z ERROR css_core::box_tree::constraint_block_layout] Checking flex: node=NodeKey(1118864131936485403), display=Block
[2026-01-11T20:04:40Z ERROR css_core::box_tree::constraint_block_layout] layout_block ENTRY: node=NodeKey(1118864131936485406)
[2026-01-11T20:04:40Z ERROR css_core::box_tree::constraint_block_layout] Checking flex: node=NodeKey(1118864131936485406), display=Block
[2026-01-11T20:04:40Z ERROR css_core::box_tree::constraint_block_layout] layout_block ENTRY: node=NodeKey(1118864131936485409)
[2026-01-11T20:04:40Z ERROR css_core::box_tree::constraint_block_layout] Checking flex: node=NodeKey(1118864131936485409), display=Block
[2026-01-11T20:04:40Z ERROR css_core::box_tree::constraint_block_layout::grid] Grid item: node=NodeKey(1118864131936485394), display=Block
[2026-01-11T20:04:40Z ERROR css_core::box_tree::constraint_block_layout] layout_block ENTRY: node=NodeKey(1118864131936485394)
[2026-01-11T20:04:40Z ERROR css_core::box_tree::constraint_block_layout] Checking flex: node=NodeKey(1118864131936485394), display=Block
[2026-01-11T20:04:40Z ERROR css_core::box_tree::constraint_block_layout::grid] Grid item: node=NodeKey(1118864131936485397), display=Block
[2026-01-11T20:04:40Z ERROR css_core::box_tree::constraint_block_layout] layout_block ENTRY: node=NodeKey(1118864131936485397)
[2026-01-11T20:04:40Z ERROR css_core::box_tree::constraint_block_layout] Checking flex: node=NodeKey(1118864131936485397), display=Block
[2026-01-11T20:04:40Z ERROR css_core::box_tree::constraint_block_layout::grid] Grid item: node=NodeKey(1118864131936485400), display=Block
[2026-01-11T20:04:40Z ERROR css_core::box_tree::constraint_block_layout] layout_block ENTRY: node=NodeKey(1118864131936485400)
[2026-01-11T20:04:40Z ERROR css_core::box_tree::constraint_block_layout] Checking flex: node=NodeKey(1118864131936485400), display=Block
[2026-01-11T20:04:40Z ERROR css_core::box_tree::constraint_block_layout::grid] Grid item: node=NodeKey(1118864131936485403), display=Block
[2026-01-11T20:04:40Z ERROR css_core::box_tree::constraint_block_layout] layout_block ENTRY: node=NodeKey(1118864131936485403)
[2026-01-11T20:04:40Z ERROR css_core::box_tree::constraint_block_layout] Checking flex: node=NodeKey(1118864131936485403), display=Block
[2026-01-11T20:04:40Z ERROR css_core::box_tree::constraint_block_layout::grid] Grid item: node=NodeKey(1118864131936485406), display=Block
[2026-01-11T20:04:40Z ERROR css_core::box_tree::constraint_block_layout] layout_block ENTRY: node=NodeKey(1118864131936485406)
[2026-01-11T20:04:40Z ERROR css_core::box_tree::constraint_block_layout] Checking flex: node=NodeKey(1118864131936485406), display=Block
[2026-01-11T20:04:40Z ERROR css_core::box_tree::constraint_block_layout::grid] Grid item: node=NodeKey(1118864131936485409), display=Block
[2026-01-11T20:04:40Z ERROR css_core::box_tree::constraint_block_layout] layout_block ENTRY: node=NodeKey(1118864131936485409)
[2026-01-11T20:04:40Z ERROR css_core::box_tree::constraint_block_layout] Checking flex: node=NodeKey(1118864131936485409), display=Block
[2026-01-11T20:04:40Z ERROR page_handler::core::incremental_layout] LAYOUT TREE COMPLETE - generation 1, total results: 18
[2026-01-11T20:04:40Z ERROR page_handler::core::incremental_layout] RUNNING LAYOUT TREE - generation 1
[2026-01-11T20:04:40Z ERROR css_core::box_tree::constraint_block_layout] layout_block ENTRY: node=NodeKey(17206003475880607746)
[2026-01-11T20:04:40Z ERROR css_core::box_tree::constraint_block_layout] Checking flex: node=NodeKey(17206003475880607746), display=Block
[2026-01-11T20:04:40Z ERROR css_core::box_tree::constraint_block_layout] layout_block ENTRY: node=NodeKey(17206003475880607758)
[2026-01-11T20:04:40Z ERROR css_core::box_tree::constraint_block_layout] Checking flex: node=NodeKey(17206003475880607758), display=Block
[2026-01-11T20:04:40Z ERROR css_core::box_tree::constraint_block_layout] layout_block ENTRY: node=NodeKey(17206003475880607760)
[2026-01-11T20:04:40Z ERROR css_core::box_tree::constraint_block_layout] Checking flex: node=NodeKey(17206003475880607760), display=Grid
[2026-01-11T20:04:40Z ERROR css_core::box_tree::constraint_block_layout] layout_block ENTRY: node=NodeKey(17206003475880607762)
[2026-01-11T20:04:40Z ERROR css_core::box_tree::constraint_block_layout] Checking flex: node=NodeKey(17206003475880607762), display=Block
[2026-01-11T20:04:40Z ERROR css_core::box_tree::constraint_block_layout] layout_block ENTRY: node=NodeKey(17206003475880607764)
[2026-01-11T20:04:40Z ERROR css_core::box_tree::constraint_block_layout] Checking flex: node=NodeKey(17206003475880607764), display=Block
[2026-01-11T20:04:40Z ERROR css_core::box_tree::constraint_block_layout] layout_block ENTRY: node=NodeKey(17206003475880607766)
[2026-01-11T20:04:40Z ERROR css_core::box_tree::constraint_block_layout] Checking flex: node=NodeKey(17206003475880607766), display=Block
[2026-01-11T20:04:40Z ERROR css_core::box_tree::constraint_block_layout] layout_block ENTRY: node=NodeKey(17206003475880607768)
[2026-01-11T20:04:40Z ERROR css_core::box_tree::constraint_block_layout] Checking flex: node=NodeKey(17206003475880607768), display=Block
[2026-01-11T20:04:40Z ERROR css_core::box_tree::constraint_block_layout] layout_block ENTRY: node=NodeKey(17206003475880607762)
[2026-01-11T20:04:40Z ERROR css_core::box_tree::constraint_block_layout] Checking flex: node=NodeKey(17206003475880607762), display=Block
[2026-01-11T20:04:40Z ERROR css_core::box_tree::constraint_block_layout] layout_block ENTRY: node=NodeKey(17206003475880607764)
[2026-01-11T20:04:40Z ERROR css_core::box_tree::constraint_block_layout] Checking flex: node=NodeKey(17206003475880607764), display=Block
[2026-01-11T20:04:40Z ERROR css_core::box_tree::constraint_block_layout] layout_block ENTRY: node=NodeKey(17206003475880607766)
[2026-01-11T20:04:40Z ERROR css_core::box_tree::constraint_block_layout] Checking flex: node=NodeKey(17206003475880607766), display=Block
[2026-01-11T20:04:40Z ERROR css_core::box_tree::constraint_block_layout] layout_block ENTRY: node=NodeKey(17206003475880607768)
[2026-01-11T20:04:40Z ERROR css_core::box_tree::constraint_block_layout] Checking flex: node=NodeKey(17206003475880607768), display=Block
[2026-01-11T20:04:40Z ERROR css_core::box_tree::constraint_block_layout::grid] Grid item: node=NodeKey(17206003475880607762), display=Block
[2026-01-11T20:04:40Z ERROR css_core::box_tree::constraint_block_layout] layout_block ENTRY: node=NodeKey(17206003475880607762)
[2026-01-11T20:04:40Z ERROR css_core::box_tree::constraint_block_layout] Checking flex: node=NodeKey(17206003475880607762), display=Block
[2026-01-11T20:04:40Z ERROR css_core::box_tree::constraint_block_layout::grid] Grid item: node=NodeKey(17206003475880607764), display=Block
[2026-01-11T20:04:40Z ERROR css_core::box_tree::constraint_block_layout] layout_block ENTRY: node=NodeKey(17206003475880607764)
[2026-01-11T20:04:40Z ERROR css_core::box_tree::constraint_block_layout] Checking flex: node=NodeKey(17206003475880607764), display=Block
[2026-01-11T20:04:40Z ERROR css_core::box_tree::constraint_block_layout::grid] Grid item: node=NodeKey(17206003475880607766), display=Block
[2026-01-11T20:04:40Z ERROR css_core::box_tree::constraint_block_layout] layout_block ENTRY: node=NodeKey(17206003475880607766)
[2026-01-11T20:04:40Z ERROR css_core::box_tree::constraint_block_layout] Checking flex: node=NodeKey(17206003475880607766), display=Block
[2026-01-11T20:04:40Z ERROR css_core::box_tree::constraint_block_layout::grid] Grid item: node=NodeKey(17206003475880607768), display=Block
[2026-01-11T20:04:40Z ERROR css_core::box_tree::constraint_block_layout] layout_block ENTRY: node=NodeKey(17206003475880607768)
[2026-01-11T20:04:40Z ERROR css_core::box_tree::constraint_block_layout] Checking flex: node=NodeKey(17206003475880607768), display=Block
[2026-01-11T20:04:40Z ERROR page_handler::core::incremental_layout] LAYOUT TREE COMPLETE - generation 1, total results: 10
[2026-01-11T20:04:40Z ERROR page_handler::core::incremental_layout] RUNNING LAYOUT TREE - generation 1
[2026-01-11T20:04:40Z ERROR css_core::box_tree::constraint_block_layout] layout_block ENTRY: node=NodeKey(171137885351706626)
[2026-01-11T20:04:40Z ERROR css_core::box_tree::constraint_block_layout] Checking flex: node=NodeKey(171137885351706626), display=Block
[2026-01-11T20:04:40Z ERROR css_core::box_tree::constraint_block_layout] layout_block ENTRY: node=NodeKey(171137885351706638)
[2026-01-11T20:04:40Z ERROR css_core::box_tree::constraint_block_layout] Checking flex: node=NodeKey(171137885351706638), display=Block
[2026-01-11T20:04:40Z ERROR css_core::box_tree::constraint_block_layout] layout_block ENTRY: node=NodeKey(171137885351706640)
[2026-01-11T20:04:40Z ERROR css_core::box_tree::constraint_block_layout] Checking flex: node=NodeKey(171137885351706640), display=Grid
[2026-01-11T20:04:40Z ERROR css_core::box_tree::constraint_block_layout] layout_block ENTRY: node=NodeKey(171137885351706642)
[2026-01-11T20:04:40Z ERROR css_core::box_tree::constraint_block_layout] Checking flex: node=NodeKey(171137885351706642), display=Block
[2026-01-11T20:04:40Z ERROR css_core::box_tree::constraint_block_layout] layout_block ENTRY: node=NodeKey(171137885351706645)
[2026-01-11T20:04:40Z ERROR css_core::box_tree::constraint_block_layout] Checking flex: node=NodeKey(171137885351706645), display=Block
[2026-01-11T20:04:40Z ERROR css_core::box_tree::constraint_block_layout] layout_block ENTRY: node=NodeKey(171137885351706648)
[2026-01-11T20:04:40Z ERROR css_core::box_tree::constraint_block_layout] Checking flex: node=NodeKey(171137885351706648), display=Block
[2026-01-11T20:04:40Z ERROR css_core::box_tree::constraint_block_layout] layout_block ENTRY: node=NodeKey(171137885351706651)
[2026-01-11T20:04:40Z ERROR css_core::box_tree::constraint_block_layout] Checking flex: node=NodeKey(171137885351706651), display=Block
[2026-01-11T20:04:40Z ERROR css_core::box_tree::constraint_block_layout] layout_block ENTRY: node=NodeKey(171137885351706654)
[2026-01-11T20:04:40Z ERROR css_core::box_tree::constraint_block_layout] Checking flex: node=NodeKey(171137885351706654), display=Block
[2026-01-11T20:04:40Z ERROR css_core::box_tree::constraint_block_layout] layout_block ENTRY: node=NodeKey(171137885351706657)
[2026-01-11T20:04:40Z ERROR css_core::box_tree::constraint_block_layout] Checking flex: node=NodeKey(171137885351706657), display=Block
[2026-01-11T20:04:40Z ERROR css_core::box_tree::constraint_block_layout] layout_block ENTRY: node=NodeKey(171137885351706642)
[2026-01-11T20:04:40Z ERROR css_core::box_tree::constraint_block_layout] Checking flex: node=NodeKey(171137885351706642), display=Block
[2026-01-11T20:04:40Z ERROR css_core::box_tree::constraint_block_layout] layout_block ENTRY: node=NodeKey(171137885351706645)
[2026-01-11T20:04:40Z ERROR css_core::box_tree::constraint_block_layout] Checking flex: node=NodeKey(171137885351706645), display=Block
[2026-01-11T20:04:40Z ERROR css_core::box_tree::constraint_block_layout] layout_block ENTRY: node=NodeKey(171137885351706648)
[2026-01-11T20:04:40Z ERROR css_core::box_tree::constraint_block_layout] Checking flex: node=NodeKey(171137885351706648), display=Block
[2026-01-11T20:04:40Z ERROR css_core::box_tree::constraint_block_layout] layout_block ENTRY: node=NodeKey(171137885351706651)
[2026-01-11T20:04:40Z ERROR css_core::box_tree::constraint_block_layout] Checking flex: node=NodeKey(171137885351706651), display=Block
[2026-01-11T20:04:40Z ERROR css_core::box_tree::constraint_block_layout] layout_block ENTRY: node=NodeKey(171137885351706654)
[2026-01-11T20:04:40Z ERROR css_core::box_tree::constraint_block_layout] Checking flex: node=NodeKey(171137885351706654), display=Block
[2026-01-11T20:04:40Z ERROR css_core::box_tree::constraint_block_layout] layout_block ENTRY: node=NodeKey(171137885351706657)
[2026-01-11T20:04:40Z ERROR css_core::box_tree::constraint_block_layout] Checking flex: node=NodeKey(171137885351706657), display=Block
[2026-01-11T20:04:40Z ERROR css_core::box_tree::constraint_block_layout::grid] Grid item: node=NodeKey(171137885351706642), display=Block
[2026-01-11T20:04:40Z ERROR css_core::box_tree::constraint_block_layout] layout_block ENTRY: node=NodeKey(171137885351706642)
[2026-01-11T20:04:40Z ERROR css_core::box_tree::constraint_block_layout] Checking flex: node=NodeKey(171137885351706642), display=Block
[2026-01-11T20:04:40Z ERROR css_core::box_tree::constraint_block_layout::grid] Grid item: node=NodeKey(171137885351706645), display=Block
[2026-01-11T20:04:40Z ERROR css_core::box_tree::constraint_block_layout] layout_block ENTRY: node=NodeKey(171137885351706645)
[2026-01-11T20:04:40Z ERROR css_core::box_tree::constraint_block_layout] Checking flex: node=NodeKey(171137885351706645), display=Block
[2026-01-11T20:04:40Z ERROR css_core::box_tree::constraint_block_layout::grid] Grid item: node=NodeKey(171137885351706648), display=Block
[2026-01-11T20:04:40Z ERROR css_core::box_tree::constraint_block_layout] layout_block ENTRY: node=NodeKey(171137885351706648)
[2026-01-11T20:04:40Z ERROR css_core::box_tree::constraint_block_layout] Checking flex: node=NodeKey(171137885351706648), display=Block
[2026-01-11T20:04:40Z ERROR css_core::box_tree::constraint_block_layout::grid] Grid item: node=NodeKey(171137885351706651), display=Block
[2026-01-11T20:04:40Z ERROR css_core::box_tree::constraint_block_layout] layout_block ENTRY: node=NodeKey(171137885351706651)
[2026-01-11T20:04:40Z ERROR css_core::box_tree::constraint_block_layout] Checking flex: node=NodeKey(171137885351706651), display=Block
[2026-01-11T20:04:40Z ERROR css_core::box_tree::constraint_block_layout::grid] Grid item: node=NodeKey(171137885351706654), display=Block
[2026-01-11T20:04:40Z ERROR css_core::box_tree::constraint_block_layout] layout_block ENTRY: node=NodeKey(171137885351706654)
[2026-01-11T20:04:40Z ERROR css_core::box_tree::constraint_block_layout] Checking flex: node=NodeKey(171137885351706654), display=Block
[2026-01-11T20:04:40Z ERROR css_core::box_tree::constraint_block_layout::grid] Grid item: node=NodeKey(171137885351706657), display=Block
[2026-01-11T20:04:40Z ERROR css_core::box_tree::constraint_block_layout] layout_block ENTRY: node=NodeKey(171137885351706657)
[2026-01-11T20:04:40Z ERROR css_core::box_tree::constraint_block_layout] Checking flex: node=NodeKey(171137885351706657), display=Block
[2026-01-11T20:04:40Z ERROR page_handler::core::incremental_layout] LAYOUT TREE COMPLETE - generation 1, total results: 18
[2026-01-11T20:04:40Z ERROR page_handler::core::incremental_layout] RUNNING LAYOUT TREE - generation 1
[2026-01-11T20:04:40Z ERROR css_core::box_tree::constraint_block_layout] layout_block ENTRY: node=NodeKey(3751218114134540290)
[2026-01-11T20:04:40Z ERROR css_core::box_tree::constraint_block_layout] Checking flex: node=NodeKey(3751218114134540290), display=Block
[2026-01-11T20:04:40Z ERROR css_core::box_tree::constraint_block_layout] layout_block ENTRY: node=NodeKey(3751218114134540302)
[2026-01-11T20:04:40Z ERROR css_core::box_tree::constraint_block_layout] Checking flex: node=NodeKey(3751218114134540302), display=Block
[2026-01-11T20:04:40Z ERROR css_core::box_tree::constraint_block_layout] layout_block ENTRY: node=NodeKey(3751218114134540304)
[2026-01-11T20:04:40Z ERROR css_core::box_tree::constraint_block_layout] Checking flex: node=NodeKey(3751218114134540304), display=Grid
[2026-01-11T20:04:40Z ERROR css_core::box_tree::constraint_block_layout] layout_block ENTRY: node=NodeKey(3751218114134540306)
[2026-01-11T20:04:40Z ERROR css_core::box_tree::constraint_block_layout] Checking flex: node=NodeKey(3751218114134540306), display=Flex
[2026-01-11T20:04:40Z ERROR css_core::box_tree::constraint_block_layout] IS FLEX!
[2026-01-11T20:04:40Z ERROR css_core::box_tree::constraint_block_layout::flex_layout] layout_flex: node=NodeKey(3751218114134540306), children.len()=1
[2026-01-11T20:04:40Z ERROR css_core::box_tree::constraint_block_layout::flex_layout] layout_flex: node=NodeKey(3751218114134540306), flex_items.len()=1
[2026-01-11T20:04:40Z ERROR css_core::box_tree::constraint_block_layout] INSERTING FLEX CONTAINER in layout_block: node=NodeKey(3751218114134540306), inline_size=800, is_measurement=true
[2026-01-11T20:04:40Z ERROR css_core::box_tree::constraint_block_layout] layout_block ENTRY: node=NodeKey(3751218114134540309)
[2026-01-11T20:04:40Z ERROR css_core::box_tree::constraint_block_layout] Checking flex: node=NodeKey(3751218114134540309), display=Flex
[2026-01-11T20:04:40Z ERROR css_core::box_tree::constraint_block_layout] IS FLEX!
[2026-01-11T20:04:40Z ERROR css_core::box_tree::constraint_block_layout::flex_layout] layout_flex: node=NodeKey(3751218114134540309), children.len()=1
[2026-01-11T20:04:40Z ERROR css_core::box_tree::constraint_block_layout::flex_layout] layout_flex: node=NodeKey(3751218114134540309), flex_items.len()=1
[2026-01-11T20:04:40Z ERROR css_core::box_tree::constraint_block_layout] INSERTING FLEX CONTAINER in layout_block: node=NodeKey(3751218114134540309), inline_size=800, is_measurement=true
[2026-01-11T20:04:40Z ERROR css_core::box_tree::constraint_block_layout] layout_block ENTRY: node=NodeKey(3751218114134540312)
[2026-01-11T20:04:40Z ERROR css_core::box_tree::constraint_block_layout] Checking flex: node=NodeKey(3751218114134540312), display=Flex
[2026-01-11T20:04:40Z ERROR css_core::box_tree::constraint_block_layout] IS FLEX!
[2026-01-11T20:04:40Z ERROR css_core::box_tree::constraint_block_layout::flex_layout] layout_flex: node=NodeKey(3751218114134540312), children.len()=1
[2026-01-11T20:04:40Z ERROR css_core::box_tree::constraint_block_layout::flex_layout] layout_flex: node=NodeKey(3751218114134540312), flex_items.len()=1
[2026-01-11T20:04:40Z ERROR css_core::box_tree::constraint_block_layout] INSERTING FLEX CONTAINER in layout_block: node=NodeKey(3751218114134540312), inline_size=800, is_measurement=true
[2026-01-11T20:04:40Z ERROR css_core::box_tree::constraint_block_layout] layout_block ENTRY: node=NodeKey(3751218114134540315)
[2026-01-11T20:04:40Z ERROR css_core::box_tree::constraint_block_layout] Checking flex: node=NodeKey(3751218114134540315), display=Flex
[2026-01-11T20:04:40Z ERROR css_core::box_tree::constraint_block_layout] IS FLEX!
[2026-01-11T20:04:40Z ERROR css_core::box_tree::constraint_block_layout::flex_layout] layout_flex: node=NodeKey(3751218114134540315), children.len()=1
[2026-01-11T20:04:40Z ERROR css_core::box_tree::constraint_block_layout::flex_layout] layout_flex: node=NodeKey(3751218114134540315), flex_items.len()=1
[2026-01-11T20:04:40Z ERROR css_core::box_tree::constraint_block_layout] INSERTING FLEX CONTAINER in layout_block: node=NodeKey(3751218114134540315), inline_size=800, is_measurement=true
[2026-01-11T20:04:40Z ERROR css_core::box_tree::constraint_block_layout] layout_block ENTRY: node=NodeKey(3751218114134540318)
[2026-01-11T20:04:40Z ERROR css_core::box_tree::constraint_block_layout] Checking flex: node=NodeKey(3751218114134540318), display=Flex
[2026-01-11T20:04:40Z ERROR css_core::box_tree::constraint_block_layout] IS FLEX!
[2026-01-11T20:04:40Z ERROR css_core::box_tree::constraint_block_layout::flex_layout] layout_flex: node=NodeKey(3751218114134540318), children.len()=1
[2026-01-11T20:04:40Z ERROR css_core::box_tree::constraint_block_layout::flex_layout] layout_flex: node=NodeKey(3751218114134540318), flex_items.len()=1
[2026-01-11T20:04:40Z ERROR css_core::box_tree::constraint_block_layout] INSERTING FLEX CONTAINER in layout_block: node=NodeKey(3751218114134540318), inline_size=800, is_measurement=true
[2026-01-11T20:04:40Z ERROR css_core::box_tree::constraint_block_layout] layout_block ENTRY: node=NodeKey(3751218114134540321)
[2026-01-11T20:04:40Z ERROR css_core::box_tree::constraint_block_layout] Checking flex: node=NodeKey(3751218114134540321), display=Flex
[2026-01-11T20:04:40Z ERROR css_core::box_tree::constraint_block_layout] IS FLEX!
[2026-01-11T20:04:40Z ERROR css_core::box_tree::constraint_block_layout::flex_layout] layout_flex: node=NodeKey(3751218114134540321), children.len()=1
[2026-01-11T20:04:40Z ERROR css_core::box_tree::constraint_block_layout::flex_layout] layout_flex: node=NodeKey(3751218114134540321), flex_items.len()=1
[2026-01-11T20:04:40Z ERROR css_core::box_tree::constraint_block_layout] INSERTING FLEX CONTAINER in layout_block: node=NodeKey(3751218114134540321), inline_size=800, is_measurement=true
[2026-01-11T20:04:40Z ERROR css_core::box_tree::constraint_block_layout] layout_block ENTRY: node=NodeKey(3751218114134540324)
[2026-01-11T20:04:40Z ERROR css_core::box_tree::constraint_block_layout] Checking flex: node=NodeKey(3751218114134540324), display=Flex
[2026-01-11T20:04:40Z ERROR css_core::box_tree::constraint_block_layout] IS FLEX!
[2026-01-11T20:04:40Z ERROR css_core::box_tree::constraint_block_layout::flex_layout] layout_flex: node=NodeKey(3751218114134540324), children.len()=1
[2026-01-11T20:04:40Z ERROR css_core::box_tree::constraint_block_layout::flex_layout] layout_flex: node=NodeKey(3751218114134540324), flex_items.len()=1
[2026-01-11T20:04:40Z ERROR css_core::box_tree::constraint_block_layout] INSERTING FLEX CONTAINER in layout_block: node=NodeKey(3751218114134540324), inline_size=800, is_measurement=true
[2026-01-11T20:04:40Z ERROR css_core::box_tree::constraint_block_layout] layout_block ENTRY: node=NodeKey(3751218114134540327)
[2026-01-11T20:04:40Z ERROR css_core::box_tree::constraint_block_layout] Checking flex: node=NodeKey(3751218114134540327), display=Flex
[2026-01-11T20:04:40Z ERROR css_core::box_tree::constraint_block_layout] IS FLEX!
[2026-01-11T20:04:40Z ERROR css_core::box_tree::constraint_block_layout::flex_layout] layout_flex: node=NodeKey(3751218114134540327), children.len()=1
[2026-01-11T20:04:40Z ERROR css_core::box_tree::constraint_block_layout::flex_layout] layout_flex: node=NodeKey(3751218114134540327), flex_items.len()=1
[2026-01-11T20:04:40Z ERROR css_core::box_tree::constraint_block_layout] INSERTING FLEX CONTAINER in layout_block: node=NodeKey(3751218114134540327), inline_size=800, is_measurement=true
[2026-01-11T20:04:40Z ERROR css_core::box_tree::constraint_block_layout] layout_block ENTRY: node=NodeKey(3751218114134540330)
[2026-01-11T20:04:40Z ERROR css_core::box_tree::constraint_block_layout] Checking flex: node=NodeKey(3751218114134540330), display=Flex
[2026-01-11T20:04:40Z ERROR css_core::box_tree::constraint_block_layout] IS FLEX!
[2026-01-11T20:04:40Z ERROR css_core::box_tree::constraint_block_layout::flex_layout] layout_flex: node=NodeKey(3751218114134540330), children.len()=1
[2026-01-11T20:04:40Z ERROR css_core::box_tree::constraint_block_layout::flex_layout] layout_flex: node=NodeKey(3751218114134540330), flex_items.len()=1
[2026-01-11T20:04:40Z ERROR css_core::box_tree::constraint_block_layout] INSERTING FLEX CONTAINER in layout_block: node=NodeKey(3751218114134540330), inline_size=800, is_measurement=true
[2026-01-11T20:04:40Z ERROR css_core::box_tree::constraint_block_layout] layout_block ENTRY: node=NodeKey(3751218114134540306)
[2026-01-11T20:04:40Z ERROR css_core::box_tree::constraint_block_layout] Checking flex: node=NodeKey(3751218114134540306), display=Flex
[2026-01-11T20:04:40Z ERROR css_core::box_tree::constraint_block_layout] IS FLEX!
[2026-01-11T20:04:40Z ERROR css_core::box_tree::constraint_block_layout::flex_layout] layout_flex: node=NodeKey(3751218114134540306), children.len()=1
[2026-01-11T20:04:40Z ERROR css_core::box_tree::constraint_block_layout::flex_layout] layout_flex: node=NodeKey(3751218114134540306), flex_items.len()=1
[2026-01-11T20:04:40Z ERROR css_core::box_tree::constraint_block_layout] INSERTING FLEX CONTAINER in layout_block: node=NodeKey(3751218114134540306), inline_size=200, is_measurement=true
[2026-01-11T20:04:40Z ERROR css_core::box_tree::constraint_block_layout] layout_block ENTRY: node=NodeKey(3751218114134540309)
[2026-01-11T20:04:40Z ERROR css_core::box_tree::constraint_block_layout] Checking flex: node=NodeKey(3751218114134540309), display=Flex
[2026-01-11T20:04:40Z ERROR css_core::box_tree::constraint_block_layout] IS FLEX!
[2026-01-11T20:04:40Z ERROR css_core::box_tree::constraint_block_layout::flex_layout] layout_flex: node=NodeKey(3751218114134540309), children.len()=1
[2026-01-11T20:04:40Z ERROR css_core::box_tree::constraint_block_layout::flex_layout] layout_flex: node=NodeKey(3751218114134540309), flex_items.len()=1
[2026-01-11T20:04:40Z ERROR css_core::box_tree::constraint_block_layout] INSERTING FLEX CONTAINER in layout_block: node=NodeKey(3751218114134540309), inline_size=302, is_measurement=true
[2026-01-11T20:04:40Z ERROR css_core::box_tree::constraint_block_layout] layout_block ENTRY: node=NodeKey(3751218114134540312)
[2026-01-11T20:04:40Z ERROR css_core::box_tree::constraint_block_layout] Checking flex: node=NodeKey(3751218114134540312), display=Flex
[2026-01-11T20:04:40Z ERROR css_core::box_tree::constraint_block_layout] IS FLEX!
[2026-01-11T20:04:40Z ERROR css_core::box_tree::constraint_block_layout::flex_layout] layout_flex: node=NodeKey(3751218114134540312), children.len()=1
[2026-01-11T20:04:40Z ERROR css_core::box_tree::constraint_block_layout::flex_layout] layout_flex: node=NodeKey(3751218114134540312), flex_items.len()=1
[2026-01-11T20:04:40Z ERROR css_core::box_tree::constraint_block_layout] INSERTING FLEX CONTAINER in layout_block: node=NodeKey(3751218114134540312), inline_size=150, is_measurement=true
[2026-01-11T20:04:40Z ERROR css_core::box_tree::constraint_block_layout] layout_block ENTRY: node=NodeKey(3751218114134540315)
[2026-01-11T20:04:40Z ERROR css_core::box_tree::constraint_block_layout] Checking flex: node=NodeKey(3751218114134540315), display=Flex
[2026-01-11T20:04:40Z ERROR css_core::box_tree::constraint_block_layout] IS FLEX!
[2026-01-11T20:04:40Z ERROR css_core::box_tree::constraint_block_layout::flex_layout] layout_flex: node=NodeKey(3751218114134540315), children.len()=1
[2026-01-11T20:04:40Z ERROR css_core::box_tree::constraint_block_layout::flex_layout] layout_flex: node=NodeKey(3751218114134540315), flex_items.len()=1
[2026-01-11T20:04:40Z ERROR css_core::box_tree::constraint_block_layout] INSERTING FLEX CONTAINER in layout_block: node=NodeKey(3751218114134540315), inline_size=200, is_measurement=true
[2026-01-11T20:04:40Z ERROR css_core::box_tree::constraint_block_layout] layout_block ENTRY: node=NodeKey(3751218114134540318)
[2026-01-11T20:04:40Z ERROR css_core::box_tree::constraint_block_layout] Checking flex: node=NodeKey(3751218114134540318), display=Flex
[2026-01-11T20:04:40Z ERROR css_core::box_tree::constraint_block_layout] IS FLEX!
[2026-01-11T20:04:40Z ERROR css_core::box_tree::constraint_block_layout::flex_layout] layout_flex: node=NodeKey(3751218114134540318), children.len()=1
[2026-01-11T20:04:40Z ERROR css_core::box_tree::constraint_block_layout::flex_layout] layout_flex: node=NodeKey(3751218114134540318), flex_items.len()=1
[2026-01-11T20:04:40Z ERROR css_core::box_tree::constraint_block_layout] INSERTING FLEX CONTAINER in layout_block: node=NodeKey(3751218114134540318), inline_size=302, is_measurement=true
[2026-01-11T20:04:40Z ERROR css_core::box_tree::constraint_block_layout] layout_block ENTRY: node=NodeKey(3751218114134540321)
[2026-01-11T20:04:40Z ERROR css_core::box_tree::constraint_block_layout] Checking flex: node=NodeKey(3751218114134540321), display=Flex
[2026-01-11T20:04:40Z ERROR css_core::box_tree::constraint_block_layout] IS FLEX!
[2026-01-11T20:04:40Z ERROR css_core::box_tree::constraint_block_layout::flex_layout] layout_flex: node=NodeKey(3751218114134540321), children.len()=1
[2026-01-11T20:04:40Z ERROR css_core::box_tree::constraint_block_layout::flex_layout] layout_flex: node=NodeKey(3751218114134540321), flex_items.len()=1
[2026-01-11T20:04:40Z ERROR css_core::box_tree::constraint_block_layout] INSERTING FLEX CONTAINER in layout_block: node=NodeKey(3751218114134540321), inline_size=150, is_measurement=true
[2026-01-11T20:04:40Z ERROR css_core::box_tree::constraint_block_layout] layout_block ENTRY: node=NodeKey(3751218114134540324)
[2026-01-11T20:04:40Z ERROR css_core::box_tree::constraint_block_layout] Checking flex: node=NodeKey(3751218114134540324), display=Flex
[2026-01-11T20:04:40Z ERROR css_core::box_tree::constraint_block_layout] IS FLEX!
[2026-01-11T20:04:40Z ERROR css_core::box_tree::constraint_block_layout::flex_layout] layout_flex: node=NodeKey(3751218114134540324), children.len()=1
[2026-01-11T20:04:40Z ERROR css_core::box_tree::constraint_block_layout::flex_layout] layout_flex: node=NodeKey(3751218114134540324), flex_items.len()=1
[2026-01-11T20:04:40Z ERROR css_core::box_tree::constraint_block_layout] INSERTING FLEX CONTAINER in layout_block: node=NodeKey(3751218114134540324), inline_size=200, is_measurement=true
[2026-01-11T20:04:40Z ERROR css_core::box_tree::constraint_block_layout] layout_block ENTRY: node=NodeKey(3751218114134540327)
[2026-01-11T20:04:40Z ERROR css_core::box_tree::constraint_block_layout] Checking flex: node=NodeKey(3751218114134540327), display=Flex
[2026-01-11T20:04:40Z ERROR css_core::box_tree::constraint_block_layout] IS FLEX!
[2026-01-11T20:04:40Z ERROR css_core::box_tree::constraint_block_layout::flex_layout] layout_flex: node=NodeKey(3751218114134540327), children.len()=1
[2026-01-11T20:04:40Z ERROR css_core::box_tree::constraint_block_layout::flex_layout] layout_flex: node=NodeKey(3751218114134540327), flex_items.len()=1
[2026-01-11T20:04:40Z ERROR css_core::box_tree::constraint_block_layout] INSERTING FLEX CONTAINER in layout_block: node=NodeKey(3751218114134540327), inline_size=302, is_measurement=true
[2026-01-11T20:04:40Z ERROR css_core::box_tree::constraint_block_layout] layout_block ENTRY: node=NodeKey(3751218114134540330)
[2026-01-11T20:04:40Z ERROR css_core::box_tree::constraint_block_layout] Checking flex: node=NodeKey(3751218114134540330), display=Flex
[2026-01-11T20:04:40Z ERROR css_core::box_tree::constraint_block_layout] IS FLEX!
[2026-01-11T20:04:40Z ERROR css_core::box_tree::constraint_block_layout::flex_layout] layout_flex: node=NodeKey(3751218114134540330), children.len()=1
[2026-01-11T20:04:40Z ERROR css_core::box_tree::constraint_block_layout::flex_layout] layout_flex: node=NodeKey(3751218114134540330), flex_items.len()=1
[2026-01-11T20:04:40Z ERROR css_core::box_tree::constraint_block_layout] INSERTING FLEX CONTAINER in layout_block: node=NodeKey(3751218114134540330), inline_size=150, is_measurement=true
[2026-01-11T20:04:40Z ERROR css_core::box_tree::constraint_block_layout::grid] Grid item: node=NodeKey(3751218114134540306), display=Flex
[2026-01-11T20:04:40Z ERROR css_core::box_tree::constraint_block_layout] layout_block ENTRY: node=NodeKey(3751218114134540306)
[2026-01-11T20:04:40Z ERROR css_core::box_tree::constraint_block_layout] Checking flex: node=NodeKey(3751218114134540306), display=Flex
[2026-01-11T20:04:40Z ERROR css_core::box_tree::constraint_block_layout] IS FLEX!
[2026-01-11T20:04:40Z ERROR css_core::box_tree::constraint_block_layout::flex_layout] layout_flex: node=NodeKey(3751218114134540306), children.len()=1
[2026-01-11T20:04:40Z ERROR css_core::box_tree::constraint_block_layout::flex_layout] layout_flex: node=NodeKey(3751218114134540306), flex_items.len()=1
[2026-01-11T20:04:40Z ERROR css_core::box_tree::constraint_block_layout] INSERTING FLEX CONTAINER in layout_block: node=NodeKey(3751218114134540306), inline_size=200, is_measurement=false
[2026-01-11T20:04:40Z ERROR css_core::box_tree::constraint_block_layout::grid] Grid item: node=NodeKey(3751218114134540309), display=Flex
[2026-01-11T20:04:40Z ERROR css_core::box_tree::constraint_block_layout] layout_block ENTRY: node=NodeKey(3751218114134540309)
[2026-01-11T20:04:40Z ERROR css_core::box_tree::constraint_block_layout] Checking flex: node=NodeKey(3751218114134540309), display=Flex
[2026-01-11T20:04:40Z ERROR css_core::box_tree::constraint_block_layout] IS FLEX!
[2026-01-11T20:04:40Z ERROR css_core::box_tree::constraint_block_layout::flex_layout] layout_flex: node=NodeKey(3751218114134540309), children.len()=1
[2026-01-11T20:04:40Z ERROR css_core::box_tree::constraint_block_layout::flex_layout] layout_flex: node=NodeKey(3751218114134540309), flex_items.len()=1
[2026-01-11T20:04:40Z ERROR css_core::box_tree::constraint_block_layout] INSERTING FLEX CONTAINER in layout_block: node=NodeKey(3751218114134540309), inline_size=302, is_measurement=false
[2026-01-11T20:04:40Z ERROR css_core::box_tree::constraint_block_layout::grid] Grid item: node=NodeKey(3751218114134540312), display=Flex
[2026-01-11T20:04:40Z ERROR css_core::box_tree::constraint_block_layout] layout_block ENTRY: node=NodeKey(3751218114134540312)
[2026-01-11T20:04:40Z ERROR css_core::box_tree::constraint_block_layout] Checking flex: node=NodeKey(3751218114134540312), display=Flex
[2026-01-11T20:04:40Z ERROR css_core::box_tree::constraint_block_layout] IS FLEX!
[2026-01-11T20:04:40Z ERROR css_core::box_tree::constraint_block_layout::flex_layout] layout_flex: node=NodeKey(3751218114134540312), children.len()=1
[2026-01-11T20:04:40Z ERROR css_core::box_tree::constraint_block_layout::flex_layout] layout_flex: node=NodeKey(3751218114134540312), flex_items.len()=1
[2026-01-11T20:04:40Z ERROR css_core::box_tree::constraint_block_layout] INSERTING FLEX CONTAINER in layout_block: node=NodeKey(3751218114134540312), inline_size=150, is_measurement=false
[2026-01-11T20:04:40Z ERROR css_core::box_tree::constraint_block_layout::grid] Grid item: node=NodeKey(3751218114134540315), display=Flex
[2026-01-11T20:04:40Z ERROR css_core::box_tree::constraint_block_layout] layout_block ENTRY: node=NodeKey(3751218114134540315)
[2026-01-11T20:04:40Z ERROR css_core::box_tree::constraint_block_layout] Checking flex: node=NodeKey(3751218114134540315), display=Flex
[2026-01-11T20:04:40Z ERROR css_core::box_tree::constraint_block_layout] IS FLEX!
[2026-01-11T20:04:40Z ERROR css_core::box_tree::constraint_block_layout::flex_layout] layout_flex: node=NodeKey(3751218114134540315), children.len()=1
[2026-01-11T20:04:40Z ERROR css_core::box_tree::constraint_block_layout::flex_layout] layout_flex: node=NodeKey(3751218114134540315), flex_items.len()=1
[2026-01-11T20:04:40Z ERROR css_core::box_tree::constraint_block_layout] INSERTING FLEX CONTAINER in layout_block: node=NodeKey(3751218114134540315), inline_size=200, is_measurement=false
[2026-01-11T20:04:40Z ERROR css_core::box_tree::constraint_block_layout::grid] Grid item: node=NodeKey(3751218114134540318), display=Flex
[2026-01-11T20:04:40Z ERROR css_core::box_tree::constraint_block_layout] layout_block ENTRY: node=NodeKey(3751218114134540318)
[2026-01-11T20:04:40Z ERROR css_core::box_tree::constraint_block_layout] Checking flex: node=NodeKey(3751218114134540318), display=Flex
[2026-01-11T20:04:40Z ERROR css_core::box_tree::constraint_block_layout] IS FLEX!
[2026-01-11T20:04:40Z ERROR css_core::box_tree::constraint_block_layout::flex_layout] layout_flex: node=NodeKey(3751218114134540318), children.len()=1
[2026-01-11T20:04:40Z ERROR css_core::box_tree::constraint_block_layout::flex_layout] layout_flex: node=NodeKey(3751218114134540318), flex_items.len()=1
[2026-01-11T20:04:40Z ERROR css_core::box_tree::constraint_block_layout] INSERTING FLEX CONTAINER in layout_block: node=NodeKey(3751218114134540318), inline_size=302, is_measurement=false
[2026-01-11T20:04:40Z ERROR css_core::box_tree::constraint_block_layout::grid] Grid item: node=NodeKey(3751218114134540321), display=Flex
[2026-01-11T20:04:40Z ERROR css_core::box_tree::constraint_block_layout] layout_block ENTRY: node=NodeKey(3751218114134540321)
[2026-01-11T20:04:40Z ERROR css_core::box_tree::constraint_block_layout] Checking flex: node=NodeKey(3751218114134540321), display=Flex
[2026-01-11T20:04:40Z ERROR css_core::box_tree::constraint_block_layout] IS FLEX!
[2026-01-11T20:04:40Z ERROR css_core::box_tree::constraint_block_layout::flex_layout] layout_flex: node=NodeKey(3751218114134540321), children.len()=1
[2026-01-11T20:04:40Z ERROR css_core::box_tree::constraint_block_layout::flex_layout] layout_flex: node=NodeKey(3751218114134540321), flex_items.len()=1
[2026-01-11T20:04:40Z ERROR css_core::box_tree::constraint_block_layout] INSERTING FLEX CONTAINER in layout_block: node=NodeKey(3751218114134540321), inline_size=150, is_measurement=false
[2026-01-11T20:04:40Z ERROR css_core::box_tree::constraint_block_layout::grid] Grid item: node=NodeKey(3751218114134540324), display=Flex
[2026-01-11T20:04:40Z ERROR css_core::box_tree::constraint_block_layout] layout_block ENTRY: node=NodeKey(3751218114134540324)
[2026-01-11T20:04:40Z ERROR css_core::box_tree::constraint_block_layout] Checking flex: node=NodeKey(3751218114134540324), display=Flex
[2026-01-11T20:04:40Z ERROR css_core::box_tree::constraint_block_layout] IS FLEX!
[2026-01-11T20:04:40Z ERROR css_core::box_tree::constraint_block_layout::flex_layout] layout_flex: node=NodeKey(3751218114134540324), children.len()=1
[2026-01-11T20:04:40Z ERROR css_core::box_tree::constraint_block_layout::flex_layout] layout_flex: node=NodeKey(3751218114134540324), flex_items.len()=1
[2026-01-11T20:04:40Z ERROR css_core::box_tree::constraint_block_layout] INSERTING FLEX CONTAINER in layout_block: node=NodeKey(3751218114134540324), inline_size=200, is_measurement=false
[2026-01-11T20:04:40Z ERROR css_core::box_tree::constraint_block_layout::grid] Grid item: node=NodeKey(3751218114134540327), display=Flex
[2026-01-11T20:04:40Z ERROR css_core::box_tree::constraint_block_layout] layout_block ENTRY: node=NodeKey(3751218114134540327)
[2026-01-11T20:04:40Z ERROR css_core::box_tree::constraint_block_layout] Checking flex: node=NodeKey(3751218114134540327), display=Flex
[2026-01-11T20:04:40Z ERROR css_core::box_tree::constraint_block_layout] IS FLEX!
[2026-01-11T20:04:40Z ERROR css_core::box_tree::constraint_block_layout::flex_layout] layout_flex: node=NodeKey(3751218114134540327), children.len()=1
[2026-01-11T20:04:40Z ERROR css_core::box_tree::constraint_block_layout::flex_layout] layout_flex: node=NodeKey(3751218114134540327), flex_items.len()=1
[2026-01-11T20:04:40Z ERROR css_core::box_tree::constraint_block_layout] INSERTING FLEX CONTAINER in layout_block: node=NodeKey(3751218114134540327), inline_size=302, is_measurement=false
[2026-01-11T20:04:40Z ERROR css_core::box_tree::constraint_block_layout::grid] Grid item: node=NodeKey(3751218114134540330), display=Flex
[2026-01-11T20:04:40Z ERROR css_core::box_tree::constraint_block_layout] layout_block ENTRY: node=NodeKey(3751218114134540330)
[2026-01-11T20:04:40Z ERROR css_core::box_tree::constraint_block_layout] Checking flex: node=NodeKey(3751218114134540330), display=Flex
[2026-01-11T20:04:40Z ERROR css_core::box_tree::constraint_block_layout] IS FLEX!
[2026-01-11T20:04:40Z ERROR css_core::box_tree::constraint_block_layout::flex_layout] layout_flex: node=NodeKey(3751218114134540330), children.len()=1
[2026-01-11T20:04:40Z ERROR css_core::box_tree::constraint_block_layout::flex_layout] layout_flex: node=NodeKey(3751218114134540330), flex_items.len()=1
[2026-01-11T20:04:40Z ERROR css_core::box_tree::constraint_block_layout] INSERTING FLEX CONTAINER in layout_block: node=NodeKey(3751218114134540330), inline_size=150, is_measurement=false
[2026-01-11T20:04:40Z ERROR page_handler::core::incremental_layout] LAYOUT TREE COMPLETE - generation 1, total results: 24
[2026-01-11T20:04:40Z ERROR page_handler::core::incremental_layout] RUNNING LAYOUT TREE - generation 1
[2026-01-11T20:04:40Z ERROR css_core::box_tree::constraint_block_layout] layout_block ENTRY: node=NodeKey(5418675876168466434)
[2026-01-11T20:04:40Z ERROR css_core::box_tree::constraint_block_layout] Checking flex: node=NodeKey(5418675876168466434), display=Block
[2026-01-11T20:04:40Z ERROR css_core::box_tree::constraint_block_layout] layout_block ENTRY: node=NodeKey(5418675876168466446)
[2026-01-11T20:04:40Z ERROR css_core::box_tree::constraint_block_layout] Checking flex: node=NodeKey(5418675876168466446), display=Block
[2026-01-11T20:04:40Z ERROR css_core::box_tree::constraint_block_layout] layout_block ENTRY: node=NodeKey(5418675876168466448)
[2026-01-11T20:04:40Z ERROR css_core::box_tree::constraint_block_layout] Checking flex: node=NodeKey(5418675876168466448), display=Grid
[2026-01-11T20:04:40Z ERROR css_core::box_tree::constraint_block_layout] layout_block ENTRY: node=NodeKey(5418675876168466450)
[2026-01-11T20:04:40Z ERROR css_core::box_tree::constraint_block_layout] Checking flex: node=NodeKey(5418675876168466450), display=Block
[2026-01-11T20:04:40Z ERROR css_core::box_tree::constraint_block_layout] layout_block ENTRY: node=NodeKey(5418675876168466452)
[2026-01-11T20:04:40Z ERROR css_core::box_tree::constraint_block_layout] Checking flex: node=NodeKey(5418675876168466452), display=Block
[2026-01-11T20:04:40Z ERROR css_core::box_tree::constraint_block_layout] layout_block ENTRY: node=NodeKey(5418675876168466454)
[2026-01-11T20:04:40Z ERROR css_core::box_tree::constraint_block_layout] Checking flex: node=NodeKey(5418675876168466454), display=Block
[2026-01-11T20:04:40Z ERROR css_core::box_tree::constraint_block_layout] layout_block ENTRY: node=NodeKey(5418675876168466450)
[2026-01-11T20:04:40Z ERROR css_core::box_tree::constraint_block_layout] Checking flex: node=NodeKey(5418675876168466450), display=Block
[2026-01-11T20:04:40Z ERROR css_core::box_tree::constraint_block_layout] layout_block ENTRY: node=NodeKey(5418675876168466452)
[2026-01-11T20:04:40Z ERROR css_core::box_tree::constraint_block_layout] Checking flex: node=NodeKey(5418675876168466452), display=Block
[2026-01-11T20:04:40Z ERROR css_core::box_tree::constraint_block_layout] layout_block ENTRY: node=NodeKey(5418675876168466454)
[2026-01-11T20:04:40Z ERROR css_core::box_tree::constraint_block_layout] Checking flex: node=NodeKey(5418675876168466454), display=Block
[2026-01-11T20:04:40Z ERROR css_core::box_tree::constraint_block_layout::grid] Grid item: node=NodeKey(5418675876168466450), display=Block
[2026-01-11T20:04:40Z ERROR css_core::box_tree::constraint_block_layout] layout_block ENTRY: node=NodeKey(5418675876168466450)
[2026-01-11T20:04:40Z ERROR css_core::box_tree::constraint_block_layout] Checking flex: node=NodeKey(5418675876168466450), display=Block
[2026-01-11T20:04:40Z ERROR css_core::box_tree::constraint_block_layout::grid] Grid item: node=NodeKey(5418675876168466452), display=Block
[2026-01-11T20:04:40Z ERROR css_core::box_tree::constraint_block_layout] layout_block ENTRY: node=NodeKey(5418675876168466452)
[2026-01-11T20:04:40Z ERROR css_core::box_tree::constraint_block_layout] Checking flex: node=NodeKey(5418675876168466452), display=Block
[2026-01-11T20:04:40Z ERROR css_core::box_tree::constraint_block_layout::grid] Grid item: node=NodeKey(5418675876168466454), display=Block
[2026-01-11T20:04:40Z ERROR css_core::box_tree::constraint_block_layout] layout_block ENTRY: node=NodeKey(5418675876168466454)
[2026-01-11T20:04:40Z ERROR css_core::box_tree::constraint_block_layout] Checking flex: node=NodeKey(5418675876168466454), display=Block
[2026-01-11T20:04:40Z ERROR page_handler::core::incremental_layout] LAYOUT TREE COMPLETE - generation 1, total results: 9
[2026-01-11T20:04:40Z ERROR page_handler::core::incremental_layout] RUNNING LAYOUT TREE - generation 1
[2026-01-11T20:04:40Z ERROR css_core::box_tree::constraint_block_layout] layout_block ENTRY: node=NodeKey(14201539574471065602)
[2026-01-11T20:04:40Z ERROR css_core::box_tree::constraint_block_layout] Checking flex: node=NodeKey(14201539574471065602), display=Block
[2026-01-11T20:04:40Z ERROR css_core::box_tree::constraint_block_layout] layout_block ENTRY: node=NodeKey(14201539574471065614)
[2026-01-11T20:04:40Z ERROR css_core::box_tree::constraint_block_layout] Checking flex: node=NodeKey(14201539574471065614), display=Block
[2026-01-11T20:04:40Z ERROR css_core::box_tree::constraint_block_layout] layout_block ENTRY: node=NodeKey(14201539574471065616)
[2026-01-11T20:04:40Z ERROR css_core::box_tree::constraint_block_layout] Checking flex: node=NodeKey(14201539574471065616), display=Grid
[2026-01-11T20:04:40Z ERROR css_core::box_tree::constraint_block_layout] layout_block ENTRY: node=NodeKey(14201539574471065618)
[2026-01-11T20:04:40Z ERROR css_core::box_tree::constraint_block_layout] Checking flex: node=NodeKey(14201539574471065618), display=Block
[2026-01-11T20:04:40Z ERROR css_core::box_tree::constraint_block_layout] layout_block ENTRY: node=NodeKey(14201539574471065620)
[2026-01-11T20:04:40Z ERROR css_core::box_tree::constraint_block_layout] Checking flex: node=NodeKey(14201539574471065620), display=Block
[2026-01-11T20:04:40Z ERROR css_core::box_tree::constraint_block_layout] layout_block ENTRY: node=NodeKey(14201539574471065623)
[2026-01-11T20:04:40Z ERROR css_core::box_tree::constraint_block_layout] Checking flex: node=NodeKey(14201539574471065623), display=Block
[2026-01-11T20:04:40Z ERROR css_core::box_tree::constraint_block_layout] layout_block ENTRY: node=NodeKey(14201539574471065627)
[2026-01-11T20:04:40Z ERROR css_core::box_tree::constraint_block_layout] Checking flex: node=NodeKey(14201539574471065627), display=Block
[2026-01-11T20:04:40Z ERROR css_core::box_tree::constraint_block_layout] layout_block ENTRY: node=NodeKey(14201539574471065629)
[2026-01-11T20:04:40Z ERROR css_core::box_tree::constraint_block_layout] Checking flex: node=NodeKey(14201539574471065629), display=Block
[2026-01-11T20:04:40Z ERROR css_core::box_tree::constraint_block_layout] layout_block ENTRY: node=NodeKey(14201539574471065632)
[2026-01-11T20:04:40Z ERROR css_core::box_tree::constraint_block_layout] Checking flex: node=NodeKey(14201539574471065632), display=Block
[2026-01-11T20:04:40Z ERROR css_core::box_tree::constraint_block_layout] layout_block ENTRY: node=NodeKey(14201539574471065618)
[2026-01-11T20:04:40Z ERROR css_core::box_tree::constraint_block_layout] Checking flex: node=NodeKey(14201539574471065618), display=Block
[2026-01-11T20:04:40Z ERROR css_core::box_tree::constraint_block_layout] layout_block ENTRY: node=NodeKey(14201539574471065620)
[2026-01-11T20:04:40Z ERROR css_core::box_tree::constraint_block_layout] Checking flex: node=NodeKey(14201539574471065620), display=Block
[2026-01-11T20:04:40Z ERROR css_core::box_tree::constraint_block_layout] layout_block ENTRY: node=NodeKey(14201539574471065623)
[2026-01-11T20:04:40Z ERROR css_core::box_tree::constraint_block_layout] Checking flex: node=NodeKey(14201539574471065623), display=Block
[2026-01-11T20:04:40Z ERROR css_core::box_tree::constraint_block_layout] layout_block ENTRY: node=NodeKey(14201539574471065627)
[2026-01-11T20:04:40Z ERROR css_core::box_tree::constraint_block_layout] Checking flex: node=NodeKey(14201539574471065627), display=Block
[2026-01-11T20:04:40Z ERROR css_core::box_tree::constraint_block_layout] layout_block ENTRY: node=NodeKey(14201539574471065629)
[2026-01-11T20:04:40Z ERROR css_core::box_tree::constraint_block_layout] Checking flex: node=NodeKey(14201539574471065629), display=Block
[2026-01-11T20:04:40Z ERROR css_core::box_tree::constraint_block_layout] layout_block ENTRY: node=NodeKey(14201539574471065632)
[2026-01-11T20:04:40Z ERROR css_core::box_tree::constraint_block_layout] Checking flex: node=NodeKey(14201539574471065632), display=Block
[2026-01-11T20:04:40Z ERROR css_core::box_tree::constraint_block_layout::grid] Grid item: node=NodeKey(14201539574471065618), display=Block
[2026-01-11T20:04:40Z ERROR css_core::box_tree::constraint_block_layout] layout_block ENTRY: node=NodeKey(14201539574471065618)
[2026-01-11T20:04:40Z ERROR css_core::box_tree::constraint_block_layout] Checking flex: node=NodeKey(14201539574471065618), display=Block
[2026-01-11T20:04:40Z ERROR css_core::box_tree::constraint_block_layout] layout_block ENTRY: node=NodeKey(14201539574471065620)
[2026-01-11T20:04:40Z ERROR css_core::box_tree::constraint_block_layout] Checking flex: node=NodeKey(14201539574471065620), display=Block
[2026-01-11T20:04:40Z ERROR css_core::box_tree::constraint_block_layout] layout_block ENTRY: node=NodeKey(14201539574471065623)
[2026-01-11T20:04:40Z ERROR css_core::box_tree::constraint_block_layout] Checking flex: node=NodeKey(14201539574471065623), display=Block
[2026-01-11T20:04:40Z ERROR css_core::box_tree::constraint_block_layout::grid] Grid item: node=NodeKey(14201539574471065627), display=Block
[2026-01-11T20:04:40Z ERROR css_core::box_tree::constraint_block_layout] layout_block ENTRY: node=NodeKey(14201539574471065627)
[2026-01-11T20:04:40Z ERROR css_core::box_tree::constraint_block_layout] Checking flex: node=NodeKey(14201539574471065627), display=Block
[2026-01-11T20:04:40Z ERROR css_core::box_tree::constraint_block_layout] layout_block ENTRY: node=NodeKey(14201539574471065629)
[2026-01-11T20:04:40Z ERROR css_core::box_tree::constraint_block_layout] Checking flex: node=NodeKey(14201539574471065629), display=Block
[2026-01-11T20:04:40Z ERROR css_core::box_tree::constraint_block_layout] layout_block ENTRY: node=NodeKey(14201539574471065632)
[2026-01-11T20:04:40Z ERROR css_core::box_tree::constraint_block_layout] Checking flex: node=NodeKey(14201539574471065632), display=Block
[2026-01-11T20:04:40Z ERROR page_handler::core::incremental_layout] LAYOUT TREE COMPLETE - generation 1, total results: 22
[2026-01-11T20:04:40Z ERROR page_handler::core::incremental_layout] RUNNING LAYOUT TREE - generation 1
[2026-01-11T20:04:40Z ERROR css_core::box_tree::constraint_block_layout] layout_block ENTRY: node=NodeKey(3231052357173248002)
[2026-01-11T20:04:40Z ERROR css_core::box_tree::constraint_block_layout] Checking flex: node=NodeKey(3231052357173248002), display=Block
[2026-01-11T20:04:40Z ERROR css_core::box_tree::constraint_block_layout] layout_block ENTRY: node=NodeKey(3231052357173248014)
[2026-01-11T20:04:40Z ERROR css_core::box_tree::constraint_block_layout] Checking flex: node=NodeKey(3231052357173248014), display=Block
[2026-01-11T20:04:40Z ERROR css_core::box_tree::constraint_block_layout] layout_block ENTRY: node=NodeKey(3231052357173248016)
[2026-01-11T20:04:40Z ERROR css_core::box_tree::constraint_block_layout] Checking flex: node=NodeKey(3231052357173248016), display=Grid
[2026-01-11T20:04:40Z ERROR css_core::box_tree::constraint_block_layout] layout_block ENTRY: node=NodeKey(3231052357173248018)
[2026-01-11T20:04:40Z ERROR css_core::box_tree::constraint_block_layout] Checking flex: node=NodeKey(3231052357173248018), display=Block
[2026-01-11T20:04:40Z ERROR css_core::box_tree::constraint_block_layout] layout_block ENTRY: node=NodeKey(3231052357173248020)
[2026-01-11T20:04:40Z ERROR css_core::box_tree::constraint_block_layout] Checking flex: node=NodeKey(3231052357173248020), display=Block
[2026-01-11T20:04:40Z ERROR css_core::box_tree::constraint_block_layout] layout_block ENTRY: node=NodeKey(3231052357173248023)
[2026-01-11T20:04:40Z ERROR css_core::box_tree::constraint_block_layout] Checking flex: node=NodeKey(3231052357173248023), display=Block
[2026-01-11T20:04:40Z ERROR css_core::box_tree::constraint_block_layout] layout_block ENTRY: node=NodeKey(3231052357173248027)
[2026-01-11T20:04:40Z ERROR css_core::box_tree::constraint_block_layout] Checking flex: node=NodeKey(3231052357173248027), display=Block
[2026-01-11T20:04:40Z ERROR css_core::box_tree::constraint_block_layout] layout_block ENTRY: node=NodeKey(3231052357173248029)
[2026-01-11T20:04:40Z ERROR css_core::box_tree::constraint_block_layout] Checking flex: node=NodeKey(3231052357173248029), display=Block
[2026-01-11T20:04:40Z ERROR css_core::box_tree::constraint_block_layout] layout_block ENTRY: node=NodeKey(3231052357173248032)
[2026-01-11T20:04:40Z ERROR css_core::box_tree::constraint_block_layout] Checking flex: node=NodeKey(3231052357173248032), display=Block
[2026-01-11T20:04:40Z ERROR css_core::box_tree::constraint_block_layout] layout_block ENTRY: node=NodeKey(3231052357173248036)
[2026-01-11T20:04:40Z ERROR css_core::box_tree::constraint_block_layout] Checking flex: node=NodeKey(3231052357173248036), display=Block
[2026-01-11T20:04:40Z ERROR css_core::box_tree::constraint_block_layout] layout_block ENTRY: node=NodeKey(3231052357173248038)
[2026-01-11T20:04:40Z ERROR css_core::box_tree::constraint_block_layout] Checking flex: node=NodeKey(3231052357173248038), display=Block
[2026-01-11T20:04:40Z ERROR css_core::box_tree::constraint_block_layout] layout_block ENTRY: node=NodeKey(3231052357173248041)
[2026-01-11T20:04:40Z ERROR css_core::box_tree::constraint_block_layout] Checking flex: node=NodeKey(3231052357173248041), display=Block
[2026-01-11T20:04:40Z ERROR css_core::box_tree::constraint_block_layout] layout_block ENTRY: node=NodeKey(3231052357173248045)
[2026-01-11T20:04:40Z ERROR css_core::box_tree::constraint_block_layout] Checking flex: node=NodeKey(3231052357173248045), display=Block
[2026-01-11T20:04:40Z ERROR css_core::box_tree::constraint_block_layout] layout_block ENTRY: node=NodeKey(3231052357173248047)
[2026-01-11T20:04:40Z ERROR css_core::box_tree::constraint_block_layout] Checking flex: node=NodeKey(3231052357173248047), display=Block
[2026-01-11T20:04:40Z ERROR css_core::box_tree::constraint_block_layout] layout_block ENTRY: node=NodeKey(3231052357173248050)
[2026-01-11T20:04:40Z ERROR css_core::box_tree::constraint_block_layout] Checking flex: node=NodeKey(3231052357173248050), display=Block
[2026-01-11T20:04:40Z ERROR css_core::box_tree::constraint_block_layout] layout_block ENTRY: node=NodeKey(3231052357173248054)
[2026-01-11T20:04:40Z ERROR css_core::box_tree::constraint_block_layout] Checking flex: node=NodeKey(3231052357173248054), display=Block
[2026-01-11T20:04:40Z ERROR css_core::box_tree::constraint_block_layout] layout_block ENTRY: node=NodeKey(3231052357173248056)
[2026-01-11T20:04:40Z ERROR css_core::box_tree::constraint_block_layout] Checking flex: node=NodeKey(3231052357173248056), display=Block
[2026-01-11T20:04:40Z ERROR css_core::box_tree::constraint_block_layout] layout_block ENTRY: node=NodeKey(3231052357173248059)
[2026-01-11T20:04:40Z ERROR css_core::box_tree::constraint_block_layout] Checking flex: node=NodeKey(3231052357173248059), display=Block
[2026-01-11T20:04:40Z ERROR css_core::box_tree::constraint_block_layout] layout_block ENTRY: node=NodeKey(3231052357173248018)
[2026-01-11T20:04:40Z ERROR css_core::box_tree::constraint_block_layout] Checking flex: node=NodeKey(3231052357173248018), display=Block
[2026-01-11T20:04:40Z ERROR css_core::box_tree::constraint_block_layout] layout_block ENTRY: node=NodeKey(3231052357173248020)
[2026-01-11T20:04:40Z ERROR css_core::box_tree::constraint_block_layout] Checking flex: node=NodeKey(3231052357173248020), display=Block
[2026-01-11T20:04:40Z ERROR css_core::box_tree::constraint_block_layout] layout_block ENTRY: node=NodeKey(3231052357173248023)
[2026-01-11T20:04:40Z ERROR css_core::box_tree::constraint_block_layout] Checking flex: node=NodeKey(3231052357173248023), display=Block
[2026-01-11T20:04:40Z ERROR css_core::box_tree::constraint_block_layout] layout_block ENTRY: node=NodeKey(3231052357173248027)
[2026-01-11T20:04:40Z ERROR css_core::box_tree::constraint_block_layout] Checking flex: node=NodeKey(3231052357173248027), display=Block
[2026-01-11T20:04:40Z ERROR css_core::box_tree::constraint_block_layout] layout_block ENTRY: node=NodeKey(3231052357173248029)
[2026-01-11T20:04:40Z ERROR css_core::box_tree::constraint_block_layout] Checking flex: node=NodeKey(3231052357173248029), display=Block
[2026-01-11T20:04:40Z ERROR css_core::box_tree::constraint_block_layout] layout_block ENTRY: node=NodeKey(3231052357173248032)
[2026-01-11T20:04:40Z ERROR css_core::box_tree::constraint_block_layout] Checking flex: node=NodeKey(3231052357173248032), display=Block
[2026-01-11T20:04:40Z ERROR css_core::box_tree::constraint_block_layout] layout_block ENTRY: node=NodeKey(3231052357173248036)
[2026-01-11T20:04:40Z ERROR css_core::box_tree::constraint_block_layout] Checking flex: node=NodeKey(3231052357173248036), display=Block
[2026-01-11T20:04:40Z ERROR css_core::box_tree::constraint_block_layout] layout_block ENTRY: node=NodeKey(3231052357173248038)
[2026-01-11T20:04:40Z ERROR css_core::box_tree::constraint_block_layout] Checking flex: node=NodeKey(3231052357173248038), display=Block
[2026-01-11T20:04:40Z ERROR css_core::box_tree::constraint_block_layout] layout_block ENTRY: node=NodeKey(3231052357173248041)
[2026-01-11T20:04:40Z ERROR css_core::box_tree::constraint_block_layout] Checking flex: node=NodeKey(3231052357173248041), display=Block
[2026-01-11T20:04:40Z ERROR css_core::box_tree::constraint_block_layout] layout_block ENTRY: node=NodeKey(3231052357173248045)
[2026-01-11T20:04:40Z ERROR css_core::box_tree::constraint_block_layout] Checking flex: node=NodeKey(3231052357173248045), display=Block
[2026-01-11T20:04:40Z ERROR css_core::box_tree::constraint_block_layout] layout_block ENTRY: node=NodeKey(3231052357173248047)
[2026-01-11T20:04:40Z ERROR css_core::box_tree::constraint_block_layout] Checking flex: node=NodeKey(3231052357173248047), display=Block
[2026-01-11T20:04:40Z ERROR css_core::box_tree::constraint_block_layout] layout_block ENTRY: node=NodeKey(3231052357173248050)
[2026-01-11T20:04:40Z ERROR css_core::box_tree::constraint_block_layout] Checking flex: node=NodeKey(3231052357173248050), display=Block
[2026-01-11T20:04:40Z ERROR css_core::box_tree::constraint_block_layout] layout_block ENTRY: node=NodeKey(3231052357173248054)
[2026-01-11T20:04:40Z ERROR css_core::box_tree::constraint_block_layout] Checking flex: node=NodeKey(3231052357173248054), display=Block
[2026-01-11T20:04:40Z ERROR css_core::box_tree::constraint_block_layout] layout_block ENTRY: node=NodeKey(3231052357173248056)
[2026-01-11T20:04:40Z ERROR css_core::box_tree::constraint_block_layout] Checking flex: node=NodeKey(3231052357173248056), display=Block
[2026-01-11T20:04:40Z ERROR css_core::box_tree::constraint_block_layout] layout_block ENTRY: node=NodeKey(3231052357173248059)
[2026-01-11T20:04:40Z ERROR css_core::box_tree::constraint_block_layout] Checking flex: node=NodeKey(3231052357173248059), display=Block
[2026-01-11T20:04:40Z ERROR css_core::box_tree::constraint_block_layout::grid] Grid item: node=NodeKey(3231052357173248018), display=Block
[2026-01-11T20:04:40Z ERROR css_core::box_tree::constraint_block_layout] layout_block ENTRY: node=NodeKey(3231052357173248018)
[2026-01-11T20:04:40Z ERROR css_core::box_tree::constraint_block_layout] Checking flex: node=NodeKey(3231052357173248018), display=Block
[2026-01-11T20:04:40Z ERROR css_core::box_tree::constraint_block_layout] layout_block ENTRY: node=NodeKey(3231052357173248020)
[2026-01-11T20:04:40Z ERROR css_core::box_tree::constraint_block_layout] Checking flex: node=NodeKey(3231052357173248020), display=Block
[2026-01-11T20:04:40Z ERROR css_core::box_tree::constraint_block_layout] layout_block ENTRY: node=NodeKey(3231052357173248023)
[2026-01-11T20:04:40Z ERROR css_core::box_tree::constraint_block_layout] Checking flex: node=NodeKey(3231052357173248023), display=Block
[2026-01-11T20:04:40Z ERROR css_core::box_tree::constraint_block_layout::grid] Grid item: node=NodeKey(3231052357173248027), display=Block
[2026-01-11T20:04:40Z ERROR css_core::box_tree::constraint_block_layout] layout_block ENTRY: node=NodeKey(3231052357173248027)
[2026-01-11T20:04:40Z ERROR css_core::box_tree::constraint_block_layout] Checking flex: node=NodeKey(3231052357173248027), display=Block
[2026-01-11T20:04:40Z ERROR css_core::box_tree::constraint_block_layout] layout_block ENTRY: node=NodeKey(3231052357173248029)
[2026-01-11T20:04:40Z ERROR css_core::box_tree::constraint_block_layout] Checking flex: node=NodeKey(3231052357173248029), display=Block
[2026-01-11T20:04:40Z ERROR css_core::box_tree::constraint_block_layout] layout_block ENTRY: node=NodeKey(3231052357173248032)
[2026-01-11T20:04:40Z ERROR css_core::box_tree::constraint_block_layout] Checking flex: node=NodeKey(3231052357173248032), display=Block
[2026-01-11T20:04:40Z ERROR css_core::box_tree::constraint_block_layout::grid] Grid item: node=NodeKey(3231052357173248036), display=Block
[2026-01-11T20:04:40Z ERROR css_core::box_tree::constraint_block_layout] layout_block ENTRY: node=NodeKey(3231052357173248036)
[2026-01-11T20:04:40Z ERROR css_core::box_tree::constraint_block_layout] Checking flex: node=NodeKey(3231052357173248036), display=Block
[2026-01-11T20:04:40Z ERROR css_core::box_tree::constraint_block_layout] layout_block ENTRY: node=NodeKey(3231052357173248038)
[2026-01-11T20:04:40Z ERROR css_core::box_tree::constraint_block_layout] Checking flex: node=NodeKey(3231052357173248038), display=Block
[2026-01-11T20:04:40Z ERROR css_core::box_tree::constraint_block_layout] layout_block ENTRY: node=NodeKey(3231052357173248041)
[2026-01-11T20:04:40Z ERROR css_core::box_tree::constraint_block_layout] Checking flex: node=NodeKey(3231052357173248041), display=Block
[2026-01-11T20:04:40Z ERROR css_core::box_tree::constraint_block_layout::grid] Grid item: node=NodeKey(3231052357173248045), display=Block
[2026-01-11T20:04:40Z ERROR css_core::box_tree::constraint_block_layout] layout_block ENTRY: node=NodeKey(3231052357173248045)
[2026-01-11T20:04:40Z ERROR css_core::box_tree::constraint_block_layout] Checking flex: node=NodeKey(3231052357173248045), display=Block
[2026-01-11T20:04:40Z ERROR css_core::box_tree::constraint_block_layout] layout_block ENTRY: node=NodeKey(3231052357173248047)
[2026-01-11T20:04:40Z ERROR css_core::box_tree::constraint_block_layout] Checking flex: node=NodeKey(3231052357173248047), display=Block
[2026-01-11T20:04:40Z ERROR css_core::box_tree::constraint_block_layout] layout_block ENTRY: node=NodeKey(3231052357173248050)
[2026-01-11T20:04:40Z ERROR css_core::box_tree::constraint_block_layout] Checking flex: node=NodeKey(3231052357173248050), display=Block
[2026-01-11T20:04:40Z ERROR css_core::box_tree::constraint_block_layout::grid] Grid item: node=NodeKey(3231052357173248054), display=Block
[2026-01-11T20:04:40Z ERROR css_core::box_tree::constraint_block_layout] layout_block ENTRY: node=NodeKey(3231052357173248054)
[2026-01-11T20:04:40Z ERROR css_core::box_tree::constraint_block_layout] Checking flex: node=NodeKey(3231052357173248054), display=Block
[2026-01-11T20:04:40Z ERROR css_core::box_tree::constraint_block_layout] layout_block ENTRY: node=NodeKey(3231052357173248056)
[2026-01-11T20:04:40Z ERROR css_core::box_tree::constraint_block_layout] Checking flex: node=NodeKey(3231052357173248056), display=Block
[2026-01-11T20:04:40Z ERROR css_core::box_tree::constraint_block_layout] layout_block ENTRY: node=NodeKey(3231052357173248059)
[2026-01-11T20:04:40Z ERROR css_core::box_tree::constraint_block_layout] Checking flex: node=NodeKey(3231052357173248059), display=Block
[2026-01-11T20:04:40Z ERROR page_handler::core::incremental_layout] LAYOUT TREE COMPLETE - generation 1, total results: 46
[2026-01-11T20:04:40Z ERROR page_handler::core::incremental_layout] RUNNING LAYOUT TREE - generation 1
[2026-01-11T20:04:40Z ERROR css_core::box_tree::constraint_block_layout] layout_block ENTRY: node=NodeKey(9912705354330800130)
[2026-01-11T20:04:40Z ERROR css_core::box_tree::constraint_block_layout] Checking flex: node=NodeKey(9912705354330800130), display=Block
[2026-01-11T20:04:40Z ERROR css_core::box_tree::constraint_block_layout] layout_block ENTRY: node=NodeKey(9912705354330800142)
[2026-01-11T20:04:40Z ERROR css_core::box_tree::constraint_block_layout] Checking flex: node=NodeKey(9912705354330800142), display=Block
[2026-01-11T20:04:40Z ERROR css_core::box_tree::constraint_block_layout] layout_block ENTRY: node=NodeKey(9912705354330800144)
[2026-01-11T20:04:40Z ERROR css_core::box_tree::constraint_block_layout] Checking flex: node=NodeKey(9912705354330800144), display=Block
[2026-01-11T20:04:40Z ERROR css_core::box_tree::constraint_block_layout] layout_block ENTRY: node=NodeKey(9912705354330800147)
[2026-01-11T20:04:40Z ERROR css_core::box_tree::constraint_block_layout] Checking flex: node=NodeKey(9912705354330800147), display=Block
[2026-01-11T20:04:40Z ERROR css_core::box_tree::constraint_block_layout] layout_block ENTRY: node=NodeKey(9912705354330800150)
[2026-01-11T20:04:40Z ERROR css_core::box_tree::constraint_block_layout] Checking flex: node=NodeKey(9912705354330800150), display=Grid
[2026-01-11T20:04:40Z ERROR css_core::box_tree::constraint_block_layout] layout_block ENTRY: node=NodeKey(9912705354330800152)
[2026-01-11T20:04:40Z ERROR css_core::box_tree::constraint_block_layout] Checking flex: node=NodeKey(9912705354330800152), display=Block
[2026-01-11T20:04:40Z ERROR css_core::box_tree::constraint_block_layout] layout_block ENTRY: node=NodeKey(9912705354330800153)
[2026-01-11T20:04:40Z ERROR css_core::box_tree::constraint_block_layout] Checking flex: node=NodeKey(9912705354330800153), display=Block
[2026-01-11T20:04:40Z ERROR css_core::box_tree::constraint_block_layout] layout_block ENTRY: node=NodeKey(9912705354330800155)
[2026-01-11T20:04:40Z ERROR css_core::box_tree::constraint_block_layout] Checking flex: node=NodeKey(9912705354330800155), display=Block
[2026-01-11T20:04:40Z ERROR css_core::box_tree::constraint_block_layout] layout_block ENTRY: node=NodeKey(9912705354330800158)
[2026-01-11T20:04:40Z ERROR css_core::box_tree::constraint_block_layout] Checking flex: node=NodeKey(9912705354330800158), display=Block
[2026-01-11T20:04:40Z ERROR css_core::box_tree::constraint_block_layout] layout_block ENTRY: node=NodeKey(9912705354330800159)
[2026-01-11T20:04:40Z ERROR css_core::box_tree::constraint_block_layout] Checking flex: node=NodeKey(9912705354330800159), display=Block
[2026-01-11T20:04:40Z ERROR css_core::box_tree::constraint_block_layout] layout_block ENTRY: node=NodeKey(9912705354330800161)
[2026-01-11T20:04:40Z ERROR css_core::box_tree::constraint_block_layout] Checking flex: node=NodeKey(9912705354330800161), display=Block
[2026-01-11T20:04:40Z ERROR css_core::box_tree::constraint_block_layout] layout_block ENTRY: node=NodeKey(9912705354330800164)
[2026-01-11T20:04:40Z ERROR css_core::box_tree::constraint_block_layout] Checking flex: node=NodeKey(9912705354330800164), display=Block
[2026-01-11T20:04:40Z ERROR css_core::box_tree::constraint_block_layout] layout_block ENTRY: node=NodeKey(9912705354330800165)
[2026-01-11T20:04:40Z ERROR css_core::box_tree::constraint_block_layout] Checking flex: node=NodeKey(9912705354330800165), display=Block
[2026-01-11T20:04:40Z ERROR css_core::box_tree::constraint_block_layout] layout_block ENTRY: node=NodeKey(9912705354330800167)
[2026-01-11T20:04:40Z ERROR css_core::box_tree::constraint_block_layout] Checking flex: node=NodeKey(9912705354330800167), display=Block
[2026-01-11T20:04:40Z ERROR css_core::box_tree::constraint_block_layout] layout_block ENTRY: node=NodeKey(9912705354330800170)
[2026-01-11T20:04:40Z ERROR css_core::box_tree::constraint_block_layout] Checking flex: node=NodeKey(9912705354330800170), display=Block
[2026-01-11T20:04:40Z ERROR css_core::box_tree::constraint_block_layout] layout_block ENTRY: node=NodeKey(9912705354330800171)
[2026-01-11T20:04:40Z ERROR css_core::box_tree::constraint_block_layout] Checking flex: node=NodeKey(9912705354330800171), display=Block
[2026-01-11T20:04:40Z ERROR css_core::box_tree::constraint_block_layout] layout_block ENTRY: node=NodeKey(9912705354330800173)
[2026-01-11T20:04:40Z ERROR css_core::box_tree::constraint_block_layout] Checking flex: node=NodeKey(9912705354330800173), display=Block
[2026-01-11T20:04:40Z ERROR css_core::box_tree::constraint_block_layout] layout_block ENTRY: node=NodeKey(9912705354330800152)
[2026-01-11T20:04:40Z ERROR css_core::box_tree::constraint_block_layout] Checking flex: node=NodeKey(9912705354330800152), display=Block
[2026-01-11T20:04:40Z ERROR css_core::box_tree::constraint_block_layout] layout_block ENTRY: node=NodeKey(9912705354330800153)
[2026-01-11T20:04:40Z ERROR css_core::box_tree::constraint_block_layout] Checking flex: node=NodeKey(9912705354330800153), display=Block
[2026-01-11T20:04:40Z ERROR css_core::box_tree::constraint_block_layout] layout_block ENTRY: node=NodeKey(9912705354330800155)
[2026-01-11T20:04:40Z ERROR css_core::box_tree::constraint_block_layout] Checking flex: node=NodeKey(9912705354330800155), display=Block
[2026-01-11T20:04:40Z ERROR css_core::box_tree::constraint_block_layout] layout_block ENTRY: node=NodeKey(9912705354330800158)
[2026-01-11T20:04:40Z ERROR css_core::box_tree::constraint_block_layout] Checking flex: node=NodeKey(9912705354330800158), display=Block
[2026-01-11T20:04:40Z ERROR css_core::box_tree::constraint_block_layout] layout_block ENTRY: node=NodeKey(9912705354330800159)
[2026-01-11T20:04:40Z ERROR css_core::box_tree::constraint_block_layout] Checking flex: node=NodeKey(9912705354330800159), display=Block
[2026-01-11T20:04:40Z ERROR css_core::box_tree::constraint_block_layout] layout_block ENTRY: node=NodeKey(9912705354330800161)
[2026-01-11T20:04:40Z ERROR css_core::box_tree::constraint_block_layout] Checking flex: node=NodeKey(9912705354330800161), display=Block
[2026-01-11T20:04:40Z ERROR css_core::box_tree::constraint_block_layout] layout_block ENTRY: node=NodeKey(9912705354330800164)
[2026-01-11T20:04:40Z ERROR css_core::box_tree::constraint_block_layout] Checking flex: node=NodeKey(9912705354330800164), display=Block
[2026-01-11T20:04:40Z ERROR css_core::box_tree::constraint_block_layout] layout_block ENTRY: node=NodeKey(9912705354330800165)
[2026-01-11T20:04:40Z ERROR css_core::box_tree::constraint_block_layout] Checking flex: node=NodeKey(9912705354330800165), display=Block
[2026-01-11T20:04:40Z ERROR css_core::box_tree::constraint_block_layout] layout_block ENTRY: node=NodeKey(9912705354330800167)
[2026-01-11T20:04:40Z ERROR css_core::box_tree::constraint_block_layout] Checking flex: node=NodeKey(9912705354330800167), display=Block
[2026-01-11T20:04:40Z ERROR css_core::box_tree::constraint_block_layout] layout_block ENTRY: node=NodeKey(9912705354330800170)
[2026-01-11T20:04:40Z ERROR css_core::box_tree::constraint_block_layout] Checking flex: node=NodeKey(9912705354330800170), display=Block
[2026-01-11T20:04:40Z ERROR css_core::box_tree::constraint_block_layout] layout_block ENTRY: node=NodeKey(9912705354330800171)
[2026-01-11T20:04:40Z ERROR css_core::box_tree::constraint_block_layout] Checking flex: node=NodeKey(9912705354330800171), display=Block
[2026-01-11T20:04:40Z ERROR css_core::box_tree::constraint_block_layout] layout_block ENTRY: node=NodeKey(9912705354330800173)
[2026-01-11T20:04:40Z ERROR css_core::box_tree::constraint_block_layout] Checking flex: node=NodeKey(9912705354330800173), display=Block
[2026-01-11T20:04:40Z ERROR css_core::box_tree::constraint_block_layout::grid] Grid item: node=NodeKey(9912705354330800152), display=Block
[2026-01-11T20:04:40Z ERROR css_core::box_tree::constraint_block_layout] layout_block ENTRY: node=NodeKey(9912705354330800152)
[2026-01-11T20:04:40Z ERROR css_core::box_tree::constraint_block_layout] Checking flex: node=NodeKey(9912705354330800152), display=Block
[2026-01-11T20:04:40Z ERROR css_core::box_tree::constraint_block_layout] layout_block ENTRY: node=NodeKey(9912705354330800153)
[2026-01-11T20:04:40Z ERROR css_core::box_tree::constraint_block_layout] Checking flex: node=NodeKey(9912705354330800153), display=Block
[2026-01-11T20:04:40Z ERROR css_core::box_tree::constraint_block_layout] layout_block ENTRY: node=NodeKey(9912705354330800155)
[2026-01-11T20:04:40Z ERROR css_core::box_tree::constraint_block_layout] Checking flex: node=NodeKey(9912705354330800155), display=Block
[2026-01-11T20:04:40Z ERROR css_core::box_tree::constraint_block_layout::grid] Grid item: node=NodeKey(9912705354330800158), display=Block
[2026-01-11T20:04:40Z ERROR css_core::box_tree::constraint_block_layout] layout_block ENTRY: node=NodeKey(9912705354330800158)
[2026-01-11T20:04:40Z ERROR css_core::box_tree::constraint_block_layout] Checking flex: node=NodeKey(9912705354330800158), display=Block
[2026-01-11T20:04:40Z ERROR css_core::box_tree::constraint_block_layout] layout_block ENTRY: node=NodeKey(9912705354330800159)
[2026-01-11T20:04:40Z ERROR css_core::box_tree::constraint_block_layout] Checking flex: node=NodeKey(9912705354330800159), display=Block
[2026-01-11T20:04:40Z ERROR css_core::box_tree::constraint_block_layout] layout_block ENTRY: node=NodeKey(9912705354330800161)
[2026-01-11T20:04:40Z ERROR css_core::box_tree::constraint_block_layout] Checking flex: node=NodeKey(9912705354330800161), display=Block
[2026-01-11T20:04:40Z ERROR css_core::box_tree::constraint_block_layout::grid] Grid item: node=NodeKey(9912705354330800164), display=Block
[2026-01-11T20:04:40Z ERROR css_core::box_tree::constraint_block_layout] layout_block ENTRY: node=NodeKey(9912705354330800164)
[2026-01-11T20:04:40Z ERROR css_core::box_tree::constraint_block_layout] Checking flex: node=NodeKey(9912705354330800164), display=Block
[2026-01-11T20:04:40Z ERROR css_core::box_tree::constraint_block_layout] layout_block ENTRY: node=NodeKey(9912705354330800165)
[2026-01-11T20:04:40Z ERROR css_core::box_tree::constraint_block_layout] Checking flex: node=NodeKey(9912705354330800165), display=Block
[2026-01-11T20:04:40Z ERROR css_core::box_tree::constraint_block_layout] layout_block ENTRY: node=NodeKey(9912705354330800167)
[2026-01-11T20:04:40Z ERROR css_core::box_tree::constraint_block_layout] Checking flex: node=NodeKey(9912705354330800167), display=Block
[2026-01-11T20:04:40Z ERROR css_core::box_tree::constraint_block_layout::grid] Grid item: node=NodeKey(9912705354330800170), display=Block
[2026-01-11T20:04:40Z ERROR css_core::box_tree::constraint_block_layout] layout_block ENTRY: node=NodeKey(9912705354330800170)
[2026-01-11T20:04:40Z ERROR css_core::box_tree::constraint_block_layout] Checking flex: node=NodeKey(9912705354330800170), display=Block
[2026-01-11T20:04:40Z ERROR css_core::box_tree::constraint_block_layout] layout_block ENTRY: node=NodeKey(9912705354330800171)
[2026-01-11T20:04:40Z ERROR css_core::box_tree::constraint_block_layout] Checking flex: node=NodeKey(9912705354330800171), display=Block
[2026-01-11T20:04:40Z ERROR css_core::box_tree::constraint_block_layout] layout_block ENTRY: node=NodeKey(9912705354330800173)
[2026-01-11T20:04:40Z ERROR css_core::box_tree::constraint_block_layout] Checking flex: node=NodeKey(9912705354330800173), display=Block
[2026-01-11T20:04:40Z ERROR css_core::box_tree::constraint_block_layout] layout_block ENTRY: node=NodeKey(9912705354330800177)
[2026-01-11T20:04:40Z ERROR css_core::box_tree::constraint_block_layout] Checking flex: node=NodeKey(9912705354330800177), display=Block
[2026-01-11T20:04:40Z ERROR css_core::box_tree::constraint_block_layout] layout_block ENTRY: node=NodeKey(9912705354330800180)
[2026-01-11T20:04:40Z ERROR css_core::box_tree::constraint_block_layout] Checking flex: node=NodeKey(9912705354330800180), display=Grid
[2026-01-11T20:04:40Z ERROR css_core::box_tree::constraint_block_layout] layout_block ENTRY: node=NodeKey(9912705354330800182)
[2026-01-11T20:04:40Z ERROR css_core::box_tree::constraint_block_layout] Checking flex: node=NodeKey(9912705354330800182), display=Block
[2026-01-11T20:04:40Z ERROR css_core::box_tree::constraint_block_layout] layout_block ENTRY: node=NodeKey(9912705354330800183)
[2026-01-11T20:04:40Z ERROR css_core::box_tree::constraint_block_layout] Checking flex: node=NodeKey(9912705354330800183), display=Block
[2026-01-11T20:04:40Z ERROR css_core::box_tree::constraint_block_layout] layout_block ENTRY: node=NodeKey(9912705354330800185)
[2026-01-11T20:04:40Z ERROR css_core::box_tree::constraint_block_layout] Checking flex: node=NodeKey(9912705354330800185), display=Block
[2026-01-11T20:04:40Z ERROR css_core::box_tree::constraint_block_layout] layout_block ENTRY: node=NodeKey(9912705354330800188)
[2026-01-11T20:04:40Z ERROR css_core::box_tree::constraint_block_layout] Checking flex: node=NodeKey(9912705354330800188), display=Block
[2026-01-11T20:04:40Z ERROR css_core::box_tree::constraint_block_layout] layout_block ENTRY: node=NodeKey(9912705354330800189)
[2026-01-11T20:04:40Z ERROR css_core::box_tree::constraint_block_layout] Checking flex: node=NodeKey(9912705354330800189), display=Block
[2026-01-11T20:04:40Z ERROR css_core::box_tree::constraint_block_layout] layout_block ENTRY: node=NodeKey(9912705354330800191)
[2026-01-11T20:04:40Z ERROR css_core::box_tree::constraint_block_layout] Checking flex: node=NodeKey(9912705354330800191), display=Block
[2026-01-11T20:04:40Z ERROR css_core::box_tree::constraint_block_layout] layout_block ENTRY: node=NodeKey(9912705354330800194)
[2026-01-11T20:04:40Z ERROR css_core::box_tree::constraint_block_layout] Checking flex: node=NodeKey(9912705354330800194), display=Block
[2026-01-11T20:04:40Z ERROR css_core::box_tree::constraint_block_layout] layout_block ENTRY: node=NodeKey(9912705354330800195)
[2026-01-11T20:04:40Z ERROR css_core::box_tree::constraint_block_layout] Checking flex: node=NodeKey(9912705354330800195), display=Block
[2026-01-11T20:04:40Z ERROR css_core::box_tree::constraint_block_layout] layout_block ENTRY: node=NodeKey(9912705354330800197)
[2026-01-11T20:04:40Z ERROR css_core::box_tree::constraint_block_layout] Checking flex: node=NodeKey(9912705354330800197), display=Block
[2026-01-11T20:04:40Z ERROR css_core::box_tree::constraint_block_layout] layout_block ENTRY: node=NodeKey(9912705354330800182)
[2026-01-11T20:04:40Z ERROR css_core::box_tree::constraint_block_layout] Checking flex: node=NodeKey(9912705354330800182), display=Block
[2026-01-11T20:04:40Z ERROR css_core::box_tree::constraint_block_layout] layout_block ENTRY: node=NodeKey(9912705354330800183)
[2026-01-11T20:04:40Z ERROR css_core::box_tree::constraint_block_layout] Checking flex: node=NodeKey(9912705354330800183), display=Block
[2026-01-11T20:04:40Z ERROR css_core::box_tree::constraint_block_layout] layout_block ENTRY: node=NodeKey(9912705354330800185)
[2026-01-11T20:04:40Z ERROR css_core::box_tree::constraint_block_layout] Checking flex: node=NodeKey(9912705354330800185), display=Block
[2026-01-11T20:04:40Z ERROR css_core::box_tree::constraint_block_layout] layout_block ENTRY: node=NodeKey(9912705354330800188)
[2026-01-11T20:04:40Z ERROR css_core::box_tree::constraint_block_layout] Checking flex: node=NodeKey(9912705354330800188), display=Block
[2026-01-11T20:04:40Z ERROR css_core::box_tree::constraint_block_layout] layout_block ENTRY: node=NodeKey(9912705354330800189)
[2026-01-11T20:04:40Z ERROR css_core::box_tree::constraint_block_layout] Checking flex: node=NodeKey(9912705354330800189), display=Block
[2026-01-11T20:04:40Z ERROR css_core::box_tree::constraint_block_layout] layout_block ENTRY: node=NodeKey(9912705354330800191)
[2026-01-11T20:04:40Z ERROR css_core::box_tree::constraint_block_layout] Checking flex: node=NodeKey(9912705354330800191), display=Block
[2026-01-11T20:04:40Z ERROR css_core::box_tree::constraint_block_layout] layout_block ENTRY: node=NodeKey(9912705354330800194)
[2026-01-11T20:04:40Z ERROR css_core::box_tree::constraint_block_layout] Checking flex: node=NodeKey(9912705354330800194), display=Block
[2026-01-11T20:04:40Z ERROR css_core::box_tree::constraint_block_layout] layout_block ENTRY: node=NodeKey(9912705354330800195)
[2026-01-11T20:04:40Z ERROR css_core::box_tree::constraint_block_layout] Checking flex: node=NodeKey(9912705354330800195), display=Block
[2026-01-11T20:04:40Z ERROR css_core::box_tree::constraint_block_layout] layout_block ENTRY: node=NodeKey(9912705354330800197)
[2026-01-11T20:04:40Z ERROR css_core::box_tree::constraint_block_layout] Checking flex: node=NodeKey(9912705354330800197), display=Block
[2026-01-11T20:04:40Z ERROR css_core::box_tree::constraint_block_layout::grid] Grid item: node=NodeKey(9912705354330800182), display=Block
[2026-01-11T20:04:40Z ERROR css_core::box_tree::constraint_block_layout] layout_block ENTRY: node=NodeKey(9912705354330800182)
[2026-01-11T20:04:40Z ERROR css_core::box_tree::constraint_block_layout] Checking flex: node=NodeKey(9912705354330800182), display=Block
[2026-01-11T20:04:40Z ERROR css_core::box_tree::constraint_block_layout] layout_block ENTRY: node=NodeKey(9912705354330800183)
[2026-01-11T20:04:40Z ERROR css_core::box_tree::constraint_block_layout] Checking flex: node=NodeKey(9912705354330800183), display=Block
[2026-01-11T20:04:40Z ERROR css_core::box_tree::constraint_block_layout] layout_block ENTRY: node=NodeKey(9912705354330800185)
[2026-01-11T20:04:40Z ERROR css_core::box_tree::constraint_block_layout] Checking flex: node=NodeKey(9912705354330800185), display=Block
[2026-01-11T20:04:40Z ERROR css_core::box_tree::constraint_block_layout::grid] Grid item: node=NodeKey(9912705354330800188), display=Block
[2026-01-11T20:04:40Z ERROR css_core::box_tree::constraint_block_layout] layout_block ENTRY: node=NodeKey(9912705354330800188)
[2026-01-11T20:04:40Z ERROR css_core::box_tree::constraint_block_layout] Checking flex: node=NodeKey(9912705354330800188), display=Block
[2026-01-11T20:04:40Z ERROR css_core::box_tree::constraint_block_layout] layout_block ENTRY: node=NodeKey(9912705354330800189)
[2026-01-11T20:04:40Z ERROR css_core::box_tree::constraint_block_layout] Checking flex: node=NodeKey(9912705354330800189), display=Block
[2026-01-11T20:04:40Z ERROR css_core::box_tree::constraint_block_layout] layout_block ENTRY: node=NodeKey(9912705354330800191)
[2026-01-11T20:04:40Z ERROR css_core::box_tree::constraint_block_layout] Checking flex: node=NodeKey(9912705354330800191), display=Block
[2026-01-11T20:04:40Z ERROR css_core::box_tree::constraint_block_layout::grid] Grid item: node=NodeKey(9912705354330800194), display=Block
[2026-01-11T20:04:40Z ERROR css_core::box_tree::constraint_block_layout] layout_block ENTRY: node=NodeKey(9912705354330800194)
[2026-01-11T20:04:40Z ERROR css_core::box_tree::constraint_block_layout] Checking flex: node=NodeKey(9912705354330800194), display=Block
[2026-01-11T20:04:40Z ERROR css_core::box_tree::constraint_block_layout] layout_block ENTRY: node=NodeKey(9912705354330800195)
[2026-01-11T20:04:40Z ERROR css_core::box_tree::constraint_block_layout] Checking flex: node=NodeKey(9912705354330800195), display=Block
[2026-01-11T20:04:40Z ERROR css_core::box_tree::constraint_block_layout] layout_block ENTRY: node=NodeKey(9912705354330800197)
[2026-01-11T20:04:40Z ERROR css_core::box_tree::constraint_block_layout] Checking flex: node=NodeKey(9912705354330800197), display=Block
[2026-01-11T20:04:40Z ERROR page_handler::core::incremental_layout] LAYOUT TREE COMPLETE - generation 1, total results: 52
[2026-01-11T20:04:40Z ERROR page_handler::core::incremental_layout] RUNNING LAYOUT TREE - generation 1
[2026-01-11T20:04:40Z ERROR css_core::box_tree::constraint_block_layout] layout_block ENTRY: node=NodeKey(18056339380523499522)
[2026-01-11T20:04:40Z ERROR css_core::box_tree::constraint_block_layout] Checking flex: node=NodeKey(18056339380523499522), display=Block
[2026-01-11T20:04:40Z ERROR css_core::box_tree::constraint_block_layout] layout_block ENTRY: node=NodeKey(18056339380523499534)
[2026-01-11T20:04:40Z ERROR css_core::box_tree::constraint_block_layout] Checking flex: node=NodeKey(18056339380523499534), display=Block
[2026-01-11T20:04:40Z ERROR css_core::box_tree::constraint_block_layout] layout_block ENTRY: node=NodeKey(18056339380523499536)
[2026-01-11T20:04:40Z ERROR css_core::box_tree::constraint_block_layout] Checking flex: node=NodeKey(18056339380523499536), display=Block
[2026-01-11T20:04:40Z ERROR css_core::box_tree::constraint_block_layout] layout_block ENTRY: node=NodeKey(18056339380523499539)
[2026-01-11T20:04:40Z ERROR css_core::box_tree::constraint_block_layout] Checking flex: node=NodeKey(18056339380523499539), display=Block
[2026-01-11T20:04:40Z ERROR css_core::box_tree::constraint_block_layout] layout_block ENTRY: node=NodeKey(18056339380523499542)
[2026-01-11T20:04:40Z ERROR css_core::box_tree::constraint_block_layout] Checking flex: node=NodeKey(18056339380523499542), display=Grid
[2026-01-11T20:04:40Z ERROR css_core::box_tree::constraint_block_layout] layout_block ENTRY: node=NodeKey(18056339380523499544)
[2026-01-11T20:04:40Z ERROR css_core::box_tree::constraint_block_layout] Checking flex: node=NodeKey(18056339380523499544), display=Block
[2026-01-11T20:04:40Z ERROR css_core::box_tree::constraint_block_layout] layout_block ENTRY: node=NodeKey(18056339380523499545)
[2026-01-11T20:04:40Z ERROR css_core::box_tree::constraint_block_layout] Checking flex: node=NodeKey(18056339380523499545), display=Block
[2026-01-11T20:04:40Z ERROR css_core::box_tree::constraint_block_layout] layout_block ENTRY: node=NodeKey(18056339380523499547)
[2026-01-11T20:04:40Z ERROR css_core::box_tree::constraint_block_layout] Checking flex: node=NodeKey(18056339380523499547), display=Block
[2026-01-11T20:04:40Z ERROR css_core::box_tree::constraint_block_layout] layout_block ENTRY: node=NodeKey(18056339380523499550)
[2026-01-11T20:04:40Z ERROR css_core::box_tree::constraint_block_layout] Checking flex: node=NodeKey(18056339380523499550), display=Block
[2026-01-11T20:04:40Z ERROR css_core::box_tree::constraint_block_layout] layout_block ENTRY: node=NodeKey(18056339380523499551)
[2026-01-11T20:04:40Z ERROR css_core::box_tree::constraint_block_layout] Checking flex: node=NodeKey(18056339380523499551), display=Block
[2026-01-11T20:04:40Z ERROR css_core::box_tree::constraint_block_layout] layout_block ENTRY: node=NodeKey(18056339380523499553)
[2026-01-11T20:04:40Z ERROR css_core::box_tree::constraint_block_layout] Checking flex: node=NodeKey(18056339380523499553), display=Block
[2026-01-11T20:04:40Z ERROR css_core::box_tree::constraint_block_layout] layout_block ENTRY: node=NodeKey(18056339380523499556)
[2026-01-11T20:04:40Z ERROR css_core::box_tree::constraint_block_layout] Checking flex: node=NodeKey(18056339380523499556), display=Block
[2026-01-11T20:04:40Z ERROR css_core::box_tree::constraint_block_layout] layout_block ENTRY: node=NodeKey(18056339380523499557)
[2026-01-11T20:04:40Z ERROR css_core::box_tree::constraint_block_layout] Checking flex: node=NodeKey(18056339380523499557), display=Block
[2026-01-11T20:04:40Z ERROR css_core::box_tree::constraint_block_layout] layout_block ENTRY: node=NodeKey(18056339380523499559)
[2026-01-11T20:04:40Z ERROR css_core::box_tree::constraint_block_layout] Checking flex: node=NodeKey(18056339380523499559), display=Block
[2026-01-11T20:04:40Z ERROR css_core::box_tree::constraint_block_layout] layout_block ENTRY: node=NodeKey(18056339380523499562)
[2026-01-11T20:04:40Z ERROR css_core::box_tree::constraint_block_layout] Checking flex: node=NodeKey(18056339380523499562), display=Block
[2026-01-11T20:04:40Z ERROR css_core::box_tree::constraint_block_layout] layout_block ENTRY: node=NodeKey(18056339380523499563)
[2026-01-11T20:04:40Z ERROR css_core::box_tree::constraint_block_layout] Checking flex: node=NodeKey(18056339380523499563), display=Block
[2026-01-11T20:04:40Z ERROR css_core::box_tree::constraint_block_layout] layout_block ENTRY: node=NodeKey(18056339380523499565)
[2026-01-11T20:04:40Z ERROR css_core::box_tree::constraint_block_layout] Checking flex: node=NodeKey(18056339380523499565), display=Block
[2026-01-11T20:04:40Z ERROR css_core::box_tree::constraint_block_layout] layout_block ENTRY: node=NodeKey(18056339380523499568)
[2026-01-11T20:04:40Z ERROR css_core::box_tree::constraint_block_layout] Checking flex: node=NodeKey(18056339380523499568), display=Block
[2026-01-11T20:04:40Z ERROR css_core::box_tree::constraint_block_layout] layout_block ENTRY: node=NodeKey(18056339380523499569)
[2026-01-11T20:04:40Z ERROR css_core::box_tree::constraint_block_layout] Checking flex: node=NodeKey(18056339380523499569), display=Block
[2026-01-11T20:04:40Z ERROR css_core::box_tree::constraint_block_layout] layout_block ENTRY: node=NodeKey(18056339380523499571)
[2026-01-11T20:04:40Z ERROR css_core::box_tree::constraint_block_layout] Checking flex: node=NodeKey(18056339380523499571), display=Block
[2026-01-11T20:04:40Z ERROR css_core::box_tree::constraint_block_layout] layout_block ENTRY: node=NodeKey(18056339380523499544)
[2026-01-11T20:04:40Z ERROR css_core::box_tree::constraint_block_layout] Checking flex: node=NodeKey(18056339380523499544), display=Block
[2026-01-11T20:04:40Z ERROR css_core::box_tree::constraint_block_layout] layout_block ENTRY: node=NodeKey(18056339380523499545)
[2026-01-11T20:04:40Z ERROR css_core::box_tree::constraint_block_layout] Checking flex: node=NodeKey(18056339380523499545), display=Block
[2026-01-11T20:04:40Z ERROR css_core::box_tree::constraint_block_layout] layout_block ENTRY: node=NodeKey(18056339380523499547)
[2026-01-11T20:04:40Z ERROR css_core::box_tree::constraint_block_layout] Checking flex: node=NodeKey(18056339380523499547), display=Block
[2026-01-11T20:04:40Z ERROR css_core::box_tree::constraint_block_layout] layout_block ENTRY: node=NodeKey(18056339380523499550)
[2026-01-11T20:04:40Z ERROR css_core::box_tree::constraint_block_layout] Checking flex: node=NodeKey(18056339380523499550), display=Block
[2026-01-11T20:04:40Z ERROR css_core::box_tree::constraint_block_layout] layout_block ENTRY: node=NodeKey(18056339380523499551)
[2026-01-11T20:04:40Z ERROR css_core::box_tree::constraint_block_layout] Checking flex: node=NodeKey(18056339380523499551), display=Block
[2026-01-11T20:04:40Z ERROR css_core::box_tree::constraint_block_layout] layout_block ENTRY: node=NodeKey(18056339380523499553)
[2026-01-11T20:04:40Z ERROR css_core::box_tree::constraint_block_layout] Checking flex: node=NodeKey(18056339380523499553), display=Block
[2026-01-11T20:04:40Z ERROR css_core::box_tree::constraint_block_layout] layout_block ENTRY: node=NodeKey(18056339380523499556)
[2026-01-11T20:04:40Z ERROR css_core::box_tree::constraint_block_layout] Checking flex: node=NodeKey(18056339380523499556), display=Block
[2026-01-11T20:04:40Z ERROR css_core::box_tree::constraint_block_layout] layout_block ENTRY: node=NodeKey(18056339380523499557)
[2026-01-11T20:04:40Z ERROR css_core::box_tree::constraint_block_layout] Checking flex: node=NodeKey(18056339380523499557), display=Block
[2026-01-11T20:04:40Z ERROR css_core::box_tree::constraint_block_layout] layout_block ENTRY: node=NodeKey(18056339380523499559)
[2026-01-11T20:04:40Z ERROR css_core::box_tree::constraint_block_layout] Checking flex: node=NodeKey(18056339380523499559), display=Block
[2026-01-11T20:04:40Z ERROR css_core::box_tree::constraint_block_layout] layout_block ENTRY: node=NodeKey(18056339380523499562)
[2026-01-11T20:04:40Z ERROR css_core::box_tree::constraint_block_layout] Checking flex: node=NodeKey(18056339380523499562), display=Block
[2026-01-11T20:04:40Z ERROR css_core::box_tree::constraint_block_layout] layout_block ENTRY: node=NodeKey(18056339380523499563)
[2026-01-11T20:04:40Z ERROR css_core::box_tree::constraint_block_layout] Checking flex: node=NodeKey(18056339380523499563), display=Block
[2026-01-11T20:04:40Z ERROR css_core::box_tree::constraint_block_layout] layout_block ENTRY: node=NodeKey(18056339380523499565)
[2026-01-11T20:04:40Z ERROR css_core::box_tree::constraint_block_layout] Checking flex: node=NodeKey(18056339380523499565), display=Block
[2026-01-11T20:04:40Z ERROR css_core::box_tree::constraint_block_layout] layout_block ENTRY: node=NodeKey(18056339380523499568)
[2026-01-11T20:04:40Z ERROR css_core::box_tree::constraint_block_layout] Checking flex: node=NodeKey(18056339380523499568), display=Block
[2026-01-11T20:04:40Z ERROR css_core::box_tree::constraint_block_layout] layout_block ENTRY: node=NodeKey(18056339380523499569)
[2026-01-11T20:04:40Z ERROR css_core::box_tree::constraint_block_layout] Checking flex: node=NodeKey(18056339380523499569), display=Block
[2026-01-11T20:04:40Z ERROR css_core::box_tree::constraint_block_layout] layout_block ENTRY: node=NodeKey(18056339380523499571)
[2026-01-11T20:04:40Z ERROR css_core::box_tree::constraint_block_layout] Checking flex: node=NodeKey(18056339380523499571), display=Block
[2026-01-11T20:04:40Z ERROR css_core::box_tree::constraint_block_layout::grid] Grid item: node=NodeKey(18056339380523499544), display=Block
[2026-01-11T20:04:40Z ERROR css_core::box_tree::constraint_block_layout] layout_block ENTRY: node=NodeKey(18056339380523499544)
[2026-01-11T20:04:40Z ERROR css_core::box_tree::constraint_block_layout] Checking flex: node=NodeKey(18056339380523499544), display=Block
[2026-01-11T20:04:40Z ERROR css_core::box_tree::constraint_block_layout] layout_block ENTRY: node=NodeKey(18056339380523499545)
[2026-01-11T20:04:40Z ERROR css_core::box_tree::constraint_block_layout] Checking flex: node=NodeKey(18056339380523499545), display=Block
[2026-01-11T20:04:40Z ERROR css_core::box_tree::constraint_block_layout] layout_block ENTRY: node=NodeKey(18056339380523499547)
[2026-01-11T20:04:40Z ERROR css_core::box_tree::constraint_block_layout] Checking flex: node=NodeKey(18056339380523499547), display=Block
[2026-01-11T20:04:40Z ERROR css_core::box_tree::constraint_block_layout::grid] Grid item: node=NodeKey(18056339380523499550), display=Block
[2026-01-11T20:04:40Z ERROR css_core::box_tree::constraint_block_layout] layout_block ENTRY: node=NodeKey(18056339380523499550)
[2026-01-11T20:04:40Z ERROR css_core::box_tree::constraint_block_layout] Checking flex: node=NodeKey(18056339380523499550), display=Block
[2026-01-11T20:04:40Z ERROR css_core::box_tree::constraint_block_layout] layout_block ENTRY: node=NodeKey(18056339380523499551)
[2026-01-11T20:04:40Z ERROR css_core::box_tree::constraint_block_layout] Checking flex: node=NodeKey(18056339380523499551), display=Block
[2026-01-11T20:04:40Z ERROR css_core::box_tree::constraint_block_layout] layout_block ENTRY: node=NodeKey(18056339380523499553)
[2026-01-11T20:04:40Z ERROR css_core::box_tree::constraint_block_layout] Checking flex: node=NodeKey(18056339380523499553), display=Block
[2026-01-11T20:04:40Z ERROR css_core::box_tree::constraint_block_layout::grid] Grid item: node=NodeKey(18056339380523499556), display=Block
[2026-01-11T20:04:40Z ERROR css_core::box_tree::constraint_block_layout] layout_block ENTRY: node=NodeKey(18056339380523499556)
[2026-01-11T20:04:40Z ERROR css_core::box_tree::constraint_block_layout] Checking flex: node=NodeKey(18056339380523499556), display=Block
[2026-01-11T20:04:40Z ERROR css_core::box_tree::constraint_block_layout] layout_block ENTRY: node=NodeKey(18056339380523499557)
[2026-01-11T20:04:40Z ERROR css_core::box_tree::constraint_block_layout] Checking flex: node=NodeKey(18056339380523499557), display=Block
[2026-01-11T20:04:40Z ERROR css_core::box_tree::constraint_block_layout] layout_block ENTRY: node=NodeKey(18056339380523499559)
[2026-01-11T20:04:40Z ERROR css_core::box_tree::constraint_block_layout] Checking flex: node=NodeKey(18056339380523499559), display=Block
[2026-01-11T20:04:40Z ERROR css_core::box_tree::constraint_block_layout::grid] Grid item: node=NodeKey(18056339380523499562), display=Block
[2026-01-11T20:04:40Z ERROR css_core::box_tree::constraint_block_layout] layout_block ENTRY: node=NodeKey(18056339380523499562)
[2026-01-11T20:04:40Z ERROR css_core::box_tree::constraint_block_layout] Checking flex: node=NodeKey(18056339380523499562), display=Block
[2026-01-11T20:04:40Z ERROR css_core::box_tree::constraint_block_layout] layout_block ENTRY: node=NodeKey(18056339380523499563)
[2026-01-11T20:04:40Z ERROR css_core::box_tree::constraint_block_layout] Checking flex: node=NodeKey(18056339380523499563), display=Block
[2026-01-11T20:04:40Z ERROR css_core::box_tree::constraint_block_layout] layout_block ENTRY: node=NodeKey(18056339380523499565)
[2026-01-11T20:04:40Z ERROR css_core::box_tree::constraint_block_layout] Checking flex: node=NodeKey(18056339380523499565), display=Block
[2026-01-11T20:04:40Z ERROR css_core::box_tree::constraint_block_layout::grid] Grid item: node=NodeKey(18056339380523499568), display=Block
[2026-01-11T20:04:40Z ERROR css_core::box_tree::constraint_block_layout] layout_block ENTRY: node=NodeKey(18056339380523499568)
[2026-01-11T20:04:40Z ERROR css_core::box_tree::constraint_block_layout] Checking flex: node=NodeKey(18056339380523499568), display=Block
[2026-01-11T20:04:40Z ERROR css_core::box_tree::constraint_block_layout] layout_block ENTRY: node=NodeKey(18056339380523499569)
[2026-01-11T20:04:40Z ERROR css_core::box_tree::constraint_block_layout] Checking flex: node=NodeKey(18056339380523499569), display=Block
[2026-01-11T20:04:40Z ERROR css_core::box_tree::constraint_block_layout] layout_block ENTRY: node=NodeKey(18056339380523499571)
[2026-01-11T20:04:40Z ERROR css_core::box_tree::constraint_block_layout] Checking flex: node=NodeKey(18056339380523499571), display=Block
[2026-01-11T20:04:40Z ERROR css_core::box_tree::constraint_block_layout] layout_block ENTRY: node=NodeKey(18056339380523499575)
[2026-01-11T20:04:40Z ERROR css_core::box_tree::constraint_block_layout] Checking flex: node=NodeKey(18056339380523499575), display=Block
[2026-01-11T20:04:40Z ERROR css_core::box_tree::constraint_block_layout] layout_block ENTRY: node=NodeKey(18056339380523499578)
[2026-01-11T20:04:40Z ERROR css_core::box_tree::constraint_block_layout] Checking flex: node=NodeKey(18056339380523499578), display=Grid
[2026-01-11T20:04:40Z ERROR css_core::box_tree::constraint_block_layout] layout_block ENTRY: node=NodeKey(18056339380523499580)
[2026-01-11T20:04:40Z ERROR css_core::box_tree::constraint_block_layout] Checking flex: node=NodeKey(18056339380523499580), display=Block
[2026-01-11T20:04:40Z ERROR css_core::box_tree::constraint_block_layout] layout_block ENTRY: node=NodeKey(18056339380523499581)
[2026-01-11T20:04:40Z ERROR css_core::box_tree::constraint_block_layout] Checking flex: node=NodeKey(18056339380523499581), display=Block
[2026-01-11T20:04:40Z ERROR css_core::box_tree::constraint_block_layout] layout_block ENTRY: node=NodeKey(18056339380523499583)
[2026-01-11T20:04:40Z ERROR css_core::box_tree::constraint_block_layout] Checking flex: node=NodeKey(18056339380523499583), display=Block
[2026-01-11T20:04:40Z ERROR css_core::box_tree::constraint_block_layout] layout_block ENTRY: node=NodeKey(18056339380523499586)
[2026-01-11T20:04:40Z ERROR css_core::box_tree::constraint_block_layout] Checking flex: node=NodeKey(18056339380523499586), display=Block
[2026-01-11T20:04:40Z ERROR css_core::box_tree::constraint_block_layout] layout_block ENTRY: node=NodeKey(18056339380523499587)
[2026-01-11T20:04:40Z ERROR css_core::box_tree::constraint_block_layout] Checking flex: node=NodeKey(18056339380523499587), display=Block
[2026-01-11T20:04:40Z ERROR css_core::box_tree::constraint_block_layout] layout_block ENTRY: node=NodeKey(18056339380523499589)
[2026-01-11T20:04:40Z ERROR css_core::box_tree::constraint_block_layout] Checking flex: node=NodeKey(18056339380523499589), display=Block
[2026-01-11T20:04:40Z ERROR css_core::box_tree::constraint_block_layout] layout_block ENTRY: node=NodeKey(18056339380523499592)
[2026-01-11T20:04:40Z ERROR css_core::box_tree::constraint_block_layout] Checking flex: node=NodeKey(18056339380523499592), display=Block
[2026-01-11T20:04:40Z ERROR css_core::box_tree::constraint_block_layout] layout_block ENTRY: node=NodeKey(18056339380523499593)
[2026-01-11T20:04:40Z ERROR css_core::box_tree::constraint_block_layout] Checking flex: node=NodeKey(18056339380523499593), display=Block
[2026-01-11T20:04:40Z ERROR css_core::box_tree::constraint_block_layout] layout_block ENTRY: node=NodeKey(18056339380523499595)
[2026-01-11T20:04:40Z ERROR css_core::box_tree::constraint_block_layout] Checking flex: node=NodeKey(18056339380523499595), display=Block
[2026-01-11T20:04:40Z ERROR css_core::box_tree::constraint_block_layout] layout_block ENTRY: node=NodeKey(18056339380523499580)
[2026-01-11T20:04:40Z ERROR css_core::box_tree::constraint_block_layout] Checking flex: node=NodeKey(18056339380523499580), display=Block
[2026-01-11T20:04:40Z ERROR css_core::box_tree::constraint_block_layout] layout_block ENTRY: node=NodeKey(18056339380523499581)
[2026-01-11T20:04:40Z ERROR css_core::box_tree::constraint_block_layout] Checking flex: node=NodeKey(18056339380523499581), display=Block
[2026-01-11T20:04:40Z ERROR css_core::box_tree::constraint_block_layout] layout_block ENTRY: node=NodeKey(18056339380523499583)
[2026-01-11T20:04:40Z ERROR css_core::box_tree::constraint_block_layout] Checking flex: node=NodeKey(18056339380523499583), display=Block
[2026-01-11T20:04:40Z ERROR css_core::box_tree::constraint_block_layout] layout_block ENTRY: node=NodeKey(18056339380523499586)
[2026-01-11T20:04:40Z ERROR css_core::box_tree::constraint_block_layout] Checking flex: node=NodeKey(18056339380523499586), display=Block
[2026-01-11T20:04:40Z ERROR css_core::box_tree::constraint_block_layout] layout_block ENTRY: node=NodeKey(18056339380523499587)
[2026-01-11T20:04:40Z ERROR css_core::box_tree::constraint_block_layout] Checking flex: node=NodeKey(18056339380523499587), display=Block
[2026-01-11T20:04:40Z ERROR css_core::box_tree::constraint_block_layout] layout_block ENTRY: node=NodeKey(18056339380523499589)
[2026-01-11T20:04:40Z ERROR css_core::box_tree::constraint_block_layout] Checking flex: node=NodeKey(18056339380523499589), display=Block
[2026-01-11T20:04:40Z ERROR css_core::box_tree::constraint_block_layout] layout_block ENTRY: node=NodeKey(18056339380523499592)
[2026-01-11T20:04:40Z ERROR css_core::box_tree::constraint_block_layout] Checking flex: node=NodeKey(18056339380523499592), display=Block
[2026-01-11T20:04:40Z ERROR css_core::box_tree::constraint_block_layout] layout_block ENTRY: node=NodeKey(18056339380523499593)
[2026-01-11T20:04:40Z ERROR css_core::box_tree::constraint_block_layout] Checking flex: node=NodeKey(18056339380523499593), display=Block
[2026-01-11T20:04:40Z ERROR css_core::box_tree::constraint_block_layout] layout_block ENTRY: node=NodeKey(18056339380523499595)
[2026-01-11T20:04:40Z ERROR css_core::box_tree::constraint_block_layout] Checking flex: node=NodeKey(18056339380523499595), display=Block
[2026-01-11T20:04:40Z ERROR css_core::box_tree::constraint_block_layout::grid] Grid item: node=NodeKey(18056339380523499580), display=Block
[2026-01-11T20:04:40Z ERROR css_core::box_tree::constraint_block_layout] layout_block ENTRY: node=NodeKey(18056339380523499580)
[2026-01-11T20:04:40Z ERROR css_core::box_tree::constraint_block_layout] Checking flex: node=NodeKey(18056339380523499580), display=Block
[2026-01-11T20:04:40Z ERROR css_core::box_tree::constraint_block_layout] layout_block ENTRY: node=NodeKey(18056339380523499581)
[2026-01-11T20:04:40Z ERROR css_core::box_tree::constraint_block_layout] Checking flex: node=NodeKey(18056339380523499581), display=Block
[2026-01-11T20:04:40Z ERROR css_core::box_tree::constraint_block_layout] layout_block ENTRY: node=NodeKey(18056339380523499583)
[2026-01-11T20:04:40Z ERROR css_core::box_tree::constraint_block_layout] Checking flex: node=NodeKey(18056339380523499583), display=Block
[2026-01-11T20:04:40Z ERROR css_core::box_tree::constraint_block_layout::grid] Grid item: node=NodeKey(18056339380523499586), display=Block
[2026-01-11T20:04:40Z ERROR css_core::box_tree::constraint_block_layout] layout_block ENTRY: node=NodeKey(18056339380523499586)
[2026-01-11T20:04:40Z ERROR css_core::box_tree::constraint_block_layout] Checking flex: node=NodeKey(18056339380523499586), display=Block
[2026-01-11T20:04:40Z ERROR css_core::box_tree::constraint_block_layout] layout_block ENTRY: node=NodeKey(18056339380523499587)
[2026-01-11T20:04:40Z ERROR css_core::box_tree::constraint_block_layout] Checking flex: node=NodeKey(18056339380523499587), display=Block
[2026-01-11T20:04:40Z ERROR css_core::box_tree::constraint_block_layout] layout_block ENTRY: node=NodeKey(18056339380523499589)
[2026-01-11T20:04:40Z ERROR css_core::box_tree::constraint_block_layout] Checking flex: node=NodeKey(18056339380523499589), display=Block
[2026-01-11T20:04:40Z ERROR css_core::box_tree::constraint_block_layout::grid] Grid item: node=NodeKey(18056339380523499592), display=Block
[2026-01-11T20:04:40Z ERROR css_core::box_tree::constraint_block_layout] layout_block ENTRY: node=NodeKey(18056339380523499592)
[2026-01-11T20:04:40Z ERROR css_core::box_tree::constraint_block_layout] Checking flex: node=NodeKey(18056339380523499592), display=Block
[2026-01-11T20:04:40Z ERROR css_core::box_tree::constraint_block_layout] layout_block ENTRY: node=NodeKey(18056339380523499593)
[2026-01-11T20:04:40Z ERROR css_core::box_tree::constraint_block_layout] Checking flex: node=NodeKey(18056339380523499593), display=Block
[2026-01-11T20:04:40Z ERROR css_core::box_tree::constraint_block_layout] layout_block ENTRY: node=NodeKey(18056339380523499595)
[2026-01-11T20:04:40Z ERROR css_core::box_tree::constraint_block_layout] Checking flex: node=NodeKey(18056339380523499595), display=Block
[2026-01-11T20:04:40Z ERROR css_core::box_tree::constraint_block_layout] layout_block ENTRY: node=NodeKey(18056339380523499599)
[2026-01-11T20:04:40Z ERROR css_core::box_tree::constraint_block_layout] Checking flex: node=NodeKey(18056339380523499599), display=Block
[2026-01-11T20:04:40Z ERROR css_core::box_tree::constraint_block_layout] layout_block ENTRY: node=NodeKey(18056339380523499602)
[2026-01-11T20:04:40Z ERROR css_core::box_tree::constraint_block_layout] Checking flex: node=NodeKey(18056339380523499602), display=Grid
[2026-01-11T20:04:40Z ERROR css_core::box_tree::constraint_block_layout] layout_block ENTRY: node=NodeKey(18056339380523499604)
[2026-01-11T20:04:40Z ERROR css_core::box_tree::constraint_block_layout] Checking flex: node=NodeKey(18056339380523499604), display=Block
[2026-01-11T20:04:40Z ERROR css_core::box_tree::constraint_block_layout] layout_block ENTRY: node=NodeKey(18056339380523499605)
[2026-01-11T20:04:40Z ERROR css_core::box_tree::constraint_block_layout] Checking flex: node=NodeKey(18056339380523499605), display=Block
[2026-01-11T20:04:40Z ERROR css_core::box_tree::constraint_block_layout] layout_block ENTRY: node=NodeKey(18056339380523499607)
[2026-01-11T20:04:40Z ERROR css_core::box_tree::constraint_block_layout] Checking flex: node=NodeKey(18056339380523499607), display=Block
[2026-01-11T20:04:40Z ERROR css_core::box_tree::constraint_block_layout] layout_block ENTRY: node=NodeKey(18056339380523499610)
[2026-01-11T20:04:40Z ERROR css_core::box_tree::constraint_block_layout] Checking flex: node=NodeKey(18056339380523499610), display=Block
[2026-01-11T20:04:40Z ERROR css_core::box_tree::constraint_block_layout] layout_block ENTRY: node=NodeKey(18056339380523499611)
[2026-01-11T20:04:40Z ERROR css_core::box_tree::constraint_block_layout] Checking flex: node=NodeKey(18056339380523499611), display=Block
[2026-01-11T20:04:40Z ERROR css_core::box_tree::constraint_block_layout] layout_block ENTRY: node=NodeKey(18056339380523499613)
[2026-01-11T20:04:40Z ERROR css_core::box_tree::constraint_block_layout] Checking flex: node=NodeKey(18056339380523499613), display=Block
[2026-01-11T20:04:40Z ERROR css_core::box_tree::constraint_block_layout] layout_block ENTRY: node=NodeKey(18056339380523499616)
[2026-01-11T20:04:40Z ERROR css_core::box_tree::constraint_block_layout] Checking flex: node=NodeKey(18056339380523499616), display=Block
[2026-01-11T20:04:40Z ERROR css_core::box_tree::constraint_block_layout] layout_block ENTRY: node=NodeKey(18056339380523499617)
[2026-01-11T20:04:40Z ERROR css_core::box_tree::constraint_block_layout] Checking flex: node=NodeKey(18056339380523499617), display=Block
[2026-01-11T20:04:40Z ERROR css_core::box_tree::constraint_block_layout] layout_block ENTRY: node=NodeKey(18056339380523499619)
[2026-01-11T20:04:40Z ERROR css_core::box_tree::constraint_block_layout] Checking flex: node=NodeKey(18056339380523499619), display=Block
[2026-01-11T20:04:40Z ERROR css_core::box_tree::constraint_block_layout] layout_block ENTRY: node=NodeKey(18056339380523499604)
[2026-01-11T20:04:40Z ERROR css_core::box_tree::constraint_block_layout] Checking flex: node=NodeKey(18056339380523499604), display=Block
[2026-01-11T20:04:40Z ERROR css_core::box_tree::constraint_block_layout] layout_block ENTRY: node=NodeKey(18056339380523499605)
[2026-01-11T20:04:40Z ERROR css_core::box_tree::constraint_block_layout] Checking flex: node=NodeKey(18056339380523499605), display=Block
[2026-01-11T20:04:40Z ERROR css_core::box_tree::constraint_block_layout] layout_block ENTRY: node=NodeKey(18056339380523499607)
[2026-01-11T20:04:40Z ERROR css_core::box_tree::constraint_block_layout] Checking flex: node=NodeKey(18056339380523499607), display=Block
[2026-01-11T20:04:40Z ERROR css_core::box_tree::constraint_block_layout] layout_block ENTRY: node=NodeKey(18056339380523499610)
[2026-01-11T20:04:40Z ERROR css_core::box_tree::constraint_block_layout] Checking flex: node=NodeKey(18056339380523499610), display=Block
[2026-01-11T20:04:40Z ERROR css_core::box_tree::constraint_block_layout] layout_block ENTRY: node=NodeKey(18056339380523499611)
[2026-01-11T20:04:40Z ERROR css_core::box_tree::constraint_block_layout] Checking flex: node=NodeKey(18056339380523499611), display=Block
[2026-01-11T20:04:40Z ERROR css_core::box_tree::constraint_block_layout] layout_block ENTRY: node=NodeKey(18056339380523499613)
[2026-01-11T20:04:40Z ERROR css_core::box_tree::constraint_block_layout] Checking flex: node=NodeKey(18056339380523499613), display=Block
[2026-01-11T20:04:40Z ERROR css_core::box_tree::constraint_block_layout] layout_block ENTRY: node=NodeKey(18056339380523499616)
[2026-01-11T20:04:40Z ERROR css_core::box_tree::constraint_block_layout] Checking flex: node=NodeKey(18056339380523499616), display=Block
[2026-01-11T20:04:40Z ERROR css_core::box_tree::constraint_block_layout] layout_block ENTRY: node=NodeKey(18056339380523499617)
[2026-01-11T20:04:40Z ERROR css_core::box_tree::constraint_block_layout] Checking flex: node=NodeKey(18056339380523499617), display=Block
[2026-01-11T20:04:40Z ERROR css_core::box_tree::constraint_block_layout] layout_block ENTRY: node=NodeKey(18056339380523499619)
[2026-01-11T20:04:40Z ERROR css_core::box_tree::constraint_block_layout] Checking flex: node=NodeKey(18056339380523499619), display=Block
[2026-01-11T20:04:40Z ERROR css_core::box_tree::constraint_block_layout::grid] Grid item: node=NodeKey(18056339380523499604), display=Block
[2026-01-11T20:04:40Z ERROR css_core::box_tree::constraint_block_layout] layout_block ENTRY: node=NodeKey(18056339380523499604)
[2026-01-11T20:04:40Z ERROR css_core::box_tree::constraint_block_layout] Checking flex: node=NodeKey(18056339380523499604), display=Block
[2026-01-11T20:04:40Z ERROR css_core::box_tree::constraint_block_layout] layout_block ENTRY: node=NodeKey(18056339380523499605)
[2026-01-11T20:04:40Z ERROR css_core::box_tree::constraint_block_layout] Checking flex: node=NodeKey(18056339380523499605), display=Block
[2026-01-11T20:04:40Z ERROR css_core::box_tree::constraint_block_layout] layout_block ENTRY: node=NodeKey(18056339380523499607)
[2026-01-11T20:04:40Z ERROR css_core::box_tree::constraint_block_layout] Checking flex: node=NodeKey(18056339380523499607), display=Block
[2026-01-11T20:04:40Z ERROR css_core::box_tree::constraint_block_layout::grid] Grid item: node=NodeKey(18056339380523499610), display=Block
[2026-01-11T20:04:40Z ERROR css_core::box_tree::constraint_block_layout] layout_block ENTRY: node=NodeKey(18056339380523499610)
[2026-01-11T20:04:40Z ERROR css_core::box_tree::constraint_block_layout] Checking flex: node=NodeKey(18056339380523499610), display=Block
[2026-01-11T20:04:40Z ERROR css_core::box_tree::constraint_block_layout] layout_block ENTRY: node=NodeKey(18056339380523499611)
[2026-01-11T20:04:40Z ERROR css_core::box_tree::constraint_block_layout] Checking flex: node=NodeKey(18056339380523499611), display=Block
[2026-01-11T20:04:40Z ERROR css_core::box_tree::constraint_block_layout] layout_block ENTRY: node=NodeKey(18056339380523499613)
[2026-01-11T20:04:40Z ERROR css_core::box_tree::constraint_block_layout] Checking flex: node=NodeKey(18056339380523499613), display=Block
[2026-01-11T20:04:40Z ERROR css_core::box_tree::constraint_block_layout::grid] Grid item: node=NodeKey(18056339380523499616), display=Block
[2026-01-11T20:04:40Z ERROR css_core::box_tree::constraint_block_layout] layout_block ENTRY: node=NodeKey(18056339380523499616)
[2026-01-11T20:04:40Z ERROR css_core::box_tree::constraint_block_layout] Checking flex: node=NodeKey(18056339380523499616), display=Block
[2026-01-11T20:04:40Z ERROR css_core::box_tree::constraint_block_layout] layout_block ENTRY: node=NodeKey(18056339380523499617)
[2026-01-11T20:04:40Z ERROR css_core::box_tree::constraint_block_layout] Checking flex: node=NodeKey(18056339380523499617), display=Block
[2026-01-11T20:04:40Z ERROR css_core::box_tree::constraint_block_layout] layout_block ENTRY: node=NodeKey(18056339380523499619)
[2026-01-11T20:04:40Z ERROR css_core::box_tree::constraint_block_layout] Checking flex: node=NodeKey(18056339380523499619), display=Block
[2026-01-11T20:04:40Z ERROR page_handler::core::incremental_layout] LAYOUT TREE COMPLETE - generation 1, total results: 77
[2026-01-11T20:04:40Z ERROR page_handler::core::incremental_layout] RUNNING LAYOUT TREE - generation 1
[2026-01-11T20:04:40Z ERROR css_core::box_tree::constraint_block_layout] layout_block ENTRY: node=NodeKey(11612532738686451713)
[2026-01-11T20:04:40Z ERROR css_core::box_tree::constraint_block_layout] Checking flex: node=NodeKey(11612532738686451713), display=Block
[2026-01-11T20:04:40Z ERROR css_core::box_tree::constraint_block_layout] layout_block ENTRY: node=NodeKey(11612532738686451725)
[2026-01-11T20:04:40Z ERROR css_core::box_tree::constraint_block_layout] Checking flex: node=NodeKey(11612532738686451725), display=Block
[2026-01-11T20:04:40Z ERROR css_core::box_tree::constraint_block_layout] layout_block ENTRY: node=NodeKey(11612532738686451727)
[2026-01-11T20:04:40Z ERROR css_core::box_tree::constraint_block_layout] Checking flex: node=NodeKey(11612532738686451727), display=Block
[2026-01-11T20:04:40Z ERROR css_core::box_tree::constraint_block_layout] layout_block ENTRY: node=NodeKey(11612532738686451729)
[2026-01-11T20:04:40Z ERROR css_core::box_tree::constraint_block_layout] Checking flex: node=NodeKey(11612532738686451729), display=Block
[2026-01-11T20:04:40Z ERROR page_handler::core::incremental_layout] LAYOUT TREE COMPLETE - generation 1, total results: 9
[2026-01-11T20:04:40Z ERROR page_handler::core::incremental_layout] RUNNING LAYOUT TREE - generation 1
[2026-01-11T20:04:40Z ERROR css_core::box_tree::constraint_block_layout] layout_block ENTRY: node=NodeKey(15537701288916549633)
[2026-01-11T20:04:40Z ERROR css_core::box_tree::constraint_block_layout] Checking flex: node=NodeKey(15537701288916549633), display=Block
[2026-01-11T20:04:40Z ERROR css_core::box_tree::constraint_block_layout] layout_block ENTRY: node=NodeKey(15537701288916549645)
[2026-01-11T20:04:40Z ERROR css_core::box_tree::constraint_block_layout] Checking flex: node=NodeKey(15537701288916549645), display=Block
[2026-01-11T20:04:40Z ERROR css_core::box_tree::constraint_block_layout] layout_block ENTRY: node=NodeKey(15537701288916549647)
[2026-01-11T20:04:40Z ERROR css_core::box_tree::constraint_block_layout] Checking flex: node=NodeKey(15537701288916549647), display=Block
[2026-01-11T20:04:40Z ERROR page_handler::core::incremental_layout] LAYOUT TREE COMPLETE - generation 1, total results: 6
[2026-01-11T20:04:40Z ERROR page_handler::core::incremental_layout] RUNNING LAYOUT TREE - generation 1
[2026-01-11T20:04:40Z ERROR css_core::box_tree::constraint_block_layout] layout_block ENTRY: node=NodeKey(8955408958537859073)
[2026-01-11T20:04:40Z ERROR css_core::box_tree::constraint_block_layout] Checking flex: node=NodeKey(8955408958537859073), display=Block
[2026-01-11T20:04:40Z ERROR css_core::box_tree::constraint_block_layout] layout_block ENTRY: node=NodeKey(8955408958537859080)
[2026-01-11T20:04:40Z ERROR css_core::box_tree::constraint_block_layout] Checking flex: node=NodeKey(8955408958537859080), display=Block
[2026-01-11T20:04:40Z ERROR css_core::box_tree::constraint_block_layout] layout_block ENTRY: node=NodeKey(8955408958537859083)
[2026-01-11T20:04:40Z ERROR css_core::box_tree::constraint_block_layout] Checking flex: node=NodeKey(8955408958537859083), display=Block
[2026-01-11T20:04:40Z ERROR css_core::box_tree::constraint_block_layout] layout_block ENTRY: node=NodeKey(8955408958537859085)
[2026-01-11T20:04:40Z ERROR css_core::box_tree::constraint_block_layout] Checking flex: node=NodeKey(8955408958537859085), display=Block
[2026-01-11T20:04:40Z ERROR page_handler::core::incremental_layout] LAYOUT TREE COMPLETE - generation 1, total results: 8
[2026-01-11T20:04:40Z ERROR page_handler::core::incremental_layout] RUNNING LAYOUT TREE - generation 1
[2026-01-11T20:04:40Z ERROR css_core::box_tree::constraint_block_layout] layout_block ENTRY: node=NodeKey(11704856531047546881)
[2026-01-11T20:04:40Z ERROR css_core::box_tree::constraint_block_layout] Checking flex: node=NodeKey(11704856531047546881), display=Block
[2026-01-11T20:04:40Z ERROR css_core::box_tree::constraint_block_layout] layout_block ENTRY: node=NodeKey(11704856531047546891)
[2026-01-11T20:04:40Z ERROR css_core::box_tree::constraint_block_layout] Checking flex: node=NodeKey(11704856531047546891), display=Block
[2026-01-11T20:04:40Z ERROR css_core::box_tree::constraint_block_layout] layout_block ENTRY: node=NodeKey(11704856531047546893)
[2026-01-11T20:04:40Z ERROR css_core::box_tree::constraint_block_layout] Checking flex: node=NodeKey(11704856531047546893), display=Block
[2026-01-11T20:04:40Z ERROR css_core::box_tree::constraint_block_layout] layout_block ENTRY: node=NodeKey(11704856531047546895)
[2026-01-11T20:04:40Z ERROR css_core::box_tree::constraint_block_layout] Checking flex: node=NodeKey(11704856531047546895), display=Block
[2026-01-11T20:04:40Z ERROR css_core::box_tree::constraint_block_layout] layout_block ENTRY: node=NodeKey(11704856531047546899)
[2026-01-11T20:04:40Z ERROR css_core::box_tree::constraint_block_layout] Checking flex: node=NodeKey(11704856531047546899), display=Block
[2026-01-11T20:04:40Z ERROR css_core::box_tree::constraint_block_layout] layout_block ENTRY: node=NodeKey(11704856531047546901)
[2026-01-11T20:04:40Z ERROR css_core::box_tree::constraint_block_layout] Checking flex: node=NodeKey(11704856531047546901), display=Block
[2026-01-11T20:04:40Z ERROR page_handler::core::incremental_layout] LAYOUT TREE COMPLETE - generation 1, total results: 16
[2026-01-11T20:04:40Z ERROR page_handler::core::incremental_layout] RUNNING LAYOUT TREE - generation 1
[2026-01-11T20:04:40Z ERROR css_core::box_tree::constraint_block_layout] layout_block ENTRY: node=NodeKey(17392621385439772673)
[2026-01-11T20:04:40Z ERROR css_core::box_tree::constraint_block_layout] Checking flex: node=NodeKey(17392621385439772673), display=Block
[2026-01-11T20:04:40Z ERROR css_core::box_tree::constraint_block_layout] layout_block ENTRY: node=NodeKey(17392621385439772683)
[2026-01-11T20:04:40Z ERROR css_core::box_tree::constraint_block_layout] Checking flex: node=NodeKey(17392621385439772683), display=Block
[2026-01-11T20:04:40Z ERROR css_core::box_tree::constraint_block_layout] layout_block ENTRY: node=NodeKey(17392621385439772685)
[2026-01-11T20:04:40Z ERROR css_core::box_tree::constraint_block_layout] Checking flex: node=NodeKey(17392621385439772685), display=Block
[2026-01-11T20:04:40Z ERROR css_core::box_tree::constraint_block_layout] layout_block ENTRY: node=NodeKey(17392621385439772688)
[2026-01-11T20:04:40Z ERROR css_core::box_tree::constraint_block_layout] Checking flex: node=NodeKey(17392621385439772688), display=Block
[2026-01-11T20:04:40Z ERROR css_core::box_tree::constraint_block_layout] layout_block ENTRY: node=NodeKey(17392621385439772691)
[2026-01-11T20:04:40Z ERROR css_core::box_tree::constraint_block_layout] Checking flex: node=NodeKey(17392621385439772691), display=Block
[2026-01-11T20:04:40Z ERROR page_handler::core::incremental_layout] LAYOUT TREE COMPLETE - generation 1, total results: 13
[2026-01-11T20:04:40Z ERROR page_handler::core::incremental_layout] RUNNING LAYOUT TREE - generation 1
[2026-01-11T20:04:40Z ERROR css_core::box_tree::constraint_block_layout] layout_block ENTRY: node=NodeKey(7515382977686142977)
[2026-01-11T20:04:40Z ERROR css_core::box_tree::constraint_block_layout] Checking flex: node=NodeKey(7515382977686142977), display=Block
[2026-01-11T20:04:40Z ERROR css_core::box_tree::constraint_block_layout] layout_block ENTRY: node=NodeKey(7515382977686142987)
[2026-01-11T20:04:40Z ERROR css_core::box_tree::constraint_block_layout] Checking flex: node=NodeKey(7515382977686142987), display=Block
[2026-01-11T20:04:40Z ERROR css_core::box_tree::constraint_block_layout] layout_block ENTRY: node=NodeKey(7515382977686142989)
[2026-01-11T20:04:40Z ERROR css_core::box_tree::constraint_block_layout] Checking flex: node=NodeKey(7515382977686142989), display=Block
[2026-01-11T20:04:40Z ERROR css_core::box_tree::constraint_block_layout] layout_block ENTRY: node=NodeKey(7515382977686142992)
[2026-01-11T20:04:40Z ERROR css_core::box_tree::constraint_block_layout] Checking flex: node=NodeKey(7515382977686142992), display=Block
[2026-01-11T20:04:40Z ERROR page_handler::core::incremental_layout] LAYOUT TREE COMPLETE - generation 1, total results: 10
[2026-01-11T20:04:40Z ERROR page_handler::core::incremental_layout] RUNNING LAYOUT TREE - generation 1
[2026-01-11T20:04:40Z ERROR css_core::box_tree::constraint_block_layout] layout_block ENTRY: node=NodeKey(4994774561242218497)
[2026-01-11T20:04:40Z ERROR css_core::box_tree::constraint_block_layout] Checking flex: node=NodeKey(4994774561242218497), display=Block
[2026-01-11T20:04:40Z ERROR css_core::box_tree::constraint_block_layout] layout_block ENTRY: node=NodeKey(4994774561242218507)
[2026-01-11T20:04:40Z ERROR css_core::box_tree::constraint_block_layout] Checking flex: node=NodeKey(4994774561242218507), display=Block
[2026-01-11T20:04:40Z ERROR css_core::box_tree::constraint_block_layout] layout_block ENTRY: node=NodeKey(4994774561242218509)
[2026-01-11T20:04:40Z ERROR css_core::box_tree::constraint_block_layout] Checking flex: node=NodeKey(4994774561242218509), display=Block
[2026-01-11T20:04:40Z ERROR css_core::box_tree::constraint_block_layout] layout_block ENTRY: node=NodeKey(4994774561242218511)
[2026-01-11T20:04:40Z ERROR css_core::box_tree::constraint_block_layout] Checking flex: node=NodeKey(4994774561242218511), display=Block
[2026-01-11T20:04:40Z ERROR css_core::box_tree::constraint_block_layout] layout_block ENTRY: node=NodeKey(4994774561242218515)
[2026-01-11T20:04:40Z ERROR css_core::box_tree::constraint_block_layout] Checking flex: node=NodeKey(4994774561242218515), display=Block
[2026-01-11T20:04:40Z ERROR css_core::box_tree::constraint_block_layout] layout_block ENTRY: node=NodeKey(4994774561242218517)
[2026-01-11T20:04:40Z ERROR css_core::box_tree::constraint_block_layout] Checking flex: node=NodeKey(4994774561242218517), display=Block
[2026-01-11T20:04:40Z ERROR page_handler::core::incremental_layout] LAYOUT TREE COMPLETE - generation 1, total results: 16
[2026-01-11T20:04:40Z ERROR page_handler::core::incremental_layout] RUNNING LAYOUT TREE - generation 1
[2026-01-11T20:04:40Z ERROR css_core::box_tree::constraint_block_layout] layout_block ENTRY: node=NodeKey(3686197394514378753)
[2026-01-11T20:04:40Z ERROR css_core::box_tree::constraint_block_layout] Checking flex: node=NodeKey(3686197394514378753), display=Block
[2026-01-11T20:04:40Z ERROR css_core::box_tree::constraint_block_layout] layout_block ENTRY: node=NodeKey(3686197394514378763)
[2026-01-11T20:04:40Z ERROR css_core::box_tree::constraint_block_layout] Checking flex: node=NodeKey(3686197394514378763), display=Block
[2026-01-11T20:04:40Z ERROR css_core::box_tree::constraint_block_layout] layout_block ENTRY: node=NodeKey(3686197394514378765)
[2026-01-11T20:04:40Z ERROR css_core::box_tree::constraint_block_layout] Checking flex: node=NodeKey(3686197394514378765), display=Block
[2026-01-11T20:04:40Z ERROR css_core::box_tree::constraint_block_layout] layout_block ENTRY: node=NodeKey(3686197394514378768)
[2026-01-11T20:04:40Z ERROR css_core::box_tree::constraint_block_layout] Checking flex: node=NodeKey(3686197394514378768), display=Block
[2026-01-11T20:04:40Z ERROR css_core::box_tree::constraint_block_layout] layout_block ENTRY: node=NodeKey(3686197394514378771)
[2026-01-11T20:04:40Z ERROR css_core::box_tree::constraint_block_layout] Checking flex: node=NodeKey(3686197394514378771), display=Block
[2026-01-11T20:04:40Z ERROR page_handler::core::incremental_layout] LAYOUT TREE COMPLETE - generation 1, total results: 13
[2026-01-11T20:04:40Z ERROR page_handler::core::incremental_layout] RUNNING LAYOUT TREE - generation 1
[2026-01-11T20:04:40Z ERROR css_core::box_tree::constraint_block_layout] layout_block ENTRY: node=NodeKey(16012549574627426305)
[2026-01-11T20:04:40Z ERROR css_core::box_tree::constraint_block_layout] Checking flex: node=NodeKey(16012549574627426305), display=Block
[2026-01-11T20:04:40Z ERROR css_core::box_tree::constraint_block_layout] layout_block ENTRY: node=NodeKey(16012549574627426315)
[2026-01-11T20:04:40Z ERROR css_core::box_tree::constraint_block_layout] Checking flex: node=NodeKey(16012549574627426315), display=Block
[2026-01-11T20:04:40Z ERROR css_core::box_tree::constraint_block_layout] layout_block ENTRY: node=NodeKey(16012549574627426317)
[2026-01-11T20:04:40Z ERROR css_core::box_tree::constraint_block_layout] Checking flex: node=NodeKey(16012549574627426317), display=Block
[2026-01-11T20:04:40Z ERROR css_core::box_tree::constraint_block_layout] layout_block ENTRY: node=NodeKey(16012549574627426320)
[2026-01-11T20:04:40Z ERROR css_core::box_tree::constraint_block_layout] Checking flex: node=NodeKey(16012549574627426320), display=Block
[2026-01-11T20:04:40Z ERROR page_handler::core::incremental_layout] LAYOUT TREE COMPLETE - generation 1, total results: 10
[2026-01-11T20:04:40Z ERROR page_handler::core::incremental_layout] RUNNING LAYOUT TREE - generation 1
[2026-01-11T20:04:40Z ERROR css_core::box_tree::constraint_block_layout] layout_block ENTRY: node=NodeKey(14771807877286854657)
[2026-01-11T20:04:40Z ERROR css_core::box_tree::constraint_block_layout] Checking flex: node=NodeKey(14771807877286854657), display=Block
[2026-01-11T20:04:40Z ERROR css_core::box_tree::constraint_block_layout] layout_block ENTRY: node=NodeKey(14771807877286854667)
[2026-01-11T20:04:40Z ERROR css_core::box_tree::constraint_block_layout] Checking flex: node=NodeKey(14771807877286854667), display=Block
[2026-01-11T20:04:40Z ERROR css_core::box_tree::constraint_block_layout] layout_block ENTRY: node=NodeKey(14771807877286854669)
[2026-01-11T20:04:40Z ERROR css_core::box_tree::constraint_block_layout] Checking flex: node=NodeKey(14771807877286854669), display=Block
[2026-01-11T20:04:40Z ERROR css_core::box_tree::constraint_block_layout] layout_block ENTRY: node=NodeKey(14771807877286854671)
[2026-01-11T20:04:40Z ERROR css_core::box_tree::constraint_block_layout] Checking flex: node=NodeKey(14771807877286854671), display=Block
[2026-01-11T20:04:40Z ERROR css_core::box_tree::constraint_block_layout] layout_block ENTRY: node=NodeKey(14771807877286854674)
[2026-01-11T20:04:40Z ERROR css_core::box_tree::constraint_block_layout] Checking flex: node=NodeKey(14771807877286854674), display=InlineBlock
[2026-01-11T20:04:40Z ERROR css_core::box_tree::constraint_block_layout] layout_block ENTRY: node=NodeKey(14771807877286854678)
[2026-01-11T20:04:40Z ERROR css_core::box_tree::constraint_block_layout] Checking flex: node=NodeKey(14771807877286854678), display=Block
[2026-01-11T20:04:40Z ERROR css_core::box_tree::constraint_block_layout] layout_block ENTRY: node=NodeKey(14771807877286854680)
[2026-01-11T20:04:40Z ERROR css_core::box_tree::constraint_block_layout] Checking flex: node=NodeKey(14771807877286854680), display=Block
[2026-01-11T20:04:40Z ERROR css_core::box_tree::constraint_block_layout] layout_block ENTRY: node=NodeKey(14771807877286854683)
[2026-01-11T20:04:40Z ERROR css_core::box_tree::constraint_block_layout] Checking flex: node=NodeKey(14771807877286854683), display=InlineBlock
[2026-01-11T20:04:40Z ERROR page_handler::core::incremental_layout] LAYOUT TREE COMPLETE - generation 1, total results: 21
[2026-01-11T20:04:40Z ERROR page_handler::core::incremental_layout] RUNNING LAYOUT TREE - generation 1
[2026-01-11T20:04:40Z ERROR css_core::box_tree::constraint_block_layout] layout_block ENTRY: node=NodeKey(2005228833598341121)
[2026-01-11T20:04:40Z ERROR css_core::box_tree::constraint_block_layout] Checking flex: node=NodeKey(2005228833598341121), display=Block
[2026-01-11T20:04:40Z ERROR css_core::box_tree::constraint_block_layout] layout_block ENTRY: node=NodeKey(2005228833598341131)
[2026-01-11T20:04:40Z ERROR css_core::box_tree::constraint_block_layout] Checking flex: node=NodeKey(2005228833598341131), display=Block
[2026-01-11T20:04:40Z ERROR css_core::box_tree::constraint_block_layout] layout_block ENTRY: node=NodeKey(2005228833598341133)
[2026-01-11T20:04:40Z ERROR css_core::box_tree::constraint_block_layout] Checking flex: node=NodeKey(2005228833598341133), display=Block
[2026-01-11T20:04:40Z ERROR css_core::box_tree::constraint_block_layout] layout_block ENTRY: node=NodeKey(2005228833598341135)
[2026-01-11T20:04:40Z ERROR css_core::box_tree::constraint_block_layout] Checking flex: node=NodeKey(2005228833598341135), display=Block
[2026-01-11T20:04:40Z ERROR css_core::box_tree::constraint_block_layout] layout_block ENTRY: node=NodeKey(2005228833598341138)
[2026-01-11T20:04:40Z ERROR css_core::box_tree::constraint_block_layout] Checking flex: node=NodeKey(2005228833598341138), display=InlineBlock
[2026-01-11T20:04:40Z ERROR css_core::box_tree::constraint_block_layout] layout_block ENTRY: node=NodeKey(2005228833598341141)
[2026-01-11T20:04:40Z ERROR css_core::box_tree::constraint_block_layout] Checking flex: node=NodeKey(2005228833598341141), display=Block
[2026-01-11T20:04:40Z ERROR css_core::box_tree::constraint_block_layout] layout_block ENTRY: node=NodeKey(2005228833598341143)
[2026-01-11T20:04:40Z ERROR css_core::box_tree::constraint_block_layout] Checking flex: node=NodeKey(2005228833598341143), display=Block
[2026-01-11T20:04:40Z ERROR css_core::box_tree::constraint_block_layout] layout_block ENTRY: node=NodeKey(2005228833598341146)
[2026-01-11T20:04:40Z ERROR css_core::box_tree::constraint_block_layout] Checking flex: node=NodeKey(2005228833598341146), display=InlineBlock
[2026-01-11T20:04:40Z ERROR css_core::box_tree::constraint_block_layout] layout_block ENTRY: node=NodeKey(2005228833598341149)
[2026-01-11T20:04:40Z ERROR css_core::box_tree::constraint_block_layout] Checking flex: node=NodeKey(2005228833598341149), display=Block
[2026-01-11T20:04:40Z ERROR css_core::box_tree::constraint_block_layout] layout_block ENTRY: node=NodeKey(2005228833598341151)
[2026-01-11T20:04:40Z ERROR css_core::box_tree::constraint_block_layout] Checking flex: node=NodeKey(2005228833598341151), display=Block
[2026-01-11T20:04:40Z ERROR css_core::box_tree::constraint_block_layout] layout_block ENTRY: node=NodeKey(2005228833598341154)
[2026-01-11T20:04:40Z ERROR css_core::box_tree::constraint_block_layout] Checking flex: node=NodeKey(2005228833598341154), display=InlineBlock
[2026-01-11T20:04:40Z ERROR css_core::box_tree::constraint_block_layout] layout_block ENTRY: node=NodeKey(2005228833598341157)
[2026-01-11T20:04:40Z ERROR css_core::box_tree::constraint_block_layout] Checking flex: node=NodeKey(2005228833598341157), display=Block
[2026-01-11T20:04:40Z ERROR css_core::box_tree::constraint_block_layout] layout_block ENTRY: node=NodeKey(2005228833598341159)
[2026-01-11T20:04:40Z ERROR css_core::box_tree::constraint_block_layout] Checking flex: node=NodeKey(2005228833598341159), display=Block
[2026-01-11T20:04:40Z ERROR css_core::box_tree::constraint_block_layout] layout_block ENTRY: node=NodeKey(2005228833598341162)
[2026-01-11T20:04:40Z ERROR css_core::box_tree::constraint_block_layout] Checking flex: node=NodeKey(2005228833598341162), display=InlineBlock
[2026-01-11T20:04:40Z ERROR page_handler::core::incremental_layout] LAYOUT TREE COMPLETE - generation 1, total results: 36
[2026-01-11T20:04:40Z ERROR page_handler::core::incremental_layout] RUNNING LAYOUT TREE - generation 1
[2026-01-11T20:04:40Z ERROR css_core::box_tree::constraint_block_layout] layout_block ENTRY: node=NodeKey(4039729965262962689)
[2026-01-11T20:04:40Z ERROR css_core::box_tree::constraint_block_layout] Checking flex: node=NodeKey(4039729965262962689), display=Block
[2026-01-11T20:04:40Z ERROR css_core::box_tree::constraint_block_layout] layout_block ENTRY: node=NodeKey(4039729965262962699)
[2026-01-11T20:04:40Z ERROR css_core::box_tree::constraint_block_layout] Checking flex: node=NodeKey(4039729965262962699), display=Block
[2026-01-11T20:04:40Z ERROR css_core::box_tree::constraint_block_layout] layout_block ENTRY: node=NodeKey(4039729965262962701)
[2026-01-11T20:04:40Z ERROR css_core::box_tree::constraint_block_layout] Checking flex: node=NodeKey(4039729965262962701), display=Block
[2026-01-11T20:04:40Z ERROR css_core::box_tree::constraint_block_layout] layout_block ENTRY: node=NodeKey(4039729965262962703)
[2026-01-11T20:04:40Z ERROR css_core::box_tree::constraint_block_layout] Checking flex: node=NodeKey(4039729965262962703), display=Block
[2026-01-11T20:04:40Z ERROR css_core::box_tree::constraint_block_layout] layout_block ENTRY: node=NodeKey(4039729965262962706)
[2026-01-11T20:04:40Z ERROR css_core::box_tree::constraint_block_layout] Checking flex: node=NodeKey(4039729965262962706), display=Block
[2026-01-11T20:04:40Z ERROR css_core::box_tree::constraint_block_layout] layout_block ENTRY: node=NodeKey(4039729965262962708)
[2026-01-11T20:04:40Z ERROR css_core::box_tree::constraint_block_layout] Checking flex: node=NodeKey(4039729965262962708), display=InlineBlock
[2026-01-11T20:04:40Z ERROR css_core::box_tree::constraint_block_layout] layout_block ENTRY: node=NodeKey(4039729965262962710)
[2026-01-11T20:04:40Z ERROR css_core::box_tree::constraint_block_layout] Checking flex: node=NodeKey(4039729965262962710), display=Inline
[2026-01-11T20:04:40Z ERROR css_core::box_tree::constraint_block_layout] layout_block ENTRY: node=NodeKey(4039729965262962714)
[2026-01-11T20:04:40Z ERROR css_core::box_tree::constraint_block_layout] Checking flex: node=NodeKey(4039729965262962714), display=Block
[2026-01-11T20:04:40Z ERROR css_core::box_tree::constraint_block_layout] layout_block ENTRY: node=NodeKey(4039729965262962716)
[2026-01-11T20:04:40Z ERROR css_core::box_tree::constraint_block_layout] Checking flex: node=NodeKey(4039729965262962716), display=InlineBlock
[2026-01-11T20:04:40Z ERROR css_core::box_tree::constraint_block_layout] layout_block ENTRY: node=NodeKey(4039729965262962718)
[2026-01-11T20:04:40Z ERROR css_core::box_tree::constraint_block_layout] Checking flex: node=NodeKey(4039729965262962718), display=Inline
[2026-01-11T20:04:40Z ERROR css_core::box_tree::constraint_block_layout] layout_block ENTRY: node=NodeKey(4039729965262962722)
[2026-01-11T20:04:40Z ERROR css_core::box_tree::constraint_block_layout] Checking flex: node=NodeKey(4039729965262962722), display=Block
[2026-01-11T20:04:40Z ERROR css_core::box_tree::constraint_block_layout] layout_block ENTRY: node=NodeKey(4039729965262962724)
[2026-01-11T20:04:40Z ERROR css_core::box_tree::constraint_block_layout] Checking flex: node=NodeKey(4039729965262962724), display=InlineBlock
[2026-01-11T20:04:40Z ERROR css_core::box_tree::constraint_block_layout] layout_block ENTRY: node=NodeKey(4039729965262962726)
[2026-01-11T20:04:40Z ERROR css_core::box_tree::constraint_block_layout] Checking flex: node=NodeKey(4039729965262962726), display=Inline
[2026-01-11T20:04:40Z ERROR css_core::box_tree::constraint_block_layout] layout_block ENTRY: node=NodeKey(4039729965262962731)
[2026-01-11T20:04:40Z ERROR css_core::box_tree::constraint_block_layout] Checking flex: node=NodeKey(4039729965262962731), display=Block
[2026-01-11T20:04:40Z ERROR css_core::box_tree::constraint_block_layout] layout_block ENTRY: node=NodeKey(4039729965262962733)
[2026-01-11T20:04:40Z ERROR css_core::box_tree::constraint_block_layout] Checking flex: node=NodeKey(4039729965262962733), display=Block
[2026-01-11T20:04:40Z ERROR css_core::box_tree::constraint_block_layout] layout_block ENTRY: node=NodeKey(4039729965262962736)
[2026-01-11T20:04:40Z ERROR css_core::box_tree::constraint_block_layout] Checking flex: node=NodeKey(4039729965262962736), display=Block
[2026-01-11T20:04:40Z ERROR css_core::box_tree::constraint_block_layout] layout_block ENTRY: node=NodeKey(4039729965262962738)
[2026-01-11T20:04:40Z ERROR css_core::box_tree::constraint_block_layout] Checking flex: node=NodeKey(4039729965262962738), display=InlineBlock
[2026-01-11T20:04:40Z ERROR css_core::box_tree::constraint_block_layout] layout_block ENTRY: node=NodeKey(4039729965262962740)
[2026-01-11T20:04:40Z ERROR css_core::box_tree::constraint_block_layout] Checking flex: node=NodeKey(4039729965262962740), display=Inline
[2026-01-11T20:04:40Z ERROR css_core::box_tree::constraint_block_layout] layout_block ENTRY: node=NodeKey(4039729965262962744)
[2026-01-11T20:04:40Z ERROR css_core::box_tree::constraint_block_layout] Checking flex: node=NodeKey(4039729965262962744), display=Block
[2026-01-11T20:04:40Z ERROR css_core::box_tree::constraint_block_layout] layout_block ENTRY: node=NodeKey(4039729965262962746)
[2026-01-11T20:04:40Z ERROR css_core::box_tree::constraint_block_layout] Checking flex: node=NodeKey(4039729965262962746), display=InlineBlock
[2026-01-11T20:04:40Z ERROR css_core::box_tree::constraint_block_layout] layout_block ENTRY: node=NodeKey(4039729965262962748)
[2026-01-11T20:04:40Z ERROR css_core::box_tree::constraint_block_layout] Checking flex: node=NodeKey(4039729965262962748), display=Inline
[2026-01-11T20:04:40Z ERROR css_core::box_tree::constraint_block_layout] layout_block ENTRY: node=NodeKey(4039729965262962752)
[2026-01-11T20:04:40Z ERROR css_core::box_tree::constraint_block_layout] Checking flex: node=NodeKey(4039729965262962752), display=Block
[2026-01-11T20:04:40Z ERROR css_core::box_tree::constraint_block_layout] layout_block ENTRY: node=NodeKey(4039729965262962754)
[2026-01-11T20:04:40Z ERROR css_core::box_tree::constraint_block_layout] Checking flex: node=NodeKey(4039729965262962754), display=InlineBlock
[2026-01-11T20:04:40Z ERROR css_core::box_tree::constraint_block_layout] layout_block ENTRY: node=NodeKey(4039729965262962756)
[2026-01-11T20:04:40Z ERROR css_core::box_tree::constraint_block_layout] Checking flex: node=NodeKey(4039729965262962756), display=Inline
[2026-01-11T20:04:40Z ERROR page_handler::core::incremental_layout] LAYOUT TREE COMPLETE - generation 1, total results: 64
[2026-01-11T20:04:40Z ERROR page_handler::core::incremental_layout] RUNNING LAYOUT TREE - generation 1
[2026-01-11T20:04:40Z ERROR css_core::box_tree::constraint_block_layout] layout_block ENTRY: node=NodeKey(5590657086938677249)
[2026-01-11T20:04:40Z ERROR css_core::box_tree::constraint_block_layout] Checking flex: node=NodeKey(5590657086938677249), display=Block
[2026-01-11T20:04:40Z ERROR css_core::box_tree::constraint_block_layout] layout_block ENTRY: node=NodeKey(5590657086938677259)
[2026-01-11T20:04:40Z ERROR css_core::box_tree::constraint_block_layout] Checking flex: node=NodeKey(5590657086938677259), display=Block
[2026-01-11T20:04:40Z ERROR css_core::box_tree::constraint_block_layout] layout_block ENTRY: node=NodeKey(5590657086938677261)
[2026-01-11T20:04:40Z ERROR css_core::box_tree::constraint_block_layout] Checking flex: node=NodeKey(5590657086938677261), display=Flex
[2026-01-11T20:04:40Z ERROR css_core::box_tree::constraint_block_layout] IS FLEX!
[2026-01-11T20:04:40Z ERROR css_core::box_tree::constraint_block_layout::flex_layout] layout_flex: node=NodeKey(5590657086938677261), children.len()=11
[2026-01-11T20:04:40Z ERROR css_core::box_tree::constraint_block_layout] layout_block ENTRY: node=NodeKey(5590657086938677263)
[2026-01-11T20:04:40Z ERROR css_core::box_tree::constraint_block_layout] Checking flex: node=NodeKey(5590657086938677263), display=Block
[2026-01-11T20:04:40Z ERROR css_core::box_tree::constraint_block_layout] layout_block ENTRY: node=NodeKey(5590657086938677266)
[2026-01-11T20:04:40Z ERROR css_core::box_tree::constraint_block_layout] Checking flex: node=NodeKey(5590657086938677266), display=Block
[2026-01-11T20:04:40Z ERROR css_core::box_tree::constraint_block_layout] layout_block ENTRY: node=NodeKey(5590657086938677269)
[2026-01-11T20:04:40Z ERROR css_core::box_tree::constraint_block_layout] Checking flex: node=NodeKey(5590657086938677269), display=Block
[2026-01-11T20:04:40Z ERROR css_core::box_tree::constraint_block_layout] layout_block ENTRY: node=NodeKey(5590657086938677272)
[2026-01-11T20:04:40Z ERROR css_core::box_tree::constraint_block_layout] Checking flex: node=NodeKey(5590657086938677272), display=Block
[2026-01-11T20:04:40Z ERROR css_core::box_tree::constraint_block_layout] layout_block ENTRY: node=NodeKey(5590657086938677275)
[2026-01-11T20:04:40Z ERROR css_core::box_tree::constraint_block_layout] Checking flex: node=NodeKey(5590657086938677275), display=Block
[2026-01-11T20:04:40Z ERROR css_core::box_tree::constraint_block_layout::flex_layout] layout_flex: node=NodeKey(5590657086938677261), flex_items.len()=5
[2026-01-11T20:04:40Z ERROR css_core::box_tree::constraint_block_layout] layout_block ENTRY: node=NodeKey(5590657086938677263)
[2026-01-11T20:04:40Z ERROR css_core::box_tree::constraint_block_layout] Checking flex: node=NodeKey(5590657086938677263), display=Block
[2026-01-11T20:04:40Z ERROR css_core::box_tree::constraint_block_layout] layout_block ENTRY: node=NodeKey(5590657086938677266)
[2026-01-11T20:04:40Z ERROR css_core::box_tree::constraint_block_layout] Checking flex: node=NodeKey(5590657086938677266), display=Block
[2026-01-11T20:04:40Z ERROR css_core::box_tree::constraint_block_layout] layout_block ENTRY: node=NodeKey(5590657086938677269)
[2026-01-11T20:04:40Z ERROR css_core::box_tree::constraint_block_layout] Checking flex: node=NodeKey(5590657086938677269), display=Block
[2026-01-11T20:04:40Z ERROR css_core::box_tree::constraint_block_layout] layout_block ENTRY: node=NodeKey(5590657086938677272)
[2026-01-11T20:04:40Z ERROR css_core::box_tree::constraint_block_layout] Checking flex: node=NodeKey(5590657086938677272), display=Block
[2026-01-11T20:04:40Z ERROR css_core::box_tree::constraint_block_layout] layout_block ENTRY: node=NodeKey(5590657086938677275)
[2026-01-11T20:04:40Z ERROR css_core::box_tree::constraint_block_layout] Checking flex: node=NodeKey(5590657086938677275), display=Block
[2026-01-11T20:04:40Z ERROR css_core::box_tree::constraint_block_layout] INSERTING FLEX CONTAINER in layout_block: node=NodeKey(5590657086938677261), inline_size=400, is_measurement=false
[2026-01-11T20:04:40Z ERROR page_handler::core::incremental_layout] LAYOUT TREE COMPLETE - generation 1, total results: 16
[2026-01-11T20:04:40Z ERROR page_handler::core::incremental_layout] RUNNING LAYOUT TREE - generation 1
[2026-01-11T20:04:40Z ERROR css_core::box_tree::constraint_block_layout] layout_block ENTRY: node=NodeKey(2224497840455942145)
[2026-01-11T20:04:40Z ERROR css_core::box_tree::constraint_block_layout] Checking flex: node=NodeKey(2224497840455942145), display=Block
[2026-01-11T20:04:40Z ERROR css_core::box_tree::constraint_block_layout] layout_block ENTRY: node=NodeKey(2224497840455942157)
[2026-01-11T20:04:40Z ERROR css_core::box_tree::constraint_block_layout] Checking flex: node=NodeKey(2224497840455942157), display=Block
[2026-01-11T20:04:40Z ERROR css_core::box_tree::constraint_block_layout] layout_block ENTRY: node=NodeKey(2224497840455942159)
[2026-01-11T20:04:40Z ERROR css_core::box_tree::constraint_block_layout] Checking flex: node=NodeKey(2224497840455942159), display=Block
[2026-01-11T20:04:40Z ERROR css_core::box_tree::constraint_block_layout] layout_block ENTRY: node=NodeKey(2224497840455942161)
[2026-01-11T20:04:40Z ERROR css_core::box_tree::constraint_block_layout] Checking flex: node=NodeKey(2224497840455942161), display=Flex
[2026-01-11T20:04:40Z ERROR css_core::box_tree::constraint_block_layout] IS FLEX!
[2026-01-11T20:04:40Z ERROR css_core::box_tree::constraint_block_layout::flex_layout] layout_flex: node=NodeKey(2224497840455942161), children.len()=9
[2026-01-11T20:04:40Z ERROR css_core::box_tree::constraint_block_layout] layout_block ENTRY: node=NodeKey(2224497840455942163)
[2026-01-11T20:04:40Z ERROR css_core::box_tree::constraint_block_layout] Checking flex: node=NodeKey(2224497840455942163), display=InlineBlock
[2026-01-11T20:04:40Z ERROR css_core::box_tree::constraint_block_layout] layout_block ENTRY: node=NodeKey(2224497840455942166)
[2026-01-11T20:04:40Z ERROR css_core::box_tree::constraint_block_layout] Checking flex: node=NodeKey(2224497840455942166), display=InlineBlock
[2026-01-11T20:04:40Z ERROR css_core::box_tree::constraint_block_layout] layout_block ENTRY: node=NodeKey(2224497840455942169)
[2026-01-11T20:04:40Z ERROR css_core::box_tree::constraint_block_layout] Checking flex: node=NodeKey(2224497840455942169), display=InlineBlock
[2026-01-11T20:04:40Z ERROR css_core::box_tree::constraint_block_layout] layout_block ENTRY: node=NodeKey(2224497840455942171)
[2026-01-11T20:04:40Z ERROR css_core::box_tree::constraint_block_layout] Checking flex: node=NodeKey(2224497840455942171), display=InlineBlock
[2026-01-11T20:04:40Z ERROR css_core::box_tree::constraint_block_layout::flex_layout] layout_flex: node=NodeKey(2224497840455942161), flex_items.len()=4
[2026-01-11T20:04:40Z ERROR css_core::box_tree::constraint_block_layout] layout_block ENTRY: node=NodeKey(2224497840455942163)
[2026-01-11T20:04:40Z ERROR css_core::box_tree::constraint_block_layout] Checking flex: node=NodeKey(2224497840455942163), display=InlineBlock
[2026-01-11T20:04:40Z ERROR css_core::box_tree::constraint_block_layout] layout_block ENTRY: node=NodeKey(2224497840455942166)
[2026-01-11T20:04:40Z ERROR css_core::box_tree::constraint_block_layout] Checking flex: node=NodeKey(2224497840455942166), display=InlineBlock
[2026-01-11T20:04:40Z ERROR css_core::box_tree::constraint_block_layout] layout_block ENTRY: node=NodeKey(2224497840455942169)
[2026-01-11T20:04:40Z ERROR css_core::box_tree::constraint_block_layout] Checking flex: node=NodeKey(2224497840455942169), display=InlineBlock
[2026-01-11T20:04:40Z ERROR css_core::box_tree::constraint_block_layout] layout_block ENTRY: node=NodeKey(2224497840455942171)
[2026-01-11T20:04:40Z ERROR css_core::box_tree::constraint_block_layout] Checking flex: node=NodeKey(2224497840455942171), display=InlineBlock
[2026-01-11T20:04:40Z ERROR css_core::box_tree::constraint_block_layout] INSERTING FLEX CONTAINER in layout_block: node=NodeKey(2224497840455942161), inline_size=776, is_measurement=false
[2026-01-11T20:04:40Z ERROR page_handler::core::incremental_layout] LAYOUT TREE COMPLETE - generation 1, total results: 16
[2026-01-11T20:04:40Z ERROR page_handler::core::incremental_layout] RUNNING LAYOUT TREE - generation 1
[2026-01-11T20:04:40Z ERROR css_core::box_tree::constraint_block_layout] layout_block ENTRY: node=NodeKey(12626687079774945281)
[2026-01-11T20:04:40Z ERROR css_core::box_tree::constraint_block_layout] Checking flex: node=NodeKey(12626687079774945281), display=Block
[2026-01-11T20:04:40Z ERROR css_core::box_tree::constraint_block_layout] layout_block ENTRY: node=NodeKey(12626687079774945288)
[2026-01-11T20:04:40Z ERROR css_core::box_tree::constraint_block_layout] Checking flex: node=NodeKey(12626687079774945288), display=Block
[2026-01-11T20:04:40Z ERROR css_core::box_tree::constraint_block_layout] layout_block ENTRY: node=NodeKey(12626687079774945290)
[2026-01-11T20:04:40Z ERROR css_core::box_tree::constraint_block_layout] Checking flex: node=NodeKey(12626687079774945290), display=Block
[2026-01-11T20:04:40Z ERROR page_handler::core::incremental_layout] LAYOUT TREE COMPLETE - generation 1, total results: 6
[2026-01-11T20:04:40Z ERROR page_handler::core::incremental_layout] RUNNING LAYOUT TREE - generation 1
[2026-01-11T20:04:40Z ERROR css_core::box_tree::constraint_block_layout] layout_block ENTRY: node=NodeKey(5100327677508714497)
[2026-01-11T20:04:40Z ERROR css_core::box_tree::constraint_block_layout] Checking flex: node=NodeKey(5100327677508714497), display=Block
[2026-01-11T20:04:40Z ERROR css_core::box_tree::constraint_block_layout] layout_block ENTRY: node=NodeKey(5100327677508714504)
[2026-01-11T20:04:40Z ERROR css_core::box_tree::constraint_block_layout] Checking flex: node=NodeKey(5100327677508714504), display=Block
[2026-01-11T20:04:40Z ERROR css_core::box_tree::constraint_block_layout] layout_block ENTRY: node=NodeKey(5100327677508714506)
[2026-01-11T20:04:40Z ERROR css_core::box_tree::constraint_block_layout] Checking flex: node=NodeKey(5100327677508714506), display=Block
[2026-01-11T20:04:40Z ERROR page_handler::core::incremental_layout] LAYOUT TREE COMPLETE - generation 1, total results: 7
[2026-01-11T20:04:40Z ERROR page_handler::core::incremental_layout] RUNNING LAYOUT TREE - generation 1
[2026-01-11T20:04:40Z ERROR css_core::box_tree::constraint_block_layout] layout_block ENTRY: node=NodeKey(4581850770407686145)
[2026-01-11T20:04:40Z ERROR css_core::box_tree::constraint_block_layout] Checking flex: node=NodeKey(4581850770407686145), display=Block
[2026-01-11T20:04:40Z ERROR css_core::box_tree::constraint_block_layout] layout_block ENTRY: node=NodeKey(4581850770407686155)
[2026-01-11T20:04:40Z ERROR css_core::box_tree::constraint_block_layout] Checking flex: node=NodeKey(4581850770407686155), display=Block
[2026-01-11T20:04:40Z ERROR css_core::box_tree::constraint_block_layout] layout_block ENTRY: node=NodeKey(4581850770407686157)
[2026-01-11T20:04:40Z ERROR css_core::box_tree::constraint_block_layout] Checking flex: node=NodeKey(4581850770407686157), display=Block
[2026-01-11T20:04:40Z ERROR css_core::box_tree::constraint_block_layout] layout_block ENTRY: node=NodeKey(4581850770407686159)
[2026-01-11T20:04:40Z ERROR css_core::box_tree::constraint_block_layout] Checking flex: node=NodeKey(4581850770407686159), display=Block
[2026-01-11T20:04:40Z ERROR css_core::box_tree::constraint_block_layout] layout_block ENTRY: node=NodeKey(4581850770407686162)
[2026-01-11T20:04:40Z ERROR css_core::box_tree::constraint_block_layout] Checking flex: node=NodeKey(4581850770407686162), display=InlineBlock
[2026-01-11T20:04:40Z ERROR css_core::box_tree::constraint_block_layout] layout_block ENTRY: node=NodeKey(4581850770407686166)
[2026-01-11T20:04:40Z ERROR css_core::box_tree::constraint_block_layout] Checking flex: node=NodeKey(4581850770407686166), display=Block
[2026-01-11T20:04:40Z ERROR css_core::box_tree::constraint_block_layout] layout_block ENTRY: node=NodeKey(4581850770407686168)
[2026-01-11T20:04:40Z ERROR css_core::box_tree::constraint_block_layout] Checking flex: node=NodeKey(4581850770407686168), display=Block
[2026-01-11T20:04:40Z ERROR css_core::box_tree::constraint_block_layout] layout_block ENTRY: node=NodeKey(4581850770407686171)
[2026-01-11T20:04:40Z ERROR css_core::box_tree::constraint_block_layout] Checking flex: node=NodeKey(4581850770407686171), display=InlineBlock
[2026-01-11T20:04:40Z ERROR page_handler::core::incremental_layout] LAYOUT TREE COMPLETE - generation 1, total results: 21
[2026-01-11T20:04:40Z ERROR page_handler::core::incremental_layout] RUNNING LAYOUT TREE - generation 1
[2026-01-11T20:04:40Z ERROR css_core::box_tree::constraint_block_layout] layout_block ENTRY: node=NodeKey(13072543442884624385)
[2026-01-11T20:04:40Z ERROR css_core::box_tree::constraint_block_layout] Checking flex: node=NodeKey(13072543442884624385), display=Block
[2026-01-11T20:04:40Z ERROR css_core::box_tree::constraint_block_layout] layout_block ENTRY: node=NodeKey(13072543442884624395)
[2026-01-11T20:04:40Z ERROR css_core::box_tree::constraint_block_layout] Checking flex: node=NodeKey(13072543442884624395), display=Block
[2026-01-11T20:04:40Z ERROR css_core::box_tree::constraint_block_layout] layout_block ENTRY: node=NodeKey(13072543442884624397)
[2026-01-11T20:04:40Z ERROR css_core::box_tree::constraint_block_layout] Checking flex: node=NodeKey(13072543442884624397), display=Block
[2026-01-11T20:04:40Z ERROR css_core::box_tree::constraint_block_layout] layout_block ENTRY: node=NodeKey(13072543442884624399)
[2026-01-11T20:04:40Z ERROR css_core::box_tree::constraint_block_layout] Checking flex: node=NodeKey(13072543442884624399), display=Block
[2026-01-11T20:04:40Z ERROR css_core::box_tree::constraint_block_layout] layout_block ENTRY: node=NodeKey(13072543442884624402)
[2026-01-11T20:04:40Z ERROR css_core::box_tree::constraint_block_layout] Checking flex: node=NodeKey(13072543442884624402), display=InlineBlock
[2026-01-11T20:04:40Z ERROR css_core::box_tree::constraint_block_layout] layout_block ENTRY: node=NodeKey(13072543442884624405)
[2026-01-11T20:04:40Z ERROR css_core::box_tree::constraint_block_layout] Checking flex: node=NodeKey(13072543442884624405), display=Block
[2026-01-11T20:04:40Z ERROR css_core::box_tree::constraint_block_layout] layout_block ENTRY: node=NodeKey(13072543442884624407)
[2026-01-11T20:04:40Z ERROR css_core::box_tree::constraint_block_layout] Checking flex: node=NodeKey(13072543442884624407), display=Block
[2026-01-11T20:04:40Z ERROR css_core::box_tree::constraint_block_layout] layout_block ENTRY: node=NodeKey(13072543442884624410)
[2026-01-11T20:04:40Z ERROR css_core::box_tree::constraint_block_layout] Checking flex: node=NodeKey(13072543442884624410), display=InlineBlock
[2026-01-11T20:04:40Z ERROR css_core::box_tree::constraint_block_layout] layout_block ENTRY: node=NodeKey(13072543442884624413)
[2026-01-11T20:04:40Z ERROR css_core::box_tree::constraint_block_layout] Checking flex: node=NodeKey(13072543442884624413), display=Block
[2026-01-11T20:04:40Z ERROR css_core::box_tree::constraint_block_layout] layout_block ENTRY: node=NodeKey(13072543442884624415)
[2026-01-11T20:04:40Z ERROR css_core::box_tree::constraint_block_layout] Checking flex: node=NodeKey(13072543442884624415), display=Block
[2026-01-11T20:04:40Z ERROR css_core::box_tree::constraint_block_layout] layout_block ENTRY: node=NodeKey(13072543442884624418)
[2026-01-11T20:04:40Z ERROR css_core::box_tree::constraint_block_layout] Checking flex: node=NodeKey(13072543442884624418), display=InlineBlock
[2026-01-11T20:04:40Z ERROR css_core::box_tree::constraint_block_layout] layout_block ENTRY: node=NodeKey(13072543442884624421)
[2026-01-11T20:04:40Z ERROR css_core::box_tree::constraint_block_layout] Checking flex: node=NodeKey(13072543442884624421), display=Block
[2026-01-11T20:04:40Z ERROR css_core::box_tree::constraint_block_layout] layout_block ENTRY: node=NodeKey(13072543442884624423)
[2026-01-11T20:04:40Z ERROR css_core::box_tree::constraint_block_layout] Checking flex: node=NodeKey(13072543442884624423), display=Block
[2026-01-11T20:04:40Z ERROR css_core::box_tree::constraint_block_layout] layout_block ENTRY: node=NodeKey(13072543442884624426)
[2026-01-11T20:04:40Z ERROR css_core::box_tree::constraint_block_layout] Checking flex: node=NodeKey(13072543442884624426), display=InlineBlock
[2026-01-11T20:04:40Z ERROR page_handler::core::incremental_layout] LAYOUT TREE COMPLETE - generation 1, total results: 36
[2026-01-11T20:04:40Z ERROR page_handler::core::incremental_layout] RUNNING LAYOUT TREE - generation 1
[2026-01-11T20:04:40Z ERROR css_core::box_tree::constraint_block_layout] layout_block ENTRY: node=NodeKey(6050024248930467841)
[2026-01-11T20:04:40Z ERROR css_core::box_tree::constraint_block_layout] Checking flex: node=NodeKey(6050024248930467841), display=Block
[2026-01-11T20:04:40Z ERROR css_core::box_tree::constraint_block_layout] layout_block ENTRY: node=NodeKey(6050024248930467851)
[2026-01-11T20:04:40Z ERROR css_core::box_tree::constraint_block_layout] Checking flex: node=NodeKey(6050024248930467851), display=Block
[2026-01-11T20:04:40Z ERROR css_core::box_tree::constraint_block_layout] layout_block ENTRY: node=NodeKey(6050024248930467853)
[2026-01-11T20:04:40Z ERROR css_core::box_tree::constraint_block_layout] Checking flex: node=NodeKey(6050024248930467853), display=Block
[2026-01-11T20:04:40Z ERROR css_core::box_tree::constraint_block_layout] layout_block ENTRY: node=NodeKey(6050024248930467855)
[2026-01-11T20:04:40Z ERROR css_core::box_tree::constraint_block_layout] Checking flex: node=NodeKey(6050024248930467855), display=Block
[2026-01-11T20:04:40Z ERROR css_core::box_tree::constraint_block_layout] layout_block ENTRY: node=NodeKey(6050024248930467858)
[2026-01-11T20:04:40Z ERROR css_core::box_tree::constraint_block_layout] Checking flex: node=NodeKey(6050024248930467858), display=Block
[2026-01-11T20:04:40Z ERROR css_core::box_tree::constraint_block_layout] layout_block ENTRY: node=NodeKey(6050024248930467860)
[2026-01-11T20:04:40Z ERROR css_core::box_tree::constraint_block_layout] Checking flex: node=NodeKey(6050024248930467860), display=InlineBlock
[2026-01-11T20:04:40Z ERROR css_core::box_tree::constraint_block_layout] layout_block ENTRY: node=NodeKey(6050024248930467862)
[2026-01-11T20:04:40Z ERROR css_core::box_tree::constraint_block_layout] Checking flex: node=NodeKey(6050024248930467862), display=Inline
[2026-01-11T20:04:40Z ERROR css_core::box_tree::constraint_block_layout] layout_block ENTRY: node=NodeKey(6050024248930467866)
[2026-01-11T20:04:40Z ERROR css_core::box_tree::constraint_block_layout] Checking flex: node=NodeKey(6050024248930467866), display=Block
[2026-01-11T20:04:40Z ERROR css_core::box_tree::constraint_block_layout] layout_block ENTRY: node=NodeKey(6050024248930467868)
[2026-01-11T20:04:40Z ERROR css_core::box_tree::constraint_block_layout] Checking flex: node=NodeKey(6050024248930467868), display=InlineBlock
[2026-01-11T20:04:40Z ERROR css_core::box_tree::constraint_block_layout] layout_block ENTRY: node=NodeKey(6050024248930467870)
[2026-01-11T20:04:40Z ERROR css_core::box_tree::constraint_block_layout] Checking flex: node=NodeKey(6050024248930467870), display=Inline
[2026-01-11T20:04:40Z ERROR css_core::box_tree::constraint_block_layout] layout_block ENTRY: node=NodeKey(6050024248930467874)
[2026-01-11T20:04:40Z ERROR css_core::box_tree::constraint_block_layout] Checking flex: node=NodeKey(6050024248930467874), display=Block
[2026-01-11T20:04:40Z ERROR css_core::box_tree::constraint_block_layout] layout_block ENTRY: node=NodeKey(6050024248930467876)
[2026-01-11T20:04:40Z ERROR css_core::box_tree::constraint_block_layout] Checking flex: node=NodeKey(6050024248930467876), display=InlineBlock
[2026-01-11T20:04:40Z ERROR css_core::box_tree::constraint_block_layout] layout_block ENTRY: node=NodeKey(6050024248930467878)
[2026-01-11T20:04:40Z ERROR css_core::box_tree::constraint_block_layout] Checking flex: node=NodeKey(6050024248930467878), display=Inline
[2026-01-11T20:04:40Z ERROR css_core::box_tree::constraint_block_layout] layout_block ENTRY: node=NodeKey(6050024248930467883)
[2026-01-11T20:04:40Z ERROR css_core::box_tree::constraint_block_layout] Checking flex: node=NodeKey(6050024248930467883), display=Block
[2026-01-11T20:04:40Z ERROR css_core::box_tree::constraint_block_layout] layout_block ENTRY: node=NodeKey(6050024248930467885)
[2026-01-11T20:04:40Z ERROR css_core::box_tree::constraint_block_layout] Checking flex: node=NodeKey(6050024248930467885), display=Block
[2026-01-11T20:04:40Z ERROR css_core::box_tree::constraint_block_layout] layout_block ENTRY: node=NodeKey(6050024248930467888)
[2026-01-11T20:04:40Z ERROR css_core::box_tree::constraint_block_layout] Checking flex: node=NodeKey(6050024248930467888), display=Block
[2026-01-11T20:04:40Z ERROR css_core::box_tree::constraint_block_layout] layout_block ENTRY: node=NodeKey(6050024248930467890)
[2026-01-11T20:04:40Z ERROR css_core::box_tree::constraint_block_layout] Checking flex: node=NodeKey(6050024248930467890), display=InlineBlock
[2026-01-11T20:04:40Z ERROR css_core::box_tree::constraint_block_layout] layout_block ENTRY: node=NodeKey(6050024248930467892)
[2026-01-11T20:04:40Z ERROR css_core::box_tree::constraint_block_layout] Checking flex: node=NodeKey(6050024248930467892), display=Inline
[2026-01-11T20:04:40Z ERROR css_core::box_tree::constraint_block_layout] layout_block ENTRY: node=NodeKey(6050024248930467896)
[2026-01-11T20:04:40Z ERROR css_core::box_tree::constraint_block_layout] Checking flex: node=NodeKey(6050024248930467896), display=Block
[2026-01-11T20:04:40Z ERROR css_core::box_tree::constraint_block_layout] layout_block ENTRY: node=NodeKey(6050024248930467898)
[2026-01-11T20:04:40Z ERROR css_core::box_tree::constraint_block_layout] Checking flex: node=NodeKey(6050024248930467898), display=InlineBlock
[2026-01-11T20:04:40Z ERROR css_core::box_tree::constraint_block_layout] layout_block ENTRY: node=NodeKey(6050024248930467900)
[2026-01-11T20:04:40Z ERROR css_core::box_tree::constraint_block_layout] Checking flex: node=NodeKey(6050024248930467900), display=Inline
[2026-01-11T20:04:40Z ERROR css_core::box_tree::constraint_block_layout] layout_block ENTRY: node=NodeKey(6050024248930467904)
[2026-01-11T20:04:40Z ERROR css_core::box_tree::constraint_block_layout] Checking flex: node=NodeKey(6050024248930467904), display=Block
[2026-01-11T20:04:40Z ERROR css_core::box_tree::constraint_block_layout] layout_block ENTRY: node=NodeKey(6050024248930467906)
[2026-01-11T20:04:40Z ERROR css_core::box_tree::constraint_block_layout] Checking flex: node=NodeKey(6050024248930467906), display=InlineBlock
[2026-01-11T20:04:40Z ERROR css_core::box_tree::constraint_block_layout] layout_block ENTRY: node=NodeKey(6050024248930467908)
[2026-01-11T20:04:40Z ERROR css_core::box_tree::constraint_block_layout] Checking flex: node=NodeKey(6050024248930467908), display=Inline
[2026-01-11T20:04:40Z ERROR page_handler::core::incremental_layout] LAYOUT TREE COMPLETE - generation 1, total results: 64
[2026-01-11T20:04:40Z ERROR page_handler::core::incremental_layout] RUNNING LAYOUT TREE - generation 1
[2026-01-11T20:04:40Z ERROR css_core::box_tree::constraint_block_layout] layout_block ENTRY: node=NodeKey(11812942922104438785)
[2026-01-11T20:04:40Z ERROR css_core::box_tree::constraint_block_layout] Checking flex: node=NodeKey(11812942922104438785), display=Block
[2026-01-11T20:04:40Z ERROR css_core::box_tree::constraint_block_layout] layout_block ENTRY: node=NodeKey(11812942922104438795)
[2026-01-11T20:04:40Z ERROR css_core::box_tree::constraint_block_layout] Checking flex: node=NodeKey(11812942922104438795), display=Block
[2026-01-11T20:04:40Z ERROR css_core::box_tree::constraint_block_layout] layout_block ENTRY: node=NodeKey(11812942922104438797)
[2026-01-11T20:04:40Z ERROR css_core::box_tree::constraint_block_layout] Checking flex: node=NodeKey(11812942922104438797), display=Flex
[2026-01-11T20:04:40Z ERROR css_core::box_tree::constraint_block_layout] IS FLEX!
[2026-01-11T20:04:40Z ERROR css_core::box_tree::constraint_block_layout::flex_layout] layout_flex: node=NodeKey(11812942922104438797), children.len()=11
[2026-01-11T20:04:40Z ERROR css_core::box_tree::constraint_block_layout] layout_block ENTRY: node=NodeKey(11812942922104438799)
[2026-01-11T20:04:40Z ERROR css_core::box_tree::constraint_block_layout] Checking flex: node=NodeKey(11812942922104438799), display=Block
[2026-01-11T20:04:40Z ERROR css_core::box_tree::constraint_block_layout] layout_block ENTRY: node=NodeKey(11812942922104438802)
[2026-01-11T20:04:40Z ERROR css_core::box_tree::constraint_block_layout] Checking flex: node=NodeKey(11812942922104438802), display=Block
[2026-01-11T20:04:40Z ERROR css_core::box_tree::constraint_block_layout] layout_block ENTRY: node=NodeKey(11812942922104438805)
[2026-01-11T20:04:40Z ERROR css_core::box_tree::constraint_block_layout] Checking flex: node=NodeKey(11812942922104438805), display=Block
[2026-01-11T20:04:40Z ERROR css_core::box_tree::constraint_block_layout] layout_block ENTRY: node=NodeKey(11812942922104438808)
[2026-01-11T20:04:40Z ERROR css_core::box_tree::constraint_block_layout] Checking flex: node=NodeKey(11812942922104438808), display=Block
[2026-01-11T20:04:40Z ERROR css_core::box_tree::constraint_block_layout] layout_block ENTRY: node=NodeKey(11812942922104438811)
[2026-01-11T20:04:40Z ERROR css_core::box_tree::constraint_block_layout] Checking flex: node=NodeKey(11812942922104438811), display=Block
[2026-01-11T20:04:40Z ERROR css_core::box_tree::constraint_block_layout::flex_layout] layout_flex: node=NodeKey(11812942922104438797), flex_items.len()=5
[2026-01-11T20:04:40Z ERROR css_core::box_tree::constraint_block_layout] layout_block ENTRY: node=NodeKey(11812942922104438799)
[2026-01-11T20:04:40Z ERROR css_core::box_tree::constraint_block_layout] Checking flex: node=NodeKey(11812942922104438799), display=Block
[2026-01-11T20:04:40Z ERROR css_core::box_tree::constraint_block_layout] layout_block ENTRY: node=NodeKey(11812942922104438802)
[2026-01-11T20:04:40Z ERROR css_core::box_tree::constraint_block_layout] Checking flex: node=NodeKey(11812942922104438802), display=Block
[2026-01-11T20:04:40Z ERROR css_core::box_tree::constraint_block_layout] layout_block ENTRY: node=NodeKey(11812942922104438805)
[2026-01-11T20:04:40Z ERROR css_core::box_tree::constraint_block_layout] Checking flex: node=NodeKey(11812942922104438805), display=Block
[2026-01-11T20:04:40Z ERROR css_core::box_tree::constraint_block_layout] layout_block ENTRY: node=NodeKey(11812942922104438808)
[2026-01-11T20:04:40Z ERROR css_core::box_tree::constraint_block_layout] Checking flex: node=NodeKey(11812942922104438808), display=Block
[2026-01-11T20:04:40Z ERROR css_core::box_tree::constraint_block_layout] layout_block ENTRY: node=NodeKey(11812942922104438811)
[2026-01-11T20:04:40Z ERROR css_core::box_tree::constraint_block_layout] Checking flex: node=NodeKey(11812942922104438811), display=Block
[2026-01-11T20:04:40Z ERROR css_core::box_tree::constraint_block_layout] INSERTING FLEX CONTAINER in layout_block: node=NodeKey(11812942922104438797), inline_size=400, is_measurement=false
[2026-01-11T20:04:40Z ERROR page_handler::core::incremental_layout] LAYOUT TREE COMPLETE - generation 1, total results: 16
[2026-01-11T20:04:40Z ERROR page_handler::core::incremental_layout] RUNNING LAYOUT TREE - generation 1
[2026-01-11T20:04:40Z ERROR css_core::box_tree::constraint_block_layout] layout_block ENTRY: node=NodeKey(6390046020796940289)
[2026-01-11T20:04:40Z ERROR css_core::box_tree::constraint_block_layout] Checking flex: node=NodeKey(6390046020796940289), display=Block
[2026-01-11T20:04:40Z ERROR css_core::box_tree::constraint_block_layout] layout_block ENTRY: node=NodeKey(6390046020796940301)
[2026-01-11T20:04:40Z ERROR css_core::box_tree::constraint_block_layout] Checking flex: node=NodeKey(6390046020796940301), display=Block
[2026-01-11T20:04:40Z ERROR css_core::box_tree::constraint_block_layout] layout_block ENTRY: node=NodeKey(6390046020796940303)
[2026-01-11T20:04:40Z ERROR css_core::box_tree::constraint_block_layout] Checking flex: node=NodeKey(6390046020796940303), display=Block
[2026-01-11T20:04:40Z ERROR css_core::box_tree::constraint_block_layout] layout_block ENTRY: node=NodeKey(6390046020796940305)
[2026-01-11T20:04:40Z ERROR css_core::box_tree::constraint_block_layout] Checking flex: node=NodeKey(6390046020796940305), display=Flex
[2026-01-11T20:04:40Z ERROR css_core::box_tree::constraint_block_layout] IS FLEX!
[2026-01-11T20:04:40Z ERROR css_core::box_tree::constraint_block_layout::flex_layout] layout_flex: node=NodeKey(6390046020796940305), children.len()=9
[2026-01-11T20:04:40Z ERROR css_core::box_tree::constraint_block_layout] layout_block ENTRY: node=NodeKey(6390046020796940307)
[2026-01-11T20:04:40Z ERROR css_core::box_tree::constraint_block_layout] Checking flex: node=NodeKey(6390046020796940307), display=InlineBlock
[2026-01-11T20:04:40Z ERROR css_core::box_tree::constraint_block_layout] layout_block ENTRY: node=NodeKey(6390046020796940310)
[2026-01-11T20:04:40Z ERROR css_core::box_tree::constraint_block_layout] Checking flex: node=NodeKey(6390046020796940310), display=InlineBlock
[2026-01-11T20:04:40Z ERROR css_core::box_tree::constraint_block_layout] layout_block ENTRY: node=NodeKey(6390046020796940313)
[2026-01-11T20:04:40Z ERROR css_core::box_tree::constraint_block_layout] Checking flex: node=NodeKey(6390046020796940313), display=InlineBlock
[2026-01-11T20:04:40Z ERROR css_core::box_tree::constraint_block_layout] layout_block ENTRY: node=NodeKey(6390046020796940315)
[2026-01-11T20:04:40Z ERROR css_core::box_tree::constraint_block_layout] Checking flex: node=NodeKey(6390046020796940315), display=InlineBlock
[2026-01-11T20:04:40Z ERROR css_core::box_tree::constraint_block_layout::flex_layout] layout_flex: node=NodeKey(6390046020796940305), flex_items.len()=4
[2026-01-11T20:04:40Z ERROR css_core::box_tree::constraint_block_layout] layout_block ENTRY: node=NodeKey(6390046020796940307)
[2026-01-11T20:04:40Z ERROR css_core::box_tree::constraint_block_layout] Checking flex: node=NodeKey(6390046020796940307), display=InlineBlock
[2026-01-11T20:04:40Z ERROR css_core::box_tree::constraint_block_layout] layout_block ENTRY: node=NodeKey(6390046020796940310)
[2026-01-11T20:04:40Z ERROR css_core::box_tree::constraint_block_layout] Checking flex: node=NodeKey(6390046020796940310), display=InlineBlock
[2026-01-11T20:04:40Z ERROR css_core::box_tree::constraint_block_layout] layout_block ENTRY: node=NodeKey(6390046020796940313)
[2026-01-11T20:04:40Z ERROR css_core::box_tree::constraint_block_layout] Checking flex: node=NodeKey(6390046020796940313), display=InlineBlock
[2026-01-11T20:04:40Z ERROR css_core::box_tree::constraint_block_layout] layout_block ENTRY: node=NodeKey(6390046020796940315)
[2026-01-11T20:04:40Z ERROR css_core::box_tree::constraint_block_layout] Checking flex: node=NodeKey(6390046020796940315), display=InlineBlock
[2026-01-11T20:04:40Z ERROR css_core::box_tree::constraint_block_layout] INSERTING FLEX CONTAINER in layout_block: node=NodeKey(6390046020796940305), inline_size=776, is_measurement=false
[2026-01-11T20:04:40Z ERROR page_handler::core::incremental_layout] LAYOUT TREE COMPLETE - generation 1, total results: 16
[2026-01-11T20:04:40Z ERROR page_handler::core::incremental_layout] RUNNING LAYOUT TREE - generation 1
[2026-01-11T20:04:40Z ERROR css_core::box_tree::constraint_block_layout] layout_block ENTRY: node=NodeKey(4582413720361107457)
[2026-01-11T20:04:40Z ERROR css_core::box_tree::constraint_block_layout] Checking flex: node=NodeKey(4582413720361107457), display=Block
[2026-01-11T20:04:40Z ERROR css_core::box_tree::constraint_block_layout] layout_block ENTRY: node=NodeKey(4582413720361107464)
[2026-01-11T20:04:40Z ERROR css_core::box_tree::constraint_block_layout] Checking flex: node=NodeKey(4582413720361107464), display=Block
[2026-01-11T20:04:40Z ERROR css_core::box_tree::constraint_block_layout] layout_block ENTRY: node=NodeKey(4582413720361107466)
[2026-01-11T20:04:40Z ERROR css_core::box_tree::constraint_block_layout] Checking flex: node=NodeKey(4582413720361107466), display=Block
[2026-01-11T20:04:40Z ERROR css_core::box_tree::constraint_block_layout] layout_block ENTRY: node=NodeKey(4582413720361107468)
[2026-01-11T20:04:40Z ERROR css_core::box_tree::constraint_block_layout] Checking flex: node=NodeKey(4582413720361107468), display=Block
[2026-01-11T20:04:40Z ERROR css_core::box_tree::constraint_block_layout] layout_block ENTRY: node=NodeKey(4582413720361107470)
[2026-01-11T20:04:40Z ERROR css_core::box_tree::constraint_block_layout] Checking flex: node=NodeKey(4582413720361107470), display=Block
[2026-01-11T20:04:40Z ERROR css_core::box_tree::constraint_block_layout] layout_block ENTRY: node=NodeKey(4582413720361107472)
[2026-01-11T20:04:40Z ERROR css_core::box_tree::constraint_block_layout] Checking flex: node=NodeKey(4582413720361107472), display=Block
[2026-01-11T20:04:40Z ERROR page_handler::core::incremental_layout] LAYOUT TREE COMPLETE - generation 1, total results: 11
[2026-01-11T20:04:41Z ERROR page_handler::core::incremental_layout] RUNNING LAYOUT TREE - generation 2
[2026-01-11T20:04:41Z ERROR css_core::box_tree::constraint_block_layout] layout_block ENTRY: node=NodeKey(14107808407226417154)
[2026-01-11T20:04:41Z ERROR css_core::box_tree::constraint_block_layout] Checking flex: node=NodeKey(14107808407226417154), display=Block
[2026-01-11T20:04:41Z ERROR css_core::box_tree::constraint_block_layout] layout_block ENTRY: node=NodeKey(14107808407226417166)
[2026-01-11T20:04:41Z ERROR css_core::box_tree::constraint_block_layout] Checking flex: node=NodeKey(14107808407226417166), display=Block
[2026-01-11T20:04:41Z ERROR css_core::box_tree::constraint_block_layout] layout_block ENTRY: node=NodeKey(14107808407226417168)
[2026-01-11T20:04:41Z ERROR css_core::box_tree::constraint_block_layout] Checking flex: node=NodeKey(14107808407226417168), display=Flex
[2026-01-11T20:04:41Z ERROR css_core::box_tree::constraint_block_layout] IS FLEX!
[2026-01-11T20:04:41Z ERROR css_core::box_tree::constraint_block_layout::flex_layout] layout_flex: node=NodeKey(14107808407226417168), children.len()=11
[2026-01-11T20:04:41Z ERROR css_core::box_tree::constraint_block_layout] layout_block ENTRY: node=NodeKey(14107808407226417170)
[2026-01-11T20:04:41Z ERROR css_core::box_tree::constraint_block_layout] Checking flex: node=NodeKey(14107808407226417170), display=Flex
[2026-01-11T20:04:41Z ERROR css_core::box_tree::constraint_block_layout] IS FLEX!
[2026-01-11T20:04:41Z ERROR css_core::box_tree::constraint_block_layout::flex_layout] layout_flex: node=NodeKey(14107808407226417170), children.len()=11
[2026-01-11T20:04:41Z ERROR css_core::box_tree::constraint_block_layout] layout_block ENTRY: node=NodeKey(14107808407226417172)
[2026-01-11T20:04:41Z ERROR css_core::box_tree::constraint_block_layout] Checking flex: node=NodeKey(14107808407226417172), display=Inline
[2026-01-11T20:04:41Z ERROR css_core::box_tree::constraint_block_layout] layout_block ENTRY: node=NodeKey(14107808407226417175)
[2026-01-11T20:04:41Z ERROR css_core::box_tree::constraint_block_layout] Checking flex: node=NodeKey(14107808407226417175), display=Block
[2026-01-11T20:04:41Z ERROR css_core::box_tree::constraint_block_layout] layout_block ENTRY: node=NodeKey(14107808407226417177)
[2026-01-11T20:04:41Z ERROR css_core::box_tree::constraint_block_layout] Checking flex: node=NodeKey(14107808407226417177), display=Block
[2026-01-11T20:04:41Z ERROR css_core::box_tree::constraint_block_layout] layout_block ENTRY: node=NodeKey(14107808407226417179)
[2026-01-11T20:04:41Z ERROR css_core::box_tree::constraint_block_layout] Checking flex: node=NodeKey(14107808407226417179), display=Block
[2026-01-11T20:04:41Z ERROR css_core::box_tree::constraint_block_layout] layout_block ENTRY: node=NodeKey(14107808407226417181)
[2026-01-11T20:04:41Z ERROR css_core::box_tree::constraint_block_layout] Checking flex: node=NodeKey(14107808407226417181), display=Block
[2026-01-11T20:04:41Z ERROR css_core::box_tree::constraint_block_layout::flex_layout] layout_flex: node=NodeKey(14107808407226417170), flex_items.len()=5
[2026-01-11T20:04:41Z ERROR css_core::box_tree::constraint_block_layout] layout_block ENTRY: node=NodeKey(14107808407226417172)
[2026-01-11T20:04:41Z ERROR css_core::box_tree::constraint_block_layout] Checking flex: node=NodeKey(14107808407226417172), display=Inline
[2026-01-11T20:04:41Z ERROR css_core::box_tree::constraint_block_layout] layout_block ENTRY: node=NodeKey(14107808407226417175)
[2026-01-11T20:04:41Z ERROR css_core::box_tree::constraint_block_layout] Checking flex: node=NodeKey(14107808407226417175), display=Block
[2026-01-11T20:04:41Z ERROR css_core::box_tree::constraint_block_layout] layout_block ENTRY: node=NodeKey(14107808407226417177)
[2026-01-11T20:04:41Z ERROR css_core::box_tree::constraint_block_layout] Checking flex: node=NodeKey(14107808407226417177), display=Block
[2026-01-11T20:04:41Z ERROR css_core::box_tree::constraint_block_layout] layout_block ENTRY: node=NodeKey(14107808407226417179)
[2026-01-11T20:04:41Z ERROR css_core::box_tree::constraint_block_layout] Checking flex: node=NodeKey(14107808407226417179), display=Block
[2026-01-11T20:04:41Z ERROR css_core::box_tree::constraint_block_layout] layout_block ENTRY: node=NodeKey(14107808407226417181)
[2026-01-11T20:04:41Z ERROR css_core::box_tree::constraint_block_layout] Checking flex: node=NodeKey(14107808407226417181), display=Block
[2026-01-11T20:04:41Z ERROR css_core::box_tree::constraint_block_layout] INSERTING FLEX CONTAINER in layout_block: node=NodeKey(14107808407226417170), inline_size=768, is_measurement=true
[2026-01-11T20:04:41Z ERROR css_core::box_tree::constraint_block_layout] layout_block ENTRY: node=NodeKey(14107808407226417184)
[2026-01-11T20:04:41Z ERROR css_core::box_tree::constraint_block_layout] Checking flex: node=NodeKey(14107808407226417184), display=Flex
[2026-01-11T20:04:41Z ERROR css_core::box_tree::constraint_block_layout] IS FLEX!
[2026-01-11T20:04:41Z ERROR css_core::box_tree::constraint_block_layout::flex_layout] layout_flex: node=NodeKey(14107808407226417184), children.len()=11
[2026-01-11T20:04:41Z ERROR css_core::box_tree::constraint_block_layout] layout_block ENTRY: node=NodeKey(14107808407226417186)
[2026-01-11T20:04:41Z ERROR css_core::box_tree::constraint_block_layout] Checking flex: node=NodeKey(14107808407226417186), display=Inline
[2026-01-11T20:04:41Z ERROR css_core::box_tree::constraint_block_layout] layout_block ENTRY: node=NodeKey(14107808407226417189)
[2026-01-11T20:04:41Z ERROR css_core::box_tree::constraint_block_layout] Checking flex: node=NodeKey(14107808407226417189), display=Block
[2026-01-11T20:04:41Z ERROR css_core::box_tree::constraint_block_layout] layout_block ENTRY: node=NodeKey(14107808407226417191)
[2026-01-11T20:04:41Z ERROR css_core::box_tree::constraint_block_layout] Checking flex: node=NodeKey(14107808407226417191), display=Block
[2026-01-11T20:04:41Z ERROR css_core::box_tree::constraint_block_layout] layout_block ENTRY: node=NodeKey(14107808407226417193)
[2026-01-11T20:04:41Z ERROR css_core::box_tree::constraint_block_layout] Checking flex: node=NodeKey(14107808407226417193), display=Block
[2026-01-11T20:04:41Z ERROR css_core::box_tree::constraint_block_layout] layout_block ENTRY: node=NodeKey(14107808407226417195)
[2026-01-11T20:04:41Z ERROR css_core::box_tree::constraint_block_layout] Checking flex: node=NodeKey(14107808407226417195), display=Block
[2026-01-11T20:04:41Z ERROR css_core::box_tree::constraint_block_layout::flex_layout] layout_flex: node=NodeKey(14107808407226417184), flex_items.len()=5
[2026-01-11T20:04:41Z ERROR css_core::box_tree::constraint_block_layout] layout_block ENTRY: node=NodeKey(14107808407226417186)
[2026-01-11T20:04:41Z ERROR css_core::box_tree::constraint_block_layout] Checking flex: node=NodeKey(14107808407226417186), display=Inline
[2026-01-11T20:04:41Z ERROR css_core::box_tree::constraint_block_layout] layout_block ENTRY: node=NodeKey(14107808407226417189)
[2026-01-11T20:04:41Z ERROR css_core::box_tree::constraint_block_layout] Checking flex: node=NodeKey(14107808407226417189), display=Block
[2026-01-11T20:04:41Z ERROR css_core::box_tree::constraint_block_layout] layout_block ENTRY: node=NodeKey(14107808407226417191)
[2026-01-11T20:04:41Z ERROR css_core::box_tree::constraint_block_layout] Checking flex: node=NodeKey(14107808407226417191), display=Block
[2026-01-11T20:04:41Z ERROR css_core::box_tree::constraint_block_layout] layout_block ENTRY: node=NodeKey(14107808407226417193)
[2026-01-11T20:04:41Z ERROR css_core::box_tree::constraint_block_layout] Checking flex: node=NodeKey(14107808407226417193), display=Block
[2026-01-11T20:04:41Z ERROR css_core::box_tree::constraint_block_layout] layout_block ENTRY: node=NodeKey(14107808407226417195)
[2026-01-11T20:04:41Z ERROR css_core::box_tree::constraint_block_layout] Checking flex: node=NodeKey(14107808407226417195), display=Block
[2026-01-11T20:04:41Z ERROR css_core::box_tree::constraint_block_layout] INSERTING FLEX CONTAINER in layout_block: node=NodeKey(14107808407226417184), inline_size=768, is_measurement=true
[2026-01-11T20:04:41Z ERROR css_core::box_tree::constraint_block_layout] layout_block ENTRY: node=NodeKey(14107808407226417198)
[2026-01-11T20:04:41Z ERROR css_core::box_tree::constraint_block_layout] Checking flex: node=NodeKey(14107808407226417198), display=Flex
[2026-01-11T20:04:41Z ERROR css_core::box_tree::constraint_block_layout] IS FLEX!
[2026-01-11T20:04:41Z ERROR css_core::box_tree::constraint_block_layout::flex_layout] layout_flex: node=NodeKey(14107808407226417198), children.len()=5
[2026-01-11T20:04:41Z ERROR css_core::box_tree::constraint_block_layout] layout_block ENTRY: node=NodeKey(14107808407226417200)
[2026-01-11T20:04:41Z ERROR css_core::box_tree::constraint_block_layout] Checking flex: node=NodeKey(14107808407226417200), display=Inline
[2026-01-11T20:04:41Z ERROR css_core::box_tree::constraint_block_layout] layout_block ENTRY: node=NodeKey(14107808407226417203)
[2026-01-11T20:04:41Z ERROR css_core::box_tree::constraint_block_layout] Checking flex: node=NodeKey(14107808407226417203), display=Flex
[2026-01-11T20:04:41Z ERROR css_core::box_tree::constraint_block_layout] IS FLEX!
[2026-01-11T20:04:41Z ERROR css_core::box_tree::constraint_block_layout::flex_layout] layout_flex: node=NodeKey(14107808407226417203), children.len()=7
[2026-01-11T20:04:41Z ERROR css_core::box_tree::constraint_block_layout] layout_block ENTRY: node=NodeKey(14107808407226417205)
[2026-01-11T20:04:41Z ERROR css_core::box_tree::constraint_block_layout] Checking flex: node=NodeKey(14107808407226417205), display=Block
[2026-01-11T20:04:41Z ERROR css_core::box_tree::constraint_block_layout] layout_block ENTRY: node=NodeKey(14107808407226417207)
[2026-01-11T20:04:41Z ERROR css_core::box_tree::constraint_block_layout] Checking flex: node=NodeKey(14107808407226417207), display=Block
[2026-01-11T20:04:41Z ERROR css_core::box_tree::constraint_block_layout] layout_block ENTRY: node=NodeKey(14107808407226417209)
[2026-01-11T20:04:41Z ERROR css_core::box_tree::constraint_block_layout] Checking flex: node=NodeKey(14107808407226417209), display=Block
[2026-01-11T20:04:41Z ERROR css_core::box_tree::constraint_block_layout::flex_layout] layout_flex: node=NodeKey(14107808407226417203), flex_items.len()=3
[2026-01-11T20:04:41Z ERROR css_core::box_tree::constraint_block_layout] layout_block ENTRY: node=NodeKey(14107808407226417205)
[2026-01-11T20:04:41Z ERROR css_core::box_tree::constraint_block_layout] Checking flex: node=NodeKey(14107808407226417205), display=Block
[2026-01-11T20:04:41Z ERROR css_core::box_tree::constraint_block_layout] layout_block ENTRY: node=NodeKey(14107808407226417207)
[2026-01-11T20:04:41Z ERROR css_core::box_tree::constraint_block_layout] Checking flex: node=NodeKey(14107808407226417207), display=Block
[2026-01-11T20:04:41Z ERROR css_core::box_tree::constraint_block_layout] layout_block ENTRY: node=NodeKey(14107808407226417209)
[2026-01-11T20:04:41Z ERROR css_core::box_tree::constraint_block_layout] Checking flex: node=NodeKey(14107808407226417209), display=Block
[2026-01-11T20:04:41Z ERROR css_core::box_tree::constraint_block_layout] INSERTING FLEX CONTAINER in layout_block: node=NodeKey(14107808407226417203), inline_size=32, is_measurement=true
[2026-01-11T20:04:41Z ERROR css_core::box_tree::constraint_block_layout::flex_layout] layout_flex: node=NodeKey(14107808407226417198), flex_items.len()=2
[2026-01-11T20:04:41Z ERROR css_core::box_tree::constraint_block_layout] layout_block ENTRY: node=NodeKey(14107808407226417200)
[2026-01-11T20:04:41Z ERROR css_core::box_tree::constraint_block_layout] Checking flex: node=NodeKey(14107808407226417200), display=Inline
[2026-01-11T20:04:41Z ERROR css_core::box_tree::constraint_block_layout] layout_block ENTRY: node=NodeKey(14107808407226417203)
[2026-01-11T20:04:41Z ERROR css_core::box_tree::constraint_block_layout] Checking flex: node=NodeKey(14107808407226417203), display=Flex
[2026-01-11T20:04:41Z ERROR css_core::box_tree::constraint_block_layout] IS FLEX!
[2026-01-11T20:04:41Z ERROR css_core::box_tree::constraint_block_layout::flex_layout] layout_flex: node=NodeKey(14107808407226417203), children.len()=7
[2026-01-11T20:04:41Z ERROR css_core::box_tree::constraint_block_layout] layout_block ENTRY: node=NodeKey(14107808407226417205)
[2026-01-11T20:04:41Z ERROR css_core::box_tree::constraint_block_layout] Checking flex: node=NodeKey(14107808407226417205), display=Block
[2026-01-11T20:04:41Z ERROR css_core::box_tree::constraint_block_layout] layout_block ENTRY: node=NodeKey(14107808407226417207)
[2026-01-11T20:04:41Z ERROR css_core::box_tree::constraint_block_layout] Checking flex: node=NodeKey(14107808407226417207), display=Block
[2026-01-11T20:04:41Z ERROR css_core::box_tree::constraint_block_layout] layout_block ENTRY: node=NodeKey(14107808407226417209)
[2026-01-11T20:04:41Z ERROR css_core::box_tree::constraint_block_layout] Checking flex: node=NodeKey(14107808407226417209), display=Block
[2026-01-11T20:04:41Z ERROR css_core::box_tree::constraint_block_layout::flex_layout] layout_flex: node=NodeKey(14107808407226417203), flex_items.len()=3
[2026-01-11T20:04:41Z ERROR css_core::box_tree::constraint_block_layout] layout_block ENTRY: node=NodeKey(14107808407226417205)
[2026-01-11T20:04:41Z ERROR css_core::box_tree::constraint_block_layout] Checking flex: node=NodeKey(14107808407226417205), display=Block
[2026-01-11T20:04:41Z ERROR css_core::box_tree::constraint_block_layout] layout_block ENTRY: node=NodeKey(14107808407226417207)
[2026-01-11T20:04:41Z ERROR css_core::box_tree::constraint_block_layout] Checking flex: node=NodeKey(14107808407226417207), display=Block
[2026-01-11T20:04:41Z ERROR css_core::box_tree::constraint_block_layout] layout_block ENTRY: node=NodeKey(14107808407226417209)
[2026-01-11T20:04:41Z ERROR css_core::box_tree::constraint_block_layout] Checking flex: node=NodeKey(14107808407226417209), display=Block
[2026-01-11T20:04:41Z ERROR css_core::box_tree::constraint_block_layout] INSERTING FLEX CONTAINER in layout_block: node=NodeKey(14107808407226417203), inline_size=32, is_measurement=false
[2026-01-11T20:04:41Z ERROR css_core::box_tree::constraint_block_layout] INSERTING FLEX CONTAINER in layout_block: node=NodeKey(14107808407226417198), inline_size=768, is_measurement=true
[2026-01-11T20:04:41Z ERROR css_core::box_tree::constraint_block_layout] layout_block ENTRY: node=NodeKey(14107808407226417213)
[2026-01-11T20:04:41Z ERROR css_core::box_tree::constraint_block_layout] Checking flex: node=NodeKey(14107808407226417213), display=Flex
[2026-01-11T20:04:41Z ERROR css_core::box_tree::constraint_block_layout] IS FLEX!
[2026-01-11T20:04:41Z ERROR css_core::box_tree::constraint_block_layout::flex_layout] layout_flex: node=NodeKey(14107808407226417213), children.len()=7
[2026-01-11T20:04:41Z ERROR css_core::box_tree::constraint_block_layout] layout_block ENTRY: node=NodeKey(14107808407226417215)
[2026-01-11T20:04:41Z ERROR css_core::box_tree::constraint_block_layout] Checking flex: node=NodeKey(14107808407226417215), display=Inline
[2026-01-11T20:04:41Z ERROR css_core::box_tree::constraint_block_layout] layout_block ENTRY: node=NodeKey(14107808407226417218)
[2026-01-11T20:04:41Z ERROR css_core::box_tree::constraint_block_layout] Checking flex: node=NodeKey(14107808407226417218), display=Block
[2026-01-11T20:04:41Z ERROR css_core::box_tree::constraint_block_layout] layout_block ENTRY: node=NodeKey(14107808407226417220)
[2026-01-11T20:04:41Z ERROR css_core::box_tree::constraint_block_layout] Checking flex: node=NodeKey(14107808407226417220), display=Block
[2026-01-11T20:04:41Z ERROR css_core::box_tree::constraint_block_layout::flex_layout] layout_flex: node=NodeKey(14107808407226417213), flex_items.len()=3
[2026-01-11T20:04:41Z ERROR css_core::box_tree::constraint_block_layout] layout_block ENTRY: node=NodeKey(14107808407226417215)
[2026-01-11T20:04:41Z ERROR css_core::box_tree::constraint_block_layout] Checking flex: node=NodeKey(14107808407226417215), display=Inline
[2026-01-11T20:04:41Z ERROR css_core::box_tree::constraint_block_layout] layout_block ENTRY: node=NodeKey(14107808407226417218)
[2026-01-11T20:04:41Z ERROR css_core::box_tree::constraint_block_layout] Checking flex: node=NodeKey(14107808407226417218), display=Block
[2026-01-11T20:04:41Z ERROR css_core::box_tree::constraint_block_layout] layout_block ENTRY: node=NodeKey(14107808407226417220)
[2026-01-11T20:04:41Z ERROR css_core::box_tree::constraint_block_layout] Checking flex: node=NodeKey(14107808407226417220), display=Block
[2026-01-11T20:04:41Z ERROR css_core::box_tree::constraint_block_layout] INSERTING FLEX CONTAINER in layout_block: node=NodeKey(14107808407226417213), inline_size=768, is_measurement=true
[2026-01-11T20:04:41Z ERROR css_core::box_tree::constraint_block_layout] layout_block ENTRY: node=NodeKey(14107808407226417223)
[2026-01-11T20:04:41Z ERROR css_core::box_tree::constraint_block_layout] Checking flex: node=NodeKey(14107808407226417223), display=Flex
[2026-01-11T20:04:41Z ERROR css_core::box_tree::constraint_block_layout] IS FLEX!
[2026-01-11T20:04:41Z ERROR css_core::box_tree::constraint_block_layout::flex_layout] layout_flex: node=NodeKey(14107808407226417223), children.len()=5
[2026-01-11T20:04:41Z ERROR css_core::box_tree::constraint_block_layout] layout_block ENTRY: node=NodeKey(14107808407226417225)
[2026-01-11T20:04:41Z ERROR css_core::box_tree::constraint_block_layout] Checking flex: node=NodeKey(14107808407226417225), display=Inline
[2026-01-11T20:04:41Z ERROR css_core::box_tree::constraint_block_layout] layout_block ENTRY: node=NodeKey(14107808407226417227)
[2026-01-11T20:04:41Z ERROR css_core::box_tree::constraint_block_layout] Checking flex: node=NodeKey(14107808407226417227), display=Block
[2026-01-11T20:04:41Z ERROR css_core::box_tree::constraint_block_layout::flex_layout] layout_flex: node=NodeKey(14107808407226417223), flex_items.len()=2
[2026-01-11T20:04:41Z ERROR css_core::box_tree::constraint_block_layout] layout_block ENTRY: node=NodeKey(14107808407226417225)
[2026-01-11T20:04:41Z ERROR css_core::box_tree::constraint_block_layout] Checking flex: node=NodeKey(14107808407226417225), display=Inline
[2026-01-11T20:04:41Z ERROR css_core::box_tree::constraint_block_layout] layout_block ENTRY: node=NodeKey(14107808407226417227)
[2026-01-11T20:04:41Z ERROR css_core::box_tree::constraint_block_layout] Checking flex: node=NodeKey(14107808407226417227), display=Block
[2026-01-11T20:04:41Z ERROR css_core::box_tree::constraint_block_layout] INSERTING FLEX CONTAINER in layout_block: node=NodeKey(14107808407226417223), inline_size=768, is_measurement=true
[2026-01-11T20:04:41Z ERROR css_core::box_tree::constraint_block_layout::flex_layout] layout_flex: node=NodeKey(14107808407226417168), flex_items.len()=5
[2026-01-11T20:04:41Z ERROR css_core::box_tree::constraint_block_layout] layout_block ENTRY: node=NodeKey(14107808407226417170)
[2026-01-11T20:04:41Z ERROR css_core::box_tree::constraint_block_layout] Checking flex: node=NodeKey(14107808407226417170), display=Flex
[2026-01-11T20:04:41Z ERROR css_core::box_tree::constraint_block_layout] IS FLEX!
[2026-01-11T20:04:41Z ERROR css_core::box_tree::constraint_block_layout::flex_layout] layout_flex: node=NodeKey(14107808407226417170), children.len()=11
[2026-01-11T20:04:41Z ERROR css_core::box_tree::constraint_block_layout] layout_block ENTRY: node=NodeKey(14107808407226417172)
[2026-01-11T20:04:41Z ERROR css_core::box_tree::constraint_block_layout] Checking flex: node=NodeKey(14107808407226417172), display=Inline
[2026-01-11T20:04:41Z ERROR css_core::box_tree::constraint_block_layout] layout_block ENTRY: node=NodeKey(14107808407226417175)
[2026-01-11T20:04:41Z ERROR css_core::box_tree::constraint_block_layout] Checking flex: node=NodeKey(14107808407226417175), display=Block
[2026-01-11T20:04:41Z ERROR css_core::box_tree::constraint_block_layout] layout_block ENTRY: node=NodeKey(14107808407226417177)
[2026-01-11T20:04:41Z ERROR css_core::box_tree::constraint_block_layout] Checking flex: node=NodeKey(14107808407226417177), display=Block
[2026-01-11T20:04:41Z ERROR css_core::box_tree::constraint_block_layout] layout_block ENTRY: node=NodeKey(14107808407226417179)
[2026-01-11T20:04:41Z ERROR css_core::box_tree::constraint_block_layout] Checking flex: node=NodeKey(14107808407226417179), display=Block
[2026-01-11T20:04:41Z ERROR css_core::box_tree::constraint_block_layout] layout_block ENTRY: node=NodeKey(14107808407226417181)
[2026-01-11T20:04:41Z ERROR css_core::box_tree::constraint_block_layout] Checking flex: node=NodeKey(14107808407226417181), display=Block
[2026-01-11T20:04:41Z ERROR css_core::box_tree::constraint_block_layout::flex_layout] layout_flex: node=NodeKey(14107808407226417170), flex_items.len()=5
[2026-01-11T20:04:41Z ERROR css_core::box_tree::constraint_block_layout] layout_block ENTRY: node=NodeKey(14107808407226417172)
[2026-01-11T20:04:41Z ERROR css_core::box_tree::constraint_block_layout] Checking flex: node=NodeKey(14107808407226417172), display=Inline
[2026-01-11T20:04:41Z ERROR css_core::box_tree::constraint_block_layout] layout_block ENTRY: node=NodeKey(14107808407226417175)
[2026-01-11T20:04:41Z ERROR css_core::box_tree::constraint_block_layout] Checking flex: node=NodeKey(14107808407226417175), display=Block
[2026-01-11T20:04:41Z ERROR css_core::box_tree::constraint_block_layout] layout_block ENTRY: node=NodeKey(14107808407226417177)
[2026-01-11T20:04:41Z ERROR css_core::box_tree::constraint_block_layout] Checking flex: node=NodeKey(14107808407226417177), display=Block
[2026-01-11T20:04:41Z ERROR css_core::box_tree::constraint_block_layout] layout_block ENTRY: node=NodeKey(14107808407226417179)
[2026-01-11T20:04:41Z ERROR css_core::box_tree::constraint_block_layout] Checking flex: node=NodeKey(14107808407226417179), display=Block
[2026-01-11T20:04:41Z ERROR css_core::box_tree::constraint_block_layout] layout_block ENTRY: node=NodeKey(14107808407226417181)
[2026-01-11T20:04:41Z ERROR css_core::box_tree::constraint_block_layout] Checking flex: node=NodeKey(14107808407226417181), display=Block
[2026-01-11T20:04:41Z ERROR css_core::box_tree::constraint_block_layout] INSERTING FLEX CONTAINER in layout_block: node=NodeKey(14107808407226417170), inline_size=768, is_measurement=false
[2026-01-11T20:04:41Z ERROR css_core::box_tree::constraint_block_layout] layout_block ENTRY: node=NodeKey(14107808407226417184)
[2026-01-11T20:04:41Z ERROR css_core::box_tree::constraint_block_layout] Checking flex: node=NodeKey(14107808407226417184), display=Flex
[2026-01-11T20:04:41Z ERROR css_core::box_tree::constraint_block_layout] IS FLEX!
[2026-01-11T20:04:41Z ERROR css_core::box_tree::constraint_block_layout::flex_layout] layout_flex: node=NodeKey(14107808407226417184), children.len()=11
[2026-01-11T20:04:41Z ERROR css_core::box_tree::constraint_block_layout] layout_block ENTRY: node=NodeKey(14107808407226417186)
[2026-01-11T20:04:41Z ERROR css_core::box_tree::constraint_block_layout] Checking flex: node=NodeKey(14107808407226417186), display=Inline
[2026-01-11T20:04:41Z ERROR css_core::box_tree::constraint_block_layout] layout_block ENTRY: node=NodeKey(14107808407226417189)
[2026-01-11T20:04:41Z ERROR css_core::box_tree::constraint_block_layout] Checking flex: node=NodeKey(14107808407226417189), display=Block
[2026-01-11T20:04:41Z ERROR css_core::box_tree::constraint_block_layout] layout_block ENTRY: node=NodeKey(14107808407226417191)
[2026-01-11T20:04:41Z ERROR css_core::box_tree::constraint_block_layout] Checking flex: node=NodeKey(14107808407226417191), display=Block
[2026-01-11T20:04:41Z ERROR css_core::box_tree::constraint_block_layout] layout_block ENTRY: node=NodeKey(14107808407226417193)
[2026-01-11T20:04:41Z ERROR css_core::box_tree::constraint_block_layout] Checking flex: node=NodeKey(14107808407226417193), display=Block
[2026-01-11T20:04:41Z ERROR css_core::box_tree::constraint_block_layout] layout_block ENTRY: node=NodeKey(14107808407226417195)
[2026-01-11T20:04:41Z ERROR css_core::box_tree::constraint_block_layout] Checking flex: node=NodeKey(14107808407226417195), display=Block
[2026-01-11T20:04:41Z ERROR css_core::box_tree::constraint_block_layout::flex_layout] layout_flex: node=NodeKey(14107808407226417184), flex_items.len()=5
[2026-01-11T20:04:41Z ERROR css_core::box_tree::constraint_block_layout] layout_block ENTRY: node=NodeKey(14107808407226417186)
[2026-01-11T20:04:41Z ERROR css_core::box_tree::constraint_block_layout] Checking flex: node=NodeKey(14107808407226417186), display=Inline
[2026-01-11T20:04:41Z ERROR css_core::box_tree::constraint_block_layout] layout_block ENTRY: node=NodeKey(14107808407226417189)
[2026-01-11T20:04:41Z ERROR css_core::box_tree::constraint_block_layout] Checking flex: node=NodeKey(14107808407226417189), display=Block
[2026-01-11T20:04:41Z ERROR css_core::box_tree::constraint_block_layout] layout_block ENTRY: node=NodeKey(14107808407226417191)
[2026-01-11T20:04:41Z ERROR css_core::box_tree::constraint_block_layout] Checking flex: node=NodeKey(14107808407226417191), display=Block
[2026-01-11T20:04:41Z ERROR css_core::box_tree::constraint_block_layout] layout_block ENTRY: node=NodeKey(14107808407226417193)
[2026-01-11T20:04:41Z ERROR css_core::box_tree::constraint_block_layout] Checking flex: node=NodeKey(14107808407226417193), display=Block
[2026-01-11T20:04:41Z ERROR css_core::box_tree::constraint_block_layout] layout_block ENTRY: node=NodeKey(14107808407226417195)
[2026-01-11T20:04:41Z ERROR css_core::box_tree::constraint_block_layout] Checking flex: node=NodeKey(14107808407226417195), display=Block
[2026-01-11T20:04:41Z ERROR css_core::box_tree::constraint_block_layout] INSERTING FLEX CONTAINER in layout_block: node=NodeKey(14107808407226417184), inline_size=768, is_measurement=false
[2026-01-11T20:04:41Z ERROR css_core::box_tree::constraint_block_layout] layout_block ENTRY: node=NodeKey(14107808407226417198)
[2026-01-11T20:04:41Z ERROR css_core::box_tree::constraint_block_layout] Checking flex: node=NodeKey(14107808407226417198), display=Flex
[2026-01-11T20:04:41Z ERROR css_core::box_tree::constraint_block_layout] IS FLEX!
[2026-01-11T20:04:41Z ERROR css_core::box_tree::constraint_block_layout::flex_layout] layout_flex: node=NodeKey(14107808407226417198), children.len()=5
[2026-01-11T20:04:41Z ERROR css_core::box_tree::constraint_block_layout] layout_block ENTRY: node=NodeKey(14107808407226417200)
[2026-01-11T20:04:41Z ERROR css_core::box_tree::constraint_block_layout] Checking flex: node=NodeKey(14107808407226417200), display=Inline
[2026-01-11T20:04:41Z ERROR css_core::box_tree::constraint_block_layout] layout_block ENTRY: node=NodeKey(14107808407226417203)
[2026-01-11T20:04:41Z ERROR css_core::box_tree::constraint_block_layout] Checking flex: node=NodeKey(14107808407226417203), display=Flex
[2026-01-11T20:04:41Z ERROR css_core::box_tree::constraint_block_layout] IS FLEX!
[2026-01-11T20:04:41Z ERROR css_core::box_tree::constraint_block_layout::flex_layout] layout_flex: node=NodeKey(14107808407226417203), children.len()=7
[2026-01-11T20:04:41Z ERROR css_core::box_tree::constraint_block_layout] layout_block ENTRY: node=NodeKey(14107808407226417205)
[2026-01-11T20:04:41Z ERROR css_core::box_tree::constraint_block_layout] Checking flex: node=NodeKey(14107808407226417205), display=Block
[2026-01-11T20:04:41Z ERROR css_core::box_tree::constraint_block_layout] layout_block ENTRY: node=NodeKey(14107808407226417207)
[2026-01-11T20:04:41Z ERROR css_core::box_tree::constraint_block_layout] Checking flex: node=NodeKey(14107808407226417207), display=Block
[2026-01-11T20:04:41Z ERROR css_core::box_tree::constraint_block_layout] layout_block ENTRY: node=NodeKey(14107808407226417209)
[2026-01-11T20:04:41Z ERROR css_core::box_tree::constraint_block_layout] Checking flex: node=NodeKey(14107808407226417209), display=Block
[2026-01-11T20:04:41Z ERROR css_core::box_tree::constraint_block_layout::flex_layout] layout_flex: node=NodeKey(14107808407226417203), flex_items.len()=3
[2026-01-11T20:04:41Z ERROR css_core::box_tree::constraint_block_layout] layout_block ENTRY: node=NodeKey(14107808407226417205)
[2026-01-11T20:04:41Z ERROR css_core::box_tree::constraint_block_layout] Checking flex: node=NodeKey(14107808407226417205), display=Block
[2026-01-11T20:04:41Z ERROR css_core::box_tree::constraint_block_layout] layout_block ENTRY: node=NodeKey(14107808407226417207)
[2026-01-11T20:04:41Z ERROR css_core::box_tree::constraint_block_layout] Checking flex: node=NodeKey(14107808407226417207), display=Block
[2026-01-11T20:04:41Z ERROR css_core::box_tree::constraint_block_layout] layout_block ENTRY: node=NodeKey(14107808407226417209)
[2026-01-11T20:04:41Z ERROR css_core::box_tree::constraint_block_layout] Checking flex: node=NodeKey(14107808407226417209), display=Block
[2026-01-11T20:04:41Z ERROR css_core::box_tree::constraint_block_layout] INSERTING FLEX CONTAINER in layout_block: node=NodeKey(14107808407226417203), inline_size=32, is_measurement=true
[2026-01-11T20:04:41Z ERROR css_core::box_tree::constraint_block_layout::flex_layout] layout_flex: node=NodeKey(14107808407226417198), flex_items.len()=2
[2026-01-11T20:04:41Z ERROR css_core::box_tree::constraint_block_layout] layout_block ENTRY: node=NodeKey(14107808407226417200)
[2026-01-11T20:04:41Z ERROR css_core::box_tree::constraint_block_layout] Checking flex: node=NodeKey(14107808407226417200), display=Inline
[2026-01-11T20:04:41Z ERROR css_core::box_tree::constraint_block_layout] layout_block ENTRY: node=NodeKey(14107808407226417203)
[2026-01-11T20:04:41Z ERROR css_core::box_tree::constraint_block_layout] Checking flex: node=NodeKey(14107808407226417203), display=Flex
[2026-01-11T20:04:41Z ERROR css_core::box_tree::constraint_block_layout] IS FLEX!
[2026-01-11T20:04:41Z ERROR css_core::box_tree::constraint_block_layout::flex_layout] layout_flex: node=NodeKey(14107808407226417203), children.len()=7
[2026-01-11T20:04:41Z ERROR css_core::box_tree::constraint_block_layout] layout_block ENTRY: node=NodeKey(14107808407226417205)
[2026-01-11T20:04:41Z ERROR css_core::box_tree::constraint_block_layout] Checking flex: node=NodeKey(14107808407226417205), display=Block
[2026-01-11T20:04:41Z ERROR css_core::box_tree::constraint_block_layout] layout_block ENTRY: node=NodeKey(14107808407226417207)
[2026-01-11T20:04:41Z ERROR css_core::box_tree::constraint_block_layout] Checking flex: node=NodeKey(14107808407226417207), display=Block
[2026-01-11T20:04:41Z ERROR css_core::box_tree::constraint_block_layout] layout_block ENTRY: node=NodeKey(14107808407226417209)
[2026-01-11T20:04:41Z ERROR css_core::box_tree::constraint_block_layout] Checking flex: node=NodeKey(14107808407226417209), display=Block
[2026-01-11T20:04:41Z ERROR css_core::box_tree::constraint_block_layout::flex_layout] layout_flex: node=NodeKey(14107808407226417203), flex_items.len()=3
[2026-01-11T20:04:41Z ERROR css_core::box_tree::constraint_block_layout] layout_block ENTRY: node=NodeKey(14107808407226417205)
[2026-01-11T20:04:41Z ERROR css_core::box_tree::constraint_block_layout] Checking flex: node=NodeKey(14107808407226417205), display=Block
[2026-01-11T20:04:41Z ERROR css_core::box_tree::constraint_block_layout] layout_block ENTRY: node=NodeKey(14107808407226417207)
[2026-01-11T20:04:41Z ERROR css_core::box_tree::constraint_block_layout] Checking flex: node=NodeKey(14107808407226417207), display=Block
[2026-01-11T20:04:41Z ERROR css_core::box_tree::constraint_block_layout] layout_block ENTRY: node=NodeKey(14107808407226417209)
[2026-01-11T20:04:41Z ERROR css_core::box_tree::constraint_block_layout] Checking flex: node=NodeKey(14107808407226417209), display=Block
[2026-01-11T20:04:41Z ERROR css_core::box_tree::constraint_block_layout] INSERTING FLEX CONTAINER in layout_block: node=NodeKey(14107808407226417203), inline_size=32, is_measurement=false
[2026-01-11T20:04:41Z ERROR css_core::box_tree::constraint_block_layout] INSERTING FLEX CONTAINER in layout_block: node=NodeKey(14107808407226417198), inline_size=768, is_measurement=false
[2026-01-11T20:04:41Z ERROR css_core::box_tree::constraint_block_layout] layout_block ENTRY: node=NodeKey(14107808407226417213)
[2026-01-11T20:04:41Z ERROR css_core::box_tree::constraint_block_layout] Checking flex: node=NodeKey(14107808407226417213), display=Flex
[2026-01-11T20:04:41Z ERROR css_core::box_tree::constraint_block_layout] IS FLEX!
[2026-01-11T20:04:41Z ERROR css_core::box_tree::constraint_block_layout::flex_layout] layout_flex: node=NodeKey(14107808407226417213), children.len()=7
[2026-01-11T20:04:41Z ERROR css_core::box_tree::constraint_block_layout] layout_block ENTRY: node=NodeKey(14107808407226417215)
[2026-01-11T20:04:41Z ERROR css_core::box_tree::constraint_block_layout] Checking flex: node=NodeKey(14107808407226417215), display=Inline
[2026-01-11T20:04:41Z ERROR css_core::box_tree::constraint_block_layout] layout_block ENTRY: node=NodeKey(14107808407226417218)
[2026-01-11T20:04:41Z ERROR css_core::box_tree::constraint_block_layout] Checking flex: node=NodeKey(14107808407226417218), display=Block
[2026-01-11T20:04:41Z ERROR css_core::box_tree::constraint_block_layout] layout_block ENTRY: node=NodeKey(14107808407226417220)
[2026-01-11T20:04:41Z ERROR css_core::box_tree::constraint_block_layout] Checking flex: node=NodeKey(14107808407226417220), display=Block
[2026-01-11T20:04:41Z ERROR css_core::box_tree::constraint_block_layout::flex_layout] layout_flex: node=NodeKey(14107808407226417213), flex_items.len()=3
[2026-01-11T20:04:41Z ERROR css_core::box_tree::constraint_block_layout] layout_block ENTRY: node=NodeKey(14107808407226417215)
[2026-01-11T20:04:41Z ERROR css_core::box_tree::constraint_block_layout] Checking flex: node=NodeKey(14107808407226417215), display=Inline
[2026-01-11T20:04:41Z ERROR css_core::box_tree::constraint_block_layout] layout_block ENTRY: node=NodeKey(14107808407226417218)
[2026-01-11T20:04:41Z ERROR css_core::box_tree::constraint_block_layout] Checking flex: node=NodeKey(14107808407226417218), display=Block
[2026-01-11T20:04:41Z ERROR css_core::box_tree::constraint_block_layout] layout_block ENTRY: node=NodeKey(14107808407226417220)
[2026-01-11T20:04:41Z ERROR css_core::box_tree::constraint_block_layout] Checking flex: node=NodeKey(14107808407226417220), display=Block
[2026-01-11T20:04:41Z ERROR css_core::box_tree::constraint_block_layout] INSERTING FLEX CONTAINER in layout_block: node=NodeKey(14107808407226417213), inline_size=768, is_measurement=false
[2026-01-11T20:04:41Z ERROR css_core::box_tree::constraint_block_layout] layout_block ENTRY: node=NodeKey(14107808407226417223)
[2026-01-11T20:04:41Z ERROR css_core::box_tree::constraint_block_layout] Checking flex: node=NodeKey(14107808407226417223), display=Flex
[2026-01-11T20:04:41Z ERROR css_core::box_tree::constraint_block_layout] IS FLEX!
[2026-01-11T20:04:41Z ERROR css_core::box_tree::constraint_block_layout::flex_layout] layout_flex: node=NodeKey(14107808407226417223), children.len()=5
[2026-01-11T20:04:41Z ERROR css_core::box_tree::constraint_block_layout] layout_block ENTRY: node=NodeKey(14107808407226417225)
[2026-01-11T20:04:41Z ERROR css_core::box_tree::constraint_block_layout] Checking flex: node=NodeKey(14107808407226417225), display=Inline
[2026-01-11T20:04:41Z ERROR css_core::box_tree::constraint_block_layout] layout_block ENTRY: node=NodeKey(14107808407226417227)
[2026-01-11T20:04:41Z ERROR css_core::box_tree::constraint_block_layout] Checking flex: node=NodeKey(14107808407226417227), display=Block
[2026-01-11T20:04:41Z ERROR css_core::box_tree::constraint_block_layout::flex_layout] layout_flex: node=NodeKey(14107808407226417223), flex_items.len()=2
[2026-01-11T20:04:41Z ERROR css_core::box_tree::constraint_block_layout] layout_block ENTRY: node=NodeKey(14107808407226417225)
[2026-01-11T20:04:41Z ERROR css_core::box_tree::constraint_block_layout] Checking flex: node=NodeKey(14107808407226417225), display=Inline
[2026-01-11T20:04:41Z ERROR css_core::box_tree::constraint_block_layout] layout_block ENTRY: node=NodeKey(14107808407226417227)
[2026-01-11T20:04:41Z ERROR css_core::box_tree::constraint_block_layout] Checking flex: node=NodeKey(14107808407226417227), display=Block
[2026-01-11T20:04:41Z ERROR css_core::box_tree::constraint_block_layout] INSERTING FLEX CONTAINER in layout_block: node=NodeKey(14107808407226417223), inline_size=768, is_measurement=false
[2026-01-11T20:04:41Z ERROR css_core::box_tree::constraint_block_layout] INSERTING FLEX CONTAINER in layout_block: node=NodeKey(14107808407226417168), inline_size=800, is_measurement=false
[2026-01-11T20:04:41Z ERROR page_handler::core::incremental_layout] LAYOUT TREE COMPLETE - generation 2, total results: 35
[2026-01-11T20:04:41Z ERROR page_handler::core::incremental_layout] RUNNING LAYOUT TREE - generation 2
[2026-01-11T20:04:41Z ERROR css_core::box_tree::constraint_block_layout] layout_block ENTRY: node=NodeKey(4329930666251649026)
[2026-01-11T20:04:41Z ERROR css_core::box_tree::constraint_block_layout] Checking flex: node=NodeKey(4329930666251649026), display=Block
[2026-01-11T20:04:41Z ERROR css_core::box_tree::constraint_block_layout] layout_block ENTRY: node=NodeKey(4329930666251649038)
[2026-01-11T20:04:41Z ERROR css_core::box_tree::constraint_block_layout] Checking flex: node=NodeKey(4329930666251649038), display=Block
[2026-01-11T20:04:41Z ERROR css_core::box_tree::constraint_block_layout] layout_block ENTRY: node=NodeKey(4329930666251649040)
[2026-01-11T20:04:41Z ERROR css_core::box_tree::constraint_block_layout] Checking flex: node=NodeKey(4329930666251649040), display=Flex
[2026-01-11T20:04:41Z ERROR css_core::box_tree::constraint_block_layout] IS FLEX!
[2026-01-11T20:04:41Z ERROR css_core::box_tree::constraint_block_layout::flex_layout] layout_flex: node=NodeKey(4329930666251649040), children.len()=17
[2026-01-11T20:04:41Z ERROR css_core::box_tree::constraint_block_layout] layout_block ENTRY: node=NodeKey(4329930666251649042)
[2026-01-11T20:04:41Z ERROR css_core::box_tree::constraint_block_layout] Checking flex: node=NodeKey(4329930666251649042), display=Block
[2026-01-11T20:04:41Z ERROR css_core::box_tree::constraint_block_layout] layout_block ENTRY: node=NodeKey(4329930666251649044)
[2026-01-11T20:04:41Z ERROR css_core::box_tree::constraint_block_layout] Checking flex: node=NodeKey(4329930666251649044), display=Flex
[2026-01-11T20:04:41Z ERROR css_core::box_tree::constraint_block_layout] IS FLEX!
[2026-01-11T20:04:41Z ERROR css_core::box_tree::constraint_block_layout::flex_layout] layout_flex: node=NodeKey(4329930666251649044), children.len()=5
[2026-01-11T20:04:41Z ERROR css_core::box_tree::constraint_block_layout] layout_block ENTRY: node=NodeKey(4329930666251649046)
[2026-01-11T20:04:41Z ERROR css_core::box_tree::constraint_block_layout] Checking flex: node=NodeKey(4329930666251649046), display=Inline
[2026-01-11T20:04:41Z ERROR css_core::box_tree::constraint_block_layout] layout_block ENTRY: node=NodeKey(4329930666251649049)
[2026-01-11T20:04:41Z ERROR css_core::box_tree::constraint_block_layout] Checking flex: node=NodeKey(4329930666251649049), display=Inline
[2026-01-11T20:04:41Z ERROR css_core::box_tree::constraint_block_layout::flex_layout] layout_flex: node=NodeKey(4329930666251649044), flex_items.len()=2
[2026-01-11T20:04:41Z ERROR css_core::box_tree::constraint_block_layout] layout_block ENTRY: node=NodeKey(4329930666251649046)
[2026-01-11T20:04:41Z ERROR css_core::box_tree::constraint_block_layout] Checking flex: node=NodeKey(4329930666251649046), display=Inline
[2026-01-11T20:04:41Z ERROR css_core::box_tree::constraint_block_layout] layout_block ENTRY: node=NodeKey(4329930666251649049)
[2026-01-11T20:04:41Z ERROR css_core::box_tree::constraint_block_layout] Checking flex: node=NodeKey(4329930666251649049), display=Inline
[2026-01-11T20:04:41Z ERROR css_core::box_tree::constraint_block_layout] INSERTING FLEX CONTAINER in layout_block: node=NodeKey(4329930666251649044), inline_size=368, is_measurement=true
[2026-01-11T20:04:41Z ERROR css_core::box_tree::constraint_block_layout] layout_block ENTRY: node=NodeKey(4329930666251649053)
[2026-01-11T20:04:41Z ERROR css_core::box_tree::constraint_block_layout] Checking flex: node=NodeKey(4329930666251649053), display=Block
[2026-01-11T20:04:41Z ERROR css_core::box_tree::constraint_block_layout] layout_block ENTRY: node=NodeKey(4329930666251649055)
[2026-01-11T20:04:41Z ERROR css_core::box_tree::constraint_block_layout] Checking flex: node=NodeKey(4329930666251649055), display=Block
[2026-01-11T20:04:41Z ERROR css_core::box_tree::constraint_block_layout] layout_block ENTRY: node=NodeKey(4329930666251649059)
[2026-01-11T20:04:41Z ERROR css_core::box_tree::constraint_block_layout] Checking flex: node=NodeKey(4329930666251649059), display=Block
[2026-01-11T20:04:41Z ERROR css_core::box_tree::constraint_block_layout] layout_block ENTRY: node=NodeKey(4329930666251649061)
[2026-01-11T20:04:41Z ERROR css_core::box_tree::constraint_block_layout] Checking flex: node=NodeKey(4329930666251649061), display=Block
[2026-01-11T20:04:41Z ERROR css_core::box_tree::constraint_block_layout] layout_block ENTRY: node=NodeKey(4329930666251649064)
[2026-01-11T20:04:41Z ERROR css_core::box_tree::constraint_block_layout] Checking flex: node=NodeKey(4329930666251649064), display=Block
[2026-01-11T20:04:41Z ERROR css_core::box_tree::constraint_block_layout] layout_block ENTRY: node=NodeKey(4329930666251649066)
[2026-01-11T20:04:41Z ERROR css_core::box_tree::constraint_block_layout] Checking flex: node=NodeKey(4329930666251649066), display=Block
[2026-01-11T20:04:41Z ERROR css_core::box_tree::constraint_block_layout] layout_block ENTRY: node=NodeKey(4329930666251649069)
[2026-01-11T20:04:41Z ERROR css_core::box_tree::constraint_block_layout] Checking flex: node=NodeKey(4329930666251649069), display=Block
[2026-01-11T20:04:41Z ERROR css_core::box_tree::constraint_block_layout] layout_block ENTRY: node=NodeKey(4329930666251649071)
[2026-01-11T20:04:41Z ERROR css_core::box_tree::constraint_block_layout] Checking flex: node=NodeKey(4329930666251649071), display=Block
[2026-01-11T20:04:41Z ERROR css_core::box_tree::constraint_block_layout] layout_block ENTRY: node=NodeKey(4329930666251649074)
[2026-01-11T20:04:41Z ERROR css_core::box_tree::constraint_block_layout] Checking flex: node=NodeKey(4329930666251649074), display=Block
[2026-01-11T20:04:41Z ERROR css_core::box_tree::constraint_block_layout] layout_block ENTRY: node=NodeKey(4329930666251649076)
[2026-01-11T20:04:41Z ERROR css_core::box_tree::constraint_block_layout] Checking flex: node=NodeKey(4329930666251649076), display=Block
[2026-01-11T20:04:41Z ERROR css_core::box_tree::constraint_block_layout] layout_block ENTRY: node=NodeKey(4329930666251649079)
[2026-01-11T20:04:41Z ERROR css_core::box_tree::constraint_block_layout] Checking flex: node=NodeKey(4329930666251649079), display=Block
[2026-01-11T20:04:41Z ERROR css_core::box_tree::constraint_block_layout] layout_block ENTRY: node=NodeKey(4329930666251649081)
[2026-01-11T20:04:41Z ERROR css_core::box_tree::constraint_block_layout] Checking flex: node=NodeKey(4329930666251649081), display=Block
[2026-01-11T20:04:41Z ERROR css_core::box_tree::constraint_block_layout] layout_block ENTRY: node=NodeKey(4329930666251649084)
[2026-01-11T20:04:41Z ERROR css_core::box_tree::constraint_block_layout] Checking flex: node=NodeKey(4329930666251649084), display=Block
[2026-01-11T20:04:41Z ERROR css_core::box_tree::constraint_block_layout] layout_block ENTRY: node=NodeKey(4329930666251649086)
[2026-01-11T20:04:41Z ERROR css_core::box_tree::constraint_block_layout] Checking flex: node=NodeKey(4329930666251649086), display=Block
[2026-01-11T20:04:41Z ERROR css_core::box_tree::constraint_block_layout] layout_block ENTRY: node=NodeKey(4329930666251649089)
[2026-01-11T20:04:41Z ERROR css_core::box_tree::constraint_block_layout] Checking flex: node=NodeKey(4329930666251649089), display=Block
[2026-01-11T20:04:41Z ERROR css_core::box_tree::constraint_block_layout] layout_block ENTRY: node=NodeKey(4329930666251649091)
[2026-01-11T20:04:41Z ERROR css_core::box_tree::constraint_block_layout] Checking flex: node=NodeKey(4329930666251649091), display=Flex
[2026-01-11T20:04:41Z ERROR css_core::box_tree::constraint_block_layout] IS FLEX!
[2026-01-11T20:04:41Z ERROR css_core::box_tree::constraint_block_layout::flex_layout] layout_flex: node=NodeKey(4329930666251649091), children.len()=1
[2026-01-11T20:04:41Z ERROR css_core::box_tree::constraint_block_layout::flex_layout] layout_flex: node=NodeKey(4329930666251649091), flex_items.len()=1
[2026-01-11T20:04:41Z ERROR css_core::box_tree::constraint_block_layout] INSERTING FLEX CONTAINER in layout_block: node=NodeKey(4329930666251649091), inline_size=294.4, is_measurement=true
[2026-01-11T20:04:41Z ERROR css_core::box_tree::constraint_block_layout::flex_layout] layout_flex: node=NodeKey(4329930666251649040), flex_items.len()=8
[2026-01-11T20:04:41Z ERROR css_core::box_tree::constraint_block_layout] layout_block ENTRY: node=NodeKey(4329930666251649042)
[2026-01-11T20:04:41Z ERROR css_core::box_tree::constraint_block_layout] Checking flex: node=NodeKey(4329930666251649042), display=Block
[2026-01-11T20:04:41Z ERROR css_core::box_tree::constraint_block_layout] layout_block ENTRY: node=NodeKey(4329930666251649044)
[2026-01-11T20:04:41Z ERROR css_core::box_tree::constraint_block_layout] Checking flex: node=NodeKey(4329930666251649044), display=Flex
[2026-01-11T20:04:41Z ERROR css_core::box_tree::constraint_block_layout] IS FLEX!
[2026-01-11T20:04:41Z ERROR css_core::box_tree::constraint_block_layout::flex_layout] layout_flex: node=NodeKey(4329930666251649044), children.len()=5
[2026-01-11T20:04:41Z ERROR css_core::box_tree::constraint_block_layout] layout_block ENTRY: node=NodeKey(4329930666251649046)
[2026-01-11T20:04:41Z ERROR css_core::box_tree::constraint_block_layout] Checking flex: node=NodeKey(4329930666251649046), display=Inline
[2026-01-11T20:04:41Z ERROR css_core::box_tree::constraint_block_layout] layout_block ENTRY: node=NodeKey(4329930666251649049)
[2026-01-11T20:04:41Z ERROR css_core::box_tree::constraint_block_layout] Checking flex: node=NodeKey(4329930666251649049), display=Inline
[2026-01-11T20:04:41Z ERROR css_core::box_tree::constraint_block_layout::flex_layout] layout_flex: node=NodeKey(4329930666251649044), flex_items.len()=2
[2026-01-11T20:04:41Z ERROR css_core::box_tree::constraint_block_layout] layout_block ENTRY: node=NodeKey(4329930666251649046)
[2026-01-11T20:04:41Z ERROR css_core::box_tree::constraint_block_layout] Checking flex: node=NodeKey(4329930666251649046), display=Inline
[2026-01-11T20:04:41Z ERROR css_core::box_tree::constraint_block_layout] layout_block ENTRY: node=NodeKey(4329930666251649049)
[2026-01-11T20:04:41Z ERROR css_core::box_tree::constraint_block_layout] Checking flex: node=NodeKey(4329930666251649049), display=Inline
[2026-01-11T20:04:41Z ERROR css_core::box_tree::constraint_block_layout] INSERTING FLEX CONTAINER in layout_block: node=NodeKey(4329930666251649044), inline_size=368, is_measurement=false
[2026-01-11T20:04:41Z ERROR css_core::box_tree::constraint_block_layout] layout_block ENTRY: node=NodeKey(4329930666251649053)
[2026-01-11T20:04:41Z ERROR css_core::box_tree::constraint_block_layout] Checking flex: node=NodeKey(4329930666251649053), display=Block
[2026-01-11T20:04:41Z ERROR css_core::box_tree::constraint_block_layout] layout_block ENTRY: node=NodeKey(4329930666251649055)
[2026-01-11T20:04:41Z ERROR css_core::box_tree::constraint_block_layout] Checking flex: node=NodeKey(4329930666251649055), display=Block
[2026-01-11T20:04:41Z ERROR css_core::box_tree::constraint_block_layout] layout_block ENTRY: node=NodeKey(4329930666251649059)
[2026-01-11T20:04:41Z ERROR css_core::box_tree::constraint_block_layout] Checking flex: node=NodeKey(4329930666251649059), display=Block
[2026-01-11T20:04:41Z ERROR css_core::box_tree::constraint_block_layout] layout_block ENTRY: node=NodeKey(4329930666251649061)
[2026-01-11T20:04:41Z ERROR css_core::box_tree::constraint_block_layout] Checking flex: node=NodeKey(4329930666251649061), display=Block
[2026-01-11T20:04:41Z ERROR css_core::box_tree::constraint_block_layout] layout_block ENTRY: node=NodeKey(4329930666251649064)
[2026-01-11T20:04:41Z ERROR css_core::box_tree::constraint_block_layout] Checking flex: node=NodeKey(4329930666251649064), display=Block
[2026-01-11T20:04:41Z ERROR css_core::box_tree::constraint_block_layout] layout_block ENTRY: node=NodeKey(4329930666251649066)
[2026-01-11T20:04:41Z ERROR css_core::box_tree::constraint_block_layout] Checking flex: node=NodeKey(4329930666251649066), display=Block
[2026-01-11T20:04:41Z ERROR css_core::box_tree::constraint_block_layout] layout_block ENTRY: node=NodeKey(4329930666251649069)
[2026-01-11T20:04:41Z ERROR css_core::box_tree::constraint_block_layout] Checking flex: node=NodeKey(4329930666251649069), display=Block
[2026-01-11T20:04:41Z ERROR css_core::box_tree::constraint_block_layout] layout_block ENTRY: node=NodeKey(4329930666251649071)
[2026-01-11T20:04:41Z ERROR css_core::box_tree::constraint_block_layout] Checking flex: node=NodeKey(4329930666251649071), display=Block
[2026-01-11T20:04:41Z ERROR css_core::box_tree::constraint_block_layout] layout_block ENTRY: node=NodeKey(4329930666251649074)
[2026-01-11T20:04:41Z ERROR css_core::box_tree::constraint_block_layout] Checking flex: node=NodeKey(4329930666251649074), display=Block
[2026-01-11T20:04:41Z ERROR css_core::box_tree::constraint_block_layout] layout_block ENTRY: node=NodeKey(4329930666251649076)
[2026-01-11T20:04:41Z ERROR css_core::box_tree::constraint_block_layout] Checking flex: node=NodeKey(4329930666251649076), display=Block
[2026-01-11T20:04:41Z ERROR css_core::box_tree::constraint_block_layout] layout_block ENTRY: node=NodeKey(4329930666251649079)
[2026-01-11T20:04:41Z ERROR css_core::box_tree::constraint_block_layout] Checking flex: node=NodeKey(4329930666251649079), display=Block
[2026-01-11T20:04:41Z ERROR css_core::box_tree::constraint_block_layout] layout_block ENTRY: node=NodeKey(4329930666251649081)
[2026-01-11T20:04:41Z ERROR css_core::box_tree::constraint_block_layout] Checking flex: node=NodeKey(4329930666251649081), display=Block
[2026-01-11T20:04:41Z ERROR css_core::box_tree::constraint_block_layout] layout_block ENTRY: node=NodeKey(4329930666251649084)
[2026-01-11T20:04:41Z ERROR css_core::box_tree::constraint_block_layout] Checking flex: node=NodeKey(4329930666251649084), display=Block
[2026-01-11T20:04:41Z ERROR css_core::box_tree::constraint_block_layout] layout_block ENTRY: node=NodeKey(4329930666251649086)
[2026-01-11T20:04:41Z ERROR css_core::box_tree::constraint_block_layout] Checking flex: node=NodeKey(4329930666251649086), display=Block
[2026-01-11T20:04:41Z ERROR css_core::box_tree::constraint_block_layout] layout_block ENTRY: node=NodeKey(4329930666251649089)
[2026-01-11T20:04:41Z ERROR css_core::box_tree::constraint_block_layout] Checking flex: node=NodeKey(4329930666251649089), display=Block
[2026-01-11T20:04:41Z ERROR css_core::box_tree::constraint_block_layout] layout_block ENTRY: node=NodeKey(4329930666251649091)
[2026-01-11T20:04:41Z ERROR css_core::box_tree::constraint_block_layout] Checking flex: node=NodeKey(4329930666251649091), display=Flex
[2026-01-11T20:04:41Z ERROR css_core::box_tree::constraint_block_layout] IS FLEX!
[2026-01-11T20:04:41Z ERROR css_core::box_tree::constraint_block_layout::flex_layout] layout_flex: node=NodeKey(4329930666251649091), children.len()=1
[2026-01-11T20:04:41Z ERROR css_core::box_tree::constraint_block_layout::flex_layout] layout_flex: node=NodeKey(4329930666251649091), flex_items.len()=1
[2026-01-11T20:04:41Z ERROR css_core::box_tree::constraint_block_layout] INSERTING FLEX CONTAINER in layout_block: node=NodeKey(4329930666251649091), inline_size=294.4, is_measurement=false
[2026-01-11T20:04:41Z ERROR css_core::box_tree::constraint_block_layout] INSERTING FLEX CONTAINER in layout_block: node=NodeKey(4329930666251649040), inline_size=400, is_measurement=false
[2026-01-11T20:04:41Z ERROR page_handler::core::incremental_layout] LAYOUT TREE COMPLETE - generation 2, total results: 48
[2026-01-11T20:04:41Z ERROR page_handler::core::incremental_layout] RUNNING LAYOUT TREE - generation 2
[2026-01-11T20:04:41Z ERROR css_core::box_tree::constraint_block_layout] layout_block ENTRY: node=NodeKey(11056619659682906114)
[2026-01-11T20:04:41Z ERROR css_core::box_tree::constraint_block_layout] Checking flex: node=NodeKey(11056619659682906114), display=Block
[2026-01-11T20:04:41Z ERROR css_core::box_tree::constraint_block_layout] layout_block ENTRY: node=NodeKey(11056619659682906126)
[2026-01-11T20:04:41Z ERROR css_core::box_tree::constraint_block_layout] Checking flex: node=NodeKey(11056619659682906126), display=Block
[2026-01-11T20:04:41Z ERROR css_core::box_tree::constraint_block_layout] layout_block ENTRY: node=NodeKey(11056619659682906128)
[2026-01-11T20:04:41Z ERROR css_core::box_tree::constraint_block_layout] Checking flex: node=NodeKey(11056619659682906128), display=Flex
[2026-01-11T20:04:41Z ERROR css_core::box_tree::constraint_block_layout] IS FLEX!
[2026-01-11T20:04:41Z ERROR css_core::box_tree::constraint_block_layout::flex_layout] layout_flex: node=NodeKey(11056619659682906128), children.len()=5
[2026-01-11T20:04:41Z ERROR css_core::box_tree::constraint_block_layout] layout_block ENTRY: node=NodeKey(11056619659682906130)
[2026-01-11T20:04:41Z ERROR css_core::box_tree::constraint_block_layout] Checking flex: node=NodeKey(11056619659682906130), display=InlineBlock
[2026-01-11T20:04:41Z ERROR css_core::box_tree::constraint_block_layout] layout_block ENTRY: node=NodeKey(11056619659682906132)
[2026-01-11T20:04:41Z ERROR css_core::box_tree::constraint_block_layout] Checking flex: node=NodeKey(11056619659682906132), display=Block
[2026-01-11T20:04:41Z ERROR css_core::box_tree::constraint_block_layout] layout_block ENTRY: node=NodeKey(11056619659682906133)
[2026-01-11T20:04:41Z ERROR css_core::box_tree::constraint_block_layout] layout_block ENTRY: node=NodeKey(11056619659682906134)
[2026-01-11T20:04:41Z ERROR css_core::box_tree::constraint_block_layout] Checking flex: node=NodeKey(11056619659682906134), display=Block
[2026-01-11T20:04:41Z ERROR css_core::box_tree::constraint_block_layout] layout_block ENTRY: node=NodeKey(11056619659682906136)
[2026-01-11T20:04:41Z ERROR css_core::box_tree::constraint_block_layout] layout_block ENTRY: node=NodeKey(11056619659682906137)
[2026-01-11T20:04:41Z ERROR css_core::box_tree::constraint_block_layout] Checking flex: node=NodeKey(11056619659682906137), display=Block
[2026-01-11T20:04:41Z ERROR css_core::box_tree::constraint_block_layout] layout_block ENTRY: node=NodeKey(11056619659682906139)
[2026-01-11T20:04:41Z ERROR css_core::box_tree::constraint_block_layout] layout_block ENTRY: node=NodeKey(11056619659682906141)
[2026-01-11T20:04:41Z ERROR css_core::box_tree::constraint_block_layout] Checking flex: node=NodeKey(11056619659682906141), display=Block
[2026-01-11T20:04:41Z ERROR css_core::box_tree::constraint_block_layout] layout_block ENTRY: node=NodeKey(11056619659682906145)
[2026-01-11T20:04:41Z ERROR css_core::box_tree::constraint_block_layout] Checking flex: node=NodeKey(11056619659682906145), display=InlineBlock
[2026-01-11T20:04:41Z ERROR css_core::box_tree::constraint_block_layout] layout_block ENTRY: node=NodeKey(11056619659682906147)
[2026-01-11T20:04:41Z ERROR css_core::box_tree::constraint_block_layout] Checking flex: node=NodeKey(11056619659682906147), display=Block
[2026-01-11T20:04:41Z ERROR css_core::box_tree::constraint_block_layout] layout_block ENTRY: node=NodeKey(11056619659682906148)
[2026-01-11T20:04:41Z ERROR css_core::box_tree::constraint_block_layout] layout_block ENTRY: node=NodeKey(11056619659682906149)
[2026-01-11T20:04:41Z ERROR css_core::box_tree::constraint_block_layout] Checking flex: node=NodeKey(11056619659682906149), display=Block
[2026-01-11T20:04:41Z ERROR css_core::box_tree::constraint_block_layout] layout_block ENTRY: node=NodeKey(11056619659682906151)
[2026-01-11T20:04:41Z ERROR css_core::box_tree::constraint_block_layout] layout_block ENTRY: node=NodeKey(11056619659682906152)
[2026-01-11T20:04:41Z ERROR css_core::box_tree::constraint_block_layout] Checking flex: node=NodeKey(11056619659682906152), display=Block
[2026-01-11T20:04:41Z ERROR css_core::box_tree::constraint_block_layout] layout_block ENTRY: node=NodeKey(11056619659682906154)
[2026-01-11T20:04:41Z ERROR css_core::box_tree::constraint_block_layout] layout_block ENTRY: node=NodeKey(11056619659682906155)
[2026-01-11T20:04:41Z ERROR css_core::box_tree::constraint_block_layout] Checking flex: node=NodeKey(11056619659682906155), display=Flex
[2026-01-11T20:04:41Z ERROR css_core::box_tree::constraint_block_layout] IS FLEX!
[2026-01-11T20:04:41Z ERROR css_core::box_tree::constraint_block_layout::flex_layout] layout_flex: node=NodeKey(11056619659682906155), children.len()=5
[2026-01-11T20:04:41Z ERROR css_core::box_tree::constraint_block_layout] layout_block ENTRY: node=NodeKey(11056619659682906157)
[2026-01-11T20:04:41Z ERROR css_core::box_tree::constraint_block_layout] Checking flex: node=NodeKey(11056619659682906157), display=Block
[2026-01-11T20:04:41Z ERROR css_core::box_tree::constraint_block_layout] layout_block ENTRY: node=NodeKey(11056619659682906160)
[2026-01-11T20:04:41Z ERROR css_core::box_tree::constraint_block_layout] Checking flex: node=NodeKey(11056619659682906160), display=Block
[2026-01-11T20:04:41Z ERROR css_core::box_tree::constraint_block_layout::flex_layout] layout_flex: node=NodeKey(11056619659682906155), flex_items.len()=2
[2026-01-11T20:04:41Z ERROR css_core::box_tree::constraint_block_layout] layout_block ENTRY: node=NodeKey(11056619659682906157)
[2026-01-11T20:04:41Z ERROR css_core::box_tree::constraint_block_layout] Checking flex: node=NodeKey(11056619659682906157), display=Block
[2026-01-11T20:04:41Z ERROR css_core::box_tree::constraint_block_layout] layout_block ENTRY: node=NodeKey(11056619659682906160)
[2026-01-11T20:04:41Z ERROR css_core::box_tree::constraint_block_layout] Checking flex: node=NodeKey(11056619659682906160), display=Block
[2026-01-11T20:04:41Z ERROR css_core::box_tree::constraint_block_layout] INSERTING FLEX CONTAINER in layout_block: node=NodeKey(11056619659682906155), inline_size=264, is_measurement=true
[2026-01-11T20:04:41Z ERROR css_core::box_tree::constraint_block_layout] layout_block ENTRY: node=NodeKey(11056619659682906163)
[2026-01-11T20:04:41Z ERROR css_core::box_tree::constraint_block_layout] layout_block ENTRY: node=NodeKey(11056619659682906165)
[2026-01-11T20:04:41Z ERROR css_core::box_tree::constraint_block_layout] Checking flex: node=NodeKey(11056619659682906165), display=Block
[2026-01-11T20:04:41Z ERROR css_core::box_tree::constraint_block_layout::flex_layout] layout_flex: node=NodeKey(11056619659682906128), flex_items.len()=2
[2026-01-11T20:04:41Z ERROR css_core::box_tree::constraint_block_layout] layout_block ENTRY: node=NodeKey(11056619659682906130)
[2026-01-11T20:04:41Z ERROR css_core::box_tree::constraint_block_layout] Checking flex: node=NodeKey(11056619659682906130), display=InlineBlock
[2026-01-11T20:04:41Z ERROR css_core::box_tree::constraint_block_layout] layout_block ENTRY: node=NodeKey(11056619659682906132)
[2026-01-11T20:04:41Z ERROR css_core::box_tree::constraint_block_layout] Checking flex: node=NodeKey(11056619659682906132), display=Block
[2026-01-11T20:04:41Z ERROR css_core::box_tree::constraint_block_layout] layout_block ENTRY: node=NodeKey(11056619659682906133)
[2026-01-11T20:04:41Z ERROR css_core::box_tree::constraint_block_layout] layout_block ENTRY: node=NodeKey(11056619659682906134)
[2026-01-11T20:04:41Z ERROR css_core::box_tree::constraint_block_layout] Checking flex: node=NodeKey(11056619659682906134), display=Block
[2026-01-11T20:04:41Z ERROR css_core::box_tree::constraint_block_layout] layout_block ENTRY: node=NodeKey(11056619659682906136)
[2026-01-11T20:04:41Z ERROR css_core::box_tree::constraint_block_layout] layout_block ENTRY: node=NodeKey(11056619659682906137)
[2026-01-11T20:04:41Z ERROR css_core::box_tree::constraint_block_layout] Checking flex: node=NodeKey(11056619659682906137), display=Block
[2026-01-11T20:04:41Z ERROR css_core::box_tree::constraint_block_layout] layout_block ENTRY: node=NodeKey(11056619659682906139)
[2026-01-11T20:04:41Z ERROR css_core::box_tree::constraint_block_layout] layout_block ENTRY: node=NodeKey(11056619659682906141)
[2026-01-11T20:04:41Z ERROR css_core::box_tree::constraint_block_layout] Checking flex: node=NodeKey(11056619659682906141), display=Block
[2026-01-11T20:04:41Z ERROR css_core::box_tree::constraint_block_layout] layout_block ENTRY: node=NodeKey(11056619659682906145)
[2026-01-11T20:04:41Z ERROR css_core::box_tree::constraint_block_layout] Checking flex: node=NodeKey(11056619659682906145), display=InlineBlock
[2026-01-11T20:04:41Z ERROR css_core::box_tree::constraint_block_layout] layout_block ENTRY: node=NodeKey(11056619659682906147)
[2026-01-11T20:04:41Z ERROR css_core::box_tree::constraint_block_layout] Checking flex: node=NodeKey(11056619659682906147), display=Block
[2026-01-11T20:04:41Z ERROR css_core::box_tree::constraint_block_layout] layout_block ENTRY: node=NodeKey(11056619659682906148)
[2026-01-11T20:04:41Z ERROR css_core::box_tree::constraint_block_layout] layout_block ENTRY: node=NodeKey(11056619659682906149)
[2026-01-11T20:04:41Z ERROR css_core::box_tree::constraint_block_layout] Checking flex: node=NodeKey(11056619659682906149), display=Block
[2026-01-11T20:04:41Z ERROR css_core::box_tree::constraint_block_layout] layout_block ENTRY: node=NodeKey(11056619659682906151)
[2026-01-11T20:04:41Z ERROR css_core::box_tree::constraint_block_layout] layout_block ENTRY: node=NodeKey(11056619659682906152)
[2026-01-11T20:04:41Z ERROR css_core::box_tree::constraint_block_layout] Checking flex: node=NodeKey(11056619659682906152), display=Block
[2026-01-11T20:04:41Z ERROR css_core::box_tree::constraint_block_layout] layout_block ENTRY: node=NodeKey(11056619659682906154)
[2026-01-11T20:04:41Z ERROR css_core::box_tree::constraint_block_layout] layout_block ENTRY: node=NodeKey(11056619659682906155)
[2026-01-11T20:04:41Z ERROR css_core::box_tree::constraint_block_layout] Checking flex: node=NodeKey(11056619659682906155), display=Flex
[2026-01-11T20:04:41Z ERROR css_core::box_tree::constraint_block_layout] IS FLEX!
[2026-01-11T20:04:41Z ERROR css_core::box_tree::constraint_block_layout::flex_layout] layout_flex: node=NodeKey(11056619659682906155), children.len()=5
[2026-01-11T20:04:41Z ERROR css_core::box_tree::constraint_block_layout] layout_block ENTRY: node=NodeKey(11056619659682906157)
[2026-01-11T20:04:41Z ERROR css_core::box_tree::constraint_block_layout] Checking flex: node=NodeKey(11056619659682906157), display=Block
[2026-01-11T20:04:41Z ERROR css_core::box_tree::constraint_block_layout] layout_block ENTRY: node=NodeKey(11056619659682906160)
[2026-01-11T20:04:41Z ERROR css_core::box_tree::constraint_block_layout] Checking flex: node=NodeKey(11056619659682906160), display=Block
[2026-01-11T20:04:41Z ERROR css_core::box_tree::constraint_block_layout::flex_layout] layout_flex: node=NodeKey(11056619659682906155), flex_items.len()=2
[2026-01-11T20:04:41Z ERROR css_core::box_tree::constraint_block_layout] layout_block ENTRY: node=NodeKey(11056619659682906157)
[2026-01-11T20:04:41Z ERROR css_core::box_tree::constraint_block_layout] Checking flex: node=NodeKey(11056619659682906157), display=Block
[2026-01-11T20:04:41Z ERROR css_core::box_tree::constraint_block_layout] layout_block ENTRY: node=NodeKey(11056619659682906160)
[2026-01-11T20:04:41Z ERROR css_core::box_tree::constraint_block_layout] Checking flex: node=NodeKey(11056619659682906160), display=Block
[2026-01-11T20:04:41Z ERROR css_core::box_tree::constraint_block_layout] INSERTING FLEX CONTAINER in layout_block: node=NodeKey(11056619659682906155), inline_size=264, is_measurement=false
[2026-01-11T20:04:41Z ERROR css_core::box_tree::constraint_block_layout] layout_block ENTRY: node=NodeKey(11056619659682906163)
[2026-01-11T20:04:41Z ERROR css_core::box_tree::constraint_block_layout] layout_block ENTRY: node=NodeKey(11056619659682906165)
[2026-01-11T20:04:41Z ERROR css_core::box_tree::constraint_block_layout] Checking flex: node=NodeKey(11056619659682906165), display=Block
[2026-01-11T20:04:41Z ERROR css_core::box_tree::constraint_block_layout] INSERTING FLEX CONTAINER in layout_block: node=NodeKey(11056619659682906128), inline_size=800, is_measurement=false
[2026-01-11T20:04:41Z ERROR page_handler::core::incremental_layout] LAYOUT TREE COMPLETE - generation 2, total results: 40
[2026-01-11T20:04:41Z ERROR page_handler::core::incremental_layout] RUNNING LAYOUT TREE - generation 2
[2026-01-11T20:04:41Z ERROR css_core::box_tree::constraint_block_layout] layout_block ENTRY: node=NodeKey(14042787687606255618)
[2026-01-11T20:04:41Z ERROR css_core::box_tree::constraint_block_layout] Checking flex: node=NodeKey(14042787687606255618), display=Block
[2026-01-11T20:04:41Z ERROR css_core::box_tree::constraint_block_layout] layout_block ENTRY: node=NodeKey(14042787687606255630)
[2026-01-11T20:04:41Z ERROR css_core::box_tree::constraint_block_layout] Checking flex: node=NodeKey(14042787687606255630), display=Block
[2026-01-11T20:04:41Z ERROR css_core::box_tree::constraint_block_layout] layout_block ENTRY: node=NodeKey(14042787687606255632)
[2026-01-11T20:04:41Z ERROR css_core::box_tree::constraint_block_layout] Checking flex: node=NodeKey(14042787687606255632), display=Flex
[2026-01-11T20:04:41Z ERROR css_core::box_tree::constraint_block_layout] IS FLEX!
[2026-01-11T20:04:41Z ERROR css_core::box_tree::constraint_block_layout::flex_layout] layout_flex: node=NodeKey(14042787687606255632), children.len()=9
[2026-01-11T20:04:41Z ERROR css_core::box_tree::constraint_block_layout] layout_block ENTRY: node=NodeKey(14042787687606255634)
[2026-01-11T20:04:41Z ERROR css_core::box_tree::constraint_block_layout] Checking flex: node=NodeKey(14042787687606255634), display=InlineBlock
[2026-01-11T20:04:41Z ERROR css_core::box_tree::constraint_block_layout] layout_block ENTRY: node=NodeKey(14042787687606255636)
[2026-01-11T20:04:41Z ERROR css_core::box_tree::constraint_block_layout] Checking flex: node=NodeKey(14042787687606255636), display=Block
[2026-01-11T20:04:41Z ERROR css_core::box_tree::constraint_block_layout] layout_block ENTRY: node=NodeKey(14042787687606255637)
[2026-01-11T20:04:41Z ERROR css_core::box_tree::constraint_block_layout] layout_block ENTRY: node=NodeKey(14042787687606255639)
[2026-01-11T20:04:41Z ERROR css_core::box_tree::constraint_block_layout] Checking flex: node=NodeKey(14042787687606255639), display=Block
[2026-01-11T20:04:41Z ERROR css_core::box_tree::constraint_block_layout] layout_block ENTRY: node=NodeKey(14042787687606255643)
[2026-01-11T20:04:41Z ERROR css_core::box_tree::constraint_block_layout] Checking flex: node=NodeKey(14042787687606255643), display=InlineBlock
[2026-01-11T20:04:41Z ERROR css_core::box_tree::constraint_block_layout] layout_block ENTRY: node=NodeKey(14042787687606255645)
[2026-01-11T20:04:41Z ERROR css_core::box_tree::constraint_block_layout] Checking flex: node=NodeKey(14042787687606255645), display=Block
[2026-01-11T20:04:41Z ERROR css_core::box_tree::constraint_block_layout] layout_block ENTRY: node=NodeKey(14042787687606255648)
[2026-01-11T20:04:41Z ERROR css_core::box_tree::constraint_block_layout] Checking flex: node=NodeKey(14042787687606255648), display=Block
[2026-01-11T20:04:41Z ERROR css_core::box_tree::constraint_block_layout] layout_block ENTRY: node=NodeKey(14042787687606255649)
[2026-01-11T20:04:41Z ERROR css_core::box_tree::constraint_block_layout] layout_block ENTRY: node=NodeKey(14042787687606255652)
[2026-01-11T20:04:41Z ERROR css_core::box_tree::constraint_block_layout] Checking flex: node=NodeKey(14042787687606255652), display=InlineBlock
[2026-01-11T20:04:41Z ERROR css_core::box_tree::constraint_block_layout] layout_block ENTRY: node=NodeKey(14042787687606255654)
[2026-01-11T20:04:41Z ERROR css_core::box_tree::constraint_block_layout] Checking flex: node=NodeKey(14042787687606255654), display=Block
[2026-01-11T20:04:41Z ERROR css_core::box_tree::constraint_block_layout] layout_block ENTRY: node=NodeKey(14042787687606255655)
[2026-01-11T20:04:41Z ERROR css_core::box_tree::constraint_block_layout] layout_block ENTRY: node=NodeKey(14042787687606255657)
[2026-01-11T20:04:41Z ERROR css_core::box_tree::constraint_block_layout] Checking flex: node=NodeKey(14042787687606255657), display=Block
[2026-01-11T20:04:41Z ERROR css_core::box_tree::constraint_block_layout] layout_block ENTRY: node=NodeKey(14042787687606255661)
[2026-01-11T20:04:41Z ERROR css_core::box_tree::constraint_block_layout] Checking flex: node=NodeKey(14042787687606255661), display=InlineBlock
[2026-01-11T20:04:41Z ERROR css_core::box_tree::constraint_block_layout] layout_block ENTRY: node=NodeKey(14042787687606255663)
[2026-01-11T20:04:41Z ERROR css_core::box_tree::constraint_block_layout] Checking flex: node=NodeKey(14042787687606255663), display=Block
[2026-01-11T20:04:41Z ERROR css_core::box_tree::constraint_block_layout] layout_block ENTRY: node=NodeKey(14042787687606255666)
[2026-01-11T20:04:41Z ERROR css_core::box_tree::constraint_block_layout] Checking flex: node=NodeKey(14042787687606255666), display=Block
[2026-01-11T20:04:41Z ERROR css_core::box_tree::constraint_block_layout] layout_block ENTRY: node=NodeKey(14042787687606255667)
[2026-01-11T20:04:41Z ERROR css_core::box_tree::constraint_block_layout::flex_layout] layout_flex: node=NodeKey(14042787687606255632), flex_items.len()=4
[2026-01-11T20:04:41Z ERROR css_core::box_tree::constraint_block_layout] layout_block ENTRY: node=NodeKey(14042787687606255634)
[2026-01-11T20:04:41Z ERROR css_core::box_tree::constraint_block_layout] Checking flex: node=NodeKey(14042787687606255634), display=InlineBlock
[2026-01-11T20:04:41Z ERROR css_core::box_tree::constraint_block_layout] layout_block ENTRY: node=NodeKey(14042787687606255636)
[2026-01-11T20:04:41Z ERROR css_core::box_tree::constraint_block_layout] Checking flex: node=NodeKey(14042787687606255636), display=Block
[2026-01-11T20:04:41Z ERROR css_core::box_tree::constraint_block_layout] layout_block ENTRY: node=NodeKey(14042787687606255637)
[2026-01-11T20:04:41Z ERROR css_core::box_tree::constraint_block_layout] layout_block ENTRY: node=NodeKey(14042787687606255639)
[2026-01-11T20:04:41Z ERROR css_core::box_tree::constraint_block_layout] Checking flex: node=NodeKey(14042787687606255639), display=Block
[2026-01-11T20:04:41Z ERROR css_core::box_tree::constraint_block_layout] layout_block ENTRY: node=NodeKey(14042787687606255643)
[2026-01-11T20:04:41Z ERROR css_core::box_tree::constraint_block_layout] Checking flex: node=NodeKey(14042787687606255643), display=InlineBlock
[2026-01-11T20:04:41Z ERROR css_core::box_tree::constraint_block_layout] layout_block ENTRY: node=NodeKey(14042787687606255645)
[2026-01-11T20:04:41Z ERROR css_core::box_tree::constraint_block_layout] Checking flex: node=NodeKey(14042787687606255645), display=Block
[2026-01-11T20:04:41Z ERROR css_core::box_tree::constraint_block_layout] layout_block ENTRY: node=NodeKey(14042787687606255648)
[2026-01-11T20:04:41Z ERROR css_core::box_tree::constraint_block_layout] Checking flex: node=NodeKey(14042787687606255648), display=Block
[2026-01-11T20:04:41Z ERROR css_core::box_tree::constraint_block_layout] layout_block ENTRY: node=NodeKey(14042787687606255649)
[2026-01-11T20:04:41Z ERROR css_core::box_tree::constraint_block_layout] layout_block ENTRY: node=NodeKey(14042787687606255652)
[2026-01-11T20:04:41Z ERROR css_core::box_tree::constraint_block_layout] Checking flex: node=NodeKey(14042787687606255652), display=InlineBlock
[2026-01-11T20:04:41Z ERROR css_core::box_tree::constraint_block_layout] layout_block ENTRY: node=NodeKey(14042787687606255654)
[2026-01-11T20:04:41Z ERROR css_core::box_tree::constraint_block_layout] Checking flex: node=NodeKey(14042787687606255654), display=Block
[2026-01-11T20:04:41Z ERROR css_core::box_tree::constraint_block_layout] layout_block ENTRY: node=NodeKey(14042787687606255655)
[2026-01-11T20:04:41Z ERROR css_core::box_tree::constraint_block_layout] layout_block ENTRY: node=NodeKey(14042787687606255657)
[2026-01-11T20:04:41Z ERROR css_core::box_tree::constraint_block_layout] Checking flex: node=NodeKey(14042787687606255657), display=Block
[2026-01-11T20:04:41Z ERROR css_core::box_tree::constraint_block_layout] layout_block ENTRY: node=NodeKey(14042787687606255661)
[2026-01-11T20:04:41Z ERROR css_core::box_tree::constraint_block_layout] Checking flex: node=NodeKey(14042787687606255661), display=InlineBlock
[2026-01-11T20:04:41Z ERROR css_core::box_tree::constraint_block_layout] layout_block ENTRY: node=NodeKey(14042787687606255663)
[2026-01-11T20:04:41Z ERROR css_core::box_tree::constraint_block_layout] Checking flex: node=NodeKey(14042787687606255663), display=Block
[2026-01-11T20:04:41Z ERROR css_core::box_tree::constraint_block_layout] layout_block ENTRY: node=NodeKey(14042787687606255666)
[2026-01-11T20:04:41Z ERROR css_core::box_tree::constraint_block_layout] Checking flex: node=NodeKey(14042787687606255666), display=Block
[2026-01-11T20:04:41Z ERROR css_core::box_tree::constraint_block_layout] layout_block ENTRY: node=NodeKey(14042787687606255667)
[2026-01-11T20:04:41Z ERROR css_core::box_tree::constraint_block_layout] INSERTING FLEX CONTAINER in layout_block: node=NodeKey(14042787687606255632), inline_size=800, is_measurement=false
[2026-01-11T20:04:41Z ERROR page_handler::core::incremental_layout] LAYOUT TREE COMPLETE - generation 2, total results: 38
[2026-01-11T20:04:41Z ERROR page_handler::core::incremental_layout] RUNNING LAYOUT TREE - generation 2
[2026-01-11T20:04:41Z ERROR css_core::box_tree::constraint_block_layout] layout_block ENTRY: node=NodeKey(10147174009930776578)
[2026-01-11T20:04:41Z ERROR css_core::box_tree::constraint_block_layout] Checking flex: node=NodeKey(10147174009930776578), display=Block
[2026-01-11T20:04:41Z ERROR css_core::box_tree::constraint_block_layout] layout_block ENTRY: node=NodeKey(10147174009930776590)
[2026-01-11T20:04:41Z ERROR css_core::box_tree::constraint_block_layout] Checking flex: node=NodeKey(10147174009930776590), display=Block
[2026-01-11T20:04:41Z ERROR css_core::box_tree::constraint_block_layout] layout_block ENTRY: node=NodeKey(10147174009930776592)
[2026-01-11T20:04:41Z ERROR css_core::box_tree::constraint_block_layout] Checking flex: node=NodeKey(10147174009930776592), display=Flex
[2026-01-11T20:04:41Z ERROR css_core::box_tree::constraint_block_layout] IS FLEX!
[2026-01-11T20:04:41Z ERROR css_core::box_tree::constraint_block_layout::flex_layout] layout_flex: node=NodeKey(10147174009930776592), children.len()=9
[2026-01-11T20:04:41Z ERROR css_core::box_tree::constraint_block_layout] layout_block ENTRY: node=NodeKey(10147174009930776594)
[2026-01-11T20:04:41Z ERROR css_core::box_tree::constraint_block_layout] Checking flex: node=NodeKey(10147174009930776594), display=Flex
[2026-01-11T20:04:41Z ERROR css_core::box_tree::constraint_block_layout] IS FLEX!
[2026-01-11T20:04:41Z ERROR css_core::box_tree::constraint_block_layout::flex_layout] layout_flex: node=NodeKey(10147174009930776594), children.len()=13
[2026-01-11T20:04:41Z ERROR css_core::box_tree::constraint_block_layout] layout_block ENTRY: node=NodeKey(10147174009930776596)
[2026-01-11T20:04:41Z ERROR css_core::box_tree::constraint_block_layout] Checking flex: node=NodeKey(10147174009930776596), display=Inline
[2026-01-11T20:04:41Z ERROR css_core::box_tree::constraint_block_layout] layout_block ENTRY: node=NodeKey(10147174009930776599)
[2026-01-11T20:04:41Z ERROR css_core::box_tree::constraint_block_layout] Checking flex: node=NodeKey(10147174009930776599), display=InlineFlex
[2026-01-11T20:04:41Z ERROR css_core::box_tree::constraint_block_layout] IS FLEX!
[2026-01-11T20:04:41Z ERROR css_core::box_tree::constraint_block_layout::flex_layout] layout_flex: node=NodeKey(10147174009930776599), children.len()=1
[2026-01-11T20:04:41Z ERROR css_core::box_tree::constraint_block_layout::flex_layout] layout_flex: node=NodeKey(10147174009930776599), flex_items.len()=1
[2026-01-11T20:04:41Z ERROR css_core::box_tree::constraint_block_layout::text] INSERTING TEXT RESULT: text='Primary', inline_size=41.33203, block_size=14, single_line_height=14, glyph_height=14, is_for_measurement_only=false
[2026-01-11T20:04:41Z ERROR css_core::box_tree::constraint_block_layout] INSERTING FLEX CONTAINER in layout_block: node=NodeKey(10147174009930776599), inline_size=61.33203, is_measurement=true
[2026-01-11T20:04:41Z ERROR css_core::box_tree::constraint_block_layout] layout_block ENTRY: node=NodeKey(10147174009930776602)
[2026-01-11T20:04:41Z ERROR css_core::box_tree::constraint_block_layout] Checking flex: node=NodeKey(10147174009930776602), display=InlineFlex
[2026-01-11T20:04:41Z ERROR css_core::box_tree::constraint_block_layout] IS FLEX!
[2026-01-11T20:04:41Z ERROR css_core::box_tree::constraint_block_layout::flex_layout] layout_flex: node=NodeKey(10147174009930776602), children.len()=1
[2026-01-11T20:04:41Z ERROR css_core::box_tree::constraint_block_layout::flex_layout] layout_flex: node=NodeKey(10147174009930776602), flex_items.len()=1
[2026-01-11T20:04:41Z ERROR css_core::box_tree::constraint_block_layout] INSERTING FLEX CONTAINER in layout_block: node=NodeKey(10147174009930776602), inline_size=65.35156, is_measurement=true
[2026-01-11T20:04:41Z ERROR css_core::box_tree::constraint_block_layout] layout_block ENTRY: node=NodeKey(10147174009930776605)
[2026-01-11T20:04:41Z ERROR css_core::box_tree::constraint_block_layout] Checking flex: node=NodeKey(10147174009930776605), display=InlineFlex
[2026-01-11T20:04:41Z ERROR css_core::box_tree::constraint_block_layout] IS FLEX!
[2026-01-11T20:04:41Z ERROR css_core::box_tree::constraint_block_layout::flex_layout] layout_flex: node=NodeKey(10147174009930776605), children.len()=1
[2026-01-11T20:04:41Z ERROR css_core::box_tree::constraint_block_layout::flex_layout] layout_flex: node=NodeKey(10147174009930776605), flex_items.len()=1
[2026-01-11T20:04:41Z ERROR css_core::box_tree::constraint_block_layout] INSERTING FLEX CONTAINER in layout_block: node=NodeKey(10147174009930776605), inline_size=64.23828, is_measurement=true
[2026-01-11T20:04:41Z ERROR css_core::box_tree::constraint_block_layout] layout_block ENTRY: node=NodeKey(10147174009930776608)
[2026-01-11T20:04:41Z ERROR css_core::box_tree::constraint_block_layout] Checking flex: node=NodeKey(10147174009930776608), display=InlineFlex
[2026-01-11T20:04:41Z ERROR css_core::box_tree::constraint_block_layout] IS FLEX!
[2026-01-11T20:04:41Z ERROR css_core::box_tree::constraint_block_layout::flex_layout] layout_flex: node=NodeKey(10147174009930776608), children.len()=1
[2026-01-11T20:04:41Z ERROR css_core::box_tree::constraint_block_layout::flex_layout] layout_flex: node=NodeKey(10147174009930776608), flex_items.len()=1
[2026-01-11T20:04:41Z ERROR css_core::box_tree::constraint_block_layout] INSERTING FLEX CONTAINER in layout_block: node=NodeKey(10147174009930776608), inline_size=46.666016, is_measurement=true
[2026-01-11T20:04:41Z ERROR css_core::box_tree::constraint_block_layout] layout_block ENTRY: node=NodeKey(10147174009930776611)
[2026-01-11T20:04:41Z ERROR css_core::box_tree::constraint_block_layout] Checking flex: node=NodeKey(10147174009930776611), display=InlineFlex
[2026-01-11T20:04:41Z ERROR css_core::box_tree::constraint_block_layout] IS FLEX!
[2026-01-11T20:04:41Z ERROR css_core::box_tree::constraint_block_layout::flex_layout] layout_flex: node=NodeKey(10147174009930776611), children.len()=1
[2026-01-11T20:04:41Z ERROR css_core::box_tree::constraint_block_layout::flex_layout] layout_flex: node=NodeKey(10147174009930776611), flex_items.len()=1
[2026-01-11T20:04:41Z ERROR css_core::box_tree::constraint_block_layout] INSERTING FLEX CONTAINER in layout_block: node=NodeKey(10147174009930776611), inline_size=46.003906, is_measurement=true
[2026-01-11T20:04:41Z ERROR css_core::box_tree::constraint_block_layout::flex_layout] layout_flex: node=NodeKey(10147174009930776594), flex_items.len()=6
[2026-01-11T20:04:41Z ERROR css_core::box_tree::constraint_block_layout] layout_block ENTRY: node=NodeKey(10147174009930776596)
[2026-01-11T20:04:41Z ERROR css_core::box_tree::constraint_block_layout] Checking flex: node=NodeKey(10147174009930776596), display=Inline
[2026-01-11T20:04:41Z ERROR css_core::box_tree::constraint_block_layout] layout_block ENTRY: node=NodeKey(10147174009930776599)
[2026-01-11T20:04:41Z ERROR css_core::box_tree::constraint_block_layout] Checking flex: node=NodeKey(10147174009930776599), display=InlineFlex
[2026-01-11T20:04:41Z ERROR css_core::box_tree::constraint_block_layout] IS FLEX!
[2026-01-11T20:04:41Z ERROR css_core::box_tree::constraint_block_layout::flex_layout] layout_flex: node=NodeKey(10147174009930776599), children.len()=1
[2026-01-11T20:04:41Z ERROR css_core::box_tree::constraint_block_layout::flex_layout] layout_flex: node=NodeKey(10147174009930776599), flex_items.len()=1
[2026-01-11T20:04:41Z ERROR css_core::box_tree::constraint_block_layout::text] INSERTING TEXT RESULT: text='Primary', inline_size=41.33203, block_size=14, single_line_height=14, glyph_height=14, is_for_measurement_only=false
[2026-01-11T20:04:41Z ERROR css_core::box_tree::constraint_block_layout] INSERTING FLEX CONTAINER in layout_block: node=NodeKey(10147174009930776599), inline_size=61.328125, is_measurement=false
[2026-01-11T20:04:41Z ERROR css_core::box_tree::constraint_block_layout] layout_block ENTRY: node=NodeKey(10147174009930776602)
[2026-01-11T20:04:41Z ERROR css_core::box_tree::constraint_block_layout] Checking flex: node=NodeKey(10147174009930776602), display=InlineFlex
[2026-01-11T20:04:41Z ERROR css_core::box_tree::constraint_block_layout] IS FLEX!
[2026-01-11T20:04:41Z ERROR css_core::box_tree::constraint_block_layout::flex_layout] layout_flex: node=NodeKey(10147174009930776602), children.len()=1
[2026-01-11T20:04:41Z ERROR css_core::box_tree::constraint_block_layout::flex_layout] layout_flex: node=NodeKey(10147174009930776602), flex_items.len()=1
[2026-01-11T20:04:41Z ERROR css_core::box_tree::constraint_block_layout] INSERTING FLEX CONTAINER in layout_block: node=NodeKey(10147174009930776602), inline_size=65.359375, is_measurement=false
[2026-01-11T20:04:41Z ERROR css_core::box_tree::constraint_block_layout] layout_block ENTRY: node=NodeKey(10147174009930776605)
[2026-01-11T20:04:41Z ERROR css_core::box_tree::constraint_block_layout] Checking flex: node=NodeKey(10147174009930776605), display=InlineFlex
[2026-01-11T20:04:41Z ERROR css_core::box_tree::constraint_block_layout] IS FLEX!
[2026-01-11T20:04:41Z ERROR css_core::box_tree::constraint_block_layout::flex_layout] layout_flex: node=NodeKey(10147174009930776605), children.len()=1
[2026-01-11T20:04:41Z ERROR css_core::box_tree::constraint_block_layout::flex_layout] layout_flex: node=NodeKey(10147174009930776605), flex_items.len()=1
[2026-01-11T20:04:41Z ERROR css_core::box_tree::constraint_block_layout] INSERTING FLEX CONTAINER in layout_block: node=NodeKey(10147174009930776605), inline_size=64.234375, is_measurement=false
[2026-01-11T20:04:41Z ERROR css_core::box_tree::constraint_block_layout] layout_block ENTRY: node=NodeKey(10147174009930776608)
[2026-01-11T20:04:41Z ERROR css_core::box_tree::constraint_block_layout] Checking flex: node=NodeKey(10147174009930776608), display=InlineFlex
[2026-01-11T20:04:41Z ERROR css_core::box_tree::constraint_block_layout] IS FLEX!
[2026-01-11T20:04:41Z ERROR css_core::box_tree::constraint_block_layout::flex_layout] layout_flex: node=NodeKey(10147174009930776608), children.len()=1
[2026-01-11T20:04:41Z ERROR css_core::box_tree::constraint_block_layout::flex_layout] layout_flex: node=NodeKey(10147174009930776608), flex_items.len()=1
[2026-01-11T20:04:41Z ERROR css_core::box_tree::constraint_block_layout] INSERTING FLEX CONTAINER in layout_block: node=NodeKey(10147174009930776608), inline_size=46.671875, is_measurement=false
[2026-01-11T20:04:41Z ERROR css_core::box_tree::constraint_block_layout] layout_block ENTRY: node=NodeKey(10147174009930776611)
[2026-01-11T20:04:41Z ERROR css_core::box_tree::constraint_block_layout] Checking flex: node=NodeKey(10147174009930776611), display=InlineFlex
[2026-01-11T20:04:41Z ERROR css_core::box_tree::constraint_block_layout] IS FLEX!
[2026-01-11T20:04:41Z ERROR css_core::box_tree::constraint_block_layout::flex_layout] layout_flex: node=NodeKey(10147174009930776611), children.len()=1
[2026-01-11T20:04:41Z ERROR css_core::box_tree::constraint_block_layout::flex_layout] layout_flex: node=NodeKey(10147174009930776611), flex_items.len()=1
[2026-01-11T20:04:41Z ERROR css_core::box_tree::constraint_block_layout] INSERTING FLEX CONTAINER in layout_block: node=NodeKey(10147174009930776611), inline_size=46, is_measurement=false
[2026-01-11T20:04:41Z ERROR css_core::box_tree::constraint_block_layout] INSERTING FLEX CONTAINER in layout_block: node=NodeKey(10147174009930776594), inline_size=768, is_measurement=true
[2026-01-11T20:04:41Z ERROR css_core::box_tree::constraint_block_layout] layout_block ENTRY: node=NodeKey(10147174009930776615)
[2026-01-11T20:04:41Z ERROR css_core::box_tree::constraint_block_layout] Checking flex: node=NodeKey(10147174009930776615), display=Flex
[2026-01-11T20:04:41Z ERROR css_core::box_tree::constraint_block_layout] IS FLEX!
[2026-01-11T20:04:41Z ERROR css_core::box_tree::constraint_block_layout::flex_layout] layout_flex: node=NodeKey(10147174009930776615), children.len()=9
[2026-01-11T20:04:41Z ERROR css_core::box_tree::constraint_block_layout] layout_block ENTRY: node=NodeKey(10147174009930776617)
[2026-01-11T20:04:41Z ERROR css_core::box_tree::constraint_block_layout] Checking flex: node=NodeKey(10147174009930776617), display=Inline
[2026-01-11T20:04:41Z ERROR css_core::box_tree::constraint_block_layout] layout_block ENTRY: node=NodeKey(10147174009930776620)
[2026-01-11T20:04:41Z ERROR css_core::box_tree::constraint_block_layout] Checking flex: node=NodeKey(10147174009930776620), display=InlineFlex
[2026-01-11T20:04:41Z ERROR css_core::box_tree::constraint_block_layout] IS FLEX!
[2026-01-11T20:04:41Z ERROR css_core::box_tree::constraint_block_layout::flex_layout] layout_flex: node=NodeKey(10147174009930776620), children.len()=1
[2026-01-11T20:04:41Z ERROR css_core::box_tree::constraint_block_layout::flex_layout] layout_flex: node=NodeKey(10147174009930776620), flex_items.len()=1
[2026-01-11T20:04:41Z ERROR css_core::box_tree::constraint_block_layout::text] INSERTING TEXT RESULT: text='Primary', inline_size=41.33203, block_size=14, single_line_height=14, glyph_height=14, is_for_measurement_only=false
[2026-01-11T20:04:41Z ERROR css_core::box_tree::constraint_block_layout] INSERTING FLEX CONTAINER in layout_block: node=NodeKey(10147174009930776620), inline_size=61.33203, is_measurement=true
[2026-01-11T20:04:41Z ERROR css_core::box_tree::constraint_block_layout] layout_block ENTRY: node=NodeKey(10147174009930776623)
[2026-01-11T20:04:41Z ERROR css_core::box_tree::constraint_block_layout] Checking flex: node=NodeKey(10147174009930776623), display=InlineFlex
[2026-01-11T20:04:41Z ERROR css_core::box_tree::constraint_block_layout] IS FLEX!
[2026-01-11T20:04:41Z ERROR css_core::box_tree::constraint_block_layout::flex_layout] layout_flex: node=NodeKey(10147174009930776623), children.len()=1
[2026-01-11T20:04:41Z ERROR css_core::box_tree::constraint_block_layout::flex_layout] layout_flex: node=NodeKey(10147174009930776623), flex_items.len()=1
[2026-01-11T20:04:41Z ERROR css_core::box_tree::constraint_block_layout] INSERTING FLEX CONTAINER in layout_block: node=NodeKey(10147174009930776623), inline_size=65.35156, is_measurement=true
[2026-01-11T20:04:41Z ERROR css_core::box_tree::constraint_block_layout] layout_block ENTRY: node=NodeKey(10147174009930776626)
[2026-01-11T20:04:41Z ERROR css_core::box_tree::constraint_block_layout] Checking flex: node=NodeKey(10147174009930776626), display=InlineFlex
[2026-01-11T20:04:41Z ERROR css_core::box_tree::constraint_block_layout] IS FLEX!
[2026-01-11T20:04:41Z ERROR css_core::box_tree::constraint_block_layout::flex_layout] layout_flex: node=NodeKey(10147174009930776626), children.len()=1
[2026-01-11T20:04:41Z ERROR css_core::box_tree::constraint_block_layout::flex_layout] layout_flex: node=NodeKey(10147174009930776626), flex_items.len()=1
[2026-01-11T20:04:41Z ERROR css_core::box_tree::constraint_block_layout] INSERTING FLEX CONTAINER in layout_block: node=NodeKey(10147174009930776626), inline_size=60.021484, is_measurement=true
[2026-01-11T20:04:41Z ERROR css_core::box_tree::constraint_block_layout::flex_layout] layout_flex: node=NodeKey(10147174009930776615), flex_items.len()=4
[2026-01-11T20:04:41Z ERROR css_core::box_tree::constraint_block_layout] layout_block ENTRY: node=NodeKey(10147174009930776617)
[2026-01-11T20:04:41Z ERROR css_core::box_tree::constraint_block_layout] Checking flex: node=NodeKey(10147174009930776617), display=Inline
[2026-01-11T20:04:41Z ERROR css_core::box_tree::constraint_block_layout] layout_block ENTRY: node=NodeKey(10147174009930776620)
[2026-01-11T20:04:41Z ERROR css_core::box_tree::constraint_block_layout] Checking flex: node=NodeKey(10147174009930776620), display=InlineFlex
[2026-01-11T20:04:41Z ERROR css_core::box_tree::constraint_block_layout] IS FLEX!
[2026-01-11T20:04:41Z ERROR css_core::box_tree::constraint_block_layout::flex_layout] layout_flex: node=NodeKey(10147174009930776620), children.len()=1
[2026-01-11T20:04:41Z ERROR css_core::box_tree::constraint_block_layout::flex_layout] layout_flex: node=NodeKey(10147174009930776620), flex_items.len()=1
[2026-01-11T20:04:41Z ERROR css_core::box_tree::constraint_block_layout::text] INSERTING TEXT RESULT: text='Primary', inline_size=41.33203, block_size=14, single_line_height=14, glyph_height=14, is_for_measurement_only=false
[2026-01-11T20:04:41Z ERROR css_core::box_tree::constraint_block_layout] INSERTING FLEX CONTAINER in layout_block: node=NodeKey(10147174009930776620), inline_size=61.328125, is_measurement=false
[2026-01-11T20:04:41Z ERROR css_core::box_tree::constraint_block_layout] layout_block ENTRY: node=NodeKey(10147174009930776623)
[2026-01-11T20:04:41Z ERROR css_core::box_tree::constraint_block_layout] Checking flex: node=NodeKey(10147174009930776623), display=InlineFlex
[2026-01-11T20:04:41Z ERROR css_core::box_tree::constraint_block_layout] IS FLEX!
[2026-01-11T20:04:41Z ERROR css_core::box_tree::constraint_block_layout::flex_layout] layout_flex: node=NodeKey(10147174009930776623), children.len()=1
[2026-01-11T20:04:41Z ERROR css_core::box_tree::constraint_block_layout::flex_layout] layout_flex: node=NodeKey(10147174009930776623), flex_items.len()=1
[2026-01-11T20:04:41Z ERROR css_core::box_tree::constraint_block_layout] INSERTING FLEX CONTAINER in layout_block: node=NodeKey(10147174009930776623), inline_size=65.359375, is_measurement=false
[2026-01-11T20:04:41Z ERROR css_core::box_tree::constraint_block_layout] layout_block ENTRY: node=NodeKey(10147174009930776626)
[2026-01-11T20:04:41Z ERROR css_core::box_tree::constraint_block_layout] Checking flex: node=NodeKey(10147174009930776626), display=InlineFlex
[2026-01-11T20:04:41Z ERROR css_core::box_tree::constraint_block_layout] IS FLEX!
[2026-01-11T20:04:41Z ERROR css_core::box_tree::constraint_block_layout::flex_layout] layout_flex: node=NodeKey(10147174009930776626), children.len()=1
[2026-01-11T20:04:41Z ERROR css_core::box_tree::constraint_block_layout::flex_layout] layout_flex: node=NodeKey(10147174009930776626), flex_items.len()=1
[2026-01-11T20:04:41Z ERROR css_core::box_tree::constraint_block_layout] INSERTING FLEX CONTAINER in layout_block: node=NodeKey(10147174009930776626), inline_size=60.015625, is_measurement=false
[2026-01-11T20:04:41Z ERROR css_core::box_tree::constraint_block_layout] INSERTING FLEX CONTAINER in layout_block: node=NodeKey(10147174009930776615), inline_size=768, is_measurement=true
[2026-01-11T20:04:41Z ERROR css_core::box_tree::constraint_block_layout] layout_block ENTRY: node=NodeKey(10147174009930776630)
[2026-01-11T20:04:41Z ERROR css_core::box_tree::constraint_block_layout] Checking flex: node=NodeKey(10147174009930776630), display=Flex
[2026-01-11T20:04:41Z ERROR css_core::box_tree::constraint_block_layout] IS FLEX!
[2026-01-11T20:04:41Z ERROR css_core::box_tree::constraint_block_layout::flex_layout] layout_flex: node=NodeKey(10147174009930776630), children.len()=9
[2026-01-11T20:04:41Z ERROR css_core::box_tree::constraint_block_layout] layout_block ENTRY: node=NodeKey(10147174009930776632)
[2026-01-11T20:04:41Z ERROR css_core::box_tree::constraint_block_layout] Checking flex: node=NodeKey(10147174009930776632), display=Inline
[2026-01-11T20:04:41Z ERROR css_core::box_tree::constraint_block_layout] layout_block ENTRY: node=NodeKey(10147174009930776635)
[2026-01-11T20:04:41Z ERROR css_core::box_tree::constraint_block_layout] Checking flex: node=NodeKey(10147174009930776635), display=InlineFlex
[2026-01-11T20:04:41Z ERROR css_core::box_tree::constraint_block_layout] IS FLEX!
[2026-01-11T20:04:41Z ERROR css_core::box_tree::constraint_block_layout::flex_layout] layout_flex: node=NodeKey(10147174009930776635), children.len()=2
[2026-01-11T20:04:41Z ERROR css_core::box_tree::constraint_block_layout] layout_block ENTRY: node=NodeKey(10147174009930776636)
[2026-01-11T20:04:41Z ERROR css_core::box_tree::constraint_block_layout] Checking flex: node=NodeKey(10147174009930776636), display=Inline
[2026-01-11T20:04:41Z ERROR css_core::box_tree::constraint_block_layout::flex_layout] layout_flex: node=NodeKey(10147174009930776635), flex_items.len()=2
[2026-01-11T20:04:41Z ERROR css_core::box_tree::constraint_block_layout] layout_block ENTRY: node=NodeKey(10147174009930776636)
[2026-01-11T20:04:41Z ERROR css_core::box_tree::constraint_block_layout] Checking flex: node=NodeKey(10147174009930776636), display=Inline
[2026-01-11T20:04:41Z ERROR css_core::box_tree::constraint_block_layout] INSERTING FLEX CONTAINER in layout_block: node=NodeKey(10147174009930776635), inline_size=60.6875, is_measurement=true
[2026-01-11T20:04:41Z ERROR css_core::box_tree::constraint_block_layout] layout_block ENTRY: node=NodeKey(10147174009930776639)
[2026-01-11T20:04:41Z ERROR css_core::box_tree::constraint_block_layout] Checking flex: node=NodeKey(10147174009930776639), display=InlineFlex
[2026-01-11T20:04:41Z ERROR css_core::box_tree::constraint_block_layout] IS FLEX!
[2026-01-11T20:04:41Z ERROR css_core::box_tree::constraint_block_layout::flex_layout] layout_flex: node=NodeKey(10147174009930776639), children.len()=2
[2026-01-11T20:04:41Z ERROR css_core::box_tree::constraint_block_layout] layout_block ENTRY: node=NodeKey(10147174009930776640)
[2026-01-11T20:04:41Z ERROR css_core::box_tree::constraint_block_layout] Checking flex: node=NodeKey(10147174009930776640), display=Inline
[2026-01-11T20:04:41Z ERROR css_core::box_tree::constraint_block_layout::flex_layout] layout_flex: node=NodeKey(10147174009930776639), flex_items.len()=2
[2026-01-11T20:04:41Z ERROR css_core::box_tree::constraint_block_layout] layout_block ENTRY: node=NodeKey(10147174009930776640)
[2026-01-11T20:04:41Z ERROR css_core::box_tree::constraint_block_layout] Checking flex: node=NodeKey(10147174009930776640), display=Inline
[2026-01-11T20:04:41Z ERROR css_core::box_tree::constraint_block_layout] INSERTING FLEX CONTAINER in layout_block: node=NodeKey(10147174009930776639), inline_size=55.126953, is_measurement=true
[2026-01-11T20:04:41Z ERROR css_core::box_tree::constraint_block_layout] layout_block ENTRY: node=NodeKey(10147174009930776643)
[2026-01-11T20:04:41Z ERROR css_core::box_tree::constraint_block_layout] Checking flex: node=NodeKey(10147174009930776643), display=InlineFlex
[2026-01-11T20:04:41Z ERROR css_core::box_tree::constraint_block_layout] IS FLEX!
[2026-01-11T20:04:41Z ERROR css_core::box_tree::constraint_block_layout::flex_layout] layout_flex: node=NodeKey(10147174009930776643), children.len()=2
[2026-01-11T20:04:41Z ERROR css_core::box_tree::constraint_block_layout] layout_block ENTRY: node=NodeKey(10147174009930776644)
[2026-01-11T20:04:41Z ERROR css_core::box_tree::constraint_block_layout] Checking flex: node=NodeKey(10147174009930776644), display=Inline
[2026-01-11T20:04:41Z ERROR css_core::box_tree::constraint_block_layout::flex_layout] layout_flex: node=NodeKey(10147174009930776643), flex_items.len()=2
[2026-01-11T20:04:41Z ERROR css_core::box_tree::constraint_block_layout] layout_block ENTRY: node=NodeKey(10147174009930776644)
[2026-01-11T20:04:41Z ERROR css_core::box_tree::constraint_block_layout] Checking flex: node=NodeKey(10147174009930776644), display=Inline
[2026-01-11T20:04:41Z ERROR css_core::box_tree::constraint_block_layout] INSERTING FLEX CONTAINER in layout_block: node=NodeKey(10147174009930776643), inline_size=60.464844, is_measurement=true
[2026-01-11T20:04:41Z ERROR css_core::box_tree::constraint_block_layout::flex_layout] layout_flex: node=NodeKey(10147174009930776630), flex_items.len()=4
[2026-01-11T20:04:41Z ERROR css_core::box_tree::constraint_block_layout] layout_block ENTRY: node=NodeKey(10147174009930776632)
[2026-01-11T20:04:41Z ERROR css_core::box_tree::constraint_block_layout] Checking flex: node=NodeKey(10147174009930776632), display=Inline
[2026-01-11T20:04:41Z ERROR css_core::box_tree::constraint_block_layout] layout_block ENTRY: node=NodeKey(10147174009930776635)
[2026-01-11T20:04:41Z ERROR css_core::box_tree::constraint_block_layout] Checking flex: node=NodeKey(10147174009930776635), display=InlineFlex
[2026-01-11T20:04:41Z ERROR css_core::box_tree::constraint_block_layout] IS FLEX!
[2026-01-11T20:04:41Z ERROR css_core::box_tree::constraint_block_layout::flex_layout] layout_flex: node=NodeKey(10147174009930776635), children.len()=2
[2026-01-11T20:04:41Z ERROR css_core::box_tree::constraint_block_layout] layout_block ENTRY: node=NodeKey(10147174009930776636)
[2026-01-11T20:04:41Z ERROR css_core::box_tree::constraint_block_layout] Checking flex: node=NodeKey(10147174009930776636), display=Inline
[2026-01-11T20:04:41Z ERROR css_core::box_tree::constraint_block_layout::flex_layout] layout_flex: node=NodeKey(10147174009930776635), flex_items.len()=2
[2026-01-11T20:04:41Z ERROR css_core::box_tree::constraint_block_layout] layout_block ENTRY: node=NodeKey(10147174009930776636)
[2026-01-11T20:04:41Z ERROR css_core::box_tree::constraint_block_layout] Checking flex: node=NodeKey(10147174009930776636), display=Inline
[2026-01-11T20:04:41Z ERROR css_core::box_tree::constraint_block_layout] INSERTING FLEX CONTAINER in layout_block: node=NodeKey(10147174009930776635), inline_size=60.6875, is_measurement=false
[2026-01-11T20:04:41Z ERROR css_core::box_tree::constraint_block_layout] layout_block ENTRY: node=NodeKey(10147174009930776639)
[2026-01-11T20:04:41Z ERROR css_core::box_tree::constraint_block_layout] Checking flex: node=NodeKey(10147174009930776639), display=InlineFlex
[2026-01-11T20:04:41Z ERROR css_core::box_tree::constraint_block_layout] IS FLEX!
[2026-01-11T20:04:41Z ERROR css_core::box_tree::constraint_block_layout::flex_layout] layout_flex: node=NodeKey(10147174009930776639), children.len()=2
[2026-01-11T20:04:41Z ERROR css_core::box_tree::constraint_block_layout] layout_block ENTRY: node=NodeKey(10147174009930776640)
[2026-01-11T20:04:41Z ERROR css_core::box_tree::constraint_block_layout] Checking flex: node=NodeKey(10147174009930776640), display=Inline
[2026-01-11T20:04:41Z ERROR css_core::box_tree::constraint_block_layout::flex_layout] layout_flex: node=NodeKey(10147174009930776639), flex_items.len()=2
[2026-01-11T20:04:41Z ERROR css_core::box_tree::constraint_block_layout] layout_block ENTRY: node=NodeKey(10147174009930776640)
[2026-01-11T20:04:41Z ERROR css_core::box_tree::constraint_block_layout] Checking flex: node=NodeKey(10147174009930776640), display=Inline
[2026-01-11T20:04:41Z ERROR css_core::box_tree::constraint_block_layout] INSERTING FLEX CONTAINER in layout_block: node=NodeKey(10147174009930776639), inline_size=55.125, is_measurement=false
[2026-01-11T20:04:41Z ERROR css_core::box_tree::constraint_block_layout] layout_block ENTRY: node=NodeKey(10147174009930776643)
[2026-01-11T20:04:41Z ERROR css_core::box_tree::constraint_block_layout] Checking flex: node=NodeKey(10147174009930776643), display=InlineFlex
[2026-01-11T20:04:41Z ERROR css_core::box_tree::constraint_block_layout] IS FLEX!
[2026-01-11T20:04:41Z ERROR css_core::box_tree::constraint_block_layout::flex_layout] layout_flex: node=NodeKey(10147174009930776643), children.len()=2
[2026-01-11T20:04:41Z ERROR css_core::box_tree::constraint_block_layout] layout_block ENTRY: node=NodeKey(10147174009930776644)
[2026-01-11T20:04:41Z ERROR css_core::box_tree::constraint_block_layout] Checking flex: node=NodeKey(10147174009930776644), display=Inline
[2026-01-11T20:04:41Z ERROR css_core::box_tree::constraint_block_layout::flex_layout] layout_flex: node=NodeKey(10147174009930776643), flex_items.len()=2
[2026-01-11T20:04:41Z ERROR css_core::box_tree::constraint_block_layout] layout_block ENTRY: node=NodeKey(10147174009930776644)
[2026-01-11T20:04:41Z ERROR css_core::box_tree::constraint_block_layout] Checking flex: node=NodeKey(10147174009930776644), display=Inline
[2026-01-11T20:04:41Z ERROR css_core::box_tree::constraint_block_layout] INSERTING FLEX CONTAINER in layout_block: node=NodeKey(10147174009930776643), inline_size=60.46875, is_measurement=false
[2026-01-11T20:04:41Z ERROR css_core::box_tree::constraint_block_layout] INSERTING FLEX CONTAINER in layout_block: node=NodeKey(10147174009930776630), inline_size=768, is_measurement=true
[2026-01-11T20:04:41Z ERROR css_core::box_tree::constraint_block_layout] layout_block ENTRY: node=NodeKey(10147174009930776648)
[2026-01-11T20:04:41Z ERROR css_core::box_tree::constraint_block_layout] Checking flex: node=NodeKey(10147174009930776648), display=Flex
[2026-01-11T20:04:41Z ERROR css_core::box_tree::constraint_block_layout] IS FLEX!
[2026-01-11T20:04:41Z ERROR css_core::box_tree::constraint_block_layout::flex_layout] layout_flex: node=NodeKey(10147174009930776648), children.len()=11
[2026-01-11T20:04:41Z ERROR css_core::box_tree::constraint_block_layout] layout_block ENTRY: node=NodeKey(10147174009930776650)
[2026-01-11T20:04:41Z ERROR css_core::box_tree::constraint_block_layout] Checking flex: node=NodeKey(10147174009930776650), display=Inline
[2026-01-11T20:04:41Z ERROR css_core::box_tree::constraint_block_layout] layout_block ENTRY: node=NodeKey(10147174009930776653)
[2026-01-11T20:04:41Z ERROR css_core::box_tree::constraint_block_layout] Checking flex: node=NodeKey(10147174009930776653), display=InlineFlex
[2026-01-11T20:04:41Z ERROR css_core::box_tree::constraint_block_layout] IS FLEX!
[2026-01-11T20:04:41Z ERROR css_core::box_tree::constraint_block_layout::flex_layout] layout_flex: node=NodeKey(10147174009930776653), children.len()=2
[2026-01-11T20:04:41Z ERROR css_core::box_tree::constraint_block_layout] layout_block ENTRY: node=NodeKey(10147174009930776655)
[2026-01-11T20:04:41Z ERROR css_core::box_tree::constraint_block_layout] Checking flex: node=NodeKey(10147174009930776655), display=Inline
[2026-01-11T20:04:41Z ERROR css_core::box_tree::constraint_block_layout::flex_layout] layout_flex: node=NodeKey(10147174009930776653), flex_items.len()=2
[2026-01-11T20:04:41Z ERROR css_core::box_tree::constraint_block_layout] layout_block ENTRY: node=NodeKey(10147174009930776655)
[2026-01-11T20:04:41Z ERROR css_core::box_tree::constraint_block_layout] Checking flex: node=NodeKey(10147174009930776655), display=Inline
[2026-01-11T20:04:41Z ERROR css_core::box_tree::constraint_block_layout] INSERTING FLEX CONTAINER in layout_block: node=NodeKey(10147174009930776653), inline_size=71.95996, is_measurement=true
[2026-01-11T20:04:41Z ERROR css_core::box_tree::constraint_block_layout] layout_block ENTRY: node=NodeKey(10147174009930776657)
[2026-01-11T20:04:41Z ERROR css_core::box_tree::constraint_block_layout] Checking flex: node=NodeKey(10147174009930776657), display=InlineFlex
[2026-01-11T20:04:41Z ERROR css_core::box_tree::constraint_block_layout] IS FLEX!
[2026-01-11T20:04:41Z ERROR css_core::box_tree::constraint_block_layout::flex_layout] layout_flex: node=NodeKey(10147174009930776657), children.len()=2
[2026-01-11T20:04:41Z ERROR css_core::box_tree::constraint_block_layout] layout_block ENTRY: node=NodeKey(10147174009930776659)
[2026-01-11T20:04:41Z ERROR css_core::box_tree::constraint_block_layout] Checking flex: node=NodeKey(10147174009930776659), display=Inline
[2026-01-11T20:04:41Z ERROR css_core::box_tree::constraint_block_layout::flex_layout] layout_flex: node=NodeKey(10147174009930776657), flex_items.len()=2
[2026-01-11T20:04:41Z ERROR css_core::box_tree::constraint_block_layout] layout_block ENTRY: node=NodeKey(10147174009930776659)
[2026-01-11T20:04:41Z ERROR css_core::box_tree::constraint_block_layout] Checking flex: node=NodeKey(10147174009930776659), display=Inline
[2026-01-11T20:04:41Z ERROR css_core::box_tree::constraint_block_layout] INSERTING FLEX CONTAINER in layout_block: node=NodeKey(10147174009930776657), inline_size=99.413574, is_measurement=true
[2026-01-11T20:04:41Z ERROR css_core::box_tree::constraint_block_layout] layout_block ENTRY: node=NodeKey(10147174009930776661)
[2026-01-11T20:04:41Z ERROR css_core::box_tree::constraint_block_layout] Checking flex: node=NodeKey(10147174009930776661), display=InlineFlex
[2026-01-11T20:04:41Z ERROR css_core::box_tree::constraint_block_layout] IS FLEX!
[2026-01-11T20:04:41Z ERROR css_core::box_tree::constraint_block_layout::flex_layout] layout_flex: node=NodeKey(10147174009930776661), children.len()=2
[2026-01-11T20:04:41Z ERROR css_core::box_tree::constraint_block_layout] layout_block ENTRY: node=NodeKey(10147174009930776663)
[2026-01-11T20:04:41Z ERROR css_core::box_tree::constraint_block_layout] Checking flex: node=NodeKey(10147174009930776663), display=Inline
[2026-01-11T20:04:41Z ERROR css_core::box_tree::constraint_block_layout::flex_layout] layout_flex: node=NodeKey(10147174009930776661), flex_items.len()=2
[2026-01-11T20:04:41Z ERROR css_core::box_tree::constraint_block_layout] layout_block ENTRY: node=NodeKey(10147174009930776663)
[2026-01-11T20:04:41Z ERROR css_core::box_tree::constraint_block_layout] Checking flex: node=NodeKey(10147174009930776663), display=Inline
[2026-01-11T20:04:41Z ERROR css_core::box_tree::constraint_block_layout] INSERTING FLEX CONTAINER in layout_block: node=NodeKey(10147174009930776661), inline_size=64.72998, is_measurement=true
[2026-01-11T20:04:41Z ERROR css_core::box_tree::constraint_block_layout] layout_block ENTRY: node=NodeKey(10147174009930776665)
[2026-01-11T20:04:41Z ERROR css_core::box_tree::constraint_block_layout] Checking flex: node=NodeKey(10147174009930776665), display=InlineFlex
[2026-01-11T20:04:41Z ERROR css_core::box_tree::constraint_block_layout] IS FLEX!
[2026-01-11T20:04:41Z ERROR css_core::box_tree::constraint_block_layout::flex_layout] layout_flex: node=NodeKey(10147174009930776665), children.len()=2
[2026-01-11T20:04:41Z ERROR css_core::box_tree::constraint_block_layout] layout_block ENTRY: node=NodeKey(10147174009930776667)
[2026-01-11T20:04:41Z ERROR css_core::box_tree::constraint_block_layout] Checking flex: node=NodeKey(10147174009930776667), display=Inline
[2026-01-11T20:04:41Z ERROR css_core::box_tree::constraint_block_layout::flex_layout] layout_flex: node=NodeKey(10147174009930776665), flex_items.len()=2
[2026-01-11T20:04:41Z ERROR css_core::box_tree::constraint_block_layout] layout_block ENTRY: node=NodeKey(10147174009930776667)
[2026-01-11T20:04:41Z ERROR css_core::box_tree::constraint_block_layout] Checking flex: node=NodeKey(10147174009930776667), display=Inline
[2026-01-11T20:04:41Z ERROR css_core::box_tree::constraint_block_layout] INSERTING FLEX CONTAINER in layout_block: node=NodeKey(10147174009930776665), inline_size=82.078125, is_measurement=true
[2026-01-11T20:04:41Z ERROR css_core::box_tree::constraint_block_layout::flex_layout] layout_flex: node=NodeKey(10147174009930776648), flex_items.len()=5
[2026-01-11T20:04:41Z ERROR css_core::box_tree::constraint_block_layout] layout_block ENTRY: node=NodeKey(10147174009930776650)
[2026-01-11T20:04:41Z ERROR css_core::box_tree::constraint_block_layout] Checking flex: node=NodeKey(10147174009930776650), display=Inline
[2026-01-11T20:04:41Z ERROR css_core::box_tree::constraint_block_layout] layout_block ENTRY: node=NodeKey(10147174009930776653)
[2026-01-11T20:04:41Z ERROR css_core::box_tree::constraint_block_layout] Checking flex: node=NodeKey(10147174009930776653), display=InlineFlex
[2026-01-11T20:04:41Z ERROR css_core::box_tree::constraint_block_layout] IS FLEX!
[2026-01-11T20:04:41Z ERROR css_core::box_tree::constraint_block_layout::flex_layout] layout_flex: node=NodeKey(10147174009930776653), children.len()=2
[2026-01-11T20:04:41Z ERROR css_core::box_tree::constraint_block_layout] layout_block ENTRY: node=NodeKey(10147174009930776655)
[2026-01-11T20:04:41Z ERROR css_core::box_tree::constraint_block_layout] Checking flex: node=NodeKey(10147174009930776655), display=Inline
[2026-01-11T20:04:41Z ERROR css_core::box_tree::constraint_block_layout::flex_layout] layout_flex: node=NodeKey(10147174009930776653), flex_items.len()=2
[2026-01-11T20:04:41Z ERROR css_core::box_tree::constraint_block_layout] layout_block ENTRY: node=NodeKey(10147174009930776655)
[2026-01-11T20:04:41Z ERROR css_core::box_tree::constraint_block_layout] Checking flex: node=NodeKey(10147174009930776655), display=Inline
[2026-01-11T20:04:41Z ERROR css_core::box_tree::constraint_block_layout] INSERTING FLEX CONTAINER in layout_block: node=NodeKey(10147174009930776653), inline_size=71.953125, is_measurement=false
[2026-01-11T20:04:41Z ERROR css_core::box_tree::constraint_block_layout] layout_block ENTRY: node=NodeKey(10147174009930776657)
[2026-01-11T20:04:41Z ERROR css_core::box_tree::constraint_block_layout] Checking flex: node=NodeKey(10147174009930776657), display=InlineFlex
[2026-01-11T20:04:41Z ERROR css_core::box_tree::constraint_block_layout] IS FLEX!
[2026-01-11T20:04:41Z ERROR css_core::box_tree::constraint_block_layout::flex_layout] layout_flex: node=NodeKey(10147174009930776657), children.len()=2
[2026-01-11T20:04:41Z ERROR css_core::box_tree::constraint_block_layout] layout_block ENTRY: node=NodeKey(10147174009930776659)
[2026-01-11T20:04:41Z ERROR css_core::box_tree::constraint_block_layout] Checking flex: node=NodeKey(10147174009930776659), display=Inline
[2026-01-11T20:04:41Z ERROR css_core::box_tree::constraint_block_layout::flex_layout] layout_flex: node=NodeKey(10147174009930776657), flex_items.len()=2
[2026-01-11T20:04:41Z ERROR css_core::box_tree::constraint_block_layout] layout_block ENTRY: node=NodeKey(10147174009930776659)
[2026-01-11T20:04:41Z ERROR css_core::box_tree::constraint_block_layout] Checking flex: node=NodeKey(10147174009930776659), display=Inline
[2026-01-11T20:04:41Z ERROR css_core::box_tree::constraint_block_layout] INSERTING FLEX CONTAINER in layout_block: node=NodeKey(10147174009930776657), inline_size=99.40625, is_measurement=false
[2026-01-11T20:04:41Z ERROR css_core::box_tree::constraint_block_layout] layout_block ENTRY: node=NodeKey(10147174009930776661)
[2026-01-11T20:04:41Z ERROR css_core::box_tree::constraint_block_layout] Checking flex: node=NodeKey(10147174009930776661), display=InlineFlex
[2026-01-11T20:04:41Z ERROR css_core::box_tree::constraint_block_layout] IS FLEX!
[2026-01-11T20:04:41Z ERROR css_core::box_tree::constraint_block_layout::flex_layout] layout_flex: node=NodeKey(10147174009930776661), children.len()=2
[2026-01-11T20:04:41Z ERROR css_core::box_tree::constraint_block_layout] layout_block ENTRY: node=NodeKey(10147174009930776663)
[2026-01-11T20:04:41Z ERROR css_core::box_tree::constraint_block_layout] Checking flex: node=NodeKey(10147174009930776663), display=Inline
[2026-01-11T20:04:41Z ERROR css_core::box_tree::constraint_block_layout::flex_layout] layout_flex: node=NodeKey(10147174009930776661), flex_items.len()=2
[2026-01-11T20:04:41Z ERROR css_core::box_tree::constraint_block_layout] layout_block ENTRY: node=NodeKey(10147174009930776663)
[2026-01-11T20:04:41Z ERROR css_core::box_tree::constraint_block_layout] Checking flex: node=NodeKey(10147174009930776663), display=Inline
[2026-01-11T20:04:41Z ERROR css_core::box_tree::constraint_block_layout] INSERTING FLEX CONTAINER in layout_block: node=NodeKey(10147174009930776661), inline_size=64.734375, is_measurement=false
[2026-01-11T20:04:41Z ERROR css_core::box_tree::constraint_block_layout] layout_block ENTRY: node=NodeKey(10147174009930776665)
[2026-01-11T20:04:41Z ERROR css_core::box_tree::constraint_block_layout] Checking flex: node=NodeKey(10147174009930776665), display=InlineFlex
[2026-01-11T20:04:41Z ERROR css_core::box_tree::constraint_block_layout] IS FLEX!
[2026-01-11T20:04:41Z ERROR css_core::box_tree::constraint_block_layout::flex_layout] layout_flex: node=NodeKey(10147174009930776665), children.len()=2
[2026-01-11T20:04:41Z ERROR css_core::box_tree::constraint_block_layout] layout_block ENTRY: node=NodeKey(10147174009930776667)
[2026-01-11T20:04:41Z ERROR css_core::box_tree::constraint_block_layout] Checking flex: node=NodeKey(10147174009930776667), display=Inline
[2026-01-11T20:04:41Z ERROR css_core::box_tree::constraint_block_layout::flex_layout] layout_flex: node=NodeKey(10147174009930776665), flex_items.len()=2
[2026-01-11T20:04:41Z ERROR css_core::box_tree::constraint_block_layout] layout_block ENTRY: node=NodeKey(10147174009930776667)
[2026-01-11T20:04:41Z ERROR css_core::box_tree::constraint_block_layout] Checking flex: node=NodeKey(10147174009930776667), display=Inline
[2026-01-11T20:04:41Z ERROR css_core::box_tree::constraint_block_layout] INSERTING FLEX CONTAINER in layout_block: node=NodeKey(10147174009930776665), inline_size=82.078125, is_measurement=false
[2026-01-11T20:04:41Z ERROR css_core::box_tree::constraint_block_layout] INSERTING FLEX CONTAINER in layout_block: node=NodeKey(10147174009930776648), inline_size=768, is_measurement=true
[2026-01-11T20:04:41Z ERROR css_core::box_tree::constraint_block_layout::flex_layout] layout_flex: node=NodeKey(10147174009930776592), flex_items.len()=4
[2026-01-11T20:04:41Z ERROR css_core::box_tree::constraint_block_layout] layout_block ENTRY: node=NodeKey(10147174009930776594)
[2026-01-11T20:04:41Z ERROR css_core::box_tree::constraint_block_layout] Checking flex: node=NodeKey(10147174009930776594), display=Flex
[2026-01-11T20:04:41Z ERROR css_core::box_tree::constraint_block_layout] IS FLEX!
[2026-01-11T20:04:41Z ERROR css_core::box_tree::constraint_block_layout::flex_layout] layout_flex: node=NodeKey(10147174009930776594), children.len()=13
[2026-01-11T20:04:41Z ERROR css_core::box_tree::constraint_block_layout] layout_block ENTRY: node=NodeKey(10147174009930776596)
[2026-01-11T20:04:41Z ERROR css_core::box_tree::constraint_block_layout] Checking flex: node=NodeKey(10147174009930776596), display=Inline
[2026-01-11T20:04:41Z ERROR css_core::box_tree::constraint_block_layout] layout_block ENTRY: node=NodeKey(10147174009930776599)
[2026-01-11T20:04:41Z ERROR css_core::box_tree::constraint_block_layout] Checking flex: node=NodeKey(10147174009930776599), display=InlineFlex
[2026-01-11T20:04:41Z ERROR css_core::box_tree::constraint_block_layout] IS FLEX!
[2026-01-11T20:04:41Z ERROR css_core::box_tree::constraint_block_layout::flex_layout] layout_flex: node=NodeKey(10147174009930776599), children.len()=1
[2026-01-11T20:04:41Z ERROR css_core::box_tree::constraint_block_layout::flex_layout] layout_flex: node=NodeKey(10147174009930776599), flex_items.len()=1
[2026-01-11T20:04:41Z ERROR css_core::box_tree::constraint_block_layout::text] INSERTING TEXT RESULT: text='Primary', inline_size=41.33203, block_size=14, single_line_height=14, glyph_height=14, is_for_measurement_only=false
[2026-01-11T20:04:41Z ERROR css_core::box_tree::constraint_block_layout] INSERTING FLEX CONTAINER in layout_block: node=NodeKey(10147174009930776599), inline_size=61.33203, is_measurement=true
[2026-01-11T20:04:41Z ERROR css_core::box_tree::constraint_block_layout] layout_block ENTRY: node=NodeKey(10147174009930776602)
[2026-01-11T20:04:41Z ERROR css_core::box_tree::constraint_block_layout] Checking flex: node=NodeKey(10147174009930776602), display=InlineFlex
[2026-01-11T20:04:41Z ERROR css_core::box_tree::constraint_block_layout] IS FLEX!
[2026-01-11T20:04:41Z ERROR css_core::box_tree::constraint_block_layout::flex_layout] layout_flex: node=NodeKey(10147174009930776602), children.len()=1
[2026-01-11T20:04:41Z ERROR css_core::box_tree::constraint_block_layout::flex_layout] layout_flex: node=NodeKey(10147174009930776602), flex_items.len()=1
[2026-01-11T20:04:41Z ERROR css_core::box_tree::constraint_block_layout] INSERTING FLEX CONTAINER in layout_block: node=NodeKey(10147174009930776602), inline_size=65.35156, is_measurement=true
[2026-01-11T20:04:41Z ERROR css_core::box_tree::constraint_block_layout] layout_block ENTRY: node=NodeKey(10147174009930776605)
[2026-01-11T20:04:41Z ERROR css_core::box_tree::constraint_block_layout] Checking flex: node=NodeKey(10147174009930776605), display=InlineFlex
[2026-01-11T20:04:41Z ERROR css_core::box_tree::constraint_block_layout] IS FLEX!
[2026-01-11T20:04:41Z ERROR css_core::box_tree::constraint_block_layout::flex_layout] layout_flex: node=NodeKey(10147174009930776605), children.len()=1
[2026-01-11T20:04:41Z ERROR css_core::box_tree::constraint_block_layout::flex_layout] layout_flex: node=NodeKey(10147174009930776605), flex_items.len()=1
[2026-01-11T20:04:41Z ERROR css_core::box_tree::constraint_block_layout] INSERTING FLEX CONTAINER in layout_block: node=NodeKey(10147174009930776605), inline_size=64.23828, is_measurement=true
[2026-01-11T20:04:41Z ERROR css_core::box_tree::constraint_block_layout] layout_block ENTRY: node=NodeKey(10147174009930776608)
[2026-01-11T20:04:41Z ERROR css_core::box_tree::constraint_block_layout] Checking flex: node=NodeKey(10147174009930776608), display=InlineFlex
[2026-01-11T20:04:41Z ERROR css_core::box_tree::constraint_block_layout] IS FLEX!
[2026-01-11T20:04:41Z ERROR css_core::box_tree::constraint_block_layout::flex_layout] layout_flex: node=NodeKey(10147174009930776608), children.len()=1
[2026-01-11T20:04:41Z ERROR css_core::box_tree::constraint_block_layout::flex_layout] layout_flex: node=NodeKey(10147174009930776608), flex_items.len()=1
[2026-01-11T20:04:41Z ERROR css_core::box_tree::constraint_block_layout] INSERTING FLEX CONTAINER in layout_block: node=NodeKey(10147174009930776608), inline_size=46.666016, is_measurement=true
[2026-01-11T20:04:41Z ERROR css_core::box_tree::constraint_block_layout] layout_block ENTRY: node=NodeKey(10147174009930776611)
[2026-01-11T20:04:41Z ERROR css_core::box_tree::constraint_block_layout] Checking flex: node=NodeKey(10147174009930776611), display=InlineFlex
[2026-01-11T20:04:41Z ERROR css_core::box_tree::constraint_block_layout] IS FLEX!
[2026-01-11T20:04:41Z ERROR css_core::box_tree::constraint_block_layout::flex_layout] layout_flex: node=NodeKey(10147174009930776611), children.len()=1
[2026-01-11T20:04:41Z ERROR css_core::box_tree::constraint_block_layout::flex_layout] layout_flex: node=NodeKey(10147174009930776611), flex_items.len()=1
[2026-01-11T20:04:41Z ERROR css_core::box_tree::constraint_block_layout] INSERTING FLEX CONTAINER in layout_block: node=NodeKey(10147174009930776611), inline_size=46.003906, is_measurement=true
[2026-01-11T20:04:41Z ERROR css_core::box_tree::constraint_block_layout::flex_layout] layout_flex: node=NodeKey(10147174009930776594), flex_items.len()=6
[2026-01-11T20:04:41Z ERROR css_core::box_tree::constraint_block_layout] layout_block ENTRY: node=NodeKey(10147174009930776596)
[2026-01-11T20:04:41Z ERROR css_core::box_tree::constraint_block_layout] Checking flex: node=NodeKey(10147174009930776596), display=Inline
[2026-01-11T20:04:41Z ERROR css_core::box_tree::constraint_block_layout] layout_block ENTRY: node=NodeKey(10147174009930776599)
[2026-01-11T20:04:41Z ERROR css_core::box_tree::constraint_block_layout] Checking flex: node=NodeKey(10147174009930776599), display=InlineFlex
[2026-01-11T20:04:41Z ERROR css_core::box_tree::constraint_block_layout] IS FLEX!
[2026-01-11T20:04:41Z ERROR css_core::box_tree::constraint_block_layout::flex_layout] layout_flex: node=NodeKey(10147174009930776599), children.len()=1
[2026-01-11T20:04:41Z ERROR css_core::box_tree::constraint_block_layout::flex_layout] layout_flex: node=NodeKey(10147174009930776599), flex_items.len()=1
[2026-01-11T20:04:41Z ERROR css_core::box_tree::constraint_block_layout::text] INSERTING TEXT RESULT: text='Primary', inline_size=41.33203, block_size=14, single_line_height=14, glyph_height=14, is_for_measurement_only=false
[2026-01-11T20:04:41Z ERROR css_core::box_tree::constraint_block_layout] INSERTING FLEX CONTAINER in layout_block: node=NodeKey(10147174009930776599), inline_size=61.328125, is_measurement=false
[2026-01-11T20:04:41Z ERROR css_core::box_tree::constraint_block_layout] layout_block ENTRY: node=NodeKey(10147174009930776602)
[2026-01-11T20:04:41Z ERROR css_core::box_tree::constraint_block_layout] Checking flex: node=NodeKey(10147174009930776602), display=InlineFlex
[2026-01-11T20:04:41Z ERROR css_core::box_tree::constraint_block_layout] IS FLEX!
[2026-01-11T20:04:41Z ERROR css_core::box_tree::constraint_block_layout::flex_layout] layout_flex: node=NodeKey(10147174009930776602), children.len()=1
[2026-01-11T20:04:41Z ERROR css_core::box_tree::constraint_block_layout::flex_layout] layout_flex: node=NodeKey(10147174009930776602), flex_items.len()=1
[2026-01-11T20:04:41Z ERROR css_core::box_tree::constraint_block_layout] INSERTING FLEX CONTAINER in layout_block: node=NodeKey(10147174009930776602), inline_size=65.359375, is_measurement=false
[2026-01-11T20:04:41Z ERROR css_core::box_tree::constraint_block_layout] layout_block ENTRY: node=NodeKey(10147174009930776605)
[2026-01-11T20:04:41Z ERROR css_core::box_tree::constraint_block_layout] Checking flex: node=NodeKey(10147174009930776605), display=InlineFlex
[2026-01-11T20:04:41Z ERROR css_core::box_tree::constraint_block_layout] IS FLEX!
[2026-01-11T20:04:41Z ERROR css_core::box_tree::constraint_block_layout::flex_layout] layout_flex: node=NodeKey(10147174009930776605), children.len()=1
[2026-01-11T20:04:41Z ERROR css_core::box_tree::constraint_block_layout::flex_layout] layout_flex: node=NodeKey(10147174009930776605), flex_items.len()=1
[2026-01-11T20:04:41Z ERROR css_core::box_tree::constraint_block_layout] INSERTING FLEX CONTAINER in layout_block: node=NodeKey(10147174009930776605), inline_size=64.234375, is_measurement=false
[2026-01-11T20:04:41Z ERROR css_core::box_tree::constraint_block_layout] layout_block ENTRY: node=NodeKey(10147174009930776608)
[2026-01-11T20:04:41Z ERROR css_core::box_tree::constraint_block_layout] Checking flex: node=NodeKey(10147174009930776608), display=InlineFlex
[2026-01-11T20:04:41Z ERROR css_core::box_tree::constraint_block_layout] IS FLEX!
[2026-01-11T20:04:41Z ERROR css_core::box_tree::constraint_block_layout::flex_layout] layout_flex: node=NodeKey(10147174009930776608), children.len()=1
[2026-01-11T20:04:41Z ERROR css_core::box_tree::constraint_block_layout::flex_layout] layout_flex: node=NodeKey(10147174009930776608), flex_items.len()=1
[2026-01-11T20:04:41Z ERROR css_core::box_tree::constraint_block_layout] INSERTING FLEX CONTAINER in layout_block: node=NodeKey(10147174009930776608), inline_size=46.671875, is_measurement=false
[2026-01-11T20:04:41Z ERROR css_core::box_tree::constraint_block_layout] layout_block ENTRY: node=NodeKey(10147174009930776611)
[2026-01-11T20:04:41Z ERROR css_core::box_tree::constraint_block_layout] Checking flex: node=NodeKey(10147174009930776611), display=InlineFlex
[2026-01-11T20:04:41Z ERROR css_core::box_tree::constraint_block_layout] IS FLEX!
[2026-01-11T20:04:41Z ERROR css_core::box_tree::constraint_block_layout::flex_layout] layout_flex: node=NodeKey(10147174009930776611), children.len()=1
[2026-01-11T20:04:41Z ERROR css_core::box_tree::constraint_block_layout::flex_layout] layout_flex: node=NodeKey(10147174009930776611), flex_items.len()=1
[2026-01-11T20:04:41Z ERROR css_core::box_tree::constraint_block_layout] INSERTING FLEX CONTAINER in layout_block: node=NodeKey(10147174009930776611), inline_size=46, is_measurement=false
[2026-01-11T20:04:41Z ERROR css_core::box_tree::constraint_block_layout] INSERTING FLEX CONTAINER in layout_block: node=NodeKey(10147174009930776594), inline_size=768, is_measurement=false
[2026-01-11T20:04:41Z ERROR css_core::box_tree::constraint_block_layout] layout_block ENTRY: node=NodeKey(10147174009930776615)
[2026-01-11T20:04:41Z ERROR css_core::box_tree::constraint_block_layout] Checking flex: node=NodeKey(10147174009930776615), display=Flex
[2026-01-11T20:04:41Z ERROR css_core::box_tree::constraint_block_layout] IS FLEX!
[2026-01-11T20:04:41Z ERROR css_core::box_tree::constraint_block_layout::flex_layout] layout_flex: node=NodeKey(10147174009930776615), children.len()=9
[2026-01-11T20:04:41Z ERROR css_core::box_tree::constraint_block_layout] layout_block ENTRY: node=NodeKey(10147174009930776617)
[2026-01-11T20:04:41Z ERROR css_core::box_tree::constraint_block_layout] Checking flex: node=NodeKey(10147174009930776617), display=Inline
[2026-01-11T20:04:41Z ERROR css_core::box_tree::constraint_block_layout] layout_block ENTRY: node=NodeKey(10147174009930776620)
[2026-01-11T20:04:41Z ERROR css_core::box_tree::constraint_block_layout] Checking flex: node=NodeKey(10147174009930776620), display=InlineFlex
[2026-01-11T20:04:41Z ERROR css_core::box_tree::constraint_block_layout] IS FLEX!
[2026-01-11T20:04:41Z ERROR css_core::box_tree::constraint_block_layout::flex_layout] layout_flex: node=NodeKey(10147174009930776620), children.len()=1
[2026-01-11T20:04:41Z ERROR css_core::box_tree::constraint_block_layout::flex_layout] layout_flex: node=NodeKey(10147174009930776620), flex_items.len()=1
[2026-01-11T20:04:41Z ERROR css_core::box_tree::constraint_block_layout::text] INSERTING TEXT RESULT: text='Primary', inline_size=41.33203, block_size=14, single_line_height=14, glyph_height=14, is_for_measurement_only=false
[2026-01-11T20:04:41Z ERROR css_core::box_tree::constraint_block_layout] INSERTING FLEX CONTAINER in layout_block: node=NodeKey(10147174009930776620), inline_size=61.33203, is_measurement=true
[2026-01-11T20:04:41Z ERROR css_core::box_tree::constraint_block_layout] layout_block ENTRY: node=NodeKey(10147174009930776623)
[2026-01-11T20:04:41Z ERROR css_core::box_tree::constraint_block_layout] Checking flex: node=NodeKey(10147174009930776623), display=InlineFlex
[2026-01-11T20:04:41Z ERROR css_core::box_tree::constraint_block_layout] IS FLEX!
[2026-01-11T20:04:41Z ERROR css_core::box_tree::constraint_block_layout::flex_layout] layout_flex: node=NodeKey(10147174009930776623), children.len()=1
[2026-01-11T20:04:41Z ERROR css_core::box_tree::constraint_block_layout::flex_layout] layout_flex: node=NodeKey(10147174009930776623), flex_items.len()=1
[2026-01-11T20:04:41Z ERROR css_core::box_tree::constraint_block_layout] INSERTING FLEX CONTAINER in layout_block: node=NodeKey(10147174009930776623), inline_size=65.35156, is_measurement=true
[2026-01-11T20:04:41Z ERROR css_core::box_tree::constraint_block_layout] layout_block ENTRY: node=NodeKey(10147174009930776626)
[2026-01-11T20:04:41Z ERROR css_core::box_tree::constraint_block_layout] Checking flex: node=NodeKey(10147174009930776626), display=InlineFlex
[2026-01-11T20:04:41Z ERROR css_core::box_tree::constraint_block_layout] IS FLEX!
[2026-01-11T20:04:41Z ERROR css_core::box_tree::constraint_block_layout::flex_layout] layout_flex: node=NodeKey(10147174009930776626), children.len()=1
[2026-01-11T20:04:41Z ERROR css_core::box_tree::constraint_block_layout::flex_layout] layout_flex: node=NodeKey(10147174009930776626), flex_items.len()=1
[2026-01-11T20:04:41Z ERROR css_core::box_tree::constraint_block_layout] INSERTING FLEX CONTAINER in layout_block: node=NodeKey(10147174009930776626), inline_size=60.021484, is_measurement=true
[2026-01-11T20:04:41Z ERROR css_core::box_tree::constraint_block_layout::flex_layout] layout_flex: node=NodeKey(10147174009930776615), flex_items.len()=4
[2026-01-11T20:04:41Z ERROR css_core::box_tree::constraint_block_layout] layout_block ENTRY: node=NodeKey(10147174009930776617)
[2026-01-11T20:04:41Z ERROR css_core::box_tree::constraint_block_layout] Checking flex: node=NodeKey(10147174009930776617), display=Inline
[2026-01-11T20:04:41Z ERROR css_core::box_tree::constraint_block_layout] layout_block ENTRY: node=NodeKey(10147174009930776620)
[2026-01-11T20:04:41Z ERROR css_core::box_tree::constraint_block_layout] Checking flex: node=NodeKey(10147174009930776620), display=InlineFlex
[2026-01-11T20:04:41Z ERROR css_core::box_tree::constraint_block_layout] IS FLEX!
[2026-01-11T20:04:41Z ERROR css_core::box_tree::constraint_block_layout::flex_layout] layout_flex: node=NodeKey(10147174009930776620), children.len()=1
[2026-01-11T20:04:41Z ERROR css_core::box_tree::constraint_block_layout::flex_layout] layout_flex: node=NodeKey(10147174009930776620), flex_items.len()=1
[2026-01-11T20:04:41Z ERROR css_core::box_tree::constraint_block_layout::text] INSERTING TEXT RESULT: text='Primary', inline_size=41.33203, block_size=14, single_line_height=14, glyph_height=14, is_for_measurement_only=false
[2026-01-11T20:04:41Z ERROR css_core::box_tree::constraint_block_layout] INSERTING FLEX CONTAINER in layout_block: node=NodeKey(10147174009930776620), inline_size=61.328125, is_measurement=false
[2026-01-11T20:04:41Z ERROR css_core::box_tree::constraint_block_layout] layout_block ENTRY: node=NodeKey(10147174009930776623)
[2026-01-11T20:04:41Z ERROR css_core::box_tree::constraint_block_layout] Checking flex: node=NodeKey(10147174009930776623), display=InlineFlex
[2026-01-11T20:04:41Z ERROR css_core::box_tree::constraint_block_layout] IS FLEX!
[2026-01-11T20:04:41Z ERROR css_core::box_tree::constraint_block_layout::flex_layout] layout_flex: node=NodeKey(10147174009930776623), children.len()=1
[2026-01-11T20:04:41Z ERROR css_core::box_tree::constraint_block_layout::flex_layout] layout_flex: node=NodeKey(10147174009930776623), flex_items.len()=1
[2026-01-11T20:04:41Z ERROR css_core::box_tree::constraint_block_layout] INSERTING FLEX CONTAINER in layout_block: node=NodeKey(10147174009930776623), inline_size=65.359375, is_measurement=false
[2026-01-11T20:04:41Z ERROR css_core::box_tree::constraint_block_layout] layout_block ENTRY: node=NodeKey(10147174009930776626)
[2026-01-11T20:04:41Z ERROR css_core::box_tree::constraint_block_layout] Checking flex: node=NodeKey(10147174009930776626), display=InlineFlex
[2026-01-11T20:04:41Z ERROR css_core::box_tree::constraint_block_layout] IS FLEX!
[2026-01-11T20:04:41Z ERROR css_core::box_tree::constraint_block_layout::flex_layout] layout_flex: node=NodeKey(10147174009930776626), children.len()=1
[2026-01-11T20:04:41Z ERROR css_core::box_tree::constraint_block_layout::flex_layout] layout_flex: node=NodeKey(10147174009930776626), flex_items.len()=1
[2026-01-11T20:04:41Z ERROR css_core::box_tree::constraint_block_layout] INSERTING FLEX CONTAINER in layout_block: node=NodeKey(10147174009930776626), inline_size=60.015625, is_measurement=false
[2026-01-11T20:04:41Z ERROR css_core::box_tree::constraint_block_layout] INSERTING FLEX CONTAINER in layout_block: node=NodeKey(10147174009930776615), inline_size=768, is_measurement=false
[2026-01-11T20:04:41Z ERROR css_core::box_tree::constraint_block_layout] layout_block ENTRY: node=NodeKey(10147174009930776630)
[2026-01-11T20:04:41Z ERROR css_core::box_tree::constraint_block_layout] Checking flex: node=NodeKey(10147174009930776630), display=Flex
[2026-01-11T20:04:41Z ERROR css_core::box_tree::constraint_block_layout] IS FLEX!
[2026-01-11T20:04:41Z ERROR css_core::box_tree::constraint_block_layout::flex_layout] layout_flex: node=NodeKey(10147174009930776630), children.len()=9
[2026-01-11T20:04:41Z ERROR css_core::box_tree::constraint_block_layout] layout_block ENTRY: node=NodeKey(10147174009930776632)
[2026-01-11T20:04:41Z ERROR css_core::box_tree::constraint_block_layout] Checking flex: node=NodeKey(10147174009930776632), display=Inline
[2026-01-11T20:04:41Z ERROR css_core::box_tree::constraint_block_layout] layout_block ENTRY: node=NodeKey(10147174009930776635)
[2026-01-11T20:04:41Z ERROR css_core::box_tree::constraint_block_layout] Checking flex: node=NodeKey(10147174009930776635), display=InlineFlex
[2026-01-11T20:04:41Z ERROR css_core::box_tree::constraint_block_layout] IS FLEX!
[2026-01-11T20:04:41Z ERROR css_core::box_tree::constraint_block_layout::flex_layout] layout_flex: node=NodeKey(10147174009930776635), children.len()=2
[2026-01-11T20:04:41Z ERROR css_core::box_tree::constraint_block_layout] layout_block ENTRY: node=NodeKey(10147174009930776636)
[2026-01-11T20:04:41Z ERROR css_core::box_tree::constraint_block_layout] Checking flex: node=NodeKey(10147174009930776636), display=Inline
[2026-01-11T20:04:41Z ERROR css_core::box_tree::constraint_block_layout::flex_layout] layout_flex: node=NodeKey(10147174009930776635), flex_items.len()=2
[2026-01-11T20:04:41Z ERROR css_core::box_tree::constraint_block_layout] layout_block ENTRY: node=NodeKey(10147174009930776636)
[2026-01-11T20:04:41Z ERROR css_core::box_tree::constraint_block_layout] Checking flex: node=NodeKey(10147174009930776636), display=Inline
[2026-01-11T20:04:41Z ERROR css_core::box_tree::constraint_block_layout] INSERTING FLEX CONTAINER in layout_block: node=NodeKey(10147174009930776635), inline_size=60.6875, is_measurement=true
[2026-01-11T20:04:41Z ERROR css_core::box_tree::constraint_block_layout] layout_block ENTRY: node=NodeKey(10147174009930776639)
[2026-01-11T20:04:41Z ERROR css_core::box_tree::constraint_block_layout] Checking flex: node=NodeKey(10147174009930776639), display=InlineFlex
[2026-01-11T20:04:41Z ERROR css_core::box_tree::constraint_block_layout] IS FLEX!
[2026-01-11T20:04:41Z ERROR css_core::box_tree::constraint_block_layout::flex_layout] layout_flex: node=NodeKey(10147174009930776639), children.len()=2
[2026-01-11T20:04:41Z ERROR css_core::box_tree::constraint_block_layout] layout_block ENTRY: node=NodeKey(10147174009930776640)
[2026-01-11T20:04:41Z ERROR css_core::box_tree::constraint_block_layout] Checking flex: node=NodeKey(10147174009930776640), display=Inline
[2026-01-11T20:04:41Z ERROR css_core::box_tree::constraint_block_layout::flex_layout] layout_flex: node=NodeKey(10147174009930776639), flex_items.len()=2
[2026-01-11T20:04:41Z ERROR css_core::box_tree::constraint_block_layout] layout_block ENTRY: node=NodeKey(10147174009930776640)
[2026-01-11T20:04:41Z ERROR css_core::box_tree::constraint_block_layout] Checking flex: node=NodeKey(10147174009930776640), display=Inline
[2026-01-11T20:04:41Z ERROR css_core::box_tree::constraint_block_layout] INSERTING FLEX CONTAINER in layout_block: node=NodeKey(10147174009930776639), inline_size=55.126953, is_measurement=true
[2026-01-11T20:04:41Z ERROR css_core::box_tree::constraint_block_layout] layout_block ENTRY: node=NodeKey(10147174009930776643)
[2026-01-11T20:04:41Z ERROR css_core::box_tree::constraint_block_layout] Checking flex: node=NodeKey(10147174009930776643), display=InlineFlex
[2026-01-11T20:04:41Z ERROR css_core::box_tree::constraint_block_layout] IS FLEX!
[2026-01-11T20:04:41Z ERROR css_core::box_tree::constraint_block_layout::flex_layout] layout_flex: node=NodeKey(10147174009930776643), children.len()=2
[2026-01-11T20:04:41Z ERROR css_core::box_tree::constraint_block_layout] layout_block ENTRY: node=NodeKey(10147174009930776644)
[2026-01-11T20:04:41Z ERROR css_core::box_tree::constraint_block_layout] Checking flex: node=NodeKey(10147174009930776644), display=Inline
[2026-01-11T20:04:41Z ERROR css_core::box_tree::constraint_block_layout::flex_layout] layout_flex: node=NodeKey(10147174009930776643), flex_items.len()=2
[2026-01-11T20:04:41Z ERROR css_core::box_tree::constraint_block_layout] layout_block ENTRY: node=NodeKey(10147174009930776644)
[2026-01-11T20:04:41Z ERROR css_core::box_tree::constraint_block_layout] Checking flex: node=NodeKey(10147174009930776644), display=Inline
[2026-01-11T20:04:41Z ERROR css_core::box_tree::constraint_block_layout] INSERTING FLEX CONTAINER in layout_block: node=NodeKey(10147174009930776643), inline_size=60.464844, is_measurement=true
[2026-01-11T20:04:41Z ERROR css_core::box_tree::constraint_block_layout::flex_layout] layout_flex: node=NodeKey(10147174009930776630), flex_items.len()=4
[2026-01-11T20:04:41Z ERROR css_core::box_tree::constraint_block_layout] layout_block ENTRY: node=NodeKey(10147174009930776632)
[2026-01-11T20:04:41Z ERROR css_core::box_tree::constraint_block_layout] Checking flex: node=NodeKey(10147174009930776632), display=Inline
[2026-01-11T20:04:41Z ERROR css_core::box_tree::constraint_block_layout] layout_block ENTRY: node=NodeKey(10147174009930776635)
[2026-01-11T20:04:41Z ERROR css_core::box_tree::constraint_block_layout] Checking flex: node=NodeKey(10147174009930776635), display=InlineFlex
[2026-01-11T20:04:41Z ERROR css_core::box_tree::constraint_block_layout] IS FLEX!
[2026-01-11T20:04:41Z ERROR css_core::box_tree::constraint_block_layout::flex_layout] layout_flex: node=NodeKey(10147174009930776635), children.len()=2
[2026-01-11T20:04:41Z ERROR css_core::box_tree::constraint_block_layout] layout_block ENTRY: node=NodeKey(10147174009930776636)
[2026-01-11T20:04:41Z ERROR css_core::box_tree::constraint_block_layout] Checking flex: node=NodeKey(10147174009930776636), display=Inline
[2026-01-11T20:04:41Z ERROR css_core::box_tree::constraint_block_layout::flex_layout] layout_flex: node=NodeKey(10147174009930776635), flex_items.len()=2
[2026-01-11T20:04:41Z ERROR css_core::box_tree::constraint_block_layout] layout_block ENTRY: node=NodeKey(10147174009930776636)
[2026-01-11T20:04:41Z ERROR css_core::box_tree::constraint_block_layout] Checking flex: node=NodeKey(10147174009930776636), display=Inline
[2026-01-11T20:04:41Z ERROR css_core::box_tree::constraint_block_layout] INSERTING FLEX CONTAINER in layout_block: node=NodeKey(10147174009930776635), inline_size=60.6875, is_measurement=false
[2026-01-11T20:04:41Z ERROR css_core::box_tree::constraint_block_layout] layout_block ENTRY: node=NodeKey(10147174009930776639)
[2026-01-11T20:04:41Z ERROR css_core::box_tree::constraint_block_layout] Checking flex: node=NodeKey(10147174009930776639), display=InlineFlex
[2026-01-11T20:04:41Z ERROR css_core::box_tree::constraint_block_layout] IS FLEX!
[2026-01-11T20:04:41Z ERROR css_core::box_tree::constraint_block_layout::flex_layout] layout_flex: node=NodeKey(10147174009930776639), children.len()=2
[2026-01-11T20:04:41Z ERROR css_core::box_tree::constraint_block_layout] layout_block ENTRY: node=NodeKey(10147174009930776640)
[2026-01-11T20:04:41Z ERROR css_core::box_tree::constraint_block_layout] Checking flex: node=NodeKey(10147174009930776640), display=Inline
[2026-01-11T20:04:41Z ERROR css_core::box_tree::constraint_block_layout::flex_layout] layout_flex: node=NodeKey(10147174009930776639), flex_items.len()=2
[2026-01-11T20:04:41Z ERROR css_core::box_tree::constraint_block_layout] layout_block ENTRY: node=NodeKey(10147174009930776640)
[2026-01-11T20:04:41Z ERROR css_core::box_tree::constraint_block_layout] Checking flex: node=NodeKey(10147174009930776640), display=Inline
[2026-01-11T20:04:41Z ERROR css_core::box_tree::constraint_block_layout] INSERTING FLEX CONTAINER in layout_block: node=NodeKey(10147174009930776639), inline_size=55.125, is_measurement=false
[2026-01-11T20:04:41Z ERROR css_core::box_tree::constraint_block_layout] layout_block ENTRY: node=NodeKey(10147174009930776643)
[2026-01-11T20:04:41Z ERROR css_core::box_tree::constraint_block_layout] Checking flex: node=NodeKey(10147174009930776643), display=InlineFlex
[2026-01-11T20:04:41Z ERROR css_core::box_tree::constraint_block_layout] IS FLEX!
[2026-01-11T20:04:41Z ERROR css_core::box_tree::constraint_block_layout::flex_layout] layout_flex: node=NodeKey(10147174009930776643), children.len()=2
[2026-01-11T20:04:41Z ERROR css_core::box_tree::constraint_block_layout] layout_block ENTRY: node=NodeKey(10147174009930776644)
[2026-01-11T20:04:41Z ERROR css_core::box_tree::constraint_block_layout] Checking flex: node=NodeKey(10147174009930776644), display=Inline
[2026-01-11T20:04:41Z ERROR css_core::box_tree::constraint_block_layout::flex_layout] layout_flex: node=NodeKey(10147174009930776643), flex_items.len()=2
[2026-01-11T20:04:41Z ERROR css_core::box_tree::constraint_block_layout] layout_block ENTRY: node=NodeKey(10147174009930776644)
[2026-01-11T20:04:41Z ERROR css_core::box_tree::constraint_block_layout] Checking flex: node=NodeKey(10147174009930776644), display=Inline
[2026-01-11T20:04:41Z ERROR css_core::box_tree::constraint_block_layout] INSERTING FLEX CONTAINER in layout_block: node=NodeKey(10147174009930776643), inline_size=60.46875, is_measurement=false
[2026-01-11T20:04:41Z ERROR css_core::box_tree::constraint_block_layout] INSERTING FLEX CONTAINER in layout_block: node=NodeKey(10147174009930776630), inline_size=768, is_measurement=false
[2026-01-11T20:04:41Z ERROR css_core::box_tree::constraint_block_layout] layout_block ENTRY: node=NodeKey(10147174009930776648)
[2026-01-11T20:04:41Z ERROR css_core::box_tree::constraint_block_layout] Checking flex: node=NodeKey(10147174009930776648), display=Flex
[2026-01-11T20:04:41Z ERROR css_core::box_tree::constraint_block_layout] IS FLEX!
[2026-01-11T20:04:41Z ERROR css_core::box_tree::constraint_block_layout::flex_layout] layout_flex: node=NodeKey(10147174009930776648), children.len()=11
[2026-01-11T20:04:41Z ERROR css_core::box_tree::constraint_block_layout] layout_block ENTRY: node=NodeKey(10147174009930776650)
[2026-01-11T20:04:41Z ERROR css_core::box_tree::constraint_block_layout] Checking flex: node=NodeKey(10147174009930776650), display=Inline
[2026-01-11T20:04:41Z ERROR css_core::box_tree::constraint_block_layout] layout_block ENTRY: node=NodeKey(10147174009930776653)
[2026-01-11T20:04:41Z ERROR css_core::box_tree::constraint_block_layout] Checking flex: node=NodeKey(10147174009930776653), display=InlineFlex
[2026-01-11T20:04:41Z ERROR css_core::box_tree::constraint_block_layout] IS FLEX!
[2026-01-11T20:04:41Z ERROR css_core::box_tree::constraint_block_layout::flex_layout] layout_flex: node=NodeKey(10147174009930776653), children.len()=2
[2026-01-11T20:04:41Z ERROR css_core::box_tree::constraint_block_layout] layout_block ENTRY: node=NodeKey(10147174009930776655)
[2026-01-11T20:04:41Z ERROR css_core::box_tree::constraint_block_layout] Checking flex: node=NodeKey(10147174009930776655), display=Inline
[2026-01-11T20:04:41Z ERROR css_core::box_tree::constraint_block_layout::flex_layout] layout_flex: node=NodeKey(10147174009930776653), flex_items.len()=2
[2026-01-11T20:04:41Z ERROR css_core::box_tree::constraint_block_layout] layout_block ENTRY: node=NodeKey(10147174009930776655)
[2026-01-11T20:04:41Z ERROR css_core::box_tree::constraint_block_layout] Checking flex: node=NodeKey(10147174009930776655), display=Inline
[2026-01-11T20:04:41Z ERROR css_core::box_tree::constraint_block_layout] INSERTING FLEX CONTAINER in layout_block: node=NodeKey(10147174009930776653), inline_size=71.95996, is_measurement=true
[2026-01-11T20:04:41Z ERROR css_core::box_tree::constraint_block_layout] layout_block ENTRY: node=NodeKey(10147174009930776657)
[2026-01-11T20:04:41Z ERROR css_core::box_tree::constraint_block_layout] Checking flex: node=NodeKey(10147174009930776657), display=InlineFlex
[2026-01-11T20:04:41Z ERROR css_core::box_tree::constraint_block_layout] IS FLEX!
[2026-01-11T20:04:41Z ERROR css_core::box_tree::constraint_block_layout::flex_layout] layout_flex: node=NodeKey(10147174009930776657), children.len()=2
[2026-01-11T20:04:41Z ERROR css_core::box_tree::constraint_block_layout] layout_block ENTRY: node=NodeKey(10147174009930776659)
[2026-01-11T20:04:41Z ERROR css_core::box_tree::constraint_block_layout] Checking flex: node=NodeKey(10147174009930776659), display=Inline
[2026-01-11T20:04:41Z ERROR css_core::box_tree::constraint_block_layout::flex_layout] layout_flex: node=NodeKey(10147174009930776657), flex_items.len()=2
[2026-01-11T20:04:41Z ERROR css_core::box_tree::constraint_block_layout] layout_block ENTRY: node=NodeKey(10147174009930776659)
[2026-01-11T20:04:41Z ERROR css_core::box_tree::constraint_block_layout] Checking flex: node=NodeKey(10147174009930776659), display=Inline
[2026-01-11T20:04:41Z ERROR css_core::box_tree::constraint_block_layout] INSERTING FLEX CONTAINER in layout_block: node=NodeKey(10147174009930776657), inline_size=99.413574, is_measurement=true
[2026-01-11T20:04:41Z ERROR css_core::box_tree::constraint_block_layout] layout_block ENTRY: node=NodeKey(10147174009930776661)
[2026-01-11T20:04:41Z ERROR css_core::box_tree::constraint_block_layout] Checking flex: node=NodeKey(10147174009930776661), display=InlineFlex
[2026-01-11T20:04:41Z ERROR css_core::box_tree::constraint_block_layout] IS FLEX!
[2026-01-11T20:04:41Z ERROR css_core::box_tree::constraint_block_layout::flex_layout] layout_flex: node=NodeKey(10147174009930776661), children.len()=2
[2026-01-11T20:04:41Z ERROR css_core::box_tree::constraint_block_layout] layout_block ENTRY: node=NodeKey(10147174009930776663)
[2026-01-11T20:04:41Z ERROR css_core::box_tree::constraint_block_layout] Checking flex: node=NodeKey(10147174009930776663), display=Inline
[2026-01-11T20:04:41Z ERROR css_core::box_tree::constraint_block_layout::flex_layout] layout_flex: node=NodeKey(10147174009930776661), flex_items.len()=2
[2026-01-11T20:04:41Z ERROR css_core::box_tree::constraint_block_layout] layout_block ENTRY: node=NodeKey(10147174009930776663)
[2026-01-11T20:04:41Z ERROR css_core::box_tree::constraint_block_layout] Checking flex: node=NodeKey(10147174009930776663), display=Inline
[2026-01-11T20:04:41Z ERROR css_core::box_tree::constraint_block_layout] INSERTING FLEX CONTAINER in layout_block: node=NodeKey(10147174009930776661), inline_size=64.72998, is_measurement=true
[2026-01-11T20:04:41Z ERROR css_core::box_tree::constraint_block_layout] layout_block ENTRY: node=NodeKey(10147174009930776665)
[2026-01-11T20:04:41Z ERROR css_core::box_tree::constraint_block_layout] Checking flex: node=NodeKey(10147174009930776665), display=InlineFlex
[2026-01-11T20:04:41Z ERROR css_core::box_tree::constraint_block_layout] IS FLEX!
[2026-01-11T20:04:41Z ERROR css_core::box_tree::constraint_block_layout::flex_layout] layout_flex: node=NodeKey(10147174009930776665), children.len()=2
[2026-01-11T20:04:41Z ERROR css_core::box_tree::constraint_block_layout] layout_block ENTRY: node=NodeKey(10147174009930776667)
[2026-01-11T20:04:41Z ERROR css_core::box_tree::constraint_block_layout] Checking flex: node=NodeKey(10147174009930776667), display=Inline
[2026-01-11T20:04:41Z ERROR css_core::box_tree::constraint_block_layout::flex_layout] layout_flex: node=NodeKey(10147174009930776665), flex_items.len()=2
[2026-01-11T20:04:41Z ERROR css_core::box_tree::constraint_block_layout] layout_block ENTRY: node=NodeKey(10147174009930776667)
[2026-01-11T20:04:41Z ERROR css_core::box_tree::constraint_block_layout] Checking flex: node=NodeKey(10147174009930776667), display=Inline
[2026-01-11T20:04:41Z ERROR css_core::box_tree::constraint_block_layout] INSERTING FLEX CONTAINER in layout_block: node=NodeKey(10147174009930776665), inline_size=82.078125, is_measurement=true
[2026-01-11T20:04:41Z ERROR css_core::box_tree::constraint_block_layout::flex_layout] layout_flex: node=NodeKey(10147174009930776648), flex_items.len()=5
[2026-01-11T20:04:41Z ERROR css_core::box_tree::constraint_block_layout] layout_block ENTRY: node=NodeKey(10147174009930776650)
[2026-01-11T20:04:41Z ERROR css_core::box_tree::constraint_block_layout] Checking flex: node=NodeKey(10147174009930776650), display=Inline
[2026-01-11T20:04:41Z ERROR css_core::box_tree::constraint_block_layout] layout_block ENTRY: node=NodeKey(10147174009930776653)
[2026-01-11T20:04:41Z ERROR css_core::box_tree::constraint_block_layout] Checking flex: node=NodeKey(10147174009930776653), display=InlineFlex
[2026-01-11T20:04:41Z ERROR css_core::box_tree::constraint_block_layout] IS FLEX!
[2026-01-11T20:04:41Z ERROR css_core::box_tree::constraint_block_layout::flex_layout] layout_flex: node=NodeKey(10147174009930776653), children.len()=2
[2026-01-11T20:04:41Z ERROR css_core::box_tree::constraint_block_layout] layout_block ENTRY: node=NodeKey(10147174009930776655)
[2026-01-11T20:04:41Z ERROR css_core::box_tree::constraint_block_layout] Checking flex: node=NodeKey(10147174009930776655), display=Inline
[2026-01-11T20:04:41Z ERROR css_core::box_tree::constraint_block_layout::flex_layout] layout_flex: node=NodeKey(10147174009930776653), flex_items.len()=2
[2026-01-11T20:04:41Z ERROR css_core::box_tree::constraint_block_layout] layout_block ENTRY: node=NodeKey(10147174009930776655)
[2026-01-11T20:04:41Z ERROR css_core::box_tree::constraint_block_layout] Checking flex: node=NodeKey(10147174009930776655), display=Inline
[2026-01-11T20:04:41Z ERROR css_core::box_tree::constraint_block_layout] INSERTING FLEX CONTAINER in layout_block: node=NodeKey(10147174009930776653), inline_size=71.953125, is_measurement=false
[2026-01-11T20:04:41Z ERROR css_core::box_tree::constraint_block_layout] layout_block ENTRY: node=NodeKey(10147174009930776657)
[2026-01-11T20:04:41Z ERROR css_core::box_tree::constraint_block_layout] Checking flex: node=NodeKey(10147174009930776657), display=InlineFlex
[2026-01-11T20:04:41Z ERROR css_core::box_tree::constraint_block_layout] IS FLEX!
[2026-01-11T20:04:41Z ERROR css_core::box_tree::constraint_block_layout::flex_layout] layout_flex: node=NodeKey(10147174009930776657), children.len()=2
[2026-01-11T20:04:41Z ERROR css_core::box_tree::constraint_block_layout] layout_block ENTRY: node=NodeKey(10147174009930776659)
[2026-01-11T20:04:41Z ERROR css_core::box_tree::constraint_block_layout] Checking flex: node=NodeKey(10147174009930776659), display=Inline
[2026-01-11T20:04:41Z ERROR css_core::box_tree::constraint_block_layout::flex_layout] layout_flex: node=NodeKey(10147174009930776657), flex_items.len()=2
[2026-01-11T20:04:41Z ERROR css_core::box_tree::constraint_block_layout] layout_block ENTRY: node=NodeKey(10147174009930776659)
[2026-01-11T20:04:41Z ERROR css_core::box_tree::constraint_block_layout] Checking flex: node=NodeKey(10147174009930776659), display=Inline
[2026-01-11T20:04:41Z ERROR css_core::box_tree::constraint_block_layout] INSERTING FLEX CONTAINER in layout_block: node=NodeKey(10147174009930776657), inline_size=99.40625, is_measurement=false
[2026-01-11T20:04:41Z ERROR css_core::box_tree::constraint_block_layout] layout_block ENTRY: node=NodeKey(10147174009930776661)
[2026-01-11T20:04:41Z ERROR css_core::box_tree::constraint_block_layout] Checking flex: node=NodeKey(10147174009930776661), display=InlineFlex
[2026-01-11T20:04:41Z ERROR css_core::box_tree::constraint_block_layout] IS FLEX!
[2026-01-11T20:04:41Z ERROR css_core::box_tree::constraint_block_layout::flex_layout] layout_flex: node=NodeKey(10147174009930776661), children.len()=2
[2026-01-11T20:04:41Z ERROR css_core::box_tree::constraint_block_layout] layout_block ENTRY: node=NodeKey(10147174009930776663)
[2026-01-11T20:04:41Z ERROR css_core::box_tree::constraint_block_layout] Checking flex: node=NodeKey(10147174009930776663), display=Inline
[2026-01-11T20:04:41Z ERROR css_core::box_tree::constraint_block_layout::flex_layout] layout_flex: node=NodeKey(10147174009930776661), flex_items.len()=2
[2026-01-11T20:04:41Z ERROR css_core::box_tree::constraint_block_layout] layout_block ENTRY: node=NodeKey(10147174009930776663)
[2026-01-11T20:04:41Z ERROR css_core::box_tree::constraint_block_layout] Checking flex: node=NodeKey(10147174009930776663), display=Inline
[2026-01-11T20:04:41Z ERROR css_core::box_tree::constraint_block_layout] INSERTING FLEX CONTAINER in layout_block: node=NodeKey(10147174009930776661), inline_size=64.734375, is_measurement=false
[2026-01-11T20:04:41Z ERROR css_core::box_tree::constraint_block_layout] layout_block ENTRY: node=NodeKey(10147174009930776665)
[2026-01-11T20:04:41Z ERROR css_core::box_tree::constraint_block_layout] Checking flex: node=NodeKey(10147174009930776665), display=InlineFlex
[2026-01-11T20:04:41Z ERROR css_core::box_tree::constraint_block_layout] IS FLEX!
[2026-01-11T20:04:41Z ERROR css_core::box_tree::constraint_block_layout::flex_layout] layout_flex: node=NodeKey(10147174009930776665), children.len()=2
[2026-01-11T20:04:41Z ERROR css_core::box_tree::constraint_block_layout] layout_block ENTRY: node=NodeKey(10147174009930776667)
[2026-01-11T20:04:41Z ERROR css_core::box_tree::constraint_block_layout] Checking flex: node=NodeKey(10147174009930776667), display=Inline
[2026-01-11T20:04:41Z ERROR css_core::box_tree::constraint_block_layout::flex_layout] layout_flex: node=NodeKey(10147174009930776665), flex_items.len()=2
[2026-01-11T20:04:41Z ERROR css_core::box_tree::constraint_block_layout] layout_block ENTRY: node=NodeKey(10147174009930776667)
[2026-01-11T20:04:41Z ERROR css_core::box_tree::constraint_block_layout] Checking flex: node=NodeKey(10147174009930776667), display=Inline
[2026-01-11T20:04:41Z ERROR css_core::box_tree::constraint_block_layout] INSERTING FLEX CONTAINER in layout_block: node=NodeKey(10147174009930776665), inline_size=82.078125, is_measurement=false
[2026-01-11T20:04:41Z ERROR css_core::box_tree::constraint_block_layout] INSERTING FLEX CONTAINER in layout_block: node=NodeKey(10147174009930776648), inline_size=768, is_measurement=false
[2026-01-11T20:04:41Z ERROR css_core::box_tree::constraint_block_layout] INSERTING FLEX CONTAINER in layout_block: node=NodeKey(10147174009930776592), inline_size=800, is_measurement=false
[2026-01-11T20:04:41Z ERROR page_handler::core::incremental_layout] LAYOUT TREE COMPLETE - generation 2, total results: 55
[2026-01-11T20:04:41Z ERROR page_handler::core::incremental_layout] RUNNING LAYOUT TREE - generation 2
[2026-01-11T20:04:41Z ERROR css_core::box_tree::constraint_block_layout] layout_block ENTRY: node=NodeKey(16686119193896026114)
[2026-01-11T20:04:41Z ERROR css_core::box_tree::constraint_block_layout] Checking flex: node=NodeKey(16686119193896026114), display=Block
[2026-01-11T20:04:41Z ERROR css_core::box_tree::constraint_block_layout] layout_block ENTRY: node=NodeKey(16686119193896026126)
[2026-01-11T20:04:41Z ERROR css_core::box_tree::constraint_block_layout] Checking flex: node=NodeKey(16686119193896026126), display=Block
[2026-01-11T20:04:41Z ERROR css_core::box_tree::constraint_block_layout] layout_block ENTRY: node=NodeKey(16686119193896026128)
[2026-01-11T20:04:41Z ERROR css_core::box_tree::constraint_block_layout] Checking flex: node=NodeKey(16686119193896026128), display=Block
[2026-01-11T20:04:41Z ERROR css_core::box_tree::constraint_block_layout] layout_block ENTRY: node=NodeKey(16686119193896026130)
[2026-01-11T20:04:41Z ERROR css_core::box_tree::constraint_block_layout] Checking flex: node=NodeKey(16686119193896026130), display=Block
[2026-01-11T20:04:41Z ERROR css_core::box_tree::constraint_block_layout] layout_block ENTRY: node=NodeKey(16686119193896026132)
[2026-01-11T20:04:41Z ERROR css_core::box_tree::constraint_block_layout] Checking flex: node=NodeKey(16686119193896026132), display=Flex
[2026-01-11T20:04:41Z ERROR css_core::box_tree::constraint_block_layout] IS FLEX!
[2026-01-11T20:04:41Z ERROR css_core::box_tree::constraint_block_layout::flex_layout] layout_flex: node=NodeKey(16686119193896026132), children.len()=5
[2026-01-11T20:04:41Z ERROR css_core::box_tree::constraint_block_layout] layout_block ENTRY: node=NodeKey(16686119193896026134)
[2026-01-11T20:04:41Z ERROR css_core::box_tree::constraint_block_layout] Checking flex: node=NodeKey(16686119193896026134), display=Block
[2026-01-11T20:04:41Z ERROR css_core::box_tree::constraint_block_layout] layout_block ENTRY: node=NodeKey(16686119193896026136)
[2026-01-11T20:04:41Z ERROR css_core::box_tree::constraint_block_layout] Checking flex: node=NodeKey(16686119193896026136), display=Block
[2026-01-11T20:04:41Z ERROR css_core::box_tree::constraint_block_layout] layout_block ENTRY: node=NodeKey(16686119193896026138)
[2026-01-11T20:04:41Z ERROR css_core::box_tree::constraint_block_layout] Checking flex: node=NodeKey(16686119193896026138), display=Block
[2026-01-11T20:04:41Z ERROR css_core::box_tree::constraint_block_layout] layout_block ENTRY: node=NodeKey(16686119193896026141)
[2026-01-11T20:04:41Z ERROR css_core::box_tree::constraint_block_layout] Checking flex: node=NodeKey(16686119193896026141), display=Block
[2026-01-11T20:04:41Z ERROR css_core::box_tree::constraint_block_layout] layout_block ENTRY: node=NodeKey(16686119193896026144)
[2026-01-11T20:04:41Z ERROR css_core::box_tree::constraint_block_layout] Checking flex: node=NodeKey(16686119193896026144), display=Block
[2026-01-11T20:04:41Z ERROR css_core::box_tree::constraint_block_layout::flex_layout] layout_flex: node=NodeKey(16686119193896026132), flex_items.len()=2
[2026-01-11T20:04:41Z ERROR css_core::box_tree::constraint_block_layout] layout_block ENTRY: node=NodeKey(16686119193896026134)
[2026-01-11T20:04:41Z ERROR css_core::box_tree::constraint_block_layout] Checking flex: node=NodeKey(16686119193896026134), display=Block
[2026-01-11T20:04:41Z ERROR css_core::box_tree::constraint_block_layout] layout_block ENTRY: node=NodeKey(16686119193896026136)
[2026-01-11T20:04:41Z ERROR css_core::box_tree::constraint_block_layout] Checking flex: node=NodeKey(16686119193896026136), display=Block
[2026-01-11T20:04:41Z ERROR css_core::box_tree::constraint_block_layout] layout_block ENTRY: node=NodeKey(16686119193896026138)
[2026-01-11T20:04:41Z ERROR css_core::box_tree::constraint_block_layout] Checking flex: node=NodeKey(16686119193896026138), display=Block
[2026-01-11T20:04:41Z ERROR css_core::box_tree::constraint_block_layout] layout_block ENTRY: node=NodeKey(16686119193896026141)
[2026-01-11T20:04:41Z ERROR css_core::box_tree::constraint_block_layout] Checking flex: node=NodeKey(16686119193896026141), display=Block
[2026-01-11T20:04:41Z ERROR css_core::box_tree::constraint_block_layout] layout_block ENTRY: node=NodeKey(16686119193896026144)
[2026-01-11T20:04:41Z ERROR css_core::box_tree::constraint_block_layout] Checking flex: node=NodeKey(16686119193896026144), display=Block
[2026-01-11T20:04:41Z ERROR css_core::box_tree::constraint_block_layout] INSERTING FLEX CONTAINER in layout_block: node=NodeKey(16686119193896026132), inline_size=2, is_measurement=false
[2026-01-11T20:04:41Z ERROR css_core::box_tree::constraint_block_layout] layout_block ENTRY: node=NodeKey(16686119193896026149)
[2026-01-11T20:04:41Z ERROR css_core::box_tree::constraint_block_layout] Checking flex: node=NodeKey(16686119193896026149), display=Flex
[2026-01-11T20:04:41Z ERROR css_core::box_tree::constraint_block_layout] IS FLEX!
[2026-01-11T20:04:41Z ERROR css_core::box_tree::constraint_block_layout::flex_layout] layout_flex: node=NodeKey(16686119193896026149), children.len()=5
[2026-01-11T20:04:41Z ERROR css_core::box_tree::constraint_block_layout] layout_block ENTRY: node=NodeKey(16686119193896026151)
[2026-01-11T20:04:41Z ERROR css_core::box_tree::constraint_block_layout] Checking flex: node=NodeKey(16686119193896026151), display=Block
[2026-01-11T20:04:41Z ERROR css_core::box_tree::constraint_block_layout] layout_block ENTRY: node=NodeKey(16686119193896026153)
[2026-01-11T20:04:41Z ERROR css_core::box_tree::constraint_block_layout] Checking flex: node=NodeKey(16686119193896026153), display=Block
[2026-01-11T20:04:41Z ERROR css_core::box_tree::constraint_block_layout] layout_block ENTRY: node=NodeKey(16686119193896026155)
[2026-01-11T20:04:41Z ERROR css_core::box_tree::constraint_block_layout] Checking flex: node=NodeKey(16686119193896026155), display=Block
[2026-01-11T20:04:41Z ERROR css_core::box_tree::constraint_block_layout] layout_block ENTRY: node=NodeKey(16686119193896026158)
[2026-01-11T20:04:41Z ERROR css_core::box_tree::constraint_block_layout] Checking flex: node=NodeKey(16686119193896026158), display=Block
[2026-01-11T20:04:41Z ERROR css_core::box_tree::constraint_block_layout] layout_block ENTRY: node=NodeKey(16686119193896026161)
[2026-01-11T20:04:41Z ERROR css_core::box_tree::constraint_block_layout] Checking flex: node=NodeKey(16686119193896026161), display=Block
[2026-01-11T20:04:41Z ERROR css_core::box_tree::constraint_block_layout::flex_layout] layout_flex: node=NodeKey(16686119193896026149), flex_items.len()=2
[2026-01-11T20:04:41Z ERROR css_core::box_tree::constraint_block_layout] layout_block ENTRY: node=NodeKey(16686119193896026151)
[2026-01-11T20:04:41Z ERROR css_core::box_tree::constraint_block_layout] Checking flex: node=NodeKey(16686119193896026151), display=Block
[2026-01-11T20:04:41Z ERROR css_core::box_tree::constraint_block_layout] layout_block ENTRY: node=NodeKey(16686119193896026153)
[2026-01-11T20:04:41Z ERROR css_core::box_tree::constraint_block_layout] Checking flex: node=NodeKey(16686119193896026153), display=Block
[2026-01-11T20:04:41Z ERROR css_core::box_tree::constraint_block_layout] layout_block ENTRY: node=NodeKey(16686119193896026155)
[2026-01-11T20:04:41Z ERROR css_core::box_tree::constraint_block_layout] Checking flex: node=NodeKey(16686119193896026155), display=Block
[2026-01-11T20:04:41Z ERROR css_core::box_tree::constraint_block_layout] layout_block ENTRY: node=NodeKey(16686119193896026158)
[2026-01-11T20:04:41Z ERROR css_core::box_tree::constraint_block_layout] Checking flex: node=NodeKey(16686119193896026158), display=Block
[2026-01-11T20:04:41Z ERROR css_core::box_tree::constraint_block_layout] layout_block ENTRY: node=NodeKey(16686119193896026161)
[2026-01-11T20:04:41Z ERROR css_core::box_tree::constraint_block_layout] Checking flex: node=NodeKey(16686119193896026161), display=Block
[2026-01-11T20:04:41Z ERROR css_core::box_tree::constraint_block_layout] INSERTING FLEX CONTAINER in layout_block: node=NodeKey(16686119193896026149), inline_size=2, is_measurement=false
[2026-01-11T20:04:41Z ERROR css_core::box_tree::constraint_block_layout] layout_block ENTRY: node=NodeKey(16686119193896026166)
[2026-01-11T20:04:41Z ERROR css_core::box_tree::constraint_block_layout] Checking flex: node=NodeKey(16686119193896026166), display=Flex
[2026-01-11T20:04:41Z ERROR css_core::box_tree::constraint_block_layout] IS FLEX!
[2026-01-11T20:04:41Z ERROR css_core::box_tree::constraint_block_layout::flex_layout] layout_flex: node=NodeKey(16686119193896026166), children.len()=5
[2026-01-11T20:04:41Z ERROR css_core::box_tree::constraint_block_layout] layout_block ENTRY: node=NodeKey(16686119193896026168)
[2026-01-11T20:04:41Z ERROR css_core::box_tree::constraint_block_layout] Checking flex: node=NodeKey(16686119193896026168), display=Block
[2026-01-11T20:04:41Z ERROR css_core::box_tree::constraint_block_layout] layout_block ENTRY: node=NodeKey(16686119193896026170)
[2026-01-11T20:04:41Z ERROR css_core::box_tree::constraint_block_layout] Checking flex: node=NodeKey(16686119193896026170), display=Block
[2026-01-11T20:04:41Z ERROR css_core::box_tree::constraint_block_layout] layout_block ENTRY: node=NodeKey(16686119193896026172)
[2026-01-11T20:04:41Z ERROR css_core::box_tree::constraint_block_layout] Checking flex: node=NodeKey(16686119193896026172), display=Block
[2026-01-11T20:04:41Z ERROR css_core::box_tree::constraint_block_layout] layout_block ENTRY: node=NodeKey(16686119193896026175)
[2026-01-11T20:04:41Z ERROR css_core::box_tree::constraint_block_layout] Checking flex: node=NodeKey(16686119193896026175), display=Block
[2026-01-11T20:04:41Z ERROR css_core::box_tree::constraint_block_layout] layout_block ENTRY: node=NodeKey(16686119193896026178)
[2026-01-11T20:04:41Z ERROR css_core::box_tree::constraint_block_layout] Checking flex: node=NodeKey(16686119193896026178), display=Block
[2026-01-11T20:04:41Z ERROR css_core::box_tree::constraint_block_layout::flex_layout] layout_flex: node=NodeKey(16686119193896026166), flex_items.len()=2
[2026-01-11T20:04:41Z ERROR css_core::box_tree::constraint_block_layout] layout_block ENTRY: node=NodeKey(16686119193896026168)
[2026-01-11T20:04:41Z ERROR css_core::box_tree::constraint_block_layout] Checking flex: node=NodeKey(16686119193896026168), display=Block
[2026-01-11T20:04:41Z ERROR css_core::box_tree::constraint_block_layout] layout_block ENTRY: node=NodeKey(16686119193896026170)
[2026-01-11T20:04:41Z ERROR css_core::box_tree::constraint_block_layout] Checking flex: node=NodeKey(16686119193896026170), display=Block
[2026-01-11T20:04:41Z ERROR css_core::box_tree::constraint_block_layout] layout_block ENTRY: node=NodeKey(16686119193896026172)
[2026-01-11T20:04:41Z ERROR css_core::box_tree::constraint_block_layout] Checking flex: node=NodeKey(16686119193896026172), display=Block
[2026-01-11T20:04:41Z ERROR css_core::box_tree::constraint_block_layout] layout_block ENTRY: node=NodeKey(16686119193896026175)
[2026-01-11T20:04:41Z ERROR css_core::box_tree::constraint_block_layout] Checking flex: node=NodeKey(16686119193896026175), display=Block
[2026-01-11T20:04:41Z ERROR css_core::box_tree::constraint_block_layout] layout_block ENTRY: node=NodeKey(16686119193896026178)
[2026-01-11T20:04:41Z ERROR css_core::box_tree::constraint_block_layout] Checking flex: node=NodeKey(16686119193896026178), display=Block
[2026-01-11T20:04:41Z ERROR css_core::box_tree::constraint_block_layout] INSERTING FLEX CONTAINER in layout_block: node=NodeKey(16686119193896026166), inline_size=2, is_measurement=false
[2026-01-11T20:04:41Z ERROR css_core::box_tree::constraint_block_layout] layout_block ENTRY: node=NodeKey(16686119193896026183)
[2026-01-11T20:04:41Z ERROR css_core::box_tree::constraint_block_layout] Checking flex: node=NodeKey(16686119193896026183), display=Flex
[2026-01-11T20:04:41Z ERROR css_core::box_tree::constraint_block_layout] IS FLEX!
[2026-01-11T20:04:41Z ERROR css_core::box_tree::constraint_block_layout::flex_layout] layout_flex: node=NodeKey(16686119193896026183), children.len()=5
[2026-01-11T20:04:41Z ERROR css_core::box_tree::constraint_block_layout] layout_block ENTRY: node=NodeKey(16686119193896026185)
[2026-01-11T20:04:41Z ERROR css_core::box_tree::constraint_block_layout] Checking flex: node=NodeKey(16686119193896026185), display=Block
[2026-01-11T20:04:41Z ERROR css_core::box_tree::constraint_block_layout] layout_block ENTRY: node=NodeKey(16686119193896026187)
[2026-01-11T20:04:41Z ERROR css_core::box_tree::constraint_block_layout] Checking flex: node=NodeKey(16686119193896026187), display=Block
[2026-01-11T20:04:41Z ERROR css_core::box_tree::constraint_block_layout] layout_block ENTRY: node=NodeKey(16686119193896026189)
[2026-01-11T20:04:41Z ERROR css_core::box_tree::constraint_block_layout] Checking flex: node=NodeKey(16686119193896026189), display=Block
[2026-01-11T20:04:41Z ERROR css_core::box_tree::constraint_block_layout] layout_block ENTRY: node=NodeKey(16686119193896026192)
[2026-01-11T20:04:41Z ERROR css_core::box_tree::constraint_block_layout] Checking flex: node=NodeKey(16686119193896026192), display=Block
[2026-01-11T20:04:41Z ERROR css_core::box_tree::constraint_block_layout] layout_block ENTRY: node=NodeKey(16686119193896026195)
[2026-01-11T20:04:41Z ERROR css_core::box_tree::constraint_block_layout] Checking flex: node=NodeKey(16686119193896026195), display=Block
[2026-01-11T20:04:41Z ERROR css_core::box_tree::constraint_block_layout::flex_layout] layout_flex: node=NodeKey(16686119193896026183), flex_items.len()=2
[2026-01-11T20:04:41Z ERROR css_core::box_tree::constraint_block_layout] layout_block ENTRY: node=NodeKey(16686119193896026185)
[2026-01-11T20:04:41Z ERROR css_core::box_tree::constraint_block_layout] Checking flex: node=NodeKey(16686119193896026185), display=Block
[2026-01-11T20:04:41Z ERROR css_core::box_tree::constraint_block_layout] layout_block ENTRY: node=NodeKey(16686119193896026187)
[2026-01-11T20:04:41Z ERROR css_core::box_tree::constraint_block_layout] Checking flex: node=NodeKey(16686119193896026187), display=Block
[2026-01-11T20:04:41Z ERROR css_core::box_tree::constraint_block_layout] layout_block ENTRY: node=NodeKey(16686119193896026189)
[2026-01-11T20:04:41Z ERROR css_core::box_tree::constraint_block_layout] Checking flex: node=NodeKey(16686119193896026189), display=Block
[2026-01-11T20:04:41Z ERROR css_core::box_tree::constraint_block_layout] layout_block ENTRY: node=NodeKey(16686119193896026192)
[2026-01-11T20:04:41Z ERROR css_core::box_tree::constraint_block_layout] Checking flex: node=NodeKey(16686119193896026192), display=Block
[2026-01-11T20:04:41Z ERROR css_core::box_tree::constraint_block_layout] layout_block ENTRY: node=NodeKey(16686119193896026195)
[2026-01-11T20:04:41Z ERROR css_core::box_tree::constraint_block_layout] Checking flex: node=NodeKey(16686119193896026195), display=Block
[2026-01-11T20:04:41Z ERROR css_core::box_tree::constraint_block_layout] INSERTING FLEX CONTAINER in layout_block: node=NodeKey(16686119193896026183), inline_size=2, is_measurement=false
[2026-01-11T20:04:41Z ERROR page_handler::core::incremental_layout] LAYOUT TREE COMPLETE - generation 2, total results: 66
[2026-01-11T20:04:41Z ERROR page_handler::core::incremental_layout] RUNNING LAYOUT TREE - generation 2
[2026-01-11T20:04:41Z ERROR css_core::box_tree::constraint_block_layout] layout_block ENTRY: node=NodeKey(640638146505080834)
[2026-01-11T20:04:41Z ERROR css_core::box_tree::constraint_block_layout] Checking flex: node=NodeKey(640638146505080834), display=Block
[2026-01-11T20:04:41Z ERROR css_core::box_tree::constraint_block_layout] layout_block ENTRY: node=NodeKey(640638146505080846)
[2026-01-11T20:04:41Z ERROR css_core::box_tree::constraint_block_layout] Checking flex: node=NodeKey(640638146505080846), display=Block
[2026-01-11T20:04:41Z ERROR css_core::box_tree::constraint_block_layout] layout_block ENTRY: node=NodeKey(640638146505080848)
[2026-01-11T20:04:41Z ERROR css_core::box_tree::constraint_block_layout] Checking flex: node=NodeKey(640638146505080848), display=Flex
[2026-01-11T20:04:41Z ERROR css_core::box_tree::constraint_block_layout] IS FLEX!
[2026-01-11T20:04:41Z ERROR css_core::box_tree::constraint_block_layout::flex_layout] layout_flex: node=NodeKey(640638146505080848), children.len()=7
[2026-01-11T20:04:41Z ERROR css_core::box_tree::constraint_block_layout] layout_block ENTRY: node=NodeKey(640638146505080850)
[2026-01-11T20:04:41Z ERROR css_core::box_tree::constraint_block_layout] Checking flex: node=NodeKey(640638146505080850), display=Block
[2026-01-11T20:04:41Z ERROR css_core::box_tree::constraint_block_layout] layout_block ENTRY: node=NodeKey(640638146505080852)
[2026-01-11T20:04:41Z ERROR css_core::box_tree::constraint_block_layout] Checking flex: node=NodeKey(640638146505080852), display=Block
[2026-01-11T20:04:41Z ERROR css_core::box_tree::constraint_block_layout] layout_block ENTRY: node=NodeKey(640638146505080855)
[2026-01-11T20:04:41Z ERROR css_core::box_tree::constraint_block_layout] Checking flex: node=NodeKey(640638146505080855), display=Block
[2026-01-11T20:04:41Z ERROR css_core::box_tree::constraint_block_layout] layout_block ENTRY: node=NodeKey(640638146505080858)
[2026-01-11T20:04:41Z ERROR css_core::box_tree::constraint_block_layout] Checking flex: node=NodeKey(640638146505080858), display=Block
[2026-01-11T20:04:41Z ERROR css_core::box_tree::constraint_block_layout] layout_block ENTRY: node=NodeKey(640638146505080861)
[2026-01-11T20:04:41Z ERROR css_core::box_tree::constraint_block_layout] Checking flex: node=NodeKey(640638146505080861), display=Block
[2026-01-11T20:04:41Z ERROR css_core::box_tree::constraint_block_layout] layout_block ENTRY: node=NodeKey(640638146505080865)
[2026-01-11T20:04:41Z ERROR css_core::box_tree::constraint_block_layout] Checking flex: node=NodeKey(640638146505080865), display=Block
[2026-01-11T20:04:41Z ERROR css_core::box_tree::constraint_block_layout] layout_block ENTRY: node=NodeKey(640638146505080867)
[2026-01-11T20:04:41Z ERROR css_core::box_tree::constraint_block_layout] Checking flex: node=NodeKey(640638146505080867), display=Flex
[2026-01-11T20:04:41Z ERROR css_core::box_tree::constraint_block_layout] IS FLEX!
[2026-01-11T20:04:41Z ERROR css_core::box_tree::constraint_block_layout::flex_layout] layout_flex: node=NodeKey(640638146505080867), children.len()=5
[2026-01-11T20:04:41Z ERROR css_core::box_tree::constraint_block_layout] layout_block ENTRY: node=NodeKey(640638146505080869)
[2026-01-11T20:04:41Z ERROR css_core::box_tree::constraint_block_layout] Checking flex: node=NodeKey(640638146505080869), display=Inline
[2026-01-11T20:04:41Z ERROR css_core::box_tree::constraint_block_layout] layout_block ENTRY: node=NodeKey(640638146505080872)
[2026-01-11T20:04:41Z ERROR css_core::box_tree::constraint_block_layout] Checking flex: node=NodeKey(640638146505080872), display=Inline
[2026-01-11T20:04:41Z ERROR css_core::box_tree::constraint_block_layout::flex_layout] layout_flex: node=NodeKey(640638146505080867), flex_items.len()=2
[2026-01-11T20:04:41Z ERROR css_core::box_tree::constraint_block_layout] layout_block ENTRY: node=NodeKey(640638146505080869)
[2026-01-11T20:04:41Z ERROR css_core::box_tree::constraint_block_layout] Checking flex: node=NodeKey(640638146505080869), display=Inline
[2026-01-11T20:04:41Z ERROR css_core::box_tree::constraint_block_layout] layout_block ENTRY: node=NodeKey(640638146505080872)
[2026-01-11T20:04:41Z ERROR css_core::box_tree::constraint_block_layout] Checking flex: node=NodeKey(640638146505080872), display=Inline
[2026-01-11T20:04:41Z ERROR css_core::box_tree::constraint_block_layout] INSERTING FLEX CONTAINER in layout_block: node=NodeKey(640638146505080867), inline_size=278, is_measurement=true
[2026-01-11T20:04:41Z ERROR css_core::box_tree::constraint_block_layout] layout_block ENTRY: node=NodeKey(640638146505080876)
[2026-01-11T20:04:41Z ERROR css_core::box_tree::constraint_block_layout] Checking flex: node=NodeKey(640638146505080876), display=Flex
[2026-01-11T20:04:41Z ERROR css_core::box_tree::constraint_block_layout] IS FLEX!
[2026-01-11T20:04:41Z ERROR css_core::box_tree::constraint_block_layout::flex_layout] layout_flex: node=NodeKey(640638146505080876), children.len()=5
[2026-01-11T20:04:41Z ERROR css_core::box_tree::constraint_block_layout] layout_block ENTRY: node=NodeKey(640638146505080878)
[2026-01-11T20:04:41Z ERROR css_core::box_tree::constraint_block_layout] Checking flex: node=NodeKey(640638146505080878), display=Inline
[2026-01-11T20:04:41Z ERROR css_core::box_tree::constraint_block_layout] layout_block ENTRY: node=NodeKey(640638146505080881)
[2026-01-11T20:04:41Z ERROR css_core::box_tree::constraint_block_layout] Checking flex: node=NodeKey(640638146505080881), display=Inline
[2026-01-11T20:04:41Z ERROR css_core::box_tree::constraint_block_layout::text] INSERTING TEXT RESULT: text='3', inline_size=6.673828, block_size=14, single_line_height=14, glyph_height=14, is_for_measurement_only=true
[2026-01-11T20:04:41Z ERROR css_core::box_tree::constraint_block_layout::flex_layout] layout_flex: node=NodeKey(640638146505080876), flex_items.len()=2
[2026-01-11T20:04:41Z ERROR css_core::box_tree::constraint_block_layout] layout_block ENTRY: node=NodeKey(640638146505080878)
[2026-01-11T20:04:41Z ERROR css_core::box_tree::constraint_block_layout] Checking flex: node=NodeKey(640638146505080878), display=Inline
[2026-01-11T20:04:41Z ERROR css_core::box_tree::constraint_block_layout] layout_block ENTRY: node=NodeKey(640638146505080881)
[2026-01-11T20:04:41Z ERROR css_core::box_tree::constraint_block_layout] Checking flex: node=NodeKey(640638146505080881), display=Inline
[2026-01-11T20:04:41Z ERROR css_core::box_tree::constraint_block_layout::text] INSERTING TEXT RESULT: text='3', inline_size=6.673828, block_size=14, single_line_height=14, glyph_height=14, is_for_measurement_only=false
[2026-01-11T20:04:41Z ERROR css_core::box_tree::constraint_block_layout] INSERTING FLEX CONTAINER in layout_block: node=NodeKey(640638146505080876), inline_size=278, is_measurement=true
[2026-01-11T20:04:41Z ERROR css_core::box_tree::constraint_block_layout] layout_block ENTRY: node=NodeKey(640638146505080885)
[2026-01-11T20:04:41Z ERROR css_core::box_tree::constraint_block_layout] Checking flex: node=NodeKey(640638146505080885), display=Flex
[2026-01-11T20:04:41Z ERROR css_core::box_tree::constraint_block_layout] IS FLEX!
[2026-01-11T20:04:41Z ERROR css_core::box_tree::constraint_block_layout::flex_layout] layout_flex: node=NodeKey(640638146505080885), children.len()=5
[2026-01-11T20:04:41Z ERROR css_core::box_tree::constraint_block_layout] layout_block ENTRY: node=NodeKey(640638146505080887)
[2026-01-11T20:04:41Z ERROR css_core::box_tree::constraint_block_layout] Checking flex: node=NodeKey(640638146505080887), display=Inline
[2026-01-11T20:04:41Z ERROR css_core::box_tree::constraint_block_layout] layout_block ENTRY: node=NodeKey(640638146505080890)
[2026-01-11T20:04:41Z ERROR css_core::box_tree::constraint_block_layout] Checking flex: node=NodeKey(640638146505080890), display=Inline
[2026-01-11T20:04:41Z ERROR css_core::box_tree::constraint_block_layout::text] INSERTING TEXT RESULT: text='1', inline_size=6.673828, block_size=14, single_line_height=14, glyph_height=14, is_for_measurement_only=true
[2026-01-11T20:04:41Z ERROR css_core::box_tree::constraint_block_layout::flex_layout] layout_flex: node=NodeKey(640638146505080885), flex_items.len()=2
[2026-01-11T20:04:41Z ERROR css_core::box_tree::constraint_block_layout] layout_block ENTRY: node=NodeKey(640638146505080887)
[2026-01-11T20:04:41Z ERROR css_core::box_tree::constraint_block_layout] Checking flex: node=NodeKey(640638146505080887), display=Inline
[2026-01-11T20:04:41Z ERROR css_core::box_tree::constraint_block_layout] layout_block ENTRY: node=NodeKey(640638146505080890)
[2026-01-11T20:04:41Z ERROR css_core::box_tree::constraint_block_layout] Checking flex: node=NodeKey(640638146505080890), display=Inline
[2026-01-11T20:04:41Z ERROR css_core::box_tree::constraint_block_layout::text] INSERTING TEXT RESULT: text='1', inline_size=6.673828, block_size=14, single_line_height=14, glyph_height=14, is_for_measurement_only=false
[2026-01-11T20:04:41Z ERROR css_core::box_tree::constraint_block_layout] INSERTING FLEX CONTAINER in layout_block: node=NodeKey(640638146505080885), inline_size=278, is_measurement=true
[2026-01-11T20:04:41Z ERROR css_core::box_tree::constraint_block_layout] layout_block ENTRY: node=NodeKey(640638146505080895)
[2026-01-11T20:04:41Z ERROR css_core::box_tree::constraint_block_layout] Checking flex: node=NodeKey(640638146505080895), display=Block
[2026-01-11T20:04:41Z ERROR css_core::box_tree::constraint_block_layout] layout_block ENTRY: node=NodeKey(640638146505080897)
[2026-01-11T20:04:41Z ERROR css_core::box_tree::constraint_block_layout] Checking flex: node=NodeKey(640638146505080897), display=Flex
[2026-01-11T20:04:41Z ERROR css_core::box_tree::constraint_block_layout] IS FLEX!
[2026-01-11T20:04:41Z ERROR css_core::box_tree::constraint_block_layout::flex_layout] layout_flex: node=NodeKey(640638146505080897), children.len()=7
[2026-01-11T20:04:41Z ERROR css_core::box_tree::constraint_block_layout] layout_block ENTRY: node=NodeKey(640638146505080899)
[2026-01-11T20:04:41Z ERROR css_core::box_tree::constraint_block_layout] Checking flex: node=NodeKey(640638146505080899), display=Block
[2026-01-11T20:04:41Z ERROR css_core::box_tree::constraint_block_layout] layout_block ENTRY: node=NodeKey(640638146505080901)
[2026-01-11T20:04:41Z ERROR css_core::box_tree::constraint_block_layout] Checking flex: node=NodeKey(640638146505080901), display=Block
[2026-01-11T20:04:41Z ERROR css_core::box_tree::constraint_block_layout] layout_block ENTRY: node=NodeKey(640638146505080903)
[2026-01-11T20:04:41Z ERROR css_core::box_tree::constraint_block_layout] Checking flex: node=NodeKey(640638146505080903), display=Block
[2026-01-11T20:04:41Z ERROR css_core::box_tree::constraint_block_layout] layout_block ENTRY: node=NodeKey(640638146505080906)
[2026-01-11T20:04:41Z ERROR css_core::box_tree::constraint_block_layout] Checking flex: node=NodeKey(640638146505080906), display=Block
[2026-01-11T20:04:41Z ERROR css_core::box_tree::constraint_block_layout] layout_block ENTRY: node=NodeKey(640638146505080910)
[2026-01-11T20:04:41Z ERROR css_core::box_tree::constraint_block_layout] Checking flex: node=NodeKey(640638146505080910), display=Block
[2026-01-11T20:04:41Z ERROR css_core::box_tree::constraint_block_layout::flex_layout] layout_flex: node=NodeKey(640638146505080897), flex_items.len()=3
[2026-01-11T20:04:41Z ERROR css_core::box_tree::constraint_block_layout] layout_block ENTRY: node=NodeKey(640638146505080899)
[2026-01-11T20:04:41Z ERROR css_core::box_tree::constraint_block_layout] Checking flex: node=NodeKey(640638146505080899), display=Block
[2026-01-11T20:04:41Z ERROR css_core::box_tree::constraint_block_layout] layout_block ENTRY: node=NodeKey(640638146505080901)
[2026-01-11T20:04:41Z ERROR css_core::box_tree::constraint_block_layout] Checking flex: node=NodeKey(640638146505080901), display=Block
[2026-01-11T20:04:41Z ERROR css_core::box_tree::constraint_block_layout] layout_block ENTRY: node=NodeKey(640638146505080903)
[2026-01-11T20:04:41Z ERROR css_core::box_tree::constraint_block_layout] Checking flex: node=NodeKey(640638146505080903), display=Block
[2026-01-11T20:04:41Z ERROR css_core::box_tree::constraint_block_layout] layout_block ENTRY: node=NodeKey(640638146505080906)
[2026-01-11T20:04:41Z ERROR css_core::box_tree::constraint_block_layout] Checking flex: node=NodeKey(640638146505080906), display=Block
[2026-01-11T20:04:41Z ERROR css_core::box_tree::constraint_block_layout] layout_block ENTRY: node=NodeKey(640638146505080910)
[2026-01-11T20:04:41Z ERROR css_core::box_tree::constraint_block_layout] Checking flex: node=NodeKey(640638146505080910), display=Block
[2026-01-11T20:04:41Z ERROR css_core::box_tree::constraint_block_layout] INSERTING FLEX CONTAINER in layout_block: node=NodeKey(640638146505080897), inline_size=278, is_measurement=true
[2026-01-11T20:04:41Z ERROR css_core::box_tree::constraint_block_layout] layout_block ENTRY: node=NodeKey(640638146505080914)
[2026-01-11T20:04:41Z ERROR css_core::box_tree::constraint_block_layout] Checking flex: node=NodeKey(640638146505080914), display=Flex
[2026-01-11T20:04:41Z ERROR css_core::box_tree::constraint_block_layout] IS FLEX!
[2026-01-11T20:04:41Z ERROR css_core::box_tree::constraint_block_layout::flex_layout] layout_flex: node=NodeKey(640638146505080914), children.len()=7
[2026-01-11T20:04:41Z ERROR css_core::box_tree::constraint_block_layout] layout_block ENTRY: node=NodeKey(640638146505080916)
[2026-01-11T20:04:41Z ERROR css_core::box_tree::constraint_block_layout] Checking flex: node=NodeKey(640638146505080916), display=Block
[2026-01-11T20:04:41Z ERROR css_core::box_tree::constraint_block_layout] layout_block ENTRY: node=NodeKey(640638146505080918)
[2026-01-11T20:04:41Z ERROR css_core::box_tree::constraint_block_layout] Checking flex: node=NodeKey(640638146505080918), display=Block
[2026-01-11T20:04:41Z ERROR css_core::box_tree::constraint_block_layout] layout_block ENTRY: node=NodeKey(640638146505080920)
[2026-01-11T20:04:41Z ERROR css_core::box_tree::constraint_block_layout] Checking flex: node=NodeKey(640638146505080920), display=Block
[2026-01-11T20:04:41Z ERROR css_core::box_tree::constraint_block_layout] layout_block ENTRY: node=NodeKey(640638146505080923)
[2026-01-11T20:04:41Z ERROR css_core::box_tree::constraint_block_layout] Checking flex: node=NodeKey(640638146505080923), display=Block
[2026-01-11T20:04:41Z ERROR css_core::box_tree::constraint_block_layout] layout_block ENTRY: node=NodeKey(640638146505080927)
[2026-01-11T20:04:41Z ERROR css_core::box_tree::constraint_block_layout] Checking flex: node=NodeKey(640638146505080927), display=Block
[2026-01-11T20:04:41Z ERROR css_core::box_tree::constraint_block_layout::flex_layout] layout_flex: node=NodeKey(640638146505080914), flex_items.len()=3
[2026-01-11T20:04:41Z ERROR css_core::box_tree::constraint_block_layout] layout_block ENTRY: node=NodeKey(640638146505080916)
[2026-01-11T20:04:41Z ERROR css_core::box_tree::constraint_block_layout] Checking flex: node=NodeKey(640638146505080916), display=Block
[2026-01-11T20:04:41Z ERROR css_core::box_tree::constraint_block_layout] layout_block ENTRY: node=NodeKey(640638146505080918)
[2026-01-11T20:04:41Z ERROR css_core::box_tree::constraint_block_layout] Checking flex: node=NodeKey(640638146505080918), display=Block
[2026-01-11T20:04:41Z ERROR css_core::box_tree::constraint_block_layout] layout_block ENTRY: node=NodeKey(640638146505080920)
[2026-01-11T20:04:41Z ERROR css_core::box_tree::constraint_block_layout] Checking flex: node=NodeKey(640638146505080920), display=Block
[2026-01-11T20:04:41Z ERROR css_core::box_tree::constraint_block_layout] layout_block ENTRY: node=NodeKey(640638146505080923)
[2026-01-11T20:04:41Z ERROR css_core::box_tree::constraint_block_layout] Checking flex: node=NodeKey(640638146505080923), display=Block
[2026-01-11T20:04:41Z ERROR css_core::box_tree::constraint_block_layout] layout_block ENTRY: node=NodeKey(640638146505080927)
[2026-01-11T20:04:41Z ERROR css_core::box_tree::constraint_block_layout] Checking flex: node=NodeKey(640638146505080927), display=Block
[2026-01-11T20:04:41Z ERROR css_core::box_tree::constraint_block_layout] INSERTING FLEX CONTAINER in layout_block: node=NodeKey(640638146505080914), inline_size=278, is_measurement=true
[2026-01-11T20:04:41Z ERROR css_core::box_tree::constraint_block_layout::flex_layout] layout_flex: node=NodeKey(640638146505080848), flex_items.len()=3
[2026-01-11T20:04:41Z ERROR css_core::box_tree::constraint_block_layout] layout_block ENTRY: node=NodeKey(640638146505080850)
[2026-01-11T20:04:41Z ERROR css_core::box_tree::constraint_block_layout] Checking flex: node=NodeKey(640638146505080850), display=Block
[2026-01-11T20:04:41Z ERROR css_core::box_tree::constraint_block_layout] layout_block ENTRY: node=NodeKey(640638146505080852)
[2026-01-11T20:04:41Z ERROR css_core::box_tree::constraint_block_layout] Checking flex: node=NodeKey(640638146505080852), display=Block
[2026-01-11T20:04:41Z ERROR css_core::box_tree::constraint_block_layout] layout_block ENTRY: node=NodeKey(640638146505080855)
[2026-01-11T20:04:41Z ERROR css_core::box_tree::constraint_block_layout] Checking flex: node=NodeKey(640638146505080855), display=Block
[2026-01-11T20:04:41Z ERROR css_core::box_tree::constraint_block_layout] layout_block ENTRY: node=NodeKey(640638146505080858)
[2026-01-11T20:04:41Z ERROR css_core::box_tree::constraint_block_layout] Checking flex: node=NodeKey(640638146505080858), display=Block
[2026-01-11T20:04:41Z ERROR css_core::box_tree::constraint_block_layout] layout_block ENTRY: node=NodeKey(640638146505080861)
[2026-01-11T20:04:41Z ERROR css_core::box_tree::constraint_block_layout] Checking flex: node=NodeKey(640638146505080861), display=Block
[2026-01-11T20:04:41Z ERROR css_core::box_tree::constraint_block_layout] layout_block ENTRY: node=NodeKey(640638146505080865)
[2026-01-11T20:04:41Z ERROR css_core::box_tree::constraint_block_layout] Checking flex: node=NodeKey(640638146505080865), display=Block
[2026-01-11T20:04:41Z ERROR css_core::box_tree::constraint_block_layout] layout_block ENTRY: node=NodeKey(640638146505080867)
[2026-01-11T20:04:41Z ERROR css_core::box_tree::constraint_block_layout] Checking flex: node=NodeKey(640638146505080867), display=Flex
[2026-01-11T20:04:41Z ERROR css_core::box_tree::constraint_block_layout] IS FLEX!
[2026-01-11T20:04:41Z ERROR css_core::box_tree::constraint_block_layout::flex_layout] layout_flex: node=NodeKey(640638146505080867), children.len()=5
[2026-01-11T20:04:41Z ERROR css_core::box_tree::constraint_block_layout] layout_block ENTRY: node=NodeKey(640638146505080869)
[2026-01-11T20:04:41Z ERROR css_core::box_tree::constraint_block_layout] Checking flex: node=NodeKey(640638146505080869), display=Inline
[2026-01-11T20:04:41Z ERROR css_core::box_tree::constraint_block_layout] layout_block ENTRY: node=NodeKey(640638146505080872)
[2026-01-11T20:04:41Z ERROR css_core::box_tree::constraint_block_layout] Checking flex: node=NodeKey(640638146505080872), display=Inline
[2026-01-11T20:04:41Z ERROR css_core::box_tree::constraint_block_layout::flex_layout] layout_flex: node=NodeKey(640638146505080867), flex_items.len()=2
[2026-01-11T20:04:41Z ERROR css_core::box_tree::constraint_block_layout] layout_block ENTRY: node=NodeKey(640638146505080869)
[2026-01-11T20:04:41Z ERROR css_core::box_tree::constraint_block_layout] Checking flex: node=NodeKey(640638146505080869), display=Inline
[2026-01-11T20:04:41Z ERROR css_core::box_tree::constraint_block_layout] layout_block ENTRY: node=NodeKey(640638146505080872)
[2026-01-11T20:04:41Z ERROR css_core::box_tree::constraint_block_layout] Checking flex: node=NodeKey(640638146505080872), display=Inline
[2026-01-11T20:04:41Z ERROR css_core::box_tree::constraint_block_layout] INSERTING FLEX CONTAINER in layout_block: node=NodeKey(640638146505080867), inline_size=238, is_measurement=false
[2026-01-11T20:04:41Z ERROR css_core::box_tree::constraint_block_layout] layout_block ENTRY: node=NodeKey(640638146505080876)
[2026-01-11T20:04:41Z ERROR css_core::box_tree::constraint_block_layout] Checking flex: node=NodeKey(640638146505080876), display=Flex
[2026-01-11T20:04:41Z ERROR css_core::box_tree::constraint_block_layout] IS FLEX!
[2026-01-11T20:04:41Z ERROR css_core::box_tree::constraint_block_layout::flex_layout] layout_flex: node=NodeKey(640638146505080876), children.len()=5
[2026-01-11T20:04:41Z ERROR css_core::box_tree::constraint_block_layout] layout_block ENTRY: node=NodeKey(640638146505080878)
[2026-01-11T20:04:41Z ERROR css_core::box_tree::constraint_block_layout] Checking flex: node=NodeKey(640638146505080878), display=Inline
[2026-01-11T20:04:41Z ERROR css_core::box_tree::constraint_block_layout] layout_block ENTRY: node=NodeKey(640638146505080881)
[2026-01-11T20:04:41Z ERROR css_core::box_tree::constraint_block_layout] Checking flex: node=NodeKey(640638146505080881), display=Inline
[2026-01-11T20:04:41Z ERROR css_core::box_tree::constraint_block_layout::text] INSERTING TEXT RESULT: text='3', inline_size=6.673828, block_size=14, single_line_height=14, glyph_height=14, is_for_measurement_only=true
[2026-01-11T20:04:41Z ERROR css_core::box_tree::constraint_block_layout::flex_layout] layout_flex: node=NodeKey(640638146505080876), flex_items.len()=2
[2026-01-11T20:04:41Z ERROR css_core::box_tree::constraint_block_layout] layout_block ENTRY: node=NodeKey(640638146505080878)
[2026-01-11T20:04:41Z ERROR css_core::box_tree::constraint_block_layout] Checking flex: node=NodeKey(640638146505080878), display=Inline
[2026-01-11T20:04:41Z ERROR css_core::box_tree::constraint_block_layout] layout_block ENTRY: node=NodeKey(640638146505080881)
[2026-01-11T20:04:41Z ERROR css_core::box_tree::constraint_block_layout] Checking flex: node=NodeKey(640638146505080881), display=Inline
[2026-01-11T20:04:41Z ERROR css_core::box_tree::constraint_block_layout::text] INSERTING TEXT RESULT: text='3', inline_size=6.673828, block_size=14, single_line_height=14, glyph_height=14, is_for_measurement_only=false
[2026-01-11T20:04:41Z ERROR css_core::box_tree::constraint_block_layout] INSERTING FLEX CONTAINER in layout_block: node=NodeKey(640638146505080876), inline_size=238, is_measurement=false
[2026-01-11T20:04:41Z ERROR css_core::box_tree::constraint_block_layout] layout_block ENTRY: node=NodeKey(640638146505080885)
[2026-01-11T20:04:41Z ERROR css_core::box_tree::constraint_block_layout] Checking flex: node=NodeKey(640638146505080885), display=Flex
[2026-01-11T20:04:41Z ERROR css_core::box_tree::constraint_block_layout] IS FLEX!
[2026-01-11T20:04:41Z ERROR css_core::box_tree::constraint_block_layout::flex_layout] layout_flex: node=NodeKey(640638146505080885), children.len()=5
[2026-01-11T20:04:41Z ERROR css_core::box_tree::constraint_block_layout] layout_block ENTRY: node=NodeKey(640638146505080887)
[2026-01-11T20:04:41Z ERROR css_core::box_tree::constraint_block_layout] Checking flex: node=NodeKey(640638146505080887), display=Inline
[2026-01-11T20:04:41Z ERROR css_core::box_tree::constraint_block_layout] layout_block ENTRY: node=NodeKey(640638146505080890)
[2026-01-11T20:04:41Z ERROR css_core::box_tree::constraint_block_layout] Checking flex: node=NodeKey(640638146505080890), display=Inline
[2026-01-11T20:04:41Z ERROR css_core::box_tree::constraint_block_layout::text] INSERTING TEXT RESULT: text='1', inline_size=6.673828, block_size=14, single_line_height=14, glyph_height=14, is_for_measurement_only=true
[2026-01-11T20:04:41Z ERROR css_core::box_tree::constraint_block_layout::flex_layout] layout_flex: node=NodeKey(640638146505080885), flex_items.len()=2
[2026-01-11T20:04:41Z ERROR css_core::box_tree::constraint_block_layout] layout_block ENTRY: node=NodeKey(640638146505080887)
[2026-01-11T20:04:41Z ERROR css_core::box_tree::constraint_block_layout] Checking flex: node=NodeKey(640638146505080887), display=Inline
[2026-01-11T20:04:41Z ERROR css_core::box_tree::constraint_block_layout] layout_block ENTRY: node=NodeKey(640638146505080890)
[2026-01-11T20:04:41Z ERROR css_core::box_tree::constraint_block_layout] Checking flex: node=NodeKey(640638146505080890), display=Inline
[2026-01-11T20:04:41Z ERROR css_core::box_tree::constraint_block_layout::text] INSERTING TEXT RESULT: text='1', inline_size=6.673828, block_size=14, single_line_height=14, glyph_height=14, is_for_measurement_only=false
[2026-01-11T20:04:41Z ERROR css_core::box_tree::constraint_block_layout] INSERTING FLEX CONTAINER in layout_block: node=NodeKey(640638146505080885), inline_size=238, is_measurement=false
[2026-01-11T20:04:41Z ERROR css_core::box_tree::constraint_block_layout] layout_block ENTRY: node=NodeKey(640638146505080895)
[2026-01-11T20:04:41Z ERROR css_core::box_tree::constraint_block_layout] Checking flex: node=NodeKey(640638146505080895), display=Block
[2026-01-11T20:04:41Z ERROR css_core::box_tree::constraint_block_layout] layout_block ENTRY: node=NodeKey(640638146505080897)
[2026-01-11T20:04:41Z ERROR css_core::box_tree::constraint_block_layout] Checking flex: node=NodeKey(640638146505080897), display=Flex
[2026-01-11T20:04:41Z ERROR css_core::box_tree::constraint_block_layout] IS FLEX!
[2026-01-11T20:04:41Z ERROR css_core::box_tree::constraint_block_layout::flex_layout] layout_flex: node=NodeKey(640638146505080897), children.len()=7
[2026-01-11T20:04:41Z ERROR css_core::box_tree::constraint_block_layout] layout_block ENTRY: node=NodeKey(640638146505080899)
[2026-01-11T20:04:41Z ERROR css_core::box_tree::constraint_block_layout] Checking flex: node=NodeKey(640638146505080899), display=Block
[2026-01-11T20:04:41Z ERROR css_core::box_tree::constraint_block_layout] layout_block ENTRY: node=NodeKey(640638146505080901)
[2026-01-11T20:04:41Z ERROR css_core::box_tree::constraint_block_layout] Checking flex: node=NodeKey(640638146505080901), display=Block
[2026-01-11T20:04:41Z ERROR css_core::box_tree::constraint_block_layout] layout_block ENTRY: node=NodeKey(640638146505080903)
[2026-01-11T20:04:41Z ERROR css_core::box_tree::constraint_block_layout] Checking flex: node=NodeKey(640638146505080903), display=Block
[2026-01-11T20:04:41Z ERROR css_core::box_tree::constraint_block_layout] layout_block ENTRY: node=NodeKey(640638146505080906)
[2026-01-11T20:04:41Z ERROR css_core::box_tree::constraint_block_layout] Checking flex: node=NodeKey(640638146505080906), display=Block
[2026-01-11T20:04:41Z ERROR css_core::box_tree::constraint_block_layout] layout_block ENTRY: node=NodeKey(640638146505080910)
[2026-01-11T20:04:41Z ERROR css_core::box_tree::constraint_block_layout] Checking flex: node=NodeKey(640638146505080910), display=Block
[2026-01-11T20:04:41Z ERROR css_core::box_tree::constraint_block_layout::flex_layout] layout_flex: node=NodeKey(640638146505080897), flex_items.len()=3
[2026-01-11T20:04:41Z ERROR css_core::box_tree::constraint_block_layout] layout_block ENTRY: node=NodeKey(640638146505080899)
[2026-01-11T20:04:41Z ERROR css_core::box_tree::constraint_block_layout] Checking flex: node=NodeKey(640638146505080899), display=Block
[2026-01-11T20:04:41Z ERROR css_core::box_tree::constraint_block_layout] layout_block ENTRY: node=NodeKey(640638146505080901)
[2026-01-11T20:04:41Z ERROR css_core::box_tree::constraint_block_layout] Checking flex: node=NodeKey(640638146505080901), display=Block
[2026-01-11T20:04:41Z ERROR css_core::box_tree::constraint_block_layout] layout_block ENTRY: node=NodeKey(640638146505080903)
[2026-01-11T20:04:41Z ERROR css_core::box_tree::constraint_block_layout] Checking flex: node=NodeKey(640638146505080903), display=Block
[2026-01-11T20:04:41Z ERROR css_core::box_tree::constraint_block_layout] layout_block ENTRY: node=NodeKey(640638146505080906)
[2026-01-11T20:04:41Z ERROR css_core::box_tree::constraint_block_layout] Checking flex: node=NodeKey(640638146505080906), display=Block
[2026-01-11T20:04:41Z ERROR css_core::box_tree::constraint_block_layout] layout_block ENTRY: node=NodeKey(640638146505080910)
[2026-01-11T20:04:41Z ERROR css_core::box_tree::constraint_block_layout] Checking flex: node=NodeKey(640638146505080910), display=Block
[2026-01-11T20:04:41Z ERROR css_core::box_tree::constraint_block_layout] INSERTING FLEX CONTAINER in layout_block: node=NodeKey(640638146505080897), inline_size=238, is_measurement=false
[2026-01-11T20:04:41Z ERROR css_core::box_tree::constraint_block_layout] layout_block ENTRY: node=NodeKey(640638146505080914)
[2026-01-11T20:04:41Z ERROR css_core::box_tree::constraint_block_layout] Checking flex: node=NodeKey(640638146505080914), display=Flex
[2026-01-11T20:04:41Z ERROR css_core::box_tree::constraint_block_layout] IS FLEX!
[2026-01-11T20:04:41Z ERROR css_core::box_tree::constraint_block_layout::flex_layout] layout_flex: node=NodeKey(640638146505080914), children.len()=7
[2026-01-11T20:04:41Z ERROR css_core::box_tree::constraint_block_layout] layout_block ENTRY: node=NodeKey(640638146505080916)
[2026-01-11T20:04:41Z ERROR css_core::box_tree::constraint_block_layout] Checking flex: node=NodeKey(640638146505080916), display=Block
[2026-01-11T20:04:41Z ERROR css_core::box_tree::constraint_block_layout] layout_block ENTRY: node=NodeKey(640638146505080918)
[2026-01-11T20:04:41Z ERROR css_core::box_tree::constraint_block_layout] Checking flex: node=NodeKey(640638146505080918), display=Block
[2026-01-11T20:04:41Z ERROR css_core::box_tree::constraint_block_layout] layout_block ENTRY: node=NodeKey(640638146505080920)
[2026-01-11T20:04:41Z ERROR css_core::box_tree::constraint_block_layout] Checking flex: node=NodeKey(640638146505080920), display=Block
[2026-01-11T20:04:41Z ERROR css_core::box_tree::constraint_block_layout] layout_block ENTRY: node=NodeKey(640638146505080923)
[2026-01-11T20:04:41Z ERROR css_core::box_tree::constraint_block_layout] Checking flex: node=NodeKey(640638146505080923), display=Block
[2026-01-11T20:04:41Z ERROR css_core::box_tree::constraint_block_layout] layout_block ENTRY: node=NodeKey(640638146505080927)
[2026-01-11T20:04:41Z ERROR css_core::box_tree::constraint_block_layout] Checking flex: node=NodeKey(640638146505080927), display=Block
[2026-01-11T20:04:41Z ERROR css_core::box_tree::constraint_block_layout::flex_layout] layout_flex: node=NodeKey(640638146505080914), flex_items.len()=3
[2026-01-11T20:04:41Z ERROR css_core::box_tree::constraint_block_layout] layout_block ENTRY: node=NodeKey(640638146505080916)
[2026-01-11T20:04:41Z ERROR css_core::box_tree::constraint_block_layout] Checking flex: node=NodeKey(640638146505080916), display=Block
[2026-01-11T20:04:41Z ERROR css_core::box_tree::constraint_block_layout] layout_block ENTRY: node=NodeKey(640638146505080918)
[2026-01-11T20:04:41Z ERROR css_core::box_tree::constraint_block_layout] Checking flex: node=NodeKey(640638146505080918), display=Block
[2026-01-11T20:04:41Z ERROR css_core::box_tree::constraint_block_layout] layout_block ENTRY: node=NodeKey(640638146505080920)
[2026-01-11T20:04:41Z ERROR css_core::box_tree::constraint_block_layout] Checking flex: node=NodeKey(640638146505080920), display=Block
[2026-01-11T20:04:41Z ERROR css_core::box_tree::constraint_block_layout] layout_block ENTRY: node=NodeKey(640638146505080923)
[2026-01-11T20:04:41Z ERROR css_core::box_tree::constraint_block_layout] Checking flex: node=NodeKey(640638146505080923), display=Block
[2026-01-11T20:04:41Z ERROR css_core::box_tree::constraint_block_layout] layout_block ENTRY: node=NodeKey(640638146505080927)
[2026-01-11T20:04:41Z ERROR css_core::box_tree::constraint_block_layout] Checking flex: node=NodeKey(640638146505080927), display=Block
[2026-01-11T20:04:41Z ERROR css_core::box_tree::constraint_block_layout] INSERTING FLEX CONTAINER in layout_block: node=NodeKey(640638146505080914), inline_size=238, is_measurement=false
[2026-01-11T20:04:41Z ERROR css_core::box_tree::constraint_block_layout] INSERTING FLEX CONTAINER in layout_block: node=NodeKey(640638146505080848), inline_size=800, is_measurement=false
[2026-01-11T20:04:41Z ERROR page_handler::core::incremental_layout] LAYOUT TREE COMPLETE - generation 2, total results: 68
[2026-01-11T20:04:41Z ERROR page_handler::core::incremental_layout] RUNNING LAYOUT TREE - generation 2
[2026-01-11T20:04:41Z ERROR css_core::box_tree::constraint_block_layout] layout_block ENTRY: node=NodeKey(15530382939522072578)
[2026-01-11T20:04:41Z ERROR css_core::box_tree::constraint_block_layout] Checking flex: node=NodeKey(15530382939522072578), display=Block
[2026-01-11T20:04:41Z ERROR css_core::box_tree::constraint_block_layout] layout_block ENTRY: node=NodeKey(15530382939522072590)
[2026-01-11T20:04:41Z ERROR css_core::box_tree::constraint_block_layout] Checking flex: node=NodeKey(15530382939522072590), display=Block
[2026-01-11T20:04:41Z ERROR css_core::box_tree::constraint_block_layout] layout_block ENTRY: node=NodeKey(15530382939522072592)
[2026-01-11T20:04:41Z ERROR css_core::box_tree::constraint_block_layout] Checking flex: node=NodeKey(15530382939522072592), display=Block
[2026-01-11T20:04:41Z ERROR css_core::box_tree::constraint_block_layout] layout_block ENTRY: node=NodeKey(15530382939522072594)
[2026-01-11T20:04:41Z ERROR css_core::box_tree::constraint_block_layout] Checking flex: node=NodeKey(15530382939522072594), display=Inline
[2026-01-11T20:04:41Z ERROR css_core::box_tree::constraint_block_layout] layout_block ENTRY: node=NodeKey(15530382939522072596)
[2026-01-11T20:04:41Z ERROR css_core::box_tree::constraint_block_layout] Checking flex: node=NodeKey(15530382939522072596), display=Inline
[2026-01-11T20:04:41Z ERROR css_core::box_tree::constraint_block_layout] layout_block ENTRY: node=NodeKey(15530382939522072598)
[2026-01-11T20:04:41Z ERROR css_core::box_tree::constraint_block_layout] Checking flex: node=NodeKey(15530382939522072598), display=Inline
[2026-01-11T20:04:41Z ERROR css_core::box_tree::constraint_block_layout] layout_block ENTRY: node=NodeKey(15530382939522072600)
[2026-01-11T20:04:41Z ERROR css_core::box_tree::constraint_block_layout] Checking flex: node=NodeKey(15530382939522072600), display=Inline
[2026-01-11T20:04:41Z ERROR css_core::box_tree::constraint_block_layout] layout_block ENTRY: node=NodeKey(15530382939522072603)
[2026-01-11T20:04:41Z ERROR css_core::box_tree::constraint_block_layout] Checking flex: node=NodeKey(15530382939522072603), display=Inline
[2026-01-11T20:04:41Z ERROR css_core::box_tree::constraint_block_layout] layout_block ENTRY: node=NodeKey(15530382939522072606)
[2026-01-11T20:04:41Z ERROR css_core::box_tree::constraint_block_layout] Checking flex: node=NodeKey(15530382939522072606), display=Inline
[2026-01-11T20:04:41Z ERROR css_core::box_tree::constraint_block_layout] layout_block ENTRY: node=NodeKey(15530382939522072609)
[2026-01-11T20:04:41Z ERROR css_core::box_tree::constraint_block_layout] Checking flex: node=NodeKey(15530382939522072609), display=Inline
[2026-01-11T20:04:41Z ERROR css_core::box_tree::constraint_block_layout] layout_block ENTRY: node=NodeKey(15530382939522072614)
[2026-01-11T20:04:41Z ERROR css_core::box_tree::constraint_block_layout] Checking flex: node=NodeKey(15530382939522072614), display=Inline
[2026-01-11T20:04:41Z ERROR css_core::box_tree::constraint_block_layout] layout_block ENTRY: node=NodeKey(15530382939522072616)
[2026-01-11T20:04:41Z ERROR css_core::box_tree::constraint_block_layout] Checking flex: node=NodeKey(15530382939522072616), display=Inline
[2026-01-11T20:04:41Z ERROR css_core::box_tree::constraint_block_layout] layout_block ENTRY: node=NodeKey(15530382939522072618)
[2026-01-11T20:04:41Z ERROR css_core::box_tree::constraint_block_layout] Checking flex: node=NodeKey(15530382939522072618), display=Inline
[2026-01-11T20:04:41Z ERROR css_core::box_tree::constraint_block_layout] layout_block ENTRY: node=NodeKey(15530382939522072621)
[2026-01-11T20:04:41Z ERROR css_core::box_tree::constraint_block_layout] Checking flex: node=NodeKey(15530382939522072621), display=Inline
[2026-01-11T20:04:41Z ERROR css_core::box_tree::constraint_block_layout] layout_block ENTRY: node=NodeKey(15530382939522072624)
[2026-01-11T20:04:41Z ERROR css_core::box_tree::constraint_block_layout] Checking flex: node=NodeKey(15530382939522072624), display=Inline
[2026-01-11T20:04:41Z ERROR css_core::box_tree::constraint_block_layout] layout_block ENTRY: node=NodeKey(15530382939522072627)
[2026-01-11T20:04:41Z ERROR css_core::box_tree::constraint_block_layout] Checking flex: node=NodeKey(15530382939522072627), display=Inline
[2026-01-11T20:04:41Z ERROR css_core::box_tree::constraint_block_layout] layout_block ENTRY: node=NodeKey(15530382939522072628)
[2026-01-11T20:04:41Z ERROR css_core::box_tree::constraint_block_layout] Checking flex: node=NodeKey(15530382939522072628), display=InlineBlock
[2026-01-11T20:04:41Z ERROR css_core::box_tree::constraint_block_layout] layout_block ENTRY: node=NodeKey(15530382939522072632)
[2026-01-11T20:04:41Z ERROR css_core::box_tree::constraint_block_layout] Checking flex: node=NodeKey(15530382939522072632), display=Inline
[2026-01-11T20:04:41Z ERROR css_core::box_tree::constraint_block_layout] layout_block ENTRY: node=NodeKey(15530382939522072634)
[2026-01-11T20:04:41Z ERROR css_core::box_tree::constraint_block_layout] Checking flex: node=NodeKey(15530382939522072634), display=Inline
[2026-01-11T20:04:41Z ERROR css_core::box_tree::constraint_block_layout] layout_block ENTRY: node=NodeKey(15530382939522072637)
[2026-01-11T20:04:41Z ERROR css_core::box_tree::constraint_block_layout] Checking flex: node=NodeKey(15530382939522072637), display=Inline
[2026-01-11T20:04:41Z ERROR css_core::box_tree::constraint_block_layout] layout_block ENTRY: node=NodeKey(15530382939522072640)
[2026-01-11T20:04:41Z ERROR css_core::box_tree::constraint_block_layout] Checking flex: node=NodeKey(15530382939522072640), display=Inline
[2026-01-11T20:04:41Z ERROR css_core::box_tree::constraint_block_layout] layout_block ENTRY: node=NodeKey(15530382939522072643)
[2026-01-11T20:04:41Z ERROR css_core::box_tree::constraint_block_layout] Checking flex: node=NodeKey(15530382939522072643), display=Inline
[2026-01-11T20:04:41Z ERROR css_core::box_tree::constraint_block_layout] layout_block ENTRY: node=NodeKey(15530382939522072644)
[2026-01-11T20:04:41Z ERROR css_core::box_tree::constraint_block_layout] Checking flex: node=NodeKey(15530382939522072644), display=InlineBlock
[2026-01-11T20:04:41Z ERROR css_core::box_tree::constraint_block_layout] layout_block ENTRY: node=NodeKey(15530382939522072648)
[2026-01-11T20:04:41Z ERROR css_core::box_tree::constraint_block_layout] Checking flex: node=NodeKey(15530382939522072648), display=Inline
[2026-01-11T20:04:41Z ERROR css_core::box_tree::constraint_block_layout] layout_block ENTRY: node=NodeKey(15530382939522072650)
[2026-01-11T20:04:41Z ERROR css_core::box_tree::constraint_block_layout] Checking flex: node=NodeKey(15530382939522072650), display=Inline
[2026-01-11T20:04:41Z ERROR css_core::box_tree::constraint_block_layout] layout_block ENTRY: node=NodeKey(15530382939522072653)
[2026-01-11T20:04:41Z ERROR css_core::box_tree::constraint_block_layout] Checking flex: node=NodeKey(15530382939522072653), display=Inline
[2026-01-11T20:04:41Z ERROR css_core::box_tree::constraint_block_layout] layout_block ENTRY: node=NodeKey(15530382939522072656)
[2026-01-11T20:04:41Z ERROR css_core::box_tree::constraint_block_layout] Checking flex: node=NodeKey(15530382939522072656), display=Inline
[2026-01-11T20:04:41Z ERROR css_core::box_tree::constraint_block_layout] layout_block ENTRY: node=NodeKey(15530382939522072659)
[2026-01-11T20:04:41Z ERROR css_core::box_tree::constraint_block_layout] Checking flex: node=NodeKey(15530382939522072659), display=Inline
[2026-01-11T20:04:41Z ERROR css_core::box_tree::constraint_block_layout] layout_block ENTRY: node=NodeKey(15530382939522072660)
[2026-01-11T20:04:41Z ERROR css_core::box_tree::constraint_block_layout] Checking flex: node=NodeKey(15530382939522072660), display=InlineBlock
[2026-01-11T20:04:41Z ERROR css_core::box_tree::constraint_block_layout] layout_block ENTRY: node=NodeKey(15530382939522072664)
[2026-01-11T20:04:41Z ERROR css_core::box_tree::constraint_block_layout] Checking flex: node=NodeKey(15530382939522072664), display=Inline
[2026-01-11T20:04:41Z ERROR css_core::box_tree::constraint_block_layout] layout_block ENTRY: node=NodeKey(15530382939522072666)
[2026-01-11T20:04:41Z ERROR css_core::box_tree::constraint_block_layout] Checking flex: node=NodeKey(15530382939522072666), display=Inline
[2026-01-11T20:04:41Z ERROR css_core::box_tree::constraint_block_layout] layout_block ENTRY: node=NodeKey(15530382939522072669)
[2026-01-11T20:04:41Z ERROR css_core::box_tree::constraint_block_layout] Checking flex: node=NodeKey(15530382939522072669), display=Inline
[2026-01-11T20:04:41Z ERROR css_core::box_tree::constraint_block_layout] layout_block ENTRY: node=NodeKey(15530382939522072672)
[2026-01-11T20:04:41Z ERROR css_core::box_tree::constraint_block_layout] Checking flex: node=NodeKey(15530382939522072672), display=Inline
[2026-01-11T20:04:41Z ERROR css_core::box_tree::constraint_block_layout] layout_block ENTRY: node=NodeKey(15530382939522072675)
[2026-01-11T20:04:41Z ERROR css_core::box_tree::constraint_block_layout] Checking flex: node=NodeKey(15530382939522072675), display=Inline
[2026-01-11T20:04:41Z ERROR css_core::box_tree::constraint_block_layout] layout_block ENTRY: node=NodeKey(15530382939522072676)
[2026-01-11T20:04:41Z ERROR css_core::box_tree::constraint_block_layout] Checking flex: node=NodeKey(15530382939522072676), display=InlineBlock
[2026-01-11T20:04:41Z ERROR page_handler::core::incremental_layout] LAYOUT TREE COMPLETE - generation 2, total results: 95
[2026-01-11T20:04:41Z ERROR page_handler::core::incremental_layout] RUNNING LAYOUT TREE - generation 2
[2026-01-11T20:04:41Z ERROR css_core::box_tree::constraint_block_layout] layout_block ENTRY: node=NodeKey(15197960992026787842)
[2026-01-11T20:04:41Z ERROR css_core::box_tree::constraint_block_layout] Checking flex: node=NodeKey(15197960992026787842), display=Block
[2026-01-11T20:04:41Z ERROR css_core::box_tree::constraint_block_layout] layout_block ENTRY: node=NodeKey(15197960992026787854)
[2026-01-11T20:04:41Z ERROR css_core::box_tree::constraint_block_layout] Checking flex: node=NodeKey(15197960992026787854), display=Block
[2026-01-11T20:04:41Z ERROR css_core::box_tree::constraint_block_layout] layout_block ENTRY: node=NodeKey(15197960992026787856)
[2026-01-11T20:04:41Z ERROR css_core::box_tree::constraint_block_layout] Checking flex: node=NodeKey(15197960992026787856), display=Flex
[2026-01-11T20:04:41Z ERROR css_core::box_tree::constraint_block_layout] IS FLEX!
[2026-01-11T20:04:41Z ERROR css_core::box_tree::constraint_block_layout::flex_layout] layout_flex: node=NodeKey(15197960992026787856), children.len()=5
[2026-01-11T20:04:41Z ERROR css_core::box_tree::constraint_block_layout] layout_block ENTRY: node=NodeKey(15197960992026787858)
[2026-01-11T20:04:41Z ERROR css_core::box_tree::constraint_block_layout] Checking flex: node=NodeKey(15197960992026787858), display=Block
[2026-01-11T20:04:41Z ERROR css_core::box_tree::constraint_block_layout] layout_block ENTRY: node=NodeKey(15197960992026787860)
[2026-01-11T20:04:41Z ERROR css_core::box_tree::constraint_block_layout] Checking flex: node=NodeKey(15197960992026787860), display=InlineFlex
[2026-01-11T20:04:41Z ERROR css_core::box_tree::constraint_block_layout] IS FLEX!
[2026-01-11T20:04:41Z ERROR css_core::box_tree::constraint_block_layout::flex_layout] layout_flex: node=NodeKey(15197960992026787860), children.len()=3
[2026-01-11T20:04:41Z ERROR css_core::box_tree::constraint_block_layout] layout_block ENTRY: node=NodeKey(15197960992026787862)
[2026-01-11T20:04:41Z ERROR css_core::box_tree::constraint_block_layout] Checking flex: node=NodeKey(15197960992026787862), display=Inline
[2026-01-11T20:04:41Z ERROR css_core::box_tree::constraint_block_layout::flex_layout] layout_flex: node=NodeKey(15197960992026787860), flex_items.len()=2
[2026-01-11T20:04:41Z ERROR css_core::box_tree::constraint_block_layout] layout_block ENTRY: node=NodeKey(15197960992026787862)
[2026-01-11T20:04:41Z ERROR css_core::box_tree::constraint_block_layout] Checking flex: node=NodeKey(15197960992026787862), display=Inline
[2026-01-11T20:04:41Z ERROR css_core::box_tree::constraint_block_layout] INSERTING FLEX CONTAINER in layout_block: node=NodeKey(15197960992026787860), inline_size=110.359375, is_measurement=true
[2026-01-11T20:04:41Z ERROR css_core::box_tree::constraint_block_layout] layout_block ENTRY: node=NodeKey(15197960992026787865)
[2026-01-11T20:04:41Z ERROR css_core::box_tree::constraint_block_layout] Checking flex: node=NodeKey(15197960992026787865), display=Block
[2026-01-11T20:04:41Z ERROR css_core::box_tree::constraint_block_layout] layout_block ENTRY: node=NodeKey(15197960992026787866)
[2026-01-11T20:04:41Z ERROR css_core::box_tree::constraint_block_layout] layout_block ENTRY: node=NodeKey(15197960992026787867)
[2026-01-11T20:04:41Z ERROR css_core::box_tree::constraint_block_layout] Checking flex: node=NodeKey(15197960992026787867), display=Flex
[2026-01-11T20:04:41Z ERROR css_core::box_tree::constraint_block_layout] IS FLEX!
[2026-01-11T20:04:41Z ERROR css_core::box_tree::constraint_block_layout::flex_layout] layout_flex: node=NodeKey(15197960992026787867), children.len()=2
[2026-01-11T20:04:41Z ERROR css_core::box_tree::constraint_block_layout] layout_block ENTRY: node=NodeKey(15197960992026787868)
[2026-01-11T20:04:41Z ERROR css_core::box_tree::constraint_block_layout] Checking flex: node=NodeKey(15197960992026787868), display=Inline
[2026-01-11T20:04:41Z ERROR css_core::box_tree::constraint_block_layout::flex_layout] layout_flex: node=NodeKey(15197960992026787867), flex_items.len()=2
[2026-01-11T20:04:41Z ERROR css_core::box_tree::constraint_block_layout] layout_block ENTRY: node=NodeKey(15197960992026787868)
[2026-01-11T20:04:41Z ERROR css_core::box_tree::constraint_block_layout] Checking flex: node=NodeKey(15197960992026787868), display=Inline
[2026-01-11T20:04:41Z ERROR css_core::box_tree::constraint_block_layout] INSERTING FLEX CONTAINER in layout_block: node=NodeKey(15197960992026787867), inline_size=200, is_measurement=true
[2026-01-11T20:04:41Z ERROR css_core::box_tree::constraint_block_layout] layout_block ENTRY: node=NodeKey(15197960992026787870)
[2026-01-11T20:04:41Z ERROR css_core::box_tree::constraint_block_layout] layout_block ENTRY: node=NodeKey(15197960992026787871)
[2026-01-11T20:04:41Z ERROR css_core::box_tree::constraint_block_layout] Checking flex: node=NodeKey(15197960992026787871), display=Flex
[2026-01-11T20:04:41Z ERROR css_core::box_tree::constraint_block_layout] IS FLEX!
[2026-01-11T20:04:41Z ERROR css_core::box_tree::constraint_block_layout::flex_layout] layout_flex: node=NodeKey(15197960992026787871), children.len()=2
[2026-01-11T20:04:41Z ERROR css_core::box_tree::constraint_block_layout] layout_block ENTRY: node=NodeKey(15197960992026787872)
[2026-01-11T20:04:41Z ERROR css_core::box_tree::constraint_block_layout] Checking flex: node=NodeKey(15197960992026787872), display=Inline
[2026-01-11T20:04:41Z ERROR css_core::box_tree::constraint_block_layout::flex_layout] layout_flex: node=NodeKey(15197960992026787871), flex_items.len()=2
[2026-01-11T20:04:41Z ERROR css_core::box_tree::constraint_block_layout] layout_block ENTRY: node=NodeKey(15197960992026787872)
[2026-01-11T20:04:41Z ERROR css_core::box_tree::constraint_block_layout] Checking flex: node=NodeKey(15197960992026787872), display=Inline
[2026-01-11T20:04:41Z ERROR css_core::box_tree::constraint_block_layout] INSERTING FLEX CONTAINER in layout_block: node=NodeKey(15197960992026787871), inline_size=200, is_measurement=true
[2026-01-11T20:04:41Z ERROR css_core::box_tree::constraint_block_layout] layout_block ENTRY: node=NodeKey(15197960992026787874)
[2026-01-11T20:04:41Z ERROR css_core::box_tree::constraint_block_layout] layout_block ENTRY: node=NodeKey(15197960992026787875)
[2026-01-11T20:04:41Z ERROR css_core::box_tree::constraint_block_layout] Checking flex: node=NodeKey(15197960992026787875), display=Flex
[2026-01-11T20:04:41Z ERROR css_core::box_tree::constraint_block_layout] IS FLEX!
[2026-01-11T20:04:41Z ERROR css_core::box_tree::constraint_block_layout::flex_layout] layout_flex: node=NodeKey(15197960992026787875), children.len()=2
[2026-01-11T20:04:41Z ERROR css_core::box_tree::constraint_block_layout] layout_block ENTRY: node=NodeKey(15197960992026787876)
[2026-01-11T20:04:41Z ERROR css_core::box_tree::constraint_block_layout] Checking flex: node=NodeKey(15197960992026787876), display=Inline
[2026-01-11T20:04:41Z ERROR css_core::box_tree::constraint_block_layout::flex_layout] layout_flex: node=NodeKey(15197960992026787875), flex_items.len()=2
[2026-01-11T20:04:41Z ERROR css_core::box_tree::constraint_block_layout] layout_block ENTRY: node=NodeKey(15197960992026787876)
[2026-01-11T20:04:41Z ERROR css_core::box_tree::constraint_block_layout] Checking flex: node=NodeKey(15197960992026787876), display=Inline
[2026-01-11T20:04:41Z ERROR css_core::box_tree::constraint_block_layout] INSERTING FLEX CONTAINER in layout_block: node=NodeKey(15197960992026787875), inline_size=200, is_measurement=true
[2026-01-11T20:04:41Z ERROR css_core::box_tree::constraint_block_layout] layout_block ENTRY: node=NodeKey(15197960992026787878)
[2026-01-11T20:04:41Z ERROR css_core::box_tree::constraint_block_layout] layout_block ENTRY: node=NodeKey(15197960992026787879)
[2026-01-11T20:04:41Z ERROR css_core::box_tree::constraint_block_layout] Checking flex: node=NodeKey(15197960992026787879), display=Block
[2026-01-11T20:04:41Z ERROR css_core::box_tree::constraint_block_layout] layout_block ENTRY: node=NodeKey(15197960992026787880)
[2026-01-11T20:04:41Z ERROR css_core::box_tree::constraint_block_layout] layout_block ENTRY: node=NodeKey(15197960992026787881)
[2026-01-11T20:04:41Z ERROR css_core::box_tree::constraint_block_layout] Checking flex: node=NodeKey(15197960992026787881), display=Flex
[2026-01-11T20:04:41Z ERROR css_core::box_tree::constraint_block_layout] IS FLEX!
[2026-01-11T20:04:41Z ERROR css_core::box_tree::constraint_block_layout::flex_layout] layout_flex: node=NodeKey(15197960992026787881), children.len()=2
[2026-01-11T20:04:41Z ERROR css_core::box_tree::constraint_block_layout] layout_block ENTRY: node=NodeKey(15197960992026787882)
[2026-01-11T20:04:41Z ERROR css_core::box_tree::constraint_block_layout] Checking flex: node=NodeKey(15197960992026787882), display=Inline
[2026-01-11T20:04:41Z ERROR css_core::box_tree::constraint_block_layout::flex_layout] layout_flex: node=NodeKey(15197960992026787881), flex_items.len()=2
[2026-01-11T20:04:41Z ERROR css_core::box_tree::constraint_block_layout] layout_block ENTRY: node=NodeKey(15197960992026787882)
[2026-01-11T20:04:41Z ERROR css_core::box_tree::constraint_block_layout] Checking flex: node=NodeKey(15197960992026787882), display=Inline
[2026-01-11T20:04:41Z ERROR css_core::box_tree::constraint_block_layout] INSERTING FLEX CONTAINER in layout_block: node=NodeKey(15197960992026787881), inline_size=200, is_measurement=true
[2026-01-11T20:04:41Z ERROR css_core::box_tree::constraint_block_layout] layout_block ENTRY: node=NodeKey(15197960992026787884)
[2026-01-11T20:04:41Z ERROR css_core::box_tree::constraint_block_layout] layout_block ENTRY: node=NodeKey(15197960992026787887)
[2026-01-11T20:04:41Z ERROR css_core::box_tree::constraint_block_layout] Checking flex: node=NodeKey(15197960992026787887), display=Block
[2026-01-11T20:04:41Z ERROR css_core::box_tree::constraint_block_layout] layout_block ENTRY: node=NodeKey(15197960992026787889)
[2026-01-11T20:04:41Z ERROR css_core::box_tree::constraint_block_layout] Checking flex: node=NodeKey(15197960992026787889), display=InlineFlex
[2026-01-11T20:04:41Z ERROR css_core::box_tree::constraint_block_layout] IS FLEX!
[2026-01-11T20:04:41Z ERROR css_core::box_tree::constraint_block_layout::flex_layout] layout_flex: node=NodeKey(15197960992026787889), children.len()=3
[2026-01-11T20:04:41Z ERROR css_core::box_tree::constraint_block_layout] layout_block ENTRY: node=NodeKey(15197960992026787891)
[2026-01-11T20:04:41Z ERROR css_core::box_tree::constraint_block_layout] Checking flex: node=NodeKey(15197960992026787891), display=Inline
[2026-01-11T20:04:41Z ERROR css_core::box_tree::constraint_block_layout::flex_layout] layout_flex: node=NodeKey(15197960992026787889), flex_items.len()=2
[2026-01-11T20:04:41Z ERROR css_core::box_tree::constraint_block_layout] layout_block ENTRY: node=NodeKey(15197960992026787891)
[2026-01-11T20:04:41Z ERROR css_core::box_tree::constraint_block_layout] Checking flex: node=NodeKey(15197960992026787891), display=Inline
[2026-01-11T20:04:41Z ERROR css_core::box_tree::constraint_block_layout] INSERTING FLEX CONTAINER in layout_block: node=NodeKey(15197960992026787889), inline_size=103.21875, is_measurement=true
[2026-01-11T20:04:41Z ERROR css_core::box_tree::constraint_block_layout] layout_block ENTRY: node=NodeKey(15197960992026787894)
[2026-01-11T20:04:41Z ERROR css_core::box_tree::constraint_block_layout] Checking flex: node=NodeKey(15197960992026787894), display=Block
[2026-01-11T20:04:41Z ERROR css_core::box_tree::constraint_block_layout] layout_block ENTRY: node=NodeKey(15197960992026787895)
[2026-01-11T20:04:41Z ERROR css_core::box_tree::constraint_block_layout] layout_block ENTRY: node=NodeKey(15197960992026787896)
[2026-01-11T20:04:41Z ERROR css_core::box_tree::constraint_block_layout] Checking flex: node=NodeKey(15197960992026787896), display=Flex
[2026-01-11T20:04:41Z ERROR css_core::box_tree::constraint_block_layout] IS FLEX!
[2026-01-11T20:04:41Z ERROR css_core::box_tree::constraint_block_layout::flex_layout] layout_flex: node=NodeKey(15197960992026787896), children.len()=1
[2026-01-11T20:04:41Z ERROR css_core::box_tree::constraint_block_layout::flex_layout] layout_flex: node=NodeKey(15197960992026787896), flex_items.len()=1
[2026-01-11T20:04:41Z ERROR css_core::box_tree::constraint_block_layout] INSERTING FLEX CONTAINER in layout_block: node=NodeKey(15197960992026787896), inline_size=200, is_measurement=true
[2026-01-11T20:04:41Z ERROR css_core::box_tree::constraint_block_layout] layout_block ENTRY: node=NodeKey(15197960992026787898)
[2026-01-11T20:04:41Z ERROR css_core::box_tree::constraint_block_layout] layout_block ENTRY: node=NodeKey(15197960992026787899)
[2026-01-11T20:04:41Z ERROR css_core::box_tree::constraint_block_layout] Checking flex: node=NodeKey(15197960992026787899), display=Flex
[2026-01-11T20:04:41Z ERROR css_core::box_tree::constraint_block_layout] IS FLEX!
[2026-01-11T20:04:41Z ERROR css_core::box_tree::constraint_block_layout::flex_layout] layout_flex: node=NodeKey(15197960992026787899), children.len()=1
[2026-01-11T20:04:41Z ERROR css_core::box_tree::constraint_block_layout::flex_layout] layout_flex: node=NodeKey(15197960992026787899), flex_items.len()=1
[2026-01-11T20:04:41Z ERROR css_core::box_tree::constraint_block_layout] INSERTING FLEX CONTAINER in layout_block: node=NodeKey(15197960992026787899), inline_size=200, is_measurement=true
[2026-01-11T20:04:41Z ERROR css_core::box_tree::constraint_block_layout] layout_block ENTRY: node=NodeKey(15197960992026787901)
[2026-01-11T20:04:41Z ERROR css_core::box_tree::constraint_block_layout] layout_block ENTRY: node=NodeKey(15197960992026787902)
[2026-01-11T20:04:41Z ERROR css_core::box_tree::constraint_block_layout] Checking flex: node=NodeKey(15197960992026787902), display=Flex
[2026-01-11T20:04:41Z ERROR css_core::box_tree::constraint_block_layout] IS FLEX!
[2026-01-11T20:04:41Z ERROR css_core::box_tree::constraint_block_layout::flex_layout] layout_flex: node=NodeKey(15197960992026787902), children.len()=1
[2026-01-11T20:04:41Z ERROR css_core::box_tree::constraint_block_layout::flex_layout] layout_flex: node=NodeKey(15197960992026787902), flex_items.len()=1
[2026-01-11T20:04:41Z ERROR css_core::box_tree::constraint_block_layout] INSERTING FLEX CONTAINER in layout_block: node=NodeKey(15197960992026787902), inline_size=200, is_measurement=true
[2026-01-11T20:04:41Z ERROR css_core::box_tree::constraint_block_layout] layout_block ENTRY: node=NodeKey(15197960992026787904)
[2026-01-11T20:04:41Z ERROR css_core::box_tree::constraint_block_layout] layout_block ENTRY: node=NodeKey(15197960992026787905)
[2026-01-11T20:04:41Z ERROR css_core::box_tree::constraint_block_layout] Checking flex: node=NodeKey(15197960992026787905), display=Block
[2026-01-11T20:04:41Z ERROR css_core::box_tree::constraint_block_layout] layout_block ENTRY: node=NodeKey(15197960992026787906)
[2026-01-11T20:04:41Z ERROR css_core::box_tree::constraint_block_layout] layout_block ENTRY: node=NodeKey(15197960992026787907)
[2026-01-11T20:04:41Z ERROR css_core::box_tree::constraint_block_layout] Checking flex: node=NodeKey(15197960992026787907), display=Flex
[2026-01-11T20:04:41Z ERROR css_core::box_tree::constraint_block_layout] IS FLEX!
[2026-01-11T20:04:41Z ERROR css_core::box_tree::constraint_block_layout::flex_layout] layout_flex: node=NodeKey(15197960992026787907), children.len()=1
[2026-01-11T20:04:41Z ERROR css_core::box_tree::constraint_block_layout::flex_layout] layout_flex: node=NodeKey(15197960992026787907), flex_items.len()=1
[2026-01-11T20:04:41Z ERROR css_core::box_tree::constraint_block_layout] INSERTING FLEX CONTAINER in layout_block: node=NodeKey(15197960992026787907), inline_size=200, is_measurement=true
[2026-01-11T20:04:41Z ERROR css_core::box_tree::constraint_block_layout] layout_block ENTRY: node=NodeKey(15197960992026787909)
[2026-01-11T20:04:41Z ERROR css_core::box_tree::constraint_block_layout::flex_layout] layout_flex: node=NodeKey(15197960992026787856), flex_items.len()=2
[2026-01-11T20:04:41Z ERROR css_core::box_tree::constraint_block_layout] layout_block ENTRY: node=NodeKey(15197960992026787858)
[2026-01-11T20:04:41Z ERROR css_core::box_tree::constraint_block_layout] Checking flex: node=NodeKey(15197960992026787858), display=Block
[2026-01-11T20:04:41Z ERROR css_core::box_tree::constraint_block_layout] layout_block ENTRY: node=NodeKey(15197960992026787860)
[2026-01-11T20:04:41Z ERROR css_core::box_tree::constraint_block_layout] Checking flex: node=NodeKey(15197960992026787860), display=InlineFlex
[2026-01-11T20:04:41Z ERROR css_core::box_tree::constraint_block_layout] IS FLEX!
[2026-01-11T20:04:41Z ERROR css_core::box_tree::constraint_block_layout::flex_layout] layout_flex: node=NodeKey(15197960992026787860), children.len()=3
[2026-01-11T20:04:41Z ERROR css_core::box_tree::constraint_block_layout] layout_block ENTRY: node=NodeKey(15197960992026787862)
[2026-01-11T20:04:41Z ERROR css_core::box_tree::constraint_block_layout] Checking flex: node=NodeKey(15197960992026787862), display=Inline
[2026-01-11T20:04:41Z ERROR css_core::box_tree::constraint_block_layout::flex_layout] layout_flex: node=NodeKey(15197960992026787860), flex_items.len()=2
[2026-01-11T20:04:41Z ERROR css_core::box_tree::constraint_block_layout] layout_block ENTRY: node=NodeKey(15197960992026787862)
[2026-01-11T20:04:41Z ERROR css_core::box_tree::constraint_block_layout] Checking flex: node=NodeKey(15197960992026787862), display=Inline
[2026-01-11T20:04:41Z ERROR css_core::box_tree::constraint_block_layout] INSERTING FLEX CONTAINER in layout_block: node=NodeKey(15197960992026787860), inline_size=110.359375, is_measurement=false
[2026-01-11T20:04:41Z ERROR css_core::box_tree::constraint_block_layout] layout_block ENTRY: node=NodeKey(15197960992026787865)
[2026-01-11T20:04:41Z ERROR css_core::box_tree::constraint_block_layout] Checking flex: node=NodeKey(15197960992026787865), display=Block
[2026-01-11T20:04:41Z ERROR css_core::box_tree::constraint_block_layout] layout_block ENTRY: node=NodeKey(15197960992026787866)
[2026-01-11T20:04:41Z ERROR css_core::box_tree::constraint_block_layout] layout_block ENTRY: node=NodeKey(15197960992026787867)
[2026-01-11T20:04:41Z ERROR css_core::box_tree::constraint_block_layout] Checking flex: node=NodeKey(15197960992026787867), display=Flex
[2026-01-11T20:04:41Z ERROR css_core::box_tree::constraint_block_layout] IS FLEX!
[2026-01-11T20:04:41Z ERROR css_core::box_tree::constraint_block_layout::flex_layout] layout_flex: node=NodeKey(15197960992026787867), children.len()=2
[2026-01-11T20:04:41Z ERROR css_core::box_tree::constraint_block_layout] layout_block ENTRY: node=NodeKey(15197960992026787868)
[2026-01-11T20:04:41Z ERROR css_core::box_tree::constraint_block_layout] Checking flex: node=NodeKey(15197960992026787868), display=Inline
[2026-01-11T20:04:41Z ERROR css_core::box_tree::constraint_block_layout::flex_layout] layout_flex: node=NodeKey(15197960992026787867), flex_items.len()=2
[2026-01-11T20:04:41Z ERROR css_core::box_tree::constraint_block_layout] layout_block ENTRY: node=NodeKey(15197960992026787868)
[2026-01-11T20:04:41Z ERROR css_core::box_tree::constraint_block_layout] Checking flex: node=NodeKey(15197960992026787868), display=Inline
[2026-01-11T20:04:41Z ERROR css_core::box_tree::constraint_block_layout] INSERTING FLEX CONTAINER in layout_block: node=NodeKey(15197960992026787867), inline_size=200, is_measurement=false
[2026-01-11T20:04:41Z ERROR css_core::box_tree::constraint_block_layout] layout_block ENTRY: node=NodeKey(15197960992026787870)
[2026-01-11T20:04:41Z ERROR css_core::box_tree::constraint_block_layout] layout_block ENTRY: node=NodeKey(15197960992026787871)
[2026-01-11T20:04:41Z ERROR css_core::box_tree::constraint_block_layout] Checking flex: node=NodeKey(15197960992026787871), display=Flex
[2026-01-11T20:04:41Z ERROR css_core::box_tree::constraint_block_layout] IS FLEX!
[2026-01-11T20:04:41Z ERROR css_core::box_tree::constraint_block_layout::flex_layout] layout_flex: node=NodeKey(15197960992026787871), children.len()=2
[2026-01-11T20:04:41Z ERROR css_core::box_tree::constraint_block_layout] layout_block ENTRY: node=NodeKey(15197960992026787872)
[2026-01-11T20:04:41Z ERROR css_core::box_tree::constraint_block_layout] Checking flex: node=NodeKey(15197960992026787872), display=Inline
[2026-01-11T20:04:41Z ERROR css_core::box_tree::constraint_block_layout::flex_layout] layout_flex: node=NodeKey(15197960992026787871), flex_items.len()=2
[2026-01-11T20:04:41Z ERROR css_core::box_tree::constraint_block_layout] layout_block ENTRY: node=NodeKey(15197960992026787872)
[2026-01-11T20:04:41Z ERROR css_core::box_tree::constraint_block_layout] Checking flex: node=NodeKey(15197960992026787872), display=Inline
[2026-01-11T20:04:41Z ERROR css_core::box_tree::constraint_block_layout] INSERTING FLEX CONTAINER in layout_block: node=NodeKey(15197960992026787871), inline_size=200, is_measurement=false
[2026-01-11T20:04:41Z ERROR css_core::box_tree::constraint_block_layout] layout_block ENTRY: node=NodeKey(15197960992026787874)
[2026-01-11T20:04:41Z ERROR css_core::box_tree::constraint_block_layout] layout_block ENTRY: node=NodeKey(15197960992026787875)
[2026-01-11T20:04:41Z ERROR css_core::box_tree::constraint_block_layout] Checking flex: node=NodeKey(15197960992026787875), display=Flex
[2026-01-11T20:04:41Z ERROR css_core::box_tree::constraint_block_layout] IS FLEX!
[2026-01-11T20:04:41Z ERROR css_core::box_tree::constraint_block_layout::flex_layout] layout_flex: node=NodeKey(15197960992026787875), children.len()=2
[2026-01-11T20:04:41Z ERROR css_core::box_tree::constraint_block_layout] layout_block ENTRY: node=NodeKey(15197960992026787876)
[2026-01-11T20:04:41Z ERROR css_core::box_tree::constraint_block_layout] Checking flex: node=NodeKey(15197960992026787876), display=Inline
[2026-01-11T20:04:41Z ERROR css_core::box_tree::constraint_block_layout::flex_layout] layout_flex: node=NodeKey(15197960992026787875), flex_items.len()=2
[2026-01-11T20:04:41Z ERROR css_core::box_tree::constraint_block_layout] layout_block ENTRY: node=NodeKey(15197960992026787876)
[2026-01-11T20:04:41Z ERROR css_core::box_tree::constraint_block_layout] Checking flex: node=NodeKey(15197960992026787876), display=Inline
[2026-01-11T20:04:41Z ERROR css_core::box_tree::constraint_block_layout] INSERTING FLEX CONTAINER in layout_block: node=NodeKey(15197960992026787875), inline_size=200, is_measurement=false
[2026-01-11T20:04:41Z ERROR css_core::box_tree::constraint_block_layout] layout_block ENTRY: node=NodeKey(15197960992026787878)
[2026-01-11T20:04:41Z ERROR css_core::box_tree::constraint_block_layout] layout_block ENTRY: node=NodeKey(15197960992026787879)
[2026-01-11T20:04:41Z ERROR css_core::box_tree::constraint_block_layout] Checking flex: node=NodeKey(15197960992026787879), display=Block
[2026-01-11T20:04:41Z ERROR css_core::box_tree::constraint_block_layout] layout_block ENTRY: node=NodeKey(15197960992026787880)
[2026-01-11T20:04:41Z ERROR css_core::box_tree::constraint_block_layout] layout_block ENTRY: node=NodeKey(15197960992026787881)
[2026-01-11T20:04:41Z ERROR css_core::box_tree::constraint_block_layout] Checking flex: node=NodeKey(15197960992026787881), display=Flex
[2026-01-11T20:04:41Z ERROR css_core::box_tree::constraint_block_layout] IS FLEX!
[2026-01-11T20:04:41Z ERROR css_core::box_tree::constraint_block_layout::flex_layout] layout_flex: node=NodeKey(15197960992026787881), children.len()=2
[2026-01-11T20:04:41Z ERROR css_core::box_tree::constraint_block_layout] layout_block ENTRY: node=NodeKey(15197960992026787882)
[2026-01-11T20:04:41Z ERROR css_core::box_tree::constraint_block_layout] Checking flex: node=NodeKey(15197960992026787882), display=Inline
[2026-01-11T20:04:41Z ERROR css_core::box_tree::constraint_block_layout::flex_layout] layout_flex: node=NodeKey(15197960992026787881), flex_items.len()=2
[2026-01-11T20:04:41Z ERROR css_core::box_tree::constraint_block_layout] layout_block ENTRY: node=NodeKey(15197960992026787882)
[2026-01-11T20:04:41Z ERROR css_core::box_tree::constraint_block_layout] Checking flex: node=NodeKey(15197960992026787882), display=Inline
[2026-01-11T20:04:41Z ERROR css_core::box_tree::constraint_block_layout] INSERTING FLEX CONTAINER in layout_block: node=NodeKey(15197960992026787881), inline_size=200, is_measurement=false
[2026-01-11T20:04:41Z ERROR css_core::box_tree::constraint_block_layout] layout_block ENTRY: node=NodeKey(15197960992026787884)
[2026-01-11T20:04:41Z ERROR css_core::box_tree::constraint_block_layout] layout_block ENTRY: node=NodeKey(15197960992026787887)
[2026-01-11T20:04:41Z ERROR css_core::box_tree::constraint_block_layout] Checking flex: node=NodeKey(15197960992026787887), display=Block
[2026-01-11T20:04:41Z ERROR css_core::box_tree::constraint_block_layout] layout_block ENTRY: node=NodeKey(15197960992026787889)
[2026-01-11T20:04:41Z ERROR css_core::box_tree::constraint_block_layout] Checking flex: node=NodeKey(15197960992026787889), display=InlineFlex
[2026-01-11T20:04:41Z ERROR css_core::box_tree::constraint_block_layout] IS FLEX!
[2026-01-11T20:04:41Z ERROR css_core::box_tree::constraint_block_layout::flex_layout] layout_flex: node=NodeKey(15197960992026787889), children.len()=3
[2026-01-11T20:04:41Z ERROR css_core::box_tree::constraint_block_layout] layout_block ENTRY: node=NodeKey(15197960992026787891)
[2026-01-11T20:04:41Z ERROR css_core::box_tree::constraint_block_layout] Checking flex: node=NodeKey(15197960992026787891), display=Inline
[2026-01-11T20:04:41Z ERROR css_core::box_tree::constraint_block_layout::flex_layout] layout_flex: node=NodeKey(15197960992026787889), flex_items.len()=2
[2026-01-11T20:04:41Z ERROR css_core::box_tree::constraint_block_layout] layout_block ENTRY: node=NodeKey(15197960992026787891)
[2026-01-11T20:04:41Z ERROR css_core::box_tree::constraint_block_layout] Checking flex: node=NodeKey(15197960992026787891), display=Inline
[2026-01-11T20:04:41Z ERROR css_core::box_tree::constraint_block_layout] INSERTING FLEX CONTAINER in layout_block: node=NodeKey(15197960992026787889), inline_size=103.21875, is_measurement=false
[2026-01-11T20:04:41Z ERROR css_core::box_tree::constraint_block_layout] layout_block ENTRY: node=NodeKey(15197960992026787894)
[2026-01-11T20:04:41Z ERROR css_core::box_tree::constraint_block_layout] Checking flex: node=NodeKey(15197960992026787894), display=Block
[2026-01-11T20:04:41Z ERROR css_core::box_tree::constraint_block_layout] layout_block ENTRY: node=NodeKey(15197960992026787895)
[2026-01-11T20:04:41Z ERROR css_core::box_tree::constraint_block_layout] layout_block ENTRY: node=NodeKey(15197960992026787896)
[2026-01-11T20:04:41Z ERROR css_core::box_tree::constraint_block_layout] Checking flex: node=NodeKey(15197960992026787896), display=Flex
[2026-01-11T20:04:41Z ERROR css_core::box_tree::constraint_block_layout] IS FLEX!
[2026-01-11T20:04:41Z ERROR css_core::box_tree::constraint_block_layout::flex_layout] layout_flex: node=NodeKey(15197960992026787896), children.len()=1
[2026-01-11T20:04:41Z ERROR css_core::box_tree::constraint_block_layout::flex_layout] layout_flex: node=NodeKey(15197960992026787896), flex_items.len()=1
[2026-01-11T20:04:41Z ERROR css_core::box_tree::constraint_block_layout] INSERTING FLEX CONTAINER in layout_block: node=NodeKey(15197960992026787896), inline_size=200, is_measurement=false
[2026-01-11T20:04:41Z ERROR css_core::box_tree::constraint_block_layout] layout_block ENTRY: node=NodeKey(15197960992026787898)
[2026-01-11T20:04:41Z ERROR css_core::box_tree::constraint_block_layout] layout_block ENTRY: node=NodeKey(15197960992026787899)
[2026-01-11T20:04:41Z ERROR css_core::box_tree::constraint_block_layout] Checking flex: node=NodeKey(15197960992026787899), display=Flex
[2026-01-11T20:04:41Z ERROR css_core::box_tree::constraint_block_layout] IS FLEX!
[2026-01-11T20:04:41Z ERROR css_core::box_tree::constraint_block_layout::flex_layout] layout_flex: node=NodeKey(15197960992026787899), children.len()=1
[2026-01-11T20:04:41Z ERROR css_core::box_tree::constraint_block_layout::flex_layout] layout_flex: node=NodeKey(15197960992026787899), flex_items.len()=1
[2026-01-11T20:04:41Z ERROR css_core::box_tree::constraint_block_layout] INSERTING FLEX CONTAINER in layout_block: node=NodeKey(15197960992026787899), inline_size=200, is_measurement=false
[2026-01-11T20:04:41Z ERROR css_core::box_tree::constraint_block_layout] layout_block ENTRY: node=NodeKey(15197960992026787901)
[2026-01-11T20:04:41Z ERROR css_core::box_tree::constraint_block_layout] layout_block ENTRY: node=NodeKey(15197960992026787902)
[2026-01-11T20:04:41Z ERROR css_core::box_tree::constraint_block_layout] Checking flex: node=NodeKey(15197960992026787902), display=Flex
[2026-01-11T20:04:41Z ERROR css_core::box_tree::constraint_block_layout] IS FLEX!
[2026-01-11T20:04:41Z ERROR css_core::box_tree::constraint_block_layout::flex_layout] layout_flex: node=NodeKey(15197960992026787902), children.len()=1
[2026-01-11T20:04:41Z ERROR css_core::box_tree::constraint_block_layout::flex_layout] layout_flex: node=NodeKey(15197960992026787902), flex_items.len()=1
[2026-01-11T20:04:41Z ERROR css_core::box_tree::constraint_block_layout] INSERTING FLEX CONTAINER in layout_block: node=NodeKey(15197960992026787902), inline_size=200, is_measurement=false
[2026-01-11T20:04:41Z ERROR css_core::box_tree::constraint_block_layout] layout_block ENTRY: node=NodeKey(15197960992026787904)
[2026-01-11T20:04:41Z ERROR css_core::box_tree::constraint_block_layout] layout_block ENTRY: node=NodeKey(15197960992026787905)
[2026-01-11T20:04:41Z ERROR css_core::box_tree::constraint_block_layout] Checking flex: node=NodeKey(15197960992026787905), display=Block
[2026-01-11T20:04:41Z ERROR css_core::box_tree::constraint_block_layout] layout_block ENTRY: node=NodeKey(15197960992026787906)
[2026-01-11T20:04:41Z ERROR css_core::box_tree::constraint_block_layout] layout_block ENTRY: node=NodeKey(15197960992026787907)
[2026-01-11T20:04:41Z ERROR css_core::box_tree::constraint_block_layout] Checking flex: node=NodeKey(15197960992026787907), display=Flex
[2026-01-11T20:04:41Z ERROR css_core::box_tree::constraint_block_layout] IS FLEX!
[2026-01-11T20:04:41Z ERROR css_core::box_tree::constraint_block_layout::flex_layout] layout_flex: node=NodeKey(15197960992026787907), children.len()=1
[2026-01-11T20:04:41Z ERROR css_core::box_tree::constraint_block_layout::flex_layout] layout_flex: node=NodeKey(15197960992026787907), flex_items.len()=1
[2026-01-11T20:04:41Z ERROR css_core::box_tree::constraint_block_layout] INSERTING FLEX CONTAINER in layout_block: node=NodeKey(15197960992026787907), inline_size=200, is_measurement=false
[2026-01-11T20:04:41Z ERROR css_core::box_tree::constraint_block_layout] layout_block ENTRY: node=NodeKey(15197960992026787909)
[2026-01-11T20:04:41Z ERROR css_core::box_tree::constraint_block_layout] INSERTING FLEX CONTAINER in layout_block: node=NodeKey(15197960992026787856), inline_size=800, is_measurement=false
[2026-01-11T20:04:41Z ERROR page_handler::core::incremental_layout] LAYOUT TREE COMPLETE - generation 2, total results: 56
[2026-01-11T20:04:41Z ERROR page_handler::core::incremental_layout] RUNNING LAYOUT TREE - generation 2
[2026-01-11T20:04:41Z ERROR css_core::box_tree::constraint_block_layout] layout_block ENTRY: node=NodeKey(11355546084949622786)
[2026-01-11T20:04:41Z ERROR css_core::box_tree::constraint_block_layout] Checking flex: node=NodeKey(11355546084949622786), display=Block
[2026-01-11T20:04:41Z ERROR css_core::box_tree::constraint_block_layout] layout_block ENTRY: node=NodeKey(11355546084949622798)
[2026-01-11T20:04:41Z ERROR css_core::box_tree::constraint_block_layout] Checking flex: node=NodeKey(11355546084949622798), display=Block
[2026-01-11T20:04:41Z ERROR css_core::box_tree::constraint_block_layout] layout_block ENTRY: node=NodeKey(11355546084949622800)
[2026-01-11T20:04:41Z ERROR css_core::box_tree::constraint_block_layout] Checking flex: node=NodeKey(11355546084949622800), display=Flex
[2026-01-11T20:04:41Z ERROR css_core::box_tree::constraint_block_layout] IS FLEX!
[2026-01-11T20:04:41Z ERROR css_core::box_tree::constraint_block_layout::flex_layout] layout_flex: node=NodeKey(11355546084949622800), children.len()=3
[2026-01-11T20:04:41Z ERROR css_core::box_tree::constraint_block_layout] layout_block ENTRY: node=NodeKey(11355546084949622802)
[2026-01-11T20:04:41Z ERROR css_core::box_tree::constraint_block_layout] Checking flex: node=NodeKey(11355546084949622802), display=Block
[2026-01-11T20:04:41Z ERROR css_core::box_tree::constraint_block_layout] layout_block ENTRY: node=NodeKey(11355546084949622804)
[2026-01-11T20:04:41Z ERROR css_core::box_tree::constraint_block_layout] Checking flex: node=NodeKey(11355546084949622804), display=Flex
[2026-01-11T20:04:41Z ERROR css_core::box_tree::constraint_block_layout] IS FLEX!
[2026-01-11T20:04:41Z ERROR css_core::box_tree::constraint_block_layout::flex_layout] layout_flex: node=NodeKey(11355546084949622804), children.len()=5
[2026-01-11T20:04:41Z ERROR css_core::box_tree::constraint_block_layout] layout_block ENTRY: node=NodeKey(11355546084949622806)
[2026-01-11T20:04:41Z ERROR css_core::box_tree::constraint_block_layout] Checking flex: node=NodeKey(11355546084949622806), display=Block
[2026-01-11T20:04:41Z ERROR css_core::box_tree::constraint_block_layout] layout_block ENTRY: node=NodeKey(11355546084949622809)
[2026-01-11T20:04:41Z ERROR css_core::box_tree::constraint_block_layout] Checking flex: node=NodeKey(11355546084949622809), display=Inline
[2026-01-11T20:04:41Z ERROR css_core::box_tree::constraint_block_layout::flex_layout] layout_flex: node=NodeKey(11355546084949622804), flex_items.len()=2
[2026-01-11T20:04:41Z ERROR css_core::box_tree::constraint_block_layout] layout_block ENTRY: node=NodeKey(11355546084949622806)
[2026-01-11T20:04:41Z ERROR css_core::box_tree::constraint_block_layout] Checking flex: node=NodeKey(11355546084949622806), display=Block
[2026-01-11T20:04:41Z ERROR css_core::box_tree::constraint_block_layout] layout_block ENTRY: node=NodeKey(11355546084949622809)
[2026-01-11T20:04:41Z ERROR css_core::box_tree::constraint_block_layout] Checking flex: node=NodeKey(11355546084949622809), display=Inline
[2026-01-11T20:04:41Z ERROR css_core::box_tree::constraint_block_layout] INSERTING FLEX CONTAINER in layout_block: node=NodeKey(11355546084949622804), inline_size=420, is_measurement=true
[2026-01-11T20:04:41Z ERROR css_core::box_tree::constraint_block_layout] layout_block ENTRY: node=NodeKey(11355546084949622812)
[2026-01-11T20:04:41Z ERROR css_core::box_tree::constraint_block_layout] Checking flex: node=NodeKey(11355546084949622812), display=Block
[2026-01-11T20:04:41Z ERROR css_core::box_tree::constraint_block_layout] layout_block ENTRY: node=NodeKey(11355546084949622814)
[2026-01-11T20:04:41Z ERROR css_core::box_tree::constraint_block_layout] Checking flex: node=NodeKey(11355546084949622814), display=Block
[2026-01-11T20:04:41Z ERROR css_core::box_tree::constraint_block_layout] layout_block ENTRY: node=NodeKey(11355546084949622818)
[2026-01-11T20:04:41Z ERROR css_core::box_tree::constraint_block_layout] Checking flex: node=NodeKey(11355546084949622818), display=Flex
[2026-01-11T20:04:41Z ERROR css_core::box_tree::constraint_block_layout] IS FLEX!
[2026-01-11T20:04:41Z ERROR css_core::box_tree::constraint_block_layout::flex_layout] layout_flex: node=NodeKey(11355546084949622818), children.len()=5
[2026-01-11T20:04:41Z ERROR css_core::box_tree::constraint_block_layout] layout_block ENTRY: node=NodeKey(11355546084949622820)
[2026-01-11T20:04:41Z ERROR css_core::box_tree::constraint_block_layout] Checking flex: node=NodeKey(11355546084949622820), display=Block
[2026-01-11T20:04:41Z ERROR css_core::box_tree::constraint_block_layout] layout_block ENTRY: node=NodeKey(11355546084949622823)
[2026-01-11T20:04:41Z ERROR css_core::box_tree::constraint_block_layout] Checking flex: node=NodeKey(11355546084949622823), display=Block
[2026-01-11T20:04:41Z ERROR css_core::box_tree::constraint_block_layout::flex_layout] layout_flex: node=NodeKey(11355546084949622818), flex_items.len()=2
[2026-01-11T20:04:41Z ERROR css_core::box_tree::constraint_block_layout] layout_block ENTRY: node=NodeKey(11355546084949622820)
[2026-01-11T20:04:41Z ERROR css_core::box_tree::constraint_block_layout] Checking flex: node=NodeKey(11355546084949622820), display=Block
[2026-01-11T20:04:41Z ERROR css_core::box_tree::constraint_block_layout] layout_block ENTRY: node=NodeKey(11355546084949622823)
[2026-01-11T20:04:41Z ERROR css_core::box_tree::constraint_block_layout] Checking flex: node=NodeKey(11355546084949622823), display=Block
[2026-01-11T20:04:41Z ERROR css_core::box_tree::constraint_block_layout] INSERTING FLEX CONTAINER in layout_block: node=NodeKey(11355546084949622818), inline_size=420, is_measurement=true
[2026-01-11T20:04:41Z ERROR css_core::box_tree::constraint_block_layout::flex_layout] layout_flex: node=NodeKey(11355546084949622800), flex_items.len()=1
[2026-01-11T20:04:41Z ERROR css_core::box_tree::constraint_block_layout] layout_block ENTRY: node=NodeKey(11355546084949622802)
[2026-01-11T20:04:41Z ERROR css_core::box_tree::constraint_block_layout] Checking flex: node=NodeKey(11355546084949622802), display=Block
[2026-01-11T20:04:41Z ERROR css_core::box_tree::constraint_block_layout] layout_block ENTRY: node=NodeKey(11355546084949622804)
[2026-01-11T20:04:41Z ERROR css_core::box_tree::constraint_block_layout] Checking flex: node=NodeKey(11355546084949622804), display=Flex
[2026-01-11T20:04:41Z ERROR css_core::box_tree::constraint_block_layout] IS FLEX!
[2026-01-11T20:04:41Z ERROR css_core::box_tree::constraint_block_layout::flex_layout] layout_flex: node=NodeKey(11355546084949622804), children.len()=5
[2026-01-11T20:04:41Z ERROR css_core::box_tree::constraint_block_layout] layout_block ENTRY: node=NodeKey(11355546084949622806)
[2026-01-11T20:04:41Z ERROR css_core::box_tree::constraint_block_layout] Checking flex: node=NodeKey(11355546084949622806), display=Block
[2026-01-11T20:04:41Z ERROR css_core::box_tree::constraint_block_layout] layout_block ENTRY: node=NodeKey(11355546084949622809)
[2026-01-11T20:04:41Z ERROR css_core::box_tree::constraint_block_layout] Checking flex: node=NodeKey(11355546084949622809), display=Inline
[2026-01-11T20:04:41Z ERROR css_core::box_tree::constraint_block_layout::flex_layout] layout_flex: node=NodeKey(11355546084949622804), flex_items.len()=2
[2026-01-11T20:04:41Z ERROR css_core::box_tree::constraint_block_layout] layout_block ENTRY: node=NodeKey(11355546084949622806)
[2026-01-11T20:04:41Z ERROR css_core::box_tree::constraint_block_layout] Checking flex: node=NodeKey(11355546084949622806), display=Block
[2026-01-11T20:04:41Z ERROR css_core::box_tree::constraint_block_layout] layout_block ENTRY: node=NodeKey(11355546084949622809)
[2026-01-11T20:04:41Z ERROR css_core::box_tree::constraint_block_layout] Checking flex: node=NodeKey(11355546084949622809), display=Inline
[2026-01-11T20:04:41Z ERROR css_core::box_tree::constraint_block_layout] INSERTING FLEX CONTAINER in layout_block: node=NodeKey(11355546084949622804), inline_size=420, is_measurement=false
[2026-01-11T20:04:41Z ERROR css_core::box_tree::constraint_block_layout] layout_block ENTRY: node=NodeKey(11355546084949622812)
[2026-01-11T20:04:41Z ERROR css_core::box_tree::constraint_block_layout] Checking flex: node=NodeKey(11355546084949622812), display=Block
[2026-01-11T20:04:41Z ERROR css_core::box_tree::constraint_block_layout] layout_block ENTRY: node=NodeKey(11355546084949622814)
[2026-01-11T20:04:41Z ERROR css_core::box_tree::constraint_block_layout] Checking flex: node=NodeKey(11355546084949622814), display=Block
[2026-01-11T20:04:41Z ERROR css_core::box_tree::constraint_block_layout] layout_block ENTRY: node=NodeKey(11355546084949622818)
[2026-01-11T20:04:41Z ERROR css_core::box_tree::constraint_block_layout] Checking flex: node=NodeKey(11355546084949622818), display=Flex
[2026-01-11T20:04:41Z ERROR css_core::box_tree::constraint_block_layout] IS FLEX!
[2026-01-11T20:04:41Z ERROR css_core::box_tree::constraint_block_layout::flex_layout] layout_flex: node=NodeKey(11355546084949622818), children.len()=5
[2026-01-11T20:04:41Z ERROR css_core::box_tree::constraint_block_layout] layout_block ENTRY: node=NodeKey(11355546084949622820)
[2026-01-11T20:04:41Z ERROR css_core::box_tree::constraint_block_layout] Checking flex: node=NodeKey(11355546084949622820), display=Block
[2026-01-11T20:04:41Z ERROR css_core::box_tree::constraint_block_layout] layout_block ENTRY: node=NodeKey(11355546084949622823)
[2026-01-11T20:04:41Z ERROR css_core::box_tree::constraint_block_layout] Checking flex: node=NodeKey(11355546084949622823), display=Block
[2026-01-11T20:04:41Z ERROR css_core::box_tree::constraint_block_layout::flex_layout] layout_flex: node=NodeKey(11355546084949622818), flex_items.len()=2
[2026-01-11T20:04:41Z ERROR css_core::box_tree::constraint_block_layout] layout_block ENTRY: node=NodeKey(11355546084949622820)
[2026-01-11T20:04:41Z ERROR css_core::box_tree::constraint_block_layout] Checking flex: node=NodeKey(11355546084949622820), display=Block
[2026-01-11T20:04:41Z ERROR css_core::box_tree::constraint_block_layout] layout_block ENTRY: node=NodeKey(11355546084949622823)
[2026-01-11T20:04:41Z ERROR css_core::box_tree::constraint_block_layout] Checking flex: node=NodeKey(11355546084949622823), display=Block
[2026-01-11T20:04:41Z ERROR css_core::box_tree::constraint_block_layout] INSERTING FLEX CONTAINER in layout_block: node=NodeKey(11355546084949622818), inline_size=420, is_measurement=false
[2026-01-11T20:04:41Z ERROR css_core::box_tree::constraint_block_layout] INSERTING FLEX CONTAINER in layout_block: node=NodeKey(11355546084949622800), inline_size=800, is_measurement=false
